Last login: Tue Dec 20 10:40:29 on ttys004
Findly-One:HiveQLUnitTests taol$ mvn test
[INFO] Scanning for projects...
[WARNING]
[WARNING] Some problems were encountered while building the effective model for SymthonyTalent:HiveQLUnitTests:jar:1.0-SNAPSHOT
[WARNING] 'build.plugins.plugin.(groupId:artifactId)' must be unique but found duplicate declaration of plugin org.apache.maven.plugins:maven-surefire-plugin @ line 31, column 21
[WARNING]
[WARNING] It is highly recommended to fix these problems because they threaten the stability of your build.
[WARNING]
[WARNING] For this reason, future Maven versions might no longer support building such malformed projects.
[WARNING]
[INFO]
[INFO] ------------------------------------------------------------------------
[INFO] Building HiveQLUnitTests 1.0-SNAPSHOT
[INFO] ------------------------------------------------------------------------
[INFO]
[INFO] --- maven-resources-plugin:2.6:resources (default-resources) @ HiveQLUnitTests ---
[WARNING] Using platform encoding (UTF-8 actually) to copy filtered resources, i.e. build is platform dependent!
[INFO] Copying 1 resource
[INFO]
[INFO] --- maven-compiler-plugin:3.1:compile (default-compile) @ HiveQLUnitTests ---
[INFO] Nothing to compile - all classes are up to date
[INFO]
[INFO] --- maven-resources-plugin:2.6:testResources (default-testResources) @ HiveQLUnitTests ---
[WARNING] Using platform encoding (UTF-8 actually) to copy filtered resources, i.e. build is platform dependent!
[INFO] Copying 1 resource
[INFO]
[INFO] --- maven-compiler-plugin:3.1:testCompile (default-testCompile) @ HiveQLUnitTests ---
[INFO] Nothing to compile - all classes are up to date
[INFO]
[INFO] --- maven-surefire-plugin:2.18.1:test (default-test) @ HiveQLUnitTests ---
[INFO] Surefire report directory: /Users/taol/git/HiveQLUnitTests/target/surefire-reports

-------------------------------------------------------
 T E S T S
-------------------------------------------------------
Java HotSpot(TM) 64-Bit Server VM warning: ignoring option MaxPermSize=128m; support was removed in 8.0
Running SampleTest
Using Spark's default log4j profile: org/apache/spark/log4j-defaults.properties
16/12/21 14:54:43 INFO SparkContext: Running Spark version 1.4.1
16/12/21 14:54:43 WARN NativeCodeLoader: Unable to load native-hadoop library for your platform... using builtin-java classes where applicable
16/12/21 14:54:44 INFO SecurityManager: Changing view acls to: taol
16/12/21 14:54:44 INFO SecurityManager: Changing modify acls to: taol
16/12/21 14:54:44 INFO SecurityManager: SecurityManager: authentication disabled; ui acls disabled; users with view permissions: Set(taol); users with modify permissions: Set(taol)
16/12/21 14:54:45 INFO Slf4jLogger: Slf4jLogger started
16/12/21 14:54:45 INFO Remoting: Starting remoting
16/12/21 14:54:46 INFO Remoting: Remoting started; listening on addresses :[akka.tcp://sparkDriver@10.99.21.52:52652]
16/12/21 14:54:46 INFO Utils: Successfully started service 'sparkDriver' on port 52652.
16/12/21 14:54:46 INFO SparkEnv: Registering MapOutputTracker
16/12/21 14:54:46 INFO SparkEnv: Registering BlockManagerMaster
16/12/21 14:54:46 INFO DiskBlockManager: Created local directory at /private/var/folders/q3/w3_jmty96tv0ws1qqlc1wdt40000gn/T/spark-00485460-7b5c-4b26-aa92-1333cd351879/blockmgr-c0b03eb7-3975-47dc-b9e1-1bd05736c073
16/12/21 14:54:46 INFO MemoryStore: MemoryStore started with capacity 983.1 MB
16/12/21 14:54:46 INFO HttpFileServer: HTTP File server directory is /private/var/folders/q3/w3_jmty96tv0ws1qqlc1wdt40000gn/T/spark-00485460-7b5c-4b26-aa92-1333cd351879/httpd-9d90c1c1-1092-45d7-9328-72f933e55716
16/12/21 14:54:46 INFO HttpServer: Starting HTTP Server
16/12/21 14:54:46 INFO Utils: Successfully started service 'HTTP file server' on port 52653.
16/12/21 14:54:46 INFO SparkEnv: Registering OutputCommitCoordinator
16/12/21 14:54:46 INFO Utils: Successfully started service 'SparkUI' on port 4040.
16/12/21 14:54:46 INFO SparkUI: Started SparkUI at http://10.99.21.52:4040
16/12/21 14:54:47 INFO Executor: Starting executor ID driver on host localhost
16/12/21 14:54:47 INFO Utils: Successfully started service 'org.apache.spark.network.netty.NettyBlockTransferService' on port 52655.
16/12/21 14:54:47 INFO NettyBlockTransferService: Server created on 52655
16/12/21 14:54:47 INFO BlockManagerMaster: Trying to register BlockManager
16/12/21 14:54:47 INFO BlockManagerMasterEndpoint: Registering block manager localhost:52655 with 983.1 MB RAM, BlockManagerId(driver, localhost, 52655)
16/12/21 14:54:47 INFO BlockManagerMaster: Registered BlockManager
16/12/21 14:54:49 INFO HiveContext: Initializing execution hive, version 0.13.1
16/12/21 14:54:49 INFO deprecation: mapred.max.split.size is deprecated. Instead, use mapreduce.input.fileinputformat.split.maxsize
16/12/21 14:54:49 INFO deprecation: mapred.reduce.tasks.speculative.execution is deprecated. Instead, use mapreduce.reduce.speculative
16/12/21 14:54:49 INFO deprecation: mapred.committer.job.setup.cleanup.needed is deprecated. Instead, use mapreduce.job.committer.setup.cleanup.needed
16/12/21 14:54:49 INFO deprecation: mapred.min.split.size.per.rack is deprecated. Instead, use mapreduce.input.fileinputformat.split.minsize.per.rack
16/12/21 14:54:49 INFO deprecation: mapred.min.split.size is deprecated. Instead, use mapreduce.input.fileinputformat.split.minsize
16/12/21 14:54:49 INFO deprecation: mapred.min.split.size.per.node is deprecated. Instead, use mapreduce.input.fileinputformat.split.minsize.per.node
16/12/21 14:54:49 INFO deprecation: mapred.reduce.tasks is deprecated. Instead, use mapreduce.job.reduces
16/12/21 14:54:49 INFO deprecation: mapred.input.dir.recursive is deprecated. Instead, use mapreduce.input.fileinputformat.input.dir.recursive
16/12/21 14:54:50 INFO HiveMetaStore: 0: Opening raw store with implemenation class:org.apache.hadoop.hive.metastore.ObjectStore
16/12/21 14:54:50 INFO ObjectStore: ObjectStore, initialize called
16/12/21 14:54:50 INFO Persistence: Property hive.metastore.integral.jdo.pushdown unknown - will be ignored
16/12/21 14:54:50 INFO Persistence: Property datanucleus.cache.level2 unknown - will be ignored
16/12/21 14:54:53 INFO ObjectStore: Setting MetaStore object pin classes with hive.metastore.cache.pinobjtypes="Table,StorageDescriptor,SerDeInfo,Partition,Database,Type,FieldSchema,Order"
16/12/21 14:54:53 INFO MetaStoreDirectSql: MySQL check failed, assuming we are not on mysql: Lexical error at line 1, column 5.  Encountered: "@" (64), after : "".
16/12/21 14:54:55 INFO Datastore: The class "org.apache.hadoop.hive.metastore.model.MFieldSchema" is tagged as "embedded-only" so does not have its own datastore table.
16/12/21 14:54:55 INFO Datastore: The class "org.apache.hadoop.hive.metastore.model.MOrder" is tagged as "embedded-only" so does not have its own datastore table.
16/12/21 14:54:56 INFO Datastore: The class "org.apache.hadoop.hive.metastore.model.MFieldSchema" is tagged as "embedded-only" so does not have its own datastore table.
16/12/21 14:54:56 INFO Datastore: The class "org.apache.hadoop.hive.metastore.model.MOrder" is tagged as "embedded-only" so does not have its own datastore table.
16/12/21 14:54:57 INFO ObjectStore: Initialized ObjectStore
16/12/21 14:54:57 WARN ObjectStore: Version information not found in metastore. hive.metastore.schema.verification is not enabled so recording the schema version 0.13.1aa
16/12/21 14:54:57 INFO HiveMetaStore: Added admin role in metastore
16/12/21 14:54:57 INFO HiveMetaStore: Added public role in metastore
16/12/21 14:54:58 INFO HiveMetaStore: No user is added in admin role, since config is empty
16/12/21 14:54:58 INFO SessionState: No Tez session required at this point. hive.execution.engine=mr.
16/12/21 14:54:58 INFO ParseDriver: Parsing command: drop table if exists sales
16/12/21 14:54:59 INFO ParseDriver: Parse Completed
16/12/21 14:54:59 INFO HiveContext: Initializing HiveMetastoreConnection version 0.13.1 using Spark classes.
16/12/21 14:55:00 INFO deprecation: mapred.max.split.size is deprecated. Instead, use mapreduce.input.fileinputformat.split.maxsize
16/12/21 14:55:00 INFO deprecation: mapred.reduce.tasks.speculative.execution is deprecated. Instead, use mapreduce.reduce.speculative
16/12/21 14:55:00 INFO deprecation: mapred.committer.job.setup.cleanup.needed is deprecated. Instead, use mapreduce.job.committer.setup.cleanup.needed
16/12/21 14:55:00 INFO deprecation: mapred.min.split.size.per.rack is deprecated. Instead, use mapreduce.input.fileinputformat.split.minsize.per.rack
16/12/21 14:55:00 INFO deprecation: mapred.min.split.size is deprecated. Instead, use mapreduce.input.fileinputformat.split.minsize
16/12/21 14:55:00 INFO deprecation: mapred.min.split.size.per.node is deprecated. Instead, use mapreduce.input.fileinputformat.split.minsize.per.node
16/12/21 14:55:00 INFO deprecation: mapred.reduce.tasks is deprecated. Instead, use mapreduce.job.reduces
16/12/21 14:55:00 INFO deprecation: mapred.input.dir.recursive is deprecated. Instead, use mapreduce.input.fileinputformat.input.dir.recursive
16/12/21 14:55:00 WARN NativeCodeLoader: Unable to load native-hadoop library for your platform... using builtin-java classes where applicable
16/12/21 14:55:00 INFO HiveMetaStore: 0: Opening raw store with implemenation class:org.apache.hadoop.hive.metastore.ObjectStore
16/12/21 14:55:00 INFO ObjectStore: ObjectStore, initialize called
16/12/21 14:55:00 INFO Persistence: Property hive.metastore.integral.jdo.pushdown unknown - will be ignored
16/12/21 14:55:00 INFO Persistence: Property datanucleus.cache.level2 unknown - will be ignored
16/12/21 14:55:02 INFO ObjectStore: Setting MetaStore object pin classes with hive.metastore.cache.pinobjtypes="Table,StorageDescriptor,SerDeInfo,Partition,Database,Type,FieldSchema,Order"
16/12/21 14:55:02 INFO MetaStoreDirectSql: MySQL check failed, assuming we are not on mysql: Lexical error at line 1, column 5.  Encountered: "@" (64), after : "".
16/12/21 14:55:03 INFO Datastore: The class "org.apache.hadoop.hive.metastore.model.MFieldSchema" is tagged as "embedded-only" so does not have its own datastore table.
16/12/21 14:55:03 INFO Datastore: The class "org.apache.hadoop.hive.metastore.model.MOrder" is tagged as "embedded-only" so does not have its own datastore table.
16/12/21 14:55:04 INFO Datastore: The class "org.apache.hadoop.hive.metastore.model.MFieldSchema" is tagged as "embedded-only" so does not have its own datastore table.
16/12/21 14:55:04 INFO Datastore: The class "org.apache.hadoop.hive.metastore.model.MOrder" is tagged as "embedded-only" so does not have its own datastore table.
16/12/21 14:55:04 INFO Query: Reading in results for query "org.datanucleus.store.rdbms.query.SQLQuery@0" since the connection used is closing
16/12/21 14:55:04 INFO ObjectStore: Initialized ObjectStore
16/12/21 14:55:04 INFO HiveMetaStore: Added admin role in metastore
16/12/21 14:55:04 INFO HiveMetaStore: Added public role in metastore
16/12/21 14:55:04 INFO HiveMetaStore: No user is added in admin role, since config is empty
16/12/21 14:55:05 INFO SessionState: No Tez session required at this point. hive.execution.engine=mr.
16/12/21 14:55:06 INFO HiveMetaStore: 0: get_table : db=default tbl=sales
16/12/21 14:55:06 INFO audit: ugi=taol	ip=unknown-ip-addr	cmd=get_table : db=default tbl=sales
16/12/21 14:55:06 INFO PerfLogger: <PERFLOG method=Driver.run from=org.apache.hadoop.hive.ql.Driver>
16/12/21 14:55:06 INFO PerfLogger: <PERFLOG method=TimeToSubmit from=org.apache.hadoop.hive.ql.Driver>
16/12/21 14:55:06 INFO Driver: Concurrency mode is disabled, not creating a lock manager
16/12/21 14:55:06 INFO PerfLogger: <PERFLOG method=compile from=org.apache.hadoop.hive.ql.Driver>
16/12/21 14:55:07 INFO PerfLogger: <PERFLOG method=parse from=org.apache.hadoop.hive.ql.Driver>
16/12/21 14:55:07 INFO ParseDriver: Parsing command: DROP TABLE IF EXISTS sales
16/12/21 14:55:07 INFO ParseDriver: Parse Completed
16/12/21 14:55:07 INFO PerfLogger: </PERFLOG method=parse start=1482285307132 end=1482285307805 duration=673 from=org.apache.hadoop.hive.ql.Driver>
16/12/21 14:55:07 INFO PerfLogger: <PERFLOG method=semanticAnalyze from=org.apache.hadoop.hive.ql.Driver>
16/12/21 14:55:07 INFO HiveMetaStore: 0: get_table : db=default tbl=sales
16/12/21 14:55:07 INFO audit: ugi=taol	ip=unknown-ip-addr	cmd=get_table : db=default tbl=sales
16/12/21 14:55:07 INFO Driver: Semantic Analysis Completed
16/12/21 14:55:07 INFO PerfLogger: </PERFLOG method=semanticAnalyze start=1482285307805 end=1482285307943 duration=138 from=org.apache.hadoop.hive.ql.Driver>
16/12/21 14:55:07 INFO Driver: Returning Hive schema: Schema(fieldSchemas:null, properties:null)
16/12/21 14:55:07 INFO PerfLogger: </PERFLOG method=compile start=1482285306923 end=1482285307957 duration=1034 from=org.apache.hadoop.hive.ql.Driver>
16/12/21 14:55:07 INFO PerfLogger: <PERFLOG method=Driver.execute from=org.apache.hadoop.hive.ql.Driver>
16/12/21 14:55:07 INFO Driver: Starting command: DROP TABLE IF EXISTS sales
16/12/21 14:55:08 INFO PerfLogger: </PERFLOG method=TimeToSubmit start=1482285306917 end=1482285308009 duration=1092 from=org.apache.hadoop.hive.ql.Driver>
16/12/21 14:55:08 INFO PerfLogger: <PERFLOG method=runTasks from=org.apache.hadoop.hive.ql.Driver>
16/12/21 14:55:08 INFO PerfLogger: <PERFLOG method=task.DDL.Stage-0 from=org.apache.hadoop.hive.ql.Driver>
16/12/21 14:55:08 INFO HiveMetaStore: 0: get_table : db=default tbl=sales
16/12/21 14:55:08 INFO audit: ugi=taol	ip=unknown-ip-addr	cmd=get_table : db=default tbl=sales
16/12/21 14:55:08 INFO HiveMetaStore: 0: get_table : db=default tbl=sales
16/12/21 14:55:08 INFO audit: ugi=taol	ip=unknown-ip-addr	cmd=get_table : db=default tbl=sales
16/12/21 14:55:08 INFO HiveMetaStore: 0: drop_table : db=default tbl=sales
16/12/21 14:55:08 INFO audit: ugi=taol	ip=unknown-ip-addr	cmd=drop_table : db=default tbl=sales
16/12/21 14:55:08 INFO HiveMetaStore: 0: get_table : db=default tbl=sales
16/12/21 14:55:08 INFO audit: ugi=taol	ip=unknown-ip-addr	cmd=get_table : db=default tbl=sales
16/12/21 14:55:08 INFO Datastore: The class "org.apache.hadoop.hive.metastore.model.MFieldSchema" is tagged as "embedded-only" so does not have its own datastore table.
16/12/21 14:55:08 INFO Datastore: The class "org.apache.hadoop.hive.metastore.model.MOrder" is tagged as "embedded-only" so does not have its own datastore table.
16/12/21 14:55:08 INFO Datastore: The class "org.apache.hadoop.hive.metastore.model.MFieldSchema" is tagged as "embedded-only" so does not have its own datastore table.
16/12/21 14:55:08 INFO Datastore: The class "org.apache.hadoop.hive.metastore.model.MOrder" is tagged as "embedded-only" so does not have its own datastore table.
16/12/21 14:55:08 INFO Datastore: The class "org.apache.hadoop.hive.metastore.model.MFieldSchema" is tagged as "embedded-only" so does not have its own datastore table.
16/12/21 14:55:08 INFO Datastore: The class "org.apache.hadoop.hive.metastore.model.MOrder" is tagged as "embedded-only" so does not have its own datastore table.
16/12/21 14:55:08 INFO Datastore: The class "org.apache.hadoop.hive.metastore.model.MFieldSchema" is tagged as "embedded-only" so does not have its own datastore table.
16/12/21 14:55:08 INFO Datastore: The class "org.apache.hadoop.hive.metastore.model.MOrder" is tagged as "embedded-only" so does not have its own datastore table.
16/12/21 14:55:08 INFO Datastore: The class "org.apache.hadoop.hive.metastore.model.MFieldSchema" is tagged as "embedded-only" so does not have its own datastore table.
16/12/21 14:55:08 INFO Datastore: The class "org.apache.hadoop.hive.metastore.model.MOrder" is tagged as "embedded-only" so does not have its own datastore table.
16/12/21 14:55:09 INFO hivemetastoressimpl: deleting  file:/tmp/foo/sales
16/12/21 14:55:09 INFO deprecation: io.bytes.per.checksum is deprecated. Instead, use dfs.bytes-per-checksum
16/12/21 14:55:09 INFO TrashPolicyDefault: Namenode trash configuration: Deletion interval = 0 minutes, Emptier interval = 0 minutes.
16/12/21 14:55:09 INFO hivemetastoressimpl: Deleted the diretory file:/tmp/foo/sales
16/12/21 14:55:09 INFO PerfLogger: </PERFLOG method=runTasks start=1482285308010 end=1482285309225 duration=1215 from=org.apache.hadoop.hive.ql.Driver>
16/12/21 14:55:09 INFO PerfLogger: </PERFLOG method=Driver.execute start=1482285307958 end=1482285309226 duration=1268 from=org.apache.hadoop.hive.ql.Driver>
16/12/21 14:55:09 INFO Driver: OK
16/12/21 14:55:09 INFO PerfLogger: <PERFLOG method=releaseLocks from=org.apache.hadoop.hive.ql.Driver>
16/12/21 14:55:09 INFO PerfLogger: </PERFLOG method=releaseLocks start=1482285309238 end=1482285309241 duration=3 from=org.apache.hadoop.hive.ql.Driver>
16/12/21 14:55:09 INFO PerfLogger: </PERFLOG method=Driver.run start=1482285306917 end=1482285309241 duration=2324 from=org.apache.hadoop.hive.ql.Driver>
16/12/21 14:55:09 INFO ParseDriver: Parsing command: create table sales(saletime timestamp, shop string, amount int) row format delimited fields terminated by '	' lines terminated by '
'
16/12/21 14:55:09 INFO ParseDriver: Parse Completed
16/12/21 14:55:09 INFO PerfLogger: <PERFLOG method=Driver.run from=org.apache.hadoop.hive.ql.Driver>
16/12/21 14:55:09 INFO PerfLogger: <PERFLOG method=TimeToSubmit from=org.apache.hadoop.hive.ql.Driver>
16/12/21 14:55:09 INFO Driver: Concurrency mode is disabled, not creating a lock manager
16/12/21 14:55:09 INFO PerfLogger: <PERFLOG method=compile from=org.apache.hadoop.hive.ql.Driver>
16/12/21 14:55:09 INFO PerfLogger: <PERFLOG method=parse from=org.apache.hadoop.hive.ql.Driver>
16/12/21 14:55:09 INFO ParseDriver: Parsing command: create table sales(saletime timestamp, shop string, amount int) row format delimited fields terminated by '	' lines terminated by '
'
16/12/21 14:55:09 INFO ParseDriver: Parse Completed
16/12/21 14:55:09 INFO PerfLogger: </PERFLOG method=parse start=1482285309432 end=1482285309444 duration=12 from=org.apache.hadoop.hive.ql.Driver>
16/12/21 14:55:09 INFO PerfLogger: <PERFLOG method=semanticAnalyze from=org.apache.hadoop.hive.ql.Driver>
16/12/21 14:55:09 INFO SemanticAnalyzer: Starting Semantic Analysis
16/12/21 14:55:09 INFO SemanticAnalyzer: Creating table sales position=13
16/12/21 14:55:09 INFO HiveMetaStore: 0: get_database: default
16/12/21 14:55:09 INFO audit: ugi=taol	ip=unknown-ip-addr	cmd=get_database: default
16/12/21 14:55:09 INFO Driver: Semantic Analysis Completed
16/12/21 14:55:09 INFO PerfLogger: </PERFLOG method=semanticAnalyze start=1482285309445 end=1482285309514 duration=69 from=org.apache.hadoop.hive.ql.Driver>
16/12/21 14:55:09 INFO Driver: Returning Hive schema: Schema(fieldSchemas:null, properties:null)
16/12/21 14:55:09 INFO PerfLogger: </PERFLOG method=compile start=1482285309432 end=1482285309514 duration=82 from=org.apache.hadoop.hive.ql.Driver>
16/12/21 14:55:09 INFO PerfLogger: <PERFLOG method=Driver.execute from=org.apache.hadoop.hive.ql.Driver>
16/12/21 14:55:09 INFO Driver: Starting command: create table sales(saletime timestamp, shop string, amount int) row format delimited fields terminated by '	' lines terminated by '
'
16/12/21 14:55:09 INFO PerfLogger: </PERFLOG method=TimeToSubmit start=1482285309431 end=1482285309524 duration=93 from=org.apache.hadoop.hive.ql.Driver>
16/12/21 14:55:09 INFO PerfLogger: <PERFLOG method=runTasks from=org.apache.hadoop.hive.ql.Driver>
16/12/21 14:55:09 INFO PerfLogger: <PERFLOG method=task.DDL.Stage-0 from=org.apache.hadoop.hive.ql.Driver>
16/12/21 14:55:09 INFO DDLTask: Default to LazySimpleSerDe for table sales
16/12/21 14:55:09 INFO HiveMetaStore: 0: create_table: Table(tableName:sales, dbName:default, owner:taol, createTime:1482285309, lastAccessTime:0, retention:0, sd:StorageDescriptor(cols:[FieldSchema(name:saletime, type:timestamp, comment:null), FieldSchema(name:shop, type:string, comment:null), FieldSchema(name:amount, type:int, comment:null)], location:null, inputFormat:org.apache.hadoop.mapred.TextInputFormat, outputFormat:org.apache.hadoop.hive.ql.io.HiveIgnoreKeyTextOutputFormat, compressed:false, numBuckets:-1, serdeInfo:SerDeInfo(name:null, serializationLib:org.apache.hadoop.hive.serde2.lazy.LazySimpleSerDe, parameters:{line.delim=
, field.delim=	, serialization.format=	}), bucketCols:[], sortCols:[], parameters:{}, skewedInfo:SkewedInfo(skewedColNames:[], skewedColValues:[], skewedColValueLocationMaps:{}), storedAsSubDirectories:false), partitionKeys:[], parameters:{}, viewOriginalText:null, viewExpandedText:null, tableType:MANAGED_TABLE)
16/12/21 14:55:09 INFO audit: ugi=taol	ip=unknown-ip-addr	cmd=create_table: Table(tableName:sales, dbName:default, owner:taol, createTime:1482285309, lastAccessTime:0, retention:0, sd:StorageDescriptor(cols:[FieldSchema(name:saletime, type:timestamp, comment:null), FieldSchema(name:shop, type:string, comment:null), FieldSchema(name:amount, type:int, comment:null)], location:null, inputFormat:org.apache.hadoop.mapred.TextInputFormat, outputFormat:org.apache.hadoop.hive.ql.io.HiveIgnoreKeyTextOutputFormat, compressed:false, numBuckets:-1, serdeInfo:SerDeInfo(name:null, serializationLib:org.apache.hadoop.hive.serde2.lazy.LazySimpleSerDe, parameters:{line.delim=
, field.delim=	, serialization.format=	}), bucketCols:[], sortCols:[], parameters:{}, skewedInfo:SkewedInfo(skewedColNames:[], skewedColValues:[], skewedColValueLocationMaps:{}), storedAsSubDirectories:false), partitionKeys:[], parameters:{}, viewOriginalText:null, viewExpandedText:null, tableType:MANAGED_TABLE)
16/12/21 14:55:09 INFO PerfLogger: </PERFLOG method=runTasks start=1482285309524 end=1482285309828 duration=304 from=org.apache.hadoop.hive.ql.Driver>
16/12/21 14:55:09 INFO PerfLogger: </PERFLOG method=Driver.execute start=1482285309514 end=1482285309828 duration=314 from=org.apache.hadoop.hive.ql.Driver>
16/12/21 14:55:09 INFO Driver: OK
16/12/21 14:55:09 INFO PerfLogger: <PERFLOG method=releaseLocks from=org.apache.hadoop.hive.ql.Driver>
16/12/21 14:55:09 INFO PerfLogger: </PERFLOG method=releaseLocks start=1482285309829 end=1482285309829 duration=0 from=org.apache.hadoop.hive.ql.Driver>
16/12/21 14:55:09 INFO PerfLogger: </PERFLOG method=Driver.run start=1482285309431 end=1482285309829 duration=398 from=org.apache.hadoop.hive.ql.Driver>
16/12/21 14:55:09 INFO ParseDriver: Parsing command: LOAD DATA LOCAL INPATH '/var/folders/q3/w3_jmty96tv0ws1qqlc1wdt40000gn/T/junit4162946955170433961/sales.dat' INTO TABLE sales
16/12/21 14:55:09 INFO ParseDriver: Parse Completed
16/12/21 14:55:09 INFO PerfLogger: <PERFLOG method=Driver.run from=org.apache.hadoop.hive.ql.Driver>
16/12/21 14:55:09 INFO PerfLogger: <PERFLOG method=TimeToSubmit from=org.apache.hadoop.hive.ql.Driver>
16/12/21 14:55:09 INFO Driver: Concurrency mode is disabled, not creating a lock manager
16/12/21 14:55:09 INFO PerfLogger: <PERFLOG method=compile from=org.apache.hadoop.hive.ql.Driver>
16/12/21 14:55:09 INFO PerfLogger: <PERFLOG method=parse from=org.apache.hadoop.hive.ql.Driver>
16/12/21 14:55:09 INFO ParseDriver: Parsing command: LOAD DATA LOCAL INPATH '/var/folders/q3/w3_jmty96tv0ws1qqlc1wdt40000gn/T/junit4162946955170433961/sales.dat' INTO TABLE sales
16/12/21 14:55:09 INFO ParseDriver: Parse Completed
16/12/21 14:55:09 INFO PerfLogger: </PERFLOG method=parse start=1482285309884 end=1482285309892 duration=8 from=org.apache.hadoop.hive.ql.Driver>
16/12/21 14:55:09 INFO PerfLogger: <PERFLOG method=semanticAnalyze from=org.apache.hadoop.hive.ql.Driver>
16/12/21 14:55:09 INFO HiveMetaStore: 0: get_table : db=default tbl=sales
16/12/21 14:55:09 INFO audit: ugi=taol	ip=unknown-ip-addr	cmd=get_table : db=default tbl=sales
16/12/21 14:55:09 INFO Driver: Semantic Analysis Completed
16/12/21 14:55:09 INFO PerfLogger: </PERFLOG method=semanticAnalyze start=1482285309892 end=1482285309992 duration=100 from=org.apache.hadoop.hive.ql.Driver>
16/12/21 14:55:09 INFO Driver: Returning Hive schema: Schema(fieldSchemas:null, properties:null)
16/12/21 14:55:09 INFO PerfLogger: </PERFLOG method=compile start=1482285309883 end=1482285309993 duration=110 from=org.apache.hadoop.hive.ql.Driver>
16/12/21 14:55:09 INFO PerfLogger: <PERFLOG method=Driver.execute from=org.apache.hadoop.hive.ql.Driver>
16/12/21 14:55:09 INFO Driver: Starting command: LOAD DATA LOCAL INPATH '/var/folders/q3/w3_jmty96tv0ws1qqlc1wdt40000gn/T/junit4162946955170433961/sales.dat' INTO TABLE sales
16/12/21 14:55:09 INFO PerfLogger: </PERFLOG method=TimeToSubmit start=1482285309883 end=1482285309994 duration=111 from=org.apache.hadoop.hive.ql.Driver>
16/12/21 14:55:09 INFO PerfLogger: <PERFLOG method=runTasks from=org.apache.hadoop.hive.ql.Driver>
16/12/21 14:55:09 INFO PerfLogger: <PERFLOG method=task.COPY.Stage-0 from=org.apache.hadoop.hive.ql.Driver>
16/12/21 14:55:09 INFO Task: Copying data from file:/var/folders/q3/w3_jmty96tv0ws1qqlc1wdt40000gn/T/junit4162946955170433961/sales.dat to file:/tmp/hive-taol/hive_2016-12-21_14-55-09_884_6357434410818263099-1/-ext-10000
16/12/21 14:55:09 INFO Task: Copying file: file:/var/folders/q3/w3_jmty96tv0ws1qqlc1wdt40000gn/T/junit4162946955170433961/sales.dat
16/12/21 14:55:10 INFO PerfLogger: <PERFLOG method=task.MOVE.Stage-1 from=org.apache.hadoop.hive.ql.Driver>
16/12/21 14:55:10 INFO Task: Loading data to table default.sales from file:/tmp/hive-taol/hive_2016-12-21_14-55-09_884_6357434410818263099-1/-ext-10000
16/12/21 14:55:10 INFO HiveMetaStore: 0: get_table : db=default tbl=sales
16/12/21 14:55:10 INFO audit: ugi=taol	ip=unknown-ip-addr	cmd=get_table : db=default tbl=sales
16/12/21 14:55:10 INFO HiveMetaStore: 0: get_table : db=default tbl=sales
16/12/21 14:55:10 INFO audit: ugi=taol	ip=unknown-ip-addr	cmd=get_table : db=default tbl=sales
16/12/21 14:55:10 INFO Hive: Renaming src:file:/tmp/hive-taol/hive_2016-12-21_14-55-09_884_6357434410818263099-1/-ext-10000/sales.dat;dest: file:/tmp/foo/sales/sales.dat;Status:true
16/12/21 14:55:10 INFO HiveMetaStore: 0: alter_table: db=default tbl=sales newtbl=sales
16/12/21 14:55:10 INFO audit: ugi=taol	ip=unknown-ip-addr	cmd=alter_table: db=default tbl=sales newtbl=sales
16/12/21 14:55:10 INFO HiveMetaStore: 0: get_table : db=default tbl=sales
16/12/21 14:55:10 INFO audit: ugi=taol	ip=unknown-ip-addr	cmd=get_table : db=default tbl=sales
16/12/21 14:55:10 INFO log: Updating table stats fast for sales
16/12/21 14:55:10 INFO log: Updated size of table sales to 139
16/12/21 14:55:10 INFO PerfLogger: <PERFLOG method=task.STATS.Stage-2 from=org.apache.hadoop.hive.ql.Driver>
16/12/21 14:55:10 INFO StatsTask: Executing stats task
16/12/21 14:55:10 INFO HiveMetaStore: 0: get_table : db=default tbl=sales
16/12/21 14:55:10 INFO audit: ugi=taol	ip=unknown-ip-addr	cmd=get_table : db=default tbl=sales
16/12/21 14:55:10 INFO HiveMetaStore: 0: get_table : db=default tbl=sales
16/12/21 14:55:10 INFO audit: ugi=taol	ip=unknown-ip-addr	cmd=get_table : db=default tbl=sales
16/12/21 14:55:10 INFO HiveMetaStore: 0: alter_table: db=default tbl=sales newtbl=sales
16/12/21 14:55:10 INFO audit: ugi=taol	ip=unknown-ip-addr	cmd=alter_table: db=default tbl=sales newtbl=sales
16/12/21 14:55:10 INFO HiveMetaStore: 0: get_table : db=default tbl=sales
16/12/21 14:55:10 INFO audit: ugi=taol	ip=unknown-ip-addr	cmd=get_table : db=default tbl=sales
16/12/21 14:55:10 INFO log: Updating table stats fast for sales
16/12/21 14:55:10 INFO log: Updated size of table sales to 139
16/12/21 14:55:10 INFO Task: Table default.sales stats: [numFiles=1, numRows=0, totalSize=139, rawDataSize=0]
16/12/21 14:55:10 INFO PerfLogger: </PERFLOG method=runTasks start=1482285309994 end=1482285310503 duration=509 from=org.apache.hadoop.hive.ql.Driver>
16/12/21 14:55:10 INFO PerfLogger: </PERFLOG method=Driver.execute start=1482285309993 end=1482285310504 duration=511 from=org.apache.hadoop.hive.ql.Driver>
16/12/21 14:55:10 INFO Driver: OK
16/12/21 14:55:10 INFO PerfLogger: <PERFLOG method=releaseLocks from=org.apache.hadoop.hive.ql.Driver>
16/12/21 14:55:10 INFO PerfLogger: </PERFLOG method=releaseLocks start=1482285310504 end=1482285310504 duration=0 from=org.apache.hadoop.hive.ql.Driver>
16/12/21 14:55:10 INFO PerfLogger: </PERFLOG method=Driver.run start=1482285309880 end=1482285310505 duration=625 from=org.apache.hadoop.hive.ql.Driver>
16/12/21 14:55:10 INFO ParseDriver: Parsing command: drop table if exists sales_by_shop
16/12/21 14:55:10 INFO ParseDriver: Parse Completed
16/12/21 14:55:10 INFO HiveMetaStore: 0: get_table : db=default tbl=sales_by_shop
16/12/21 14:55:10 INFO audit: ugi=taol	ip=unknown-ip-addr	cmd=get_table : db=default tbl=sales_by_shop
16/12/21 14:55:10 INFO PerfLogger: <PERFLOG method=Driver.run from=org.apache.hadoop.hive.ql.Driver>
16/12/21 14:55:10 INFO PerfLogger: <PERFLOG method=TimeToSubmit from=org.apache.hadoop.hive.ql.Driver>
16/12/21 14:55:10 INFO Driver: Concurrency mode is disabled, not creating a lock manager
16/12/21 14:55:10 INFO PerfLogger: <PERFLOG method=compile from=org.apache.hadoop.hive.ql.Driver>
16/12/21 14:55:10 INFO PerfLogger: <PERFLOG method=parse from=org.apache.hadoop.hive.ql.Driver>
16/12/21 14:55:10 INFO ParseDriver: Parsing command: DROP TABLE IF EXISTS sales_by_shop
16/12/21 14:55:10 INFO ParseDriver: Parse Completed
16/12/21 14:55:10 INFO PerfLogger: </PERFLOG method=parse start=1482285310558 end=1482285310559 duration=1 from=org.apache.hadoop.hive.ql.Driver>
16/12/21 14:55:10 INFO PerfLogger: <PERFLOG method=semanticAnalyze from=org.apache.hadoop.hive.ql.Driver>
16/12/21 14:55:10 INFO HiveMetaStore: 0: get_table : db=default tbl=sales_by_shop
16/12/21 14:55:10 INFO audit: ugi=taol	ip=unknown-ip-addr	cmd=get_table : db=default tbl=sales_by_shop
16/12/21 14:55:10 INFO Driver: Semantic Analysis Completed
16/12/21 14:55:10 INFO PerfLogger: </PERFLOG method=semanticAnalyze start=1482285310559 end=1482285310595 duration=36 from=org.apache.hadoop.hive.ql.Driver>
16/12/21 14:55:10 INFO Driver: Returning Hive schema: Schema(fieldSchemas:null, properties:null)
16/12/21 14:55:10 INFO PerfLogger: </PERFLOG method=compile start=1482285310557 end=1482285310595 duration=38 from=org.apache.hadoop.hive.ql.Driver>
16/12/21 14:55:10 INFO PerfLogger: <PERFLOG method=Driver.execute from=org.apache.hadoop.hive.ql.Driver>
16/12/21 14:55:10 INFO Driver: Starting command: DROP TABLE IF EXISTS sales_by_shop
16/12/21 14:55:10 INFO PerfLogger: </PERFLOG method=TimeToSubmit start=1482285310557 end=1482285310596 duration=39 from=org.apache.hadoop.hive.ql.Driver>
16/12/21 14:55:10 INFO PerfLogger: <PERFLOG method=runTasks from=org.apache.hadoop.hive.ql.Driver>
16/12/21 14:55:10 INFO PerfLogger: <PERFLOG method=task.DDL.Stage-0 from=org.apache.hadoop.hive.ql.Driver>
16/12/21 14:55:10 INFO HiveMetaStore: 0: get_table : db=default tbl=sales_by_shop
16/12/21 14:55:10 INFO audit: ugi=taol	ip=unknown-ip-addr	cmd=get_table : db=default tbl=sales_by_shop
16/12/21 14:55:10 INFO HiveMetaStore: 0: get_table : db=default tbl=sales_by_shop
16/12/21 14:55:10 INFO audit: ugi=taol	ip=unknown-ip-addr	cmd=get_table : db=default tbl=sales_by_shop
16/12/21 14:55:10 INFO HiveMetaStore: 0: drop_table : db=default tbl=sales_by_shop
16/12/21 14:55:10 INFO audit: ugi=taol	ip=unknown-ip-addr	cmd=drop_table : db=default tbl=sales_by_shop
16/12/21 14:55:10 INFO HiveMetaStore: 0: get_table : db=default tbl=sales_by_shop
16/12/21 14:55:10 INFO audit: ugi=taol	ip=unknown-ip-addr	cmd=get_table : db=default tbl=sales_by_shop
16/12/21 14:55:10 INFO hivemetastoressimpl: deleting  file:/tmp/foo/sales_by_shop
16/12/21 14:55:10 INFO TrashPolicyDefault: Namenode trash configuration: Deletion interval = 0 minutes, Emptier interval = 0 minutes.
16/12/21 14:55:10 INFO hivemetastoressimpl: Deleted the diretory file:/tmp/foo/sales_by_shop
16/12/21 14:55:10 INFO PerfLogger: </PERFLOG method=runTasks start=1482285310596 end=1482285310841 duration=245 from=org.apache.hadoop.hive.ql.Driver>
16/12/21 14:55:10 INFO PerfLogger: </PERFLOG method=Driver.execute start=1482285310596 end=1482285310841 duration=245 from=org.apache.hadoop.hive.ql.Driver>
16/12/21 14:55:10 INFO Driver: OK
16/12/21 14:55:10 INFO PerfLogger: <PERFLOG method=releaseLocks from=org.apache.hadoop.hive.ql.Driver>
16/12/21 14:55:10 INFO PerfLogger: </PERFLOG method=releaseLocks start=1482285310842 end=1482285310842 duration=0 from=org.apache.hadoop.hive.ql.Driver>
16/12/21 14:55:10 INFO PerfLogger: </PERFLOG method=Driver.run start=1482285310557 end=1482285310843 duration=286 from=org.apache.hadoop.hive.ql.Driver>
16/12/21 14:55:10 INFO ParseDriver: Parsing command: create table sales_by_shop
as select shop, sum(amount) amount
from sales
group by shop
16/12/21 14:55:10 INFO ParseDriver: Parse Completed
16/12/21 14:55:10 INFO HiveMetaStore: 0: get_table : db=default tbl=sales
16/12/21 14:55:10 INFO audit: ugi=taol	ip=unknown-ip-addr	cmd=get_table : db=default tbl=sales
16/12/21 14:55:11 INFO HiveMetaStore: 0: get_table : db=default tbl=sales_by_shop
16/12/21 14:55:11 INFO audit: ugi=taol	ip=unknown-ip-addr	cmd=get_table : db=default tbl=sales_by_shop
16/12/21 14:55:11 INFO HiveMetaStore: 0: create_table: Table(tableName:sales_by_shop, dbName:default, owner:taol, createTime:1482285311, lastAccessTime:0, retention:0, sd:StorageDescriptor(cols:[FieldSchema(name:shop, type:string, comment:null), FieldSchema(name:amount, type:bigint, comment:null)], location:null, inputFormat:org.apache.hadoop.mapred.TextInputFormat, outputFormat:org.apache.hadoop.hive.ql.io.IgnoreKeyTextOutputFormat, compressed:false, numBuckets:-1, serdeInfo:SerDeInfo(name:null, serializationLib:org.apache.hadoop.hive.serde2.lazy.LazySimpleSerDe, parameters:{serialization.format=1}), bucketCols:[], sortCols:[], parameters:{}, skewedInfo:SkewedInfo(skewedColNames:[], skewedColValues:[], skewedColValueLocationMaps:{})), partitionKeys:[], parameters:{}, viewOriginalText:null, viewExpandedText:null, tableType:MANAGED_TABLE)
16/12/21 14:55:11 INFO audit: ugi=taol	ip=unknown-ip-addr	cmd=create_table: Table(tableName:sales_by_shop, dbName:default, owner:taol, createTime:1482285311, lastAccessTime:0, retention:0, sd:StorageDescriptor(cols:[FieldSchema(name:shop, type:string, comment:null), FieldSchema(name:amount, type:bigint, comment:null)], location:null, inputFormat:org.apache.hadoop.mapred.TextInputFormat, outputFormat:org.apache.hadoop.hive.ql.io.IgnoreKeyTextOutputFormat, compressed:false, numBuckets:-1, serdeInfo:SerDeInfo(name:null, serializationLib:org.apache.hadoop.hive.serde2.lazy.LazySimpleSerDe, parameters:{serialization.format=1}), bucketCols:[], sortCols:[], parameters:{}, skewedInfo:SkewedInfo(skewedColNames:[], skewedColValues:[], skewedColValueLocationMaps:{})), partitionKeys:[], parameters:{}, viewOriginalText:null, viewExpandedText:null, tableType:MANAGED_TABLE)
16/12/21 14:55:11 INFO HiveMetaStore: 0: get_table : db=default tbl=sales_by_shop
16/12/21 14:55:11 INFO audit: ugi=taol	ip=unknown-ip-addr	cmd=get_table : db=default tbl=sales_by_shop
16/12/21 14:55:11 INFO MemoryStore: ensureFreeSpace(397072) called with curMem=0, maxMem=1030823608
16/12/21 14:55:11 INFO MemoryStore: Block broadcast_0 stored as values in memory (estimated size 387.8 KB, free 982.7 MB)
16/12/21 14:55:11 INFO MemoryStore: ensureFreeSpace(29811) called with curMem=397072, maxMem=1030823608
16/12/21 14:55:11 INFO MemoryStore: Block broadcast_0_piece0 stored as bytes in memory (estimated size 29.1 KB, free 982.7 MB)
16/12/21 14:55:11 INFO BlockManagerInfo: Added broadcast_0_piece0 in memory on localhost:52655 (size: 29.1 KB, free: 983.0 MB)
16/12/21 14:55:11 INFO SparkContext: Created broadcast 0 from sql at SampleTest.java:34
16/12/21 14:55:11 INFO Exchange: Using SparkSqlSerializer2.
16/12/21 14:55:12 INFO deprecation: mapred.job.id is deprecated. Instead, use mapreduce.job.id
16/12/21 14:55:12 INFO deprecation: mapred.tip.id is deprecated. Instead, use mapreduce.task.id
16/12/21 14:55:12 INFO deprecation: mapred.task.id is deprecated. Instead, use mapreduce.task.attempt.id
16/12/21 14:55:12 INFO deprecation: mapred.task.is.map is deprecated. Instead, use mapreduce.task.ismap
16/12/21 14:55:12 INFO deprecation: mapred.task.partition is deprecated. Instead, use mapreduce.task.partition
16/12/21 14:55:12 INFO SparkContext: Starting job: sql at SampleTest.java:34
16/12/21 14:55:12 INFO FileInputFormat: Total input paths to process : 1
16/12/21 14:55:12 INFO DAGScheduler: Registering RDD 8 (sql at SampleTest.java:34)
16/12/21 14:55:12 INFO DAGScheduler: Got job 0 (sql at SampleTest.java:34) with 200 output partitions (allowLocal=false)
16/12/21 14:55:12 INFO DAGScheduler: Final stage: ResultStage 1(sql at SampleTest.java:34)
16/12/21 14:55:12 INFO DAGScheduler: Parents of final stage: List(ShuffleMapStage 0)
16/12/21 14:55:12 INFO DAGScheduler: Missing parents: List(ShuffleMapStage 0)
16/12/21 14:55:12 INFO DAGScheduler: Submitting ShuffleMapStage 0 (MapPartitionsRDD[8] at sql at SampleTest.java:34), which has no missing parents
16/12/21 14:55:12 INFO MemoryStore: ensureFreeSpace(12160) called with curMem=426883, maxMem=1030823608
16/12/21 14:55:12 INFO MemoryStore: Block broadcast_1 stored as values in memory (estimated size 11.9 KB, free 982.7 MB)
16/12/21 14:55:12 INFO MemoryStore: ensureFreeSpace(6135) called with curMem=439043, maxMem=1030823608
16/12/21 14:55:12 INFO MemoryStore: Block broadcast_1_piece0 stored as bytes in memory (estimated size 6.0 KB, free 982.6 MB)
16/12/21 14:55:12 INFO BlockManagerInfo: Added broadcast_1_piece0 in memory on localhost:52655 (size: 6.0 KB, free: 983.0 MB)
16/12/21 14:55:12 INFO SparkContext: Created broadcast 1 from broadcast at DAGScheduler.scala:874
16/12/21 14:55:12 INFO DAGScheduler: Submitting 1 missing tasks from ShuffleMapStage 0 (MapPartitionsRDD[8] at sql at SampleTest.java:34)
16/12/21 14:55:12 INFO TaskSchedulerImpl: Adding task set 0.0 with 1 tasks
16/12/21 14:55:12 INFO TaskSetManager: Starting task 0.0 in stage 0.0 (TID 0, localhost, PROCESS_LOCAL, 1391 bytes)
16/12/21 14:55:12 INFO Executor: Running task 0.0 in stage 0.0 (TID 0)
16/12/21 14:55:12 INFO HadoopRDD: Input split: file:/tmp/foo/sales/sales.dat:0+139
16/12/21 14:55:13 INFO Executor: Finished task 0.0 in stage 0.0 (TID 0). 2203 bytes result sent to driver
16/12/21 14:55:13 INFO TaskSetManager: Finished task 0.0 in stage 0.0 (TID 0) in 1058 ms on localhost (1/1)
16/12/21 14:55:13 INFO TaskSchedulerImpl: Removed TaskSet 0.0, whose tasks have all completed, from pool
16/12/21 14:55:13 INFO DAGScheduler: ShuffleMapStage 0 (sql at SampleTest.java:34) finished in 1.083 s
16/12/21 14:55:13 INFO DAGScheduler: looking for newly runnable stages
16/12/21 14:55:13 INFO DAGScheduler: running: Set()
16/12/21 14:55:13 INFO DAGScheduler: waiting: Set(ResultStage 1)
16/12/21 14:55:13 INFO DAGScheduler: failed: Set()
16/12/21 14:55:13 INFO DAGScheduler: Missing parents for ResultStage 1: List()
16/12/21 14:55:13 INFO DAGScheduler: Submitting ResultStage 1 (MapPartitionsRDD[11] at sql at SampleTest.java:34), which is now runnable
16/12/21 14:55:14 INFO MemoryStore: ensureFreeSpace(120768) called with curMem=445178, maxMem=1030823608
16/12/21 14:55:14 INFO MemoryStore: Block broadcast_2 stored as values in memory (estimated size 117.9 KB, free 982.5 MB)
16/12/21 14:55:14 INFO MemoryStore: ensureFreeSpace(37133) called with curMem=565946, maxMem=1030823608
16/12/21 14:55:14 INFO MemoryStore: Block broadcast_2_piece0 stored as bytes in memory (estimated size 36.3 KB, free 982.5 MB)
16/12/21 14:55:14 INFO BlockManagerInfo: Added broadcast_2_piece0 in memory on localhost:52655 (size: 36.3 KB, free: 983.0 MB)
16/12/21 14:55:14 INFO SparkContext: Created broadcast 2 from broadcast at DAGScheduler.scala:874
16/12/21 14:55:14 INFO DAGScheduler: Submitting 200 missing tasks from ResultStage 1 (MapPartitionsRDD[11] at sql at SampleTest.java:34)
16/12/21 14:55:14 INFO TaskSchedulerImpl: Adding task set 1.0 with 200 tasks
16/12/21 14:55:14 INFO TaskSetManager: Starting task 0.0 in stage 1.0 (TID 1, localhost, PROCESS_LOCAL, 1165 bytes)
16/12/21 14:55:14 INFO Executor: Running task 0.0 in stage 1.0 (TID 1)
16/12/21 14:55:14 INFO deprecation: mapred.working.dir is deprecated. Instead, use mapreduce.job.working.dir
16/12/21 14:55:14 INFO deprecation: mapred.output.value.class is deprecated. Instead, use mapreduce.job.output.value.class
16/12/21 14:55:14 INFO deprecation: mapred.output.dir is deprecated. Instead, use mapreduce.output.fileoutputformat.outputdir
16/12/21 14:55:14 INFO ShuffleBlockFetcherIterator: Getting 1 non-empty blocks out of 1 blocks
16/12/21 14:55:14 INFO ShuffleBlockFetcherIterator: Started 0 remote fetches in 11 ms
16/12/21 14:55:14 INFO FileOutputCommitter: Saved output of task 'attempt_201612211455_0001_m_000000_0' to file:/tmp/hive-taol/hive_2016-12-21_14-55-11_806_8556893647501887368-1/-ext-10000/_temporary/0/task_201612211455_0001_m_000000
16/12/21 14:55:14 INFO SparkHadoopMapRedUtil: attempt_201612211455_0001_m_000000_0: Committed
16/12/21 14:55:14 INFO Executor: Finished task 0.0 in stage 1.0 (TID 1). 886 bytes result sent to driver
16/12/21 14:55:14 INFO TaskSetManager: Starting task 1.0 in stage 1.0 (TID 2, localhost, PROCESS_LOCAL, 1165 bytes)
16/12/21 14:55:14 INFO TaskSetManager: Finished task 0.0 in stage 1.0 (TID 1) in 500 ms on localhost (1/200)
16/12/21 14:55:14 INFO Executor: Running task 1.0 in stage 1.0 (TID 2)
16/12/21 14:55:14 INFO ShuffleBlockFetcherIterator: Getting 1 non-empty blocks out of 1 blocks
16/12/21 14:55:14 INFO ShuffleBlockFetcherIterator: Started 0 remote fetches in 1 ms
16/12/21 14:55:14 INFO FileOutputCommitter: Saved output of task 'attempt_201612211455_0001_m_000001_0' to file:/tmp/hive-taol/hive_2016-12-21_14-55-11_806_8556893647501887368-1/-ext-10000/_temporary/0/task_201612211455_0001_m_000001
16/12/21 14:55:14 INFO SparkHadoopMapRedUtil: attempt_201612211455_0001_m_000001_0: Committed
16/12/21 14:55:14 INFO Executor: Finished task 1.0 in stage 1.0 (TID 2). 886 bytes result sent to driver
16/12/21 14:55:14 INFO TaskSetManager: Starting task 2.0 in stage 1.0 (TID 3, localhost, PROCESS_LOCAL, 1165 bytes)
16/12/21 14:55:14 INFO TaskSetManager: Finished task 1.0 in stage 1.0 (TID 2) in 200 ms on localhost (2/200)
16/12/21 14:55:14 INFO Executor: Running task 2.0 in stage 1.0 (TID 3)
16/12/21 14:55:14 INFO ShuffleBlockFetcherIterator: Getting 1 non-empty blocks out of 1 blocks
16/12/21 14:55:14 INFO ShuffleBlockFetcherIterator: Started 0 remote fetches in 1 ms
16/12/21 14:55:14 INFO FileOutputCommitter: Saved output of task 'attempt_201612211455_0001_m_000002_0' to file:/tmp/hive-taol/hive_2016-12-21_14-55-11_806_8556893647501887368-1/-ext-10000/_temporary/0/task_201612211455_0001_m_000002
16/12/21 14:55:14 INFO SparkHadoopMapRedUtil: attempt_201612211455_0001_m_000002_0: Committed
16/12/21 14:55:14 INFO Executor: Finished task 2.0 in stage 1.0 (TID 3). 886 bytes result sent to driver
16/12/21 14:55:14 INFO TaskSetManager: Starting task 3.0 in stage 1.0 (TID 4, localhost, PROCESS_LOCAL, 1165 bytes)
16/12/21 14:55:14 INFO TaskSetManager: Finished task 2.0 in stage 1.0 (TID 3) in 82 ms on localhost (3/200)
16/12/21 14:55:14 INFO Executor: Running task 3.0 in stage 1.0 (TID 4)
16/12/21 14:55:15 INFO ShuffleBlockFetcherIterator: Getting 1 non-empty blocks out of 1 blocks
16/12/21 14:55:15 INFO ShuffleBlockFetcherIterator: Started 0 remote fetches in 0 ms
16/12/21 14:55:15 INFO FileOutputCommitter: Saved output of task 'attempt_201612211455_0001_m_000003_0' to file:/tmp/hive-taol/hive_2016-12-21_14-55-11_806_8556893647501887368-1/-ext-10000/_temporary/0/task_201612211455_0001_m_000003
16/12/21 14:55:15 INFO SparkHadoopMapRedUtil: attempt_201612211455_0001_m_000003_0: Committed
16/12/21 14:55:15 INFO Executor: Finished task 3.0 in stage 1.0 (TID 4). 886 bytes result sent to driver
16/12/21 14:55:15 INFO TaskSetManager: Starting task 4.0 in stage 1.0 (TID 5, localhost, PROCESS_LOCAL, 1165 bytes)
16/12/21 14:55:15 INFO TaskSetManager: Finished task 3.0 in stage 1.0 (TID 4) in 76 ms on localhost (4/200)
16/12/21 14:55:15 INFO Executor: Running task 4.0 in stage 1.0 (TID 5)
16/12/21 14:55:15 INFO ShuffleBlockFetcherIterator: Getting 1 non-empty blocks out of 1 blocks
16/12/21 14:55:15 INFO ShuffleBlockFetcherIterator: Started 0 remote fetches in 0 ms
16/12/21 14:55:15 INFO FileOutputCommitter: Saved output of task 'attempt_201612211455_0001_m_000004_0' to file:/tmp/hive-taol/hive_2016-12-21_14-55-11_806_8556893647501887368-1/-ext-10000/_temporary/0/task_201612211455_0001_m_000004
16/12/21 14:55:15 INFO SparkHadoopMapRedUtil: attempt_201612211455_0001_m_000004_0: Committed
16/12/21 14:55:15 INFO Executor: Finished task 4.0 in stage 1.0 (TID 5). 886 bytes result sent to driver
16/12/21 14:55:15 INFO TaskSetManager: Starting task 5.0 in stage 1.0 (TID 6, localhost, PROCESS_LOCAL, 1165 bytes)
16/12/21 14:55:15 INFO TaskSetManager: Finished task 4.0 in stage 1.0 (TID 5) in 94 ms on localhost (5/200)
16/12/21 14:55:15 INFO Executor: Running task 5.0 in stage 1.0 (TID 6)
16/12/21 14:55:15 INFO ShuffleBlockFetcherIterator: Getting 1 non-empty blocks out of 1 blocks
16/12/21 14:55:15 INFO ShuffleBlockFetcherIterator: Started 0 remote fetches in 0 ms
16/12/21 14:55:15 INFO FileOutputCommitter: Saved output of task 'attempt_201612211455_0001_m_000005_0' to file:/tmp/hive-taol/hive_2016-12-21_14-55-11_806_8556893647501887368-1/-ext-10000/_temporary/0/task_201612211455_0001_m_000005
16/12/21 14:55:15 INFO SparkHadoopMapRedUtil: attempt_201612211455_0001_m_000005_0: Committed
16/12/21 14:55:15 INFO Executor: Finished task 5.0 in stage 1.0 (TID 6). 886 bytes result sent to driver
16/12/21 14:55:15 INFO TaskSetManager: Starting task 6.0 in stage 1.0 (TID 7, localhost, PROCESS_LOCAL, 1165 bytes)
16/12/21 14:55:15 INFO TaskSetManager: Finished task 5.0 in stage 1.0 (TID 6) in 139 ms on localhost (6/200)
16/12/21 14:55:15 INFO Executor: Running task 6.0 in stage 1.0 (TID 7)
16/12/21 14:55:15 INFO ShuffleBlockFetcherIterator: Getting 1 non-empty blocks out of 1 blocks
16/12/21 14:55:15 INFO ShuffleBlockFetcherIterator: Started 0 remote fetches in 1 ms
16/12/21 14:55:15 INFO FileOutputCommitter: Saved output of task 'attempt_201612211455_0001_m_000006_0' to file:/tmp/hive-taol/hive_2016-12-21_14-55-11_806_8556893647501887368-1/-ext-10000/_temporary/0/task_201612211455_0001_m_000006
16/12/21 14:55:15 INFO SparkHadoopMapRedUtil: attempt_201612211455_0001_m_000006_0: Committed
16/12/21 14:55:15 INFO Executor: Finished task 6.0 in stage 1.0 (TID 7). 886 bytes result sent to driver
16/12/21 14:55:15 INFO TaskSetManager: Starting task 7.0 in stage 1.0 (TID 8, localhost, PROCESS_LOCAL, 1165 bytes)
16/12/21 14:55:15 INFO TaskSetManager: Finished task 6.0 in stage 1.0 (TID 7) in 130 ms on localhost (7/200)
16/12/21 14:55:15 INFO Executor: Running task 7.0 in stage 1.0 (TID 8)
16/12/21 14:55:15 INFO ShuffleBlockFetcherIterator: Getting 1 non-empty blocks out of 1 blocks
16/12/21 14:55:15 INFO ShuffleBlockFetcherIterator: Started 0 remote fetches in 1 ms
16/12/21 14:55:15 INFO FileOutputCommitter: Saved output of task 'attempt_201612211455_0001_m_000007_0' to file:/tmp/hive-taol/hive_2016-12-21_14-55-11_806_8556893647501887368-1/-ext-10000/_temporary/0/task_201612211455_0001_m_000007
16/12/21 14:55:15 INFO SparkHadoopMapRedUtil: attempt_201612211455_0001_m_000007_0: Committed
16/12/21 14:55:15 INFO Executor: Finished task 7.0 in stage 1.0 (TID 8). 886 bytes result sent to driver
16/12/21 14:55:15 INFO TaskSetManager: Starting task 8.0 in stage 1.0 (TID 9, localhost, PROCESS_LOCAL, 1165 bytes)
16/12/21 14:55:15 INFO TaskSetManager: Finished task 7.0 in stage 1.0 (TID 8) in 76 ms on localhost (8/200)
16/12/21 14:55:15 INFO Executor: Running task 8.0 in stage 1.0 (TID 9)
16/12/21 14:55:15 INFO ShuffleBlockFetcherIterator: Getting 1 non-empty blocks out of 1 blocks
16/12/21 14:55:15 INFO ShuffleBlockFetcherIterator: Started 0 remote fetches in 1 ms
16/12/21 14:55:15 INFO FileOutputCommitter: Saved output of task 'attempt_201612211455_0001_m_000008_0' to file:/tmp/hive-taol/hive_2016-12-21_14-55-11_806_8556893647501887368-1/-ext-10000/_temporary/0/task_201612211455_0001_m_000008
16/12/21 14:55:15 INFO SparkHadoopMapRedUtil: attempt_201612211455_0001_m_000008_0: Committed
16/12/21 14:55:15 INFO Executor: Finished task 8.0 in stage 1.0 (TID 9). 886 bytes result sent to driver
16/12/21 14:55:15 INFO TaskSetManager: Starting task 9.0 in stage 1.0 (TID 10, localhost, PROCESS_LOCAL, 1165 bytes)
16/12/21 14:55:15 INFO TaskSetManager: Finished task 8.0 in stage 1.0 (TID 9) in 108 ms on localhost (9/200)
16/12/21 14:55:15 INFO Executor: Running task 9.0 in stage 1.0 (TID 10)
16/12/21 14:55:15 INFO ShuffleBlockFetcherIterator: Getting 1 non-empty blocks out of 1 blocks
16/12/21 14:55:15 INFO ShuffleBlockFetcherIterator: Started 0 remote fetches in 0 ms
16/12/21 14:55:15 INFO FileOutputCommitter: Saved output of task 'attempt_201612211455_0001_m_000009_0' to file:/tmp/hive-taol/hive_2016-12-21_14-55-11_806_8556893647501887368-1/-ext-10000/_temporary/0/task_201612211455_0001_m_000009
16/12/21 14:55:15 INFO SparkHadoopMapRedUtil: attempt_201612211455_0001_m_000009_0: Committed
16/12/21 14:55:15 INFO Executor: Finished task 9.0 in stage 1.0 (TID 10). 886 bytes result sent to driver
16/12/21 14:55:15 INFO TaskSetManager: Starting task 10.0 in stage 1.0 (TID 11, localhost, PROCESS_LOCAL, 1165 bytes)
16/12/21 14:55:15 INFO TaskSetManager: Finished task 9.0 in stage 1.0 (TID 10) in 73 ms on localhost (10/200)
16/12/21 14:55:15 INFO Executor: Running task 10.0 in stage 1.0 (TID 11)
16/12/21 14:55:15 INFO ShuffleBlockFetcherIterator: Getting 1 non-empty blocks out of 1 blocks
16/12/21 14:55:15 INFO ShuffleBlockFetcherIterator: Started 0 remote fetches in 0 ms
16/12/21 14:55:15 INFO FileOutputCommitter: Saved output of task 'attempt_201612211455_0001_m_000010_0' to file:/tmp/hive-taol/hive_2016-12-21_14-55-11_806_8556893647501887368-1/-ext-10000/_temporary/0/task_201612211455_0001_m_000010
16/12/21 14:55:15 INFO SparkHadoopMapRedUtil: attempt_201612211455_0001_m_000010_0: Committed
16/12/21 14:55:15 INFO Executor: Finished task 10.0 in stage 1.0 (TID 11). 886 bytes result sent to driver
16/12/21 14:55:15 INFO TaskSetManager: Starting task 11.0 in stage 1.0 (TID 12, localhost, PROCESS_LOCAL, 1165 bytes)
16/12/21 14:55:15 INFO TaskSetManager: Finished task 10.0 in stage 1.0 (TID 11) in 83 ms on localhost (11/200)
16/12/21 14:55:15 INFO Executor: Running task 11.0 in stage 1.0 (TID 12)
16/12/21 14:55:15 INFO ShuffleBlockFetcherIterator: Getting 1 non-empty blocks out of 1 blocks
16/12/21 14:55:15 INFO ShuffleBlockFetcherIterator: Started 0 remote fetches in 0 ms
16/12/21 14:55:15 INFO FileOutputCommitter: Saved output of task 'attempt_201612211455_0001_m_000011_0' to file:/tmp/hive-taol/hive_2016-12-21_14-55-11_806_8556893647501887368-1/-ext-10000/_temporary/0/task_201612211455_0001_m_000011
16/12/21 14:55:15 INFO SparkHadoopMapRedUtil: attempt_201612211455_0001_m_000011_0: Committed
16/12/21 14:55:15 INFO Executor: Finished task 11.0 in stage 1.0 (TID 12). 886 bytes result sent to driver
16/12/21 14:55:15 INFO TaskSetManager: Starting task 12.0 in stage 1.0 (TID 13, localhost, PROCESS_LOCAL, 1165 bytes)
16/12/21 14:55:15 INFO TaskSetManager: Finished task 11.0 in stage 1.0 (TID 12) in 85 ms on localhost (12/200)
16/12/21 14:55:15 INFO Executor: Running task 12.0 in stage 1.0 (TID 13)
16/12/21 14:55:15 INFO ShuffleBlockFetcherIterator: Getting 1 non-empty blocks out of 1 blocks
16/12/21 14:55:15 INFO ShuffleBlockFetcherIterator: Started 0 remote fetches in 19 ms
16/12/21 14:55:15 INFO FileOutputCommitter: Saved output of task 'attempt_201612211455_0001_m_000012_0' to file:/tmp/hive-taol/hive_2016-12-21_14-55-11_806_8556893647501887368-1/-ext-10000/_temporary/0/task_201612211455_0001_m_000012
16/12/21 14:55:15 INFO SparkHadoopMapRedUtil: attempt_201612211455_0001_m_000012_0: Committed
16/12/21 14:55:15 INFO Executor: Finished task 12.0 in stage 1.0 (TID 13). 886 bytes result sent to driver
16/12/21 14:55:15 INFO TaskSetManager: Starting task 13.0 in stage 1.0 (TID 14, localhost, PROCESS_LOCAL, 1165 bytes)
16/12/21 14:55:15 INFO TaskSetManager: Finished task 12.0 in stage 1.0 (TID 13) in 124 ms on localhost (13/200)
16/12/21 14:55:15 INFO Executor: Running task 13.0 in stage 1.0 (TID 14)
16/12/21 14:55:16 INFO ShuffleBlockFetcherIterator: Getting 1 non-empty blocks out of 1 blocks
16/12/21 14:55:16 INFO ShuffleBlockFetcherIterator: Started 0 remote fetches in 1 ms
16/12/21 14:55:16 INFO FileOutputCommitter: Saved output of task 'attempt_201612211455_0001_m_000013_0' to file:/tmp/hive-taol/hive_2016-12-21_14-55-11_806_8556893647501887368-1/-ext-10000/_temporary/0/task_201612211455_0001_m_000013
16/12/21 14:55:16 INFO SparkHadoopMapRedUtil: attempt_201612211455_0001_m_000013_0: Committed
16/12/21 14:55:16 INFO Executor: Finished task 13.0 in stage 1.0 (TID 14). 886 bytes result sent to driver
16/12/21 14:55:16 INFO TaskSetManager: Starting task 14.0 in stage 1.0 (TID 15, localhost, PROCESS_LOCAL, 1165 bytes)
16/12/21 14:55:16 INFO TaskSetManager: Finished task 13.0 in stage 1.0 (TID 14) in 87 ms on localhost (14/200)
16/12/21 14:55:16 INFO Executor: Running task 14.0 in stage 1.0 (TID 15)
16/12/21 14:55:16 INFO ShuffleBlockFetcherIterator: Getting 1 non-empty blocks out of 1 blocks
16/12/21 14:55:16 INFO ShuffleBlockFetcherIterator: Started 0 remote fetches in 1 ms
16/12/21 14:55:16 INFO FileOutputCommitter: Saved output of task 'attempt_201612211455_0001_m_000014_0' to file:/tmp/hive-taol/hive_2016-12-21_14-55-11_806_8556893647501887368-1/-ext-10000/_temporary/0/task_201612211455_0001_m_000014
16/12/21 14:55:16 INFO SparkHadoopMapRedUtil: attempt_201612211455_0001_m_000014_0: Committed
16/12/21 14:55:16 INFO Executor: Finished task 14.0 in stage 1.0 (TID 15). 886 bytes result sent to driver
16/12/21 14:55:16 INFO TaskSetManager: Starting task 15.0 in stage 1.0 (TID 16, localhost, PROCESS_LOCAL, 1165 bytes)
16/12/21 14:55:16 INFO Executor: Running task 15.0 in stage 1.0 (TID 16)
16/12/21 14:55:16 INFO TaskSetManager: Finished task 14.0 in stage 1.0 (TID 15) in 130 ms on localhost (15/200)
16/12/21 14:55:16 INFO ShuffleBlockFetcherIterator: Getting 1 non-empty blocks out of 1 blocks
16/12/21 14:55:16 INFO ShuffleBlockFetcherIterator: Started 0 remote fetches in 0 ms
16/12/21 14:55:16 INFO FileOutputCommitter: Saved output of task 'attempt_201612211455_0001_m_000015_0' to file:/tmp/hive-taol/hive_2016-12-21_14-55-11_806_8556893647501887368-1/-ext-10000/_temporary/0/task_201612211455_0001_m_000015
16/12/21 14:55:16 INFO SparkHadoopMapRedUtil: attempt_201612211455_0001_m_000015_0: Committed
16/12/21 14:55:16 INFO Executor: Finished task 15.0 in stage 1.0 (TID 16). 886 bytes result sent to driver
16/12/21 14:55:16 INFO TaskSetManager: Starting task 16.0 in stage 1.0 (TID 17, localhost, PROCESS_LOCAL, 1165 bytes)
16/12/21 14:55:16 INFO Executor: Running task 16.0 in stage 1.0 (TID 17)
16/12/21 14:55:16 INFO TaskSetManager: Finished task 15.0 in stage 1.0 (TID 16) in 64 ms on localhost (16/200)
16/12/21 14:55:16 INFO ShuffleBlockFetcherIterator: Getting 1 non-empty blocks out of 1 blocks
16/12/21 14:55:16 INFO ShuffleBlockFetcherIterator: Started 0 remote fetches in 0 ms
16/12/21 14:55:16 INFO FileOutputCommitter: Saved output of task 'attempt_201612211455_0001_m_000016_0' to file:/tmp/hive-taol/hive_2016-12-21_14-55-11_806_8556893647501887368-1/-ext-10000/_temporary/0/task_201612211455_0001_m_000016
16/12/21 14:55:16 INFO SparkHadoopMapRedUtil: attempt_201612211455_0001_m_000016_0: Committed
16/12/21 14:55:16 INFO Executor: Finished task 16.0 in stage 1.0 (TID 17). 886 bytes result sent to driver
16/12/21 14:55:16 INFO TaskSetManager: Starting task 17.0 in stage 1.0 (TID 18, localhost, PROCESS_LOCAL, 1165 bytes)
16/12/21 14:55:16 INFO Executor: Running task 17.0 in stage 1.0 (TID 18)
16/12/21 14:55:16 INFO TaskSetManager: Finished task 16.0 in stage 1.0 (TID 17) in 73 ms on localhost (17/200)
16/12/21 14:55:16 INFO ShuffleBlockFetcherIterator: Getting 1 non-empty blocks out of 1 blocks
16/12/21 14:55:16 INFO ShuffleBlockFetcherIterator: Started 0 remote fetches in 0 ms
16/12/21 14:55:16 INFO FileOutputCommitter: Saved output of task 'attempt_201612211455_0001_m_000017_0' to file:/tmp/hive-taol/hive_2016-12-21_14-55-11_806_8556893647501887368-1/-ext-10000/_temporary/0/task_201612211455_0001_m_000017
16/12/21 14:55:16 INFO SparkHadoopMapRedUtil: attempt_201612211455_0001_m_000017_0: Committed
16/12/21 14:55:16 INFO Executor: Finished task 17.0 in stage 1.0 (TID 18). 886 bytes result sent to driver
16/12/21 14:55:16 INFO TaskSetManager: Starting task 18.0 in stage 1.0 (TID 19, localhost, PROCESS_LOCAL, 1165 bytes)
16/12/21 14:55:16 INFO TaskSetManager: Finished task 17.0 in stage 1.0 (TID 18) in 89 ms on localhost (18/200)
16/12/21 14:55:16 INFO Executor: Running task 18.0 in stage 1.0 (TID 19)
16/12/21 14:55:16 INFO ShuffleBlockFetcherIterator: Getting 1 non-empty blocks out of 1 blocks
16/12/21 14:55:16 INFO ShuffleBlockFetcherIterator: Started 0 remote fetches in 0 ms
16/12/21 14:55:16 INFO FileOutputCommitter: Saved output of task 'attempt_201612211455_0001_m_000018_0' to file:/tmp/hive-taol/hive_2016-12-21_14-55-11_806_8556893647501887368-1/-ext-10000/_temporary/0/task_201612211455_0001_m_000018
16/12/21 14:55:16 INFO SparkHadoopMapRedUtil: attempt_201612211455_0001_m_000018_0: Committed
16/12/21 14:55:16 INFO Executor: Finished task 18.0 in stage 1.0 (TID 19). 886 bytes result sent to driver
16/12/21 14:55:16 INFO TaskSetManager: Starting task 19.0 in stage 1.0 (TID 20, localhost, PROCESS_LOCAL, 1165 bytes)
16/12/21 14:55:16 INFO TaskSetManager: Finished task 18.0 in stage 1.0 (TID 19) in 91 ms on localhost (19/200)
16/12/21 14:55:16 INFO Executor: Running task 19.0 in stage 1.0 (TID 20)
16/12/21 14:55:16 INFO ShuffleBlockFetcherIterator: Getting 1 non-empty blocks out of 1 blocks
16/12/21 14:55:16 INFO ShuffleBlockFetcherIterator: Started 0 remote fetches in 1 ms
16/12/21 14:55:16 INFO FileOutputCommitter: Saved output of task 'attempt_201612211455_0001_m_000019_0' to file:/tmp/hive-taol/hive_2016-12-21_14-55-11_806_8556893647501887368-1/-ext-10000/_temporary/0/task_201612211455_0001_m_000019
16/12/21 14:55:16 INFO SparkHadoopMapRedUtil: attempt_201612211455_0001_m_000019_0: Committed
16/12/21 14:55:16 INFO Executor: Finished task 19.0 in stage 1.0 (TID 20). 886 bytes result sent to driver
16/12/21 14:55:16 INFO TaskSetManager: Starting task 20.0 in stage 1.0 (TID 21, localhost, PROCESS_LOCAL, 1165 bytes)
16/12/21 14:55:16 INFO Executor: Running task 20.0 in stage 1.0 (TID 21)
16/12/21 14:55:16 INFO TaskSetManager: Finished task 19.0 in stage 1.0 (TID 20) in 68 ms on localhost (20/200)
16/12/21 14:55:16 INFO ShuffleBlockFetcherIterator: Getting 1 non-empty blocks out of 1 blocks
16/12/21 14:55:16 INFO ShuffleBlockFetcherIterator: Started 0 remote fetches in 0 ms
16/12/21 14:55:16 INFO FileOutputCommitter: Saved output of task 'attempt_201612211455_0001_m_000020_0' to file:/tmp/hive-taol/hive_2016-12-21_14-55-11_806_8556893647501887368-1/-ext-10000/_temporary/0/task_201612211455_0001_m_000020
16/12/21 14:55:16 INFO SparkHadoopMapRedUtil: attempt_201612211455_0001_m_000020_0: Committed
16/12/21 14:55:16 INFO Executor: Finished task 20.0 in stage 1.0 (TID 21). 886 bytes result sent to driver
16/12/21 14:55:16 INFO TaskSetManager: Starting task 21.0 in stage 1.0 (TID 22, localhost, PROCESS_LOCAL, 1165 bytes)
16/12/21 14:55:16 INFO TaskSetManager: Finished task 20.0 in stage 1.0 (TID 21) in 66 ms on localhost (21/200)
16/12/21 14:55:16 INFO Executor: Running task 21.0 in stage 1.0 (TID 22)
16/12/21 14:55:16 INFO ShuffleBlockFetcherIterator: Getting 1 non-empty blocks out of 1 blocks
16/12/21 14:55:16 INFO ShuffleBlockFetcherIterator: Started 0 remote fetches in 0 ms
16/12/21 14:55:16 INFO FileOutputCommitter: Saved output of task 'attempt_201612211455_0001_m_000021_0' to file:/tmp/hive-taol/hive_2016-12-21_14-55-11_806_8556893647501887368-1/-ext-10000/_temporary/0/task_201612211455_0001_m_000021
16/12/21 14:55:16 INFO SparkHadoopMapRedUtil: attempt_201612211455_0001_m_000021_0: Committed
16/12/21 14:55:16 INFO Executor: Finished task 21.0 in stage 1.0 (TID 22). 886 bytes result sent to driver
16/12/21 14:55:16 INFO TaskSetManager: Starting task 22.0 in stage 1.0 (TID 23, localhost, PROCESS_LOCAL, 1165 bytes)
16/12/21 14:55:16 INFO TaskSetManager: Finished task 21.0 in stage 1.0 (TID 22) in 148 ms on localhost (22/200)
16/12/21 14:55:16 INFO Executor: Running task 22.0 in stage 1.0 (TID 23)
16/12/21 14:55:16 INFO ShuffleBlockFetcherIterator: Getting 1 non-empty blocks out of 1 blocks
16/12/21 14:55:16 INFO ShuffleBlockFetcherIterator: Started 0 remote fetches in 0 ms
16/12/21 14:55:16 INFO FileOutputCommitter: Saved output of task 'attempt_201612211455_0001_m_000022_0' to file:/tmp/hive-taol/hive_2016-12-21_14-55-11_806_8556893647501887368-1/-ext-10000/_temporary/0/task_201612211455_0001_m_000022
16/12/21 14:55:16 INFO SparkHadoopMapRedUtil: attempt_201612211455_0001_m_000022_0: Committed
16/12/21 14:55:16 INFO Executor: Finished task 22.0 in stage 1.0 (TID 23). 886 bytes result sent to driver
16/12/21 14:55:16 INFO TaskSetManager: Starting task 23.0 in stage 1.0 (TID 24, localhost, PROCESS_LOCAL, 1165 bytes)
16/12/21 14:55:16 INFO TaskSetManager: Finished task 22.0 in stage 1.0 (TID 23) in 117 ms on localhost (23/200)
16/12/21 14:55:16 INFO Executor: Running task 23.0 in stage 1.0 (TID 24)
16/12/21 14:55:16 INFO ShuffleBlockFetcherIterator: Getting 1 non-empty blocks out of 1 blocks
16/12/21 14:55:16 INFO ShuffleBlockFetcherIterator: Started 0 remote fetches in 1 ms
16/12/21 14:55:16 INFO FileOutputCommitter: Saved output of task 'attempt_201612211455_0001_m_000023_0' to file:/tmp/hive-taol/hive_2016-12-21_14-55-11_806_8556893647501887368-1/-ext-10000/_temporary/0/task_201612211455_0001_m_000023
16/12/21 14:55:16 INFO SparkHadoopMapRedUtil: attempt_201612211455_0001_m_000023_0: Committed
16/12/21 14:55:16 INFO Executor: Finished task 23.0 in stage 1.0 (TID 24). 886 bytes result sent to driver
16/12/21 14:55:16 INFO TaskSetManager: Starting task 24.0 in stage 1.0 (TID 25, localhost, PROCESS_LOCAL, 1165 bytes)
16/12/21 14:55:16 INFO TaskSetManager: Finished task 23.0 in stage 1.0 (TID 24) in 85 ms on localhost (24/200)
16/12/21 14:55:16 INFO Executor: Running task 24.0 in stage 1.0 (TID 25)
16/12/21 14:55:17 INFO ShuffleBlockFetcherIterator: Getting 1 non-empty blocks out of 1 blocks
16/12/21 14:55:17 INFO ShuffleBlockFetcherIterator: Started 0 remote fetches in 0 ms
16/12/21 14:55:17 INFO FileOutputCommitter: Saved output of task 'attempt_201612211455_0001_m_000024_0' to file:/tmp/hive-taol/hive_2016-12-21_14-55-11_806_8556893647501887368-1/-ext-10000/_temporary/0/task_201612211455_0001_m_000024
16/12/21 14:55:17 INFO SparkHadoopMapRedUtil: attempt_201612211455_0001_m_000024_0: Committed
16/12/21 14:55:17 INFO Executor: Finished task 24.0 in stage 1.0 (TID 25). 886 bytes result sent to driver
16/12/21 14:55:17 INFO TaskSetManager: Starting task 25.0 in stage 1.0 (TID 26, localhost, PROCESS_LOCAL, 1165 bytes)
16/12/21 14:55:17 INFO TaskSetManager: Finished task 24.0 in stage 1.0 (TID 25) in 66 ms on localhost (25/200)
16/12/21 14:55:17 INFO Executor: Running task 25.0 in stage 1.0 (TID 26)
16/12/21 14:55:17 INFO ShuffleBlockFetcherIterator: Getting 1 non-empty blocks out of 1 blocks
16/12/21 14:55:17 INFO ShuffleBlockFetcherIterator: Started 0 remote fetches in 1 ms
16/12/21 14:55:17 INFO FileOutputCommitter: Saved output of task 'attempt_201612211455_0001_m_000025_0' to file:/tmp/hive-taol/hive_2016-12-21_14-55-11_806_8556893647501887368-1/-ext-10000/_temporary/0/task_201612211455_0001_m_000025
16/12/21 14:55:17 INFO SparkHadoopMapRedUtil: attempt_201612211455_0001_m_000025_0: Committed
16/12/21 14:55:17 INFO Executor: Finished task 25.0 in stage 1.0 (TID 26). 886 bytes result sent to driver
16/12/21 14:55:17 INFO TaskSetManager: Starting task 26.0 in stage 1.0 (TID 27, localhost, PROCESS_LOCAL, 1165 bytes)
16/12/21 14:55:17 INFO Executor: Running task 26.0 in stage 1.0 (TID 27)
16/12/21 14:55:17 INFO TaskSetManager: Finished task 25.0 in stage 1.0 (TID 26) in 63 ms on localhost (26/200)
16/12/21 14:55:17 INFO ShuffleBlockFetcherIterator: Getting 1 non-empty blocks out of 1 blocks
16/12/21 14:55:17 INFO ShuffleBlockFetcherIterator: Started 0 remote fetches in 1 ms
16/12/21 14:55:17 INFO FileOutputCommitter: Saved output of task 'attempt_201612211455_0001_m_000026_0' to file:/tmp/hive-taol/hive_2016-12-21_14-55-11_806_8556893647501887368-1/-ext-10000/_temporary/0/task_201612211455_0001_m_000026
16/12/21 14:55:17 INFO SparkHadoopMapRedUtil: attempt_201612211455_0001_m_000026_0: Committed
16/12/21 14:55:17 INFO Executor: Finished task 26.0 in stage 1.0 (TID 27). 886 bytes result sent to driver
16/12/21 14:55:17 INFO TaskSetManager: Starting task 27.0 in stage 1.0 (TID 28, localhost, PROCESS_LOCAL, 1165 bytes)
16/12/21 14:55:17 INFO TaskSetManager: Finished task 26.0 in stage 1.0 (TID 27) in 66 ms on localhost (27/200)
16/12/21 14:55:17 INFO Executor: Running task 27.0 in stage 1.0 (TID 28)
16/12/21 14:55:17 INFO ShuffleBlockFetcherIterator: Getting 1 non-empty blocks out of 1 blocks
16/12/21 14:55:17 INFO ShuffleBlockFetcherIterator: Started 0 remote fetches in 0 ms
16/12/21 14:55:17 INFO FileOutputCommitter: Saved output of task 'attempt_201612211455_0001_m_000027_0' to file:/tmp/hive-taol/hive_2016-12-21_14-55-11_806_8556893647501887368-1/-ext-10000/_temporary/0/task_201612211455_0001_m_000027
16/12/21 14:55:17 INFO SparkHadoopMapRedUtil: attempt_201612211455_0001_m_000027_0: Committed
16/12/21 14:55:17 INFO Executor: Finished task 27.0 in stage 1.0 (TID 28). 886 bytes result sent to driver
16/12/21 14:55:17 INFO TaskSetManager: Starting task 28.0 in stage 1.0 (TID 29, localhost, PROCESS_LOCAL, 1165 bytes)
16/12/21 14:55:17 INFO TaskSetManager: Finished task 27.0 in stage 1.0 (TID 28) in 55 ms on localhost (28/200)
16/12/21 14:55:17 INFO Executor: Running task 28.0 in stage 1.0 (TID 29)
16/12/21 14:55:17 INFO ShuffleBlockFetcherIterator: Getting 1 non-empty blocks out of 1 blocks
16/12/21 14:55:17 INFO ShuffleBlockFetcherIterator: Started 0 remote fetches in 1 ms
16/12/21 14:55:17 INFO FileOutputCommitter: Saved output of task 'attempt_201612211455_0001_m_000028_0' to file:/tmp/hive-taol/hive_2016-12-21_14-55-11_806_8556893647501887368-1/-ext-10000/_temporary/0/task_201612211455_0001_m_000028
16/12/21 14:55:17 INFO SparkHadoopMapRedUtil: attempt_201612211455_0001_m_000028_0: Committed
16/12/21 14:55:17 INFO Executor: Finished task 28.0 in stage 1.0 (TID 29). 886 bytes result sent to driver
16/12/21 14:55:17 INFO TaskSetManager: Starting task 29.0 in stage 1.0 (TID 30, localhost, PROCESS_LOCAL, 1165 bytes)
16/12/21 14:55:17 INFO TaskSetManager: Finished task 28.0 in stage 1.0 (TID 29) in 331 ms on localhost (29/200)
16/12/21 14:55:17 INFO Executor: Running task 29.0 in stage 1.0 (TID 30)
16/12/21 14:55:17 INFO ShuffleBlockFetcherIterator: Getting 1 non-empty blocks out of 1 blocks
16/12/21 14:55:17 INFO ShuffleBlockFetcherIterator: Started 0 remote fetches in 0 ms
16/12/21 14:55:17 INFO FileOutputCommitter: Saved output of task 'attempt_201612211455_0001_m_000029_0' to file:/tmp/hive-taol/hive_2016-12-21_14-55-11_806_8556893647501887368-1/-ext-10000/_temporary/0/task_201612211455_0001_m_000029
16/12/21 14:55:17 INFO SparkHadoopMapRedUtil: attempt_201612211455_0001_m_000029_0: Committed
16/12/21 14:55:17 INFO Executor: Finished task 29.0 in stage 1.0 (TID 30). 886 bytes result sent to driver
16/12/21 14:55:17 INFO TaskSetManager: Starting task 30.0 in stage 1.0 (TID 31, localhost, PROCESS_LOCAL, 1165 bytes)
16/12/21 14:55:17 INFO TaskSetManager: Finished task 29.0 in stage 1.0 (TID 30) in 164 ms on localhost (30/200)
16/12/21 14:55:17 INFO Executor: Running task 30.0 in stage 1.0 (TID 31)
16/12/21 14:55:17 INFO ShuffleBlockFetcherIterator: Getting 1 non-empty blocks out of 1 blocks
16/12/21 14:55:17 INFO ShuffleBlockFetcherIterator: Started 0 remote fetches in 0 ms
16/12/21 14:55:17 INFO FileOutputCommitter: Saved output of task 'attempt_201612211455_0001_m_000030_0' to file:/tmp/hive-taol/hive_2016-12-21_14-55-11_806_8556893647501887368-1/-ext-10000/_temporary/0/task_201612211455_0001_m_000030
16/12/21 14:55:17 INFO SparkHadoopMapRedUtil: attempt_201612211455_0001_m_000030_0: Committed
16/12/21 14:55:17 INFO Executor: Finished task 30.0 in stage 1.0 (TID 31). 886 bytes result sent to driver
16/12/21 14:55:17 INFO TaskSetManager: Starting task 31.0 in stage 1.0 (TID 32, localhost, PROCESS_LOCAL, 1165 bytes)
16/12/21 14:55:17 INFO TaskSetManager: Finished task 30.0 in stage 1.0 (TID 31) in 156 ms on localhost (31/200)
16/12/21 14:55:17 INFO Executor: Running task 31.0 in stage 1.0 (TID 32)
16/12/21 14:55:17 INFO ShuffleBlockFetcherIterator: Getting 1 non-empty blocks out of 1 blocks
16/12/21 14:55:18 INFO ShuffleBlockFetcherIterator: Started 0 remote fetches in 2 ms
16/12/21 14:55:18 INFO FileOutputCommitter: Saved output of task 'attempt_201612211455_0001_m_000031_0' to file:/tmp/hive-taol/hive_2016-12-21_14-55-11_806_8556893647501887368-1/-ext-10000/_temporary/0/task_201612211455_0001_m_000031
16/12/21 14:55:18 INFO SparkHadoopMapRedUtil: attempt_201612211455_0001_m_000031_0: Committed
16/12/21 14:55:18 INFO Executor: Finished task 31.0 in stage 1.0 (TID 32). 886 bytes result sent to driver
16/12/21 14:55:18 INFO TaskSetManager: Starting task 32.0 in stage 1.0 (TID 33, localhost, PROCESS_LOCAL, 1165 bytes)
16/12/21 14:55:18 INFO TaskSetManager: Finished task 31.0 in stage 1.0 (TID 32) in 152 ms on localhost (32/200)
16/12/21 14:55:18 INFO Executor: Running task 32.0 in stage 1.0 (TID 33)
16/12/21 14:55:18 INFO ShuffleBlockFetcherIterator: Getting 1 non-empty blocks out of 1 blocks
16/12/21 14:55:18 INFO ShuffleBlockFetcherIterator: Started 0 remote fetches in 4 ms
16/12/21 14:55:18 INFO FileOutputCommitter: Saved output of task 'attempt_201612211455_0001_m_000032_0' to file:/tmp/hive-taol/hive_2016-12-21_14-55-11_806_8556893647501887368-1/-ext-10000/_temporary/0/task_201612211455_0001_m_000032
16/12/21 14:55:18 INFO SparkHadoopMapRedUtil: attempt_201612211455_0001_m_000032_0: Committed
16/12/21 14:55:18 INFO Executor: Finished task 32.0 in stage 1.0 (TID 33). 886 bytes result sent to driver
16/12/21 14:55:18 INFO TaskSetManager: Starting task 33.0 in stage 1.0 (TID 34, localhost, PROCESS_LOCAL, 1165 bytes)
16/12/21 14:55:18 INFO TaskSetManager: Finished task 32.0 in stage 1.0 (TID 33) in 83 ms on localhost (33/200)
16/12/21 14:55:18 INFO Executor: Running task 33.0 in stage 1.0 (TID 34)
16/12/21 14:55:18 INFO ShuffleBlockFetcherIterator: Getting 1 non-empty blocks out of 1 blocks
16/12/21 14:55:18 INFO ShuffleBlockFetcherIterator: Started 0 remote fetches in 0 ms
16/12/21 14:55:18 INFO FileOutputCommitter: Saved output of task 'attempt_201612211455_0001_m_000033_0' to file:/tmp/hive-taol/hive_2016-12-21_14-55-11_806_8556893647501887368-1/-ext-10000/_temporary/0/task_201612211455_0001_m_000033
16/12/21 14:55:18 INFO SparkHadoopMapRedUtil: attempt_201612211455_0001_m_000033_0: Committed
16/12/21 14:55:18 INFO Executor: Finished task 33.0 in stage 1.0 (TID 34). 886 bytes result sent to driver
16/12/21 14:55:18 INFO TaskSetManager: Starting task 34.0 in stage 1.0 (TID 35, localhost, PROCESS_LOCAL, 1165 bytes)
16/12/21 14:55:18 INFO TaskSetManager: Finished task 33.0 in stage 1.0 (TID 34) in 114 ms on localhost (34/200)
16/12/21 14:55:18 INFO Executor: Running task 34.0 in stage 1.0 (TID 35)
16/12/21 14:55:18 INFO ShuffleBlockFetcherIterator: Getting 1 non-empty blocks out of 1 blocks
16/12/21 14:55:18 INFO ShuffleBlockFetcherIterator: Started 0 remote fetches in 0 ms
16/12/21 14:55:18 INFO FileOutputCommitter: Saved output of task 'attempt_201612211455_0001_m_000034_0' to file:/tmp/hive-taol/hive_2016-12-21_14-55-11_806_8556893647501887368-1/-ext-10000/_temporary/0/task_201612211455_0001_m_000034
16/12/21 14:55:18 INFO SparkHadoopMapRedUtil: attempt_201612211455_0001_m_000034_0: Committed
16/12/21 14:55:18 INFO Executor: Finished task 34.0 in stage 1.0 (TID 35). 886 bytes result sent to driver
16/12/21 14:55:18 INFO TaskSetManager: Starting task 35.0 in stage 1.0 (TID 36, localhost, PROCESS_LOCAL, 1165 bytes)
16/12/21 14:55:18 INFO TaskSetManager: Finished task 34.0 in stage 1.0 (TID 35) in 191 ms on localhost (35/200)
16/12/21 14:55:18 INFO Executor: Running task 35.0 in stage 1.0 (TID 36)
16/12/21 14:55:18 INFO ShuffleBlockFetcherIterator: Getting 1 non-empty blocks out of 1 blocks
16/12/21 14:55:18 INFO ShuffleBlockFetcherIterator: Started 0 remote fetches in 4 ms
16/12/21 14:55:18 INFO FileOutputCommitter: Saved output of task 'attempt_201612211455_0001_m_000035_0' to file:/tmp/hive-taol/hive_2016-12-21_14-55-11_806_8556893647501887368-1/-ext-10000/_temporary/0/task_201612211455_0001_m_000035
16/12/21 14:55:18 INFO SparkHadoopMapRedUtil: attempt_201612211455_0001_m_000035_0: Committed
16/12/21 14:55:18 INFO Executor: Finished task 35.0 in stage 1.0 (TID 36). 886 bytes result sent to driver
16/12/21 14:55:18 INFO TaskSetManager: Starting task 36.0 in stage 1.0 (TID 37, localhost, PROCESS_LOCAL, 1165 bytes)
16/12/21 14:55:18 INFO TaskSetManager: Finished task 35.0 in stage 1.0 (TID 36) in 163 ms on localhost (36/200)
16/12/21 14:55:18 INFO Executor: Running task 36.0 in stage 1.0 (TID 37)
16/12/21 14:55:18 INFO ShuffleBlockFetcherIterator: Getting 1 non-empty blocks out of 1 blocks
16/12/21 14:55:18 INFO ShuffleBlockFetcherIterator: Started 0 remote fetches in 0 ms
16/12/21 14:55:18 INFO FileOutputCommitter: Saved output of task 'attempt_201612211455_0001_m_000036_0' to file:/tmp/hive-taol/hive_2016-12-21_14-55-11_806_8556893647501887368-1/-ext-10000/_temporary/0/task_201612211455_0001_m_000036
16/12/21 14:55:18 INFO SparkHadoopMapRedUtil: attempt_201612211455_0001_m_000036_0: Committed
16/12/21 14:55:18 INFO Executor: Finished task 36.0 in stage 1.0 (TID 37). 886 bytes result sent to driver
16/12/21 14:55:18 INFO TaskSetManager: Starting task 37.0 in stage 1.0 (TID 38, localhost, PROCESS_LOCAL, 1165 bytes)
16/12/21 14:55:18 INFO TaskSetManager: Finished task 36.0 in stage 1.0 (TID 37) in 81 ms on localhost (37/200)
16/12/21 14:55:18 INFO Executor: Running task 37.0 in stage 1.0 (TID 38)
16/12/21 14:55:18 INFO ShuffleBlockFetcherIterator: Getting 1 non-empty blocks out of 1 blocks
16/12/21 14:55:18 INFO ShuffleBlockFetcherIterator: Started 0 remote fetches in 1 ms
16/12/21 14:55:18 INFO FileOutputCommitter: Saved output of task 'attempt_201612211455_0001_m_000037_0' to file:/tmp/hive-taol/hive_2016-12-21_14-55-11_806_8556893647501887368-1/-ext-10000/_temporary/0/task_201612211455_0001_m_000037
16/12/21 14:55:18 INFO SparkHadoopMapRedUtil: attempt_201612211455_0001_m_000037_0: Committed
16/12/21 14:55:18 INFO Executor: Finished task 37.0 in stage 1.0 (TID 38). 886 bytes result sent to driver
16/12/21 14:55:18 INFO TaskSetManager: Starting task 38.0 in stage 1.0 (TID 39, localhost, PROCESS_LOCAL, 1165 bytes)
16/12/21 14:55:18 INFO TaskSetManager: Finished task 37.0 in stage 1.0 (TID 38) in 84 ms on localhost (38/200)
16/12/21 14:55:18 INFO Executor: Running task 38.0 in stage 1.0 (TID 39)
16/12/21 14:55:18 INFO ShuffleBlockFetcherIterator: Getting 1 non-empty blocks out of 1 blocks
16/12/21 14:55:18 INFO ShuffleBlockFetcherIterator: Started 0 remote fetches in 0 ms
16/12/21 14:55:18 INFO FileOutputCommitter: Saved output of task 'attempt_201612211455_0001_m_000038_0' to file:/tmp/hive-taol/hive_2016-12-21_14-55-11_806_8556893647501887368-1/-ext-10000/_temporary/0/task_201612211455_0001_m_000038
16/12/21 14:55:18 INFO SparkHadoopMapRedUtil: attempt_201612211455_0001_m_000038_0: Committed
16/12/21 14:55:18 INFO Executor: Finished task 38.0 in stage 1.0 (TID 39). 886 bytes result sent to driver
16/12/21 14:55:18 INFO TaskSetManager: Starting task 39.0 in stage 1.0 (TID 40, localhost, PROCESS_LOCAL, 1165 bytes)
16/12/21 14:55:18 INFO TaskSetManager: Finished task 38.0 in stage 1.0 (TID 39) in 76 ms on localhost (39/200)
16/12/21 14:55:18 INFO Executor: Running task 39.0 in stage 1.0 (TID 40)
16/12/21 14:55:18 INFO ShuffleBlockFetcherIterator: Getting 1 non-empty blocks out of 1 blocks
16/12/21 14:55:18 INFO ShuffleBlockFetcherIterator: Started 0 remote fetches in 0 ms
16/12/21 14:55:18 INFO FileOutputCommitter: Saved output of task 'attempt_201612211455_0001_m_000039_0' to file:/tmp/hive-taol/hive_2016-12-21_14-55-11_806_8556893647501887368-1/-ext-10000/_temporary/0/task_201612211455_0001_m_000039
16/12/21 14:55:18 INFO SparkHadoopMapRedUtil: attempt_201612211455_0001_m_000039_0: Committed
16/12/21 14:55:18 INFO Executor: Finished task 39.0 in stage 1.0 (TID 40). 886 bytes result sent to driver
16/12/21 14:55:18 INFO TaskSetManager: Starting task 40.0 in stage 1.0 (TID 41, localhost, PROCESS_LOCAL, 1165 bytes)
16/12/21 14:55:18 INFO TaskSetManager: Finished task 39.0 in stage 1.0 (TID 40) in 144 ms on localhost (40/200)
16/12/21 14:55:18 INFO Executor: Running task 40.0 in stage 1.0 (TID 41)
16/12/21 14:55:19 INFO ShuffleBlockFetcherIterator: Getting 1 non-empty blocks out of 1 blocks
16/12/21 14:55:19 INFO ShuffleBlockFetcherIterator: Started 0 remote fetches in 0 ms
16/12/21 14:55:19 INFO FileOutputCommitter: Saved output of task 'attempt_201612211455_0001_m_000040_0' to file:/tmp/hive-taol/hive_2016-12-21_14-55-11_806_8556893647501887368-1/-ext-10000/_temporary/0/task_201612211455_0001_m_000040
16/12/21 14:55:19 INFO SparkHadoopMapRedUtil: attempt_201612211455_0001_m_000040_0: Committed
16/12/21 14:55:19 INFO Executor: Finished task 40.0 in stage 1.0 (TID 41). 886 bytes result sent to driver
16/12/21 14:55:19 INFO TaskSetManager: Starting task 41.0 in stage 1.0 (TID 42, localhost, PROCESS_LOCAL, 1165 bytes)
16/12/21 14:55:19 INFO TaskSetManager: Finished task 40.0 in stage 1.0 (TID 41) in 101 ms on localhost (41/200)
16/12/21 14:55:19 INFO Executor: Running task 41.0 in stage 1.0 (TID 42)
16/12/21 14:55:19 INFO ShuffleBlockFetcherIterator: Getting 1 non-empty blocks out of 1 blocks
16/12/21 14:55:19 INFO ShuffleBlockFetcherIterator: Started 0 remote fetches in 0 ms
16/12/21 14:55:19 INFO FileOutputCommitter: Saved output of task 'attempt_201612211455_0001_m_000041_0' to file:/tmp/hive-taol/hive_2016-12-21_14-55-11_806_8556893647501887368-1/-ext-10000/_temporary/0/task_201612211455_0001_m_000041
16/12/21 14:55:19 INFO SparkHadoopMapRedUtil: attempt_201612211455_0001_m_000041_0: Committed
16/12/21 14:55:19 INFO Executor: Finished task 41.0 in stage 1.0 (TID 42). 886 bytes result sent to driver
16/12/21 14:55:19 INFO TaskSetManager: Starting task 42.0 in stage 1.0 (TID 43, localhost, PROCESS_LOCAL, 1165 bytes)
16/12/21 14:55:19 INFO TaskSetManager: Finished task 41.0 in stage 1.0 (TID 42) in 75 ms on localhost (42/200)
16/12/21 14:55:19 INFO Executor: Running task 42.0 in stage 1.0 (TID 43)
16/12/21 14:55:19 INFO ShuffleBlockFetcherIterator: Getting 1 non-empty blocks out of 1 blocks
16/12/21 14:55:19 INFO ShuffleBlockFetcherIterator: Started 0 remote fetches in 0 ms
16/12/21 14:55:19 INFO FileOutputCommitter: Saved output of task 'attempt_201612211455_0001_m_000042_0' to file:/tmp/hive-taol/hive_2016-12-21_14-55-11_806_8556893647501887368-1/-ext-10000/_temporary/0/task_201612211455_0001_m_000042
16/12/21 14:55:19 INFO SparkHadoopMapRedUtil: attempt_201612211455_0001_m_000042_0: Committed
16/12/21 14:55:19 INFO Executor: Finished task 42.0 in stage 1.0 (TID 43). 886 bytes result sent to driver
16/12/21 14:55:19 INFO TaskSetManager: Starting task 43.0 in stage 1.0 (TID 44, localhost, PROCESS_LOCAL, 1165 bytes)
16/12/21 14:55:19 INFO Executor: Running task 43.0 in stage 1.0 (TID 44)
16/12/21 14:55:19 INFO TaskSetManager: Finished task 42.0 in stage 1.0 (TID 43) in 63 ms on localhost (43/200)
16/12/21 14:55:19 INFO ShuffleBlockFetcherIterator: Getting 1 non-empty blocks out of 1 blocks
16/12/21 14:55:19 INFO ShuffleBlockFetcherIterator: Started 0 remote fetches in 0 ms
16/12/21 14:55:19 INFO FileOutputCommitter: Saved output of task 'attempt_201612211455_0001_m_000043_0' to file:/tmp/hive-taol/hive_2016-12-21_14-55-11_806_8556893647501887368-1/-ext-10000/_temporary/0/task_201612211455_0001_m_000043
16/12/21 14:55:19 INFO SparkHadoopMapRedUtil: attempt_201612211455_0001_m_000043_0: Committed
16/12/21 14:55:19 INFO Executor: Finished task 43.0 in stage 1.0 (TID 44). 886 bytes result sent to driver
16/12/21 14:55:19 INFO TaskSetManager: Starting task 44.0 in stage 1.0 (TID 45, localhost, PROCESS_LOCAL, 1165 bytes)
16/12/21 14:55:19 INFO TaskSetManager: Finished task 43.0 in stage 1.0 (TID 44) in 75 ms on localhost (44/200)
16/12/21 14:55:19 INFO Executor: Running task 44.0 in stage 1.0 (TID 45)
16/12/21 14:55:19 INFO ShuffleBlockFetcherIterator: Getting 1 non-empty blocks out of 1 blocks
16/12/21 14:55:19 INFO ShuffleBlockFetcherIterator: Started 0 remote fetches in 0 ms
16/12/21 14:55:19 INFO FileOutputCommitter: Saved output of task 'attempt_201612211455_0001_m_000044_0' to file:/tmp/hive-taol/hive_2016-12-21_14-55-11_806_8556893647501887368-1/-ext-10000/_temporary/0/task_201612211455_0001_m_000044
16/12/21 14:55:19 INFO SparkHadoopMapRedUtil: attempt_201612211455_0001_m_000044_0: Committed
16/12/21 14:55:19 INFO Executor: Finished task 44.0 in stage 1.0 (TID 45). 886 bytes result sent to driver
16/12/21 14:55:19 INFO TaskSetManager: Starting task 45.0 in stage 1.0 (TID 46, localhost, PROCESS_LOCAL, 1165 bytes)
16/12/21 14:55:19 INFO Executor: Running task 45.0 in stage 1.0 (TID 46)
16/12/21 14:55:19 INFO TaskSetManager: Finished task 44.0 in stage 1.0 (TID 45) in 54 ms on localhost (45/200)
16/12/21 14:55:19 INFO ShuffleBlockFetcherIterator: Getting 1 non-empty blocks out of 1 blocks
16/12/21 14:55:19 INFO ShuffleBlockFetcherIterator: Started 0 remote fetches in 2 ms
16/12/21 14:55:19 INFO FileOutputCommitter: Saved output of task 'attempt_201612211455_0001_m_000045_0' to file:/tmp/hive-taol/hive_2016-12-21_14-55-11_806_8556893647501887368-1/-ext-10000/_temporary/0/task_201612211455_0001_m_000045
16/12/21 14:55:19 INFO SparkHadoopMapRedUtil: attempt_201612211455_0001_m_000045_0: Committed
16/12/21 14:55:19 INFO Executor: Finished task 45.0 in stage 1.0 (TID 46). 886 bytes result sent to driver
16/12/21 14:55:19 INFO TaskSetManager: Starting task 46.0 in stage 1.0 (TID 47, localhost, PROCESS_LOCAL, 1165 bytes)
16/12/21 14:55:19 INFO TaskSetManager: Finished task 45.0 in stage 1.0 (TID 46) in 57 ms on localhost (46/200)
16/12/21 14:55:19 INFO Executor: Running task 46.0 in stage 1.0 (TID 47)
16/12/21 14:55:19 INFO ShuffleBlockFetcherIterator: Getting 1 non-empty blocks out of 1 blocks
16/12/21 14:55:19 INFO ShuffleBlockFetcherIterator: Started 0 remote fetches in 1 ms
16/12/21 14:55:19 INFO FileOutputCommitter: Saved output of task 'attempt_201612211455_0001_m_000046_0' to file:/tmp/hive-taol/hive_2016-12-21_14-55-11_806_8556893647501887368-1/-ext-10000/_temporary/0/task_201612211455_0001_m_000046
16/12/21 14:55:19 INFO SparkHadoopMapRedUtil: attempt_201612211455_0001_m_000046_0: Committed
16/12/21 14:55:19 INFO Executor: Finished task 46.0 in stage 1.0 (TID 47). 886 bytes result sent to driver
16/12/21 14:55:19 INFO TaskSetManager: Starting task 47.0 in stage 1.0 (TID 48, localhost, PROCESS_LOCAL, 1165 bytes)
16/12/21 14:55:19 INFO Executor: Running task 47.0 in stage 1.0 (TID 48)
16/12/21 14:55:19 INFO TaskSetManager: Finished task 46.0 in stage 1.0 (TID 47) in 56 ms on localhost (47/200)
16/12/21 14:55:19 INFO ShuffleBlockFetcherIterator: Getting 1 non-empty blocks out of 1 blocks
16/12/21 14:55:19 INFO ShuffleBlockFetcherIterator: Started 0 remote fetches in 0 ms
16/12/21 14:55:19 INFO FileOutputCommitter: Saved output of task 'attempt_201612211455_0001_m_000047_0' to file:/tmp/hive-taol/hive_2016-12-21_14-55-11_806_8556893647501887368-1/-ext-10000/_temporary/0/task_201612211455_0001_m_000047
16/12/21 14:55:19 INFO SparkHadoopMapRedUtil: attempt_201612211455_0001_m_000047_0: Committed
16/12/21 14:55:19 INFO Executor: Finished task 47.0 in stage 1.0 (TID 48). 886 bytes result sent to driver
16/12/21 14:55:19 INFO TaskSetManager: Starting task 48.0 in stage 1.0 (TID 49, localhost, PROCESS_LOCAL, 1165 bytes)
16/12/21 14:55:19 INFO TaskSetManager: Finished task 47.0 in stage 1.0 (TID 48) in 65 ms on localhost (48/200)
16/12/21 14:55:19 INFO Executor: Running task 48.0 in stage 1.0 (TID 49)
16/12/21 14:55:19 INFO ShuffleBlockFetcherIterator: Getting 1 non-empty blocks out of 1 blocks
16/12/21 14:55:19 INFO ShuffleBlockFetcherIterator: Started 0 remote fetches in 0 ms
16/12/21 14:55:19 INFO FileOutputCommitter: Saved output of task 'attempt_201612211455_0001_m_000048_0' to file:/tmp/hive-taol/hive_2016-12-21_14-55-11_806_8556893647501887368-1/-ext-10000/_temporary/0/task_201612211455_0001_m_000048
16/12/21 14:55:19 INFO SparkHadoopMapRedUtil: attempt_201612211455_0001_m_000048_0: Committed
16/12/21 14:55:19 INFO Executor: Finished task 48.0 in stage 1.0 (TID 49). 886 bytes result sent to driver
16/12/21 14:55:19 INFO TaskSetManager: Starting task 49.0 in stage 1.0 (TID 50, localhost, PROCESS_LOCAL, 1165 bytes)
16/12/21 14:55:19 INFO TaskSetManager: Finished task 48.0 in stage 1.0 (TID 49) in 71 ms on localhost (49/200)
16/12/21 14:55:19 INFO Executor: Running task 49.0 in stage 1.0 (TID 50)
16/12/21 14:55:19 INFO ShuffleBlockFetcherIterator: Getting 1 non-empty blocks out of 1 blocks
16/12/21 14:55:19 INFO ShuffleBlockFetcherIterator: Started 0 remote fetches in 0 ms
16/12/21 14:55:19 INFO FileOutputCommitter: Saved output of task 'attempt_201612211455_0001_m_000049_0' to file:/tmp/hive-taol/hive_2016-12-21_14-55-11_806_8556893647501887368-1/-ext-10000/_temporary/0/task_201612211455_0001_m_000049
16/12/21 14:55:19 INFO SparkHadoopMapRedUtil: attempt_201612211455_0001_m_000049_0: Committed
16/12/21 14:55:19 INFO Executor: Finished task 49.0 in stage 1.0 (TID 50). 886 bytes result sent to driver
16/12/21 14:55:19 INFO TaskSetManager: Starting task 50.0 in stage 1.0 (TID 51, localhost, PROCESS_LOCAL, 1165 bytes)
16/12/21 14:55:19 INFO TaskSetManager: Finished task 49.0 in stage 1.0 (TID 50) in 76 ms on localhost (50/200)
16/12/21 14:55:19 INFO Executor: Running task 50.0 in stage 1.0 (TID 51)
16/12/21 14:55:19 INFO ShuffleBlockFetcherIterator: Getting 1 non-empty blocks out of 1 blocks
16/12/21 14:55:19 INFO ShuffleBlockFetcherIterator: Started 0 remote fetches in 0 ms
16/12/21 14:55:19 INFO FileOutputCommitter: Saved output of task 'attempt_201612211455_0001_m_000050_0' to file:/tmp/hive-taol/hive_2016-12-21_14-55-11_806_8556893647501887368-1/-ext-10000/_temporary/0/task_201612211455_0001_m_000050
16/12/21 14:55:19 INFO SparkHadoopMapRedUtil: attempt_201612211455_0001_m_000050_0: Committed
16/12/21 14:55:19 INFO Executor: Finished task 50.0 in stage 1.0 (TID 51). 886 bytes result sent to driver
16/12/21 14:55:19 INFO TaskSetManager: Starting task 51.0 in stage 1.0 (TID 52, localhost, PROCESS_LOCAL, 1165 bytes)
16/12/21 14:55:19 INFO TaskSetManager: Finished task 50.0 in stage 1.0 (TID 51) in 50 ms on localhost (51/200)
16/12/21 14:55:19 INFO Executor: Running task 51.0 in stage 1.0 (TID 52)
16/12/21 14:55:19 INFO ShuffleBlockFetcherIterator: Getting 1 non-empty blocks out of 1 blocks
16/12/21 14:55:19 INFO ShuffleBlockFetcherIterator: Started 0 remote fetches in 0 ms
16/12/21 14:55:19 INFO FileOutputCommitter: Saved output of task 'attempt_201612211455_0001_m_000051_0' to file:/tmp/hive-taol/hive_2016-12-21_14-55-11_806_8556893647501887368-1/-ext-10000/_temporary/0/task_201612211455_0001_m_000051
16/12/21 14:55:19 INFO SparkHadoopMapRedUtil: attempt_201612211455_0001_m_000051_0: Committed
16/12/21 14:55:19 INFO Executor: Finished task 51.0 in stage 1.0 (TID 52). 886 bytes result sent to driver
16/12/21 14:55:19 INFO TaskSetManager: Starting task 52.0 in stage 1.0 (TID 53, localhost, PROCESS_LOCAL, 1165 bytes)
16/12/21 14:55:19 INFO TaskSetManager: Finished task 51.0 in stage 1.0 (TID 52) in 78 ms on localhost (52/200)
16/12/21 14:55:19 INFO Executor: Running task 52.0 in stage 1.0 (TID 53)
16/12/21 14:55:19 INFO ShuffleBlockFetcherIterator: Getting 1 non-empty blocks out of 1 blocks
16/12/21 14:55:19 INFO ShuffleBlockFetcherIterator: Started 0 remote fetches in 0 ms
16/12/21 14:55:19 INFO FileOutputCommitter: Saved output of task 'attempt_201612211455_0001_m_000052_0' to file:/tmp/hive-taol/hive_2016-12-21_14-55-11_806_8556893647501887368-1/-ext-10000/_temporary/0/task_201612211455_0001_m_000052
16/12/21 14:55:19 INFO SparkHadoopMapRedUtil: attempt_201612211455_0001_m_000052_0: Committed
16/12/21 14:55:19 INFO Executor: Finished task 52.0 in stage 1.0 (TID 53). 886 bytes result sent to driver
16/12/21 14:55:19 INFO TaskSetManager: Starting task 53.0 in stage 1.0 (TID 54, localhost, PROCESS_LOCAL, 1165 bytes)
16/12/21 14:55:19 INFO Executor: Running task 53.0 in stage 1.0 (TID 54)
16/12/21 14:55:19 INFO TaskSetManager: Finished task 52.0 in stage 1.0 (TID 53) in 57 ms on localhost (53/200)
16/12/21 14:55:19 INFO ShuffleBlockFetcherIterator: Getting 1 non-empty blocks out of 1 blocks
16/12/21 14:55:19 INFO ShuffleBlockFetcherIterator: Started 0 remote fetches in 0 ms
16/12/21 14:55:19 INFO FileOutputCommitter: Saved output of task 'attempt_201612211455_0001_m_000053_0' to file:/tmp/hive-taol/hive_2016-12-21_14-55-11_806_8556893647501887368-1/-ext-10000/_temporary/0/task_201612211455_0001_m_000053
16/12/21 14:55:19 INFO SparkHadoopMapRedUtil: attempt_201612211455_0001_m_000053_0: Committed
16/12/21 14:55:19 INFO Executor: Finished task 53.0 in stage 1.0 (TID 54). 886 bytes result sent to driver
16/12/21 14:55:19 INFO TaskSetManager: Starting task 54.0 in stage 1.0 (TID 55, localhost, PROCESS_LOCAL, 1165 bytes)
16/12/21 14:55:19 INFO TaskSetManager: Finished task 53.0 in stage 1.0 (TID 54) in 71 ms on localhost (54/200)
16/12/21 14:55:19 INFO Executor: Running task 54.0 in stage 1.0 (TID 55)
16/12/21 14:55:19 INFO ShuffleBlockFetcherIterator: Getting 1 non-empty blocks out of 1 blocks
16/12/21 14:55:19 INFO ShuffleBlockFetcherIterator: Started 0 remote fetches in 1 ms
16/12/21 14:55:19 INFO FileOutputCommitter: Saved output of task 'attempt_201612211455_0001_m_000054_0' to file:/tmp/hive-taol/hive_2016-12-21_14-55-11_806_8556893647501887368-1/-ext-10000/_temporary/0/task_201612211455_0001_m_000054
16/12/21 14:55:19 INFO SparkHadoopMapRedUtil: attempt_201612211455_0001_m_000054_0: Committed
16/12/21 14:55:19 INFO Executor: Finished task 54.0 in stage 1.0 (TID 55). 886 bytes result sent to driver
16/12/21 14:55:19 INFO TaskSetManager: Starting task 55.0 in stage 1.0 (TID 56, localhost, PROCESS_LOCAL, 1165 bytes)
16/12/21 14:55:19 INFO TaskSetManager: Finished task 54.0 in stage 1.0 (TID 55) in 84 ms on localhost (55/200)
16/12/21 14:55:19 INFO Executor: Running task 55.0 in stage 1.0 (TID 56)
16/12/21 14:55:20 INFO ShuffleBlockFetcherIterator: Getting 1 non-empty blocks out of 1 blocks
16/12/21 14:55:20 INFO ShuffleBlockFetcherIterator: Started 0 remote fetches in 0 ms
16/12/21 14:55:20 INFO FileOutputCommitter: Saved output of task 'attempt_201612211455_0001_m_000055_0' to file:/tmp/hive-taol/hive_2016-12-21_14-55-11_806_8556893647501887368-1/-ext-10000/_temporary/0/task_201612211455_0001_m_000055
16/12/21 14:55:20 INFO SparkHadoopMapRedUtil: attempt_201612211455_0001_m_000055_0: Committed
16/12/21 14:55:20 INFO Executor: Finished task 55.0 in stage 1.0 (TID 56). 886 bytes result sent to driver
16/12/21 14:55:20 INFO TaskSetManager: Starting task 56.0 in stage 1.0 (TID 57, localhost, PROCESS_LOCAL, 1165 bytes)
16/12/21 14:55:20 INFO TaskSetManager: Finished task 55.0 in stage 1.0 (TID 56) in 55 ms on localhost (56/200)
16/12/21 14:55:20 INFO Executor: Running task 56.0 in stage 1.0 (TID 57)
16/12/21 14:55:20 INFO ShuffleBlockFetcherIterator: Getting 1 non-empty blocks out of 1 blocks
16/12/21 14:55:20 INFO ShuffleBlockFetcherIterator: Started 0 remote fetches in 0 ms
16/12/21 14:55:20 INFO FileOutputCommitter: Saved output of task 'attempt_201612211455_0001_m_000056_0' to file:/tmp/hive-taol/hive_2016-12-21_14-55-11_806_8556893647501887368-1/-ext-10000/_temporary/0/task_201612211455_0001_m_000056
16/12/21 14:55:20 INFO SparkHadoopMapRedUtil: attempt_201612211455_0001_m_000056_0: Committed
16/12/21 14:55:20 INFO Executor: Finished task 56.0 in stage 1.0 (TID 57). 886 bytes result sent to driver
16/12/21 14:55:20 INFO TaskSetManager: Starting task 57.0 in stage 1.0 (TID 58, localhost, PROCESS_LOCAL, 1165 bytes)
16/12/21 14:55:20 INFO TaskSetManager: Finished task 56.0 in stage 1.0 (TID 57) in 69 ms on localhost (57/200)
16/12/21 14:55:20 INFO Executor: Running task 57.0 in stage 1.0 (TID 58)
16/12/21 14:55:20 INFO ShuffleBlockFetcherIterator: Getting 1 non-empty blocks out of 1 blocks
16/12/21 14:55:20 INFO ShuffleBlockFetcherIterator: Started 0 remote fetches in 1 ms
16/12/21 14:55:20 INFO FileOutputCommitter: Saved output of task 'attempt_201612211455_0001_m_000057_0' to file:/tmp/hive-taol/hive_2016-12-21_14-55-11_806_8556893647501887368-1/-ext-10000/_temporary/0/task_201612211455_0001_m_000057
16/12/21 14:55:20 INFO SparkHadoopMapRedUtil: attempt_201612211455_0001_m_000057_0: Committed
16/12/21 14:55:20 INFO Executor: Finished task 57.0 in stage 1.0 (TID 58). 886 bytes result sent to driver
16/12/21 14:55:20 INFO TaskSetManager: Starting task 58.0 in stage 1.0 (TID 59, localhost, PROCESS_LOCAL, 1165 bytes)
16/12/21 14:55:20 INFO Executor: Running task 58.0 in stage 1.0 (TID 59)
16/12/21 14:55:20 INFO TaskSetManager: Finished task 57.0 in stage 1.0 (TID 58) in 67 ms on localhost (58/200)
16/12/21 14:55:20 INFO ShuffleBlockFetcherIterator: Getting 1 non-empty blocks out of 1 blocks
16/12/21 14:55:20 INFO ShuffleBlockFetcherIterator: Started 0 remote fetches in 0 ms
16/12/21 14:55:20 INFO FileOutputCommitter: Saved output of task 'attempt_201612211455_0001_m_000058_0' to file:/tmp/hive-taol/hive_2016-12-21_14-55-11_806_8556893647501887368-1/-ext-10000/_temporary/0/task_201612211455_0001_m_000058
16/12/21 14:55:20 INFO SparkHadoopMapRedUtil: attempt_201612211455_0001_m_000058_0: Committed
16/12/21 14:55:20 INFO Executor: Finished task 58.0 in stage 1.0 (TID 59). 886 bytes result sent to driver
16/12/21 14:55:20 INFO TaskSetManager: Starting task 59.0 in stage 1.0 (TID 60, localhost, PROCESS_LOCAL, 1165 bytes)
16/12/21 14:55:20 INFO TaskSetManager: Finished task 58.0 in stage 1.0 (TID 59) in 59 ms on localhost (59/200)
16/12/21 14:55:20 INFO Executor: Running task 59.0 in stage 1.0 (TID 60)
16/12/21 14:55:20 INFO ShuffleBlockFetcherIterator: Getting 1 non-empty blocks out of 1 blocks
16/12/21 14:55:20 INFO ShuffleBlockFetcherIterator: Started 0 remote fetches in 0 ms
16/12/21 14:55:20 INFO FileOutputCommitter: Saved output of task 'attempt_201612211455_0001_m_000059_0' to file:/tmp/hive-taol/hive_2016-12-21_14-55-11_806_8556893647501887368-1/-ext-10000/_temporary/0/task_201612211455_0001_m_000059
16/12/21 14:55:20 INFO SparkHadoopMapRedUtil: attempt_201612211455_0001_m_000059_0: Committed
16/12/21 14:55:20 INFO Executor: Finished task 59.0 in stage 1.0 (TID 60). 886 bytes result sent to driver
16/12/21 14:55:20 INFO TaskSetManager: Starting task 60.0 in stage 1.0 (TID 61, localhost, PROCESS_LOCAL, 1165 bytes)
16/12/21 14:55:20 INFO TaskSetManager: Finished task 59.0 in stage 1.0 (TID 60) in 68 ms on localhost (60/200)
16/12/21 14:55:20 INFO Executor: Running task 60.0 in stage 1.0 (TID 61)
16/12/21 14:55:20 INFO ShuffleBlockFetcherIterator: Getting 1 non-empty blocks out of 1 blocks
16/12/21 14:55:20 INFO ShuffleBlockFetcherIterator: Started 0 remote fetches in 0 ms
16/12/21 14:55:20 INFO FileOutputCommitter: Saved output of task 'attempt_201612211455_0001_m_000060_0' to file:/tmp/hive-taol/hive_2016-12-21_14-55-11_806_8556893647501887368-1/-ext-10000/_temporary/0/task_201612211455_0001_m_000060
16/12/21 14:55:20 INFO SparkHadoopMapRedUtil: attempt_201612211455_0001_m_000060_0: Committed
16/12/21 14:55:20 INFO Executor: Finished task 60.0 in stage 1.0 (TID 61). 886 bytes result sent to driver
16/12/21 14:55:20 INFO TaskSetManager: Starting task 61.0 in stage 1.0 (TID 62, localhost, PROCESS_LOCAL, 1165 bytes)
16/12/21 14:55:20 INFO TaskSetManager: Finished task 60.0 in stage 1.0 (TID 61) in 76 ms on localhost (61/200)
16/12/21 14:55:20 INFO Executor: Running task 61.0 in stage 1.0 (TID 62)
16/12/21 14:55:20 INFO ShuffleBlockFetcherIterator: Getting 1 non-empty blocks out of 1 blocks
16/12/21 14:55:20 INFO ShuffleBlockFetcherIterator: Started 0 remote fetches in 0 ms
16/12/21 14:55:20 INFO FileOutputCommitter: Saved output of task 'attempt_201612211455_0001_m_000061_0' to file:/tmp/hive-taol/hive_2016-12-21_14-55-11_806_8556893647501887368-1/-ext-10000/_temporary/0/task_201612211455_0001_m_000061
16/12/21 14:55:20 INFO SparkHadoopMapRedUtil: attempt_201612211455_0001_m_000061_0: Committed
16/12/21 14:55:20 INFO Executor: Finished task 61.0 in stage 1.0 (TID 62). 886 bytes result sent to driver
16/12/21 14:55:20 INFO TaskSetManager: Starting task 62.0 in stage 1.0 (TID 63, localhost, PROCESS_LOCAL, 1165 bytes)
16/12/21 14:55:20 INFO TaskSetManager: Finished task 61.0 in stage 1.0 (TID 62) in 113 ms on localhost (62/200)
16/12/21 14:55:20 INFO Executor: Running task 62.0 in stage 1.0 (TID 63)
16/12/21 14:55:20 INFO ShuffleBlockFetcherIterator: Getting 1 non-empty blocks out of 1 blocks
16/12/21 14:55:20 INFO ShuffleBlockFetcherIterator: Started 0 remote fetches in 0 ms
16/12/21 14:55:20 INFO FileOutputCommitter: Saved output of task 'attempt_201612211455_0001_m_000062_0' to file:/tmp/hive-taol/hive_2016-12-21_14-55-11_806_8556893647501887368-1/-ext-10000/_temporary/0/task_201612211455_0001_m_000062
16/12/21 14:55:20 INFO SparkHadoopMapRedUtil: attempt_201612211455_0001_m_000062_0: Committed
16/12/21 14:55:20 INFO Executor: Finished task 62.0 in stage 1.0 (TID 63). 886 bytes result sent to driver
16/12/21 14:55:20 INFO TaskSetManager: Starting task 63.0 in stage 1.0 (TID 64, localhost, PROCESS_LOCAL, 1165 bytes)
16/12/21 14:55:20 INFO TaskSetManager: Finished task 62.0 in stage 1.0 (TID 63) in 68 ms on localhost (63/200)
16/12/21 14:55:20 INFO Executor: Running task 63.0 in stage 1.0 (TID 64)
16/12/21 14:55:20 INFO ShuffleBlockFetcherIterator: Getting 1 non-empty blocks out of 1 blocks
16/12/21 14:55:20 INFO ShuffleBlockFetcherIterator: Started 0 remote fetches in 0 ms
16/12/21 14:55:20 INFO FileOutputCommitter: Saved output of task 'attempt_201612211455_0001_m_000063_0' to file:/tmp/hive-taol/hive_2016-12-21_14-55-11_806_8556893647501887368-1/-ext-10000/_temporary/0/task_201612211455_0001_m_000063
16/12/21 14:55:20 INFO SparkHadoopMapRedUtil: attempt_201612211455_0001_m_000063_0: Committed
16/12/21 14:55:20 INFO Executor: Finished task 63.0 in stage 1.0 (TID 64). 886 bytes result sent to driver
16/12/21 14:55:20 INFO TaskSetManager: Starting task 64.0 in stage 1.0 (TID 65, localhost, PROCESS_LOCAL, 1165 bytes)
16/12/21 14:55:20 INFO TaskSetManager: Finished task 63.0 in stage 1.0 (TID 64) in 75 ms on localhost (64/200)
16/12/21 14:55:20 INFO Executor: Running task 64.0 in stage 1.0 (TID 65)
16/12/21 14:55:20 INFO ShuffleBlockFetcherIterator: Getting 1 non-empty blocks out of 1 blocks
16/12/21 14:55:20 INFO ShuffleBlockFetcherIterator: Started 0 remote fetches in 1 ms
16/12/21 14:55:20 INFO FileOutputCommitter: Saved output of task 'attempt_201612211455_0001_m_000064_0' to file:/tmp/hive-taol/hive_2016-12-21_14-55-11_806_8556893647501887368-1/-ext-10000/_temporary/0/task_201612211455_0001_m_000064
16/12/21 14:55:20 INFO SparkHadoopMapRedUtil: attempt_201612211455_0001_m_000064_0: Committed
16/12/21 14:55:20 INFO Executor: Finished task 64.0 in stage 1.0 (TID 65). 886 bytes result sent to driver
16/12/21 14:55:20 INFO TaskSetManager: Starting task 65.0 in stage 1.0 (TID 66, localhost, PROCESS_LOCAL, 1165 bytes)
16/12/21 14:55:20 INFO TaskSetManager: Finished task 64.0 in stage 1.0 (TID 65) in 48 ms on localhost (65/200)
16/12/21 14:55:20 INFO Executor: Running task 65.0 in stage 1.0 (TID 66)
16/12/21 14:55:20 INFO ShuffleBlockFetcherIterator: Getting 1 non-empty blocks out of 1 blocks
16/12/21 14:55:20 INFO ShuffleBlockFetcherIterator: Started 0 remote fetches in 0 ms
16/12/21 14:55:20 INFO FileOutputCommitter: Saved output of task 'attempt_201612211455_0001_m_000065_0' to file:/tmp/hive-taol/hive_2016-12-21_14-55-11_806_8556893647501887368-1/-ext-10000/_temporary/0/task_201612211455_0001_m_000065
16/12/21 14:55:20 INFO SparkHadoopMapRedUtil: attempt_201612211455_0001_m_000065_0: Committed
16/12/21 14:55:20 INFO Executor: Finished task 65.0 in stage 1.0 (TID 66). 886 bytes result sent to driver
16/12/21 14:55:20 INFO TaskSetManager: Starting task 66.0 in stage 1.0 (TID 67, localhost, PROCESS_LOCAL, 1165 bytes)
16/12/21 14:55:20 INFO TaskSetManager: Finished task 65.0 in stage 1.0 (TID 66) in 50 ms on localhost (66/200)
16/12/21 14:55:20 INFO Executor: Running task 66.0 in stage 1.0 (TID 67)
16/12/21 14:55:20 INFO ShuffleBlockFetcherIterator: Getting 1 non-empty blocks out of 1 blocks
16/12/21 14:55:20 INFO ShuffleBlockFetcherIterator: Started 0 remote fetches in 1 ms
16/12/21 14:55:20 INFO FileOutputCommitter: Saved output of task 'attempt_201612211455_0001_m_000066_0' to file:/tmp/hive-taol/hive_2016-12-21_14-55-11_806_8556893647501887368-1/-ext-10000/_temporary/0/task_201612211455_0001_m_000066
16/12/21 14:55:20 INFO SparkHadoopMapRedUtil: attempt_201612211455_0001_m_000066_0: Committed
16/12/21 14:55:20 INFO Executor: Finished task 66.0 in stage 1.0 (TID 67). 886 bytes result sent to driver
16/12/21 14:55:20 INFO TaskSetManager: Starting task 67.0 in stage 1.0 (TID 68, localhost, PROCESS_LOCAL, 1165 bytes)
16/12/21 14:55:20 INFO TaskSetManager: Finished task 66.0 in stage 1.0 (TID 67) in 69 ms on localhost (67/200)
16/12/21 14:55:20 INFO Executor: Running task 67.0 in stage 1.0 (TID 68)
16/12/21 14:55:20 INFO ShuffleBlockFetcherIterator: Getting 1 non-empty blocks out of 1 blocks
16/12/21 14:55:20 INFO ShuffleBlockFetcherIterator: Started 0 remote fetches in 0 ms
16/12/21 14:55:20 INFO FileOutputCommitter: Saved output of task 'attempt_201612211455_0001_m_000067_0' to file:/tmp/hive-taol/hive_2016-12-21_14-55-11_806_8556893647501887368-1/-ext-10000/_temporary/0/task_201612211455_0001_m_000067
16/12/21 14:55:20 INFO SparkHadoopMapRedUtil: attempt_201612211455_0001_m_000067_0: Committed
16/12/21 14:55:20 INFO Executor: Finished task 67.0 in stage 1.0 (TID 68). 886 bytes result sent to driver
16/12/21 14:55:20 INFO TaskSetManager: Starting task 68.0 in stage 1.0 (TID 69, localhost, PROCESS_LOCAL, 1165 bytes)
16/12/21 14:55:20 INFO TaskSetManager: Finished task 67.0 in stage 1.0 (TID 68) in 67 ms on localhost (68/200)
16/12/21 14:55:20 INFO Executor: Running task 68.0 in stage 1.0 (TID 69)
16/12/21 14:55:20 INFO ShuffleBlockFetcherIterator: Getting 1 non-empty blocks out of 1 blocks
16/12/21 14:55:20 INFO ShuffleBlockFetcherIterator: Started 0 remote fetches in 1 ms
16/12/21 14:55:20 INFO FileOutputCommitter: Saved output of task 'attempt_201612211455_0001_m_000068_0' to file:/tmp/hive-taol/hive_2016-12-21_14-55-11_806_8556893647501887368-1/-ext-10000/_temporary/0/task_201612211455_0001_m_000068
16/12/21 14:55:20 INFO SparkHadoopMapRedUtil: attempt_201612211455_0001_m_000068_0: Committed
16/12/21 14:55:20 INFO Executor: Finished task 68.0 in stage 1.0 (TID 69). 886 bytes result sent to driver
16/12/21 14:55:20 INFO TaskSetManager: Starting task 69.0 in stage 1.0 (TID 70, localhost, PROCESS_LOCAL, 1165 bytes)
16/12/21 14:55:20 INFO TaskSetManager: Finished task 68.0 in stage 1.0 (TID 69) in 88 ms on localhost (69/200)
16/12/21 14:55:20 INFO Executor: Running task 69.0 in stage 1.0 (TID 70)
16/12/21 14:55:20 INFO ShuffleBlockFetcherIterator: Getting 1 non-empty blocks out of 1 blocks
16/12/21 14:55:20 INFO ShuffleBlockFetcherIterator: Started 0 remote fetches in 0 ms
16/12/21 14:55:21 INFO FileOutputCommitter: Saved output of task 'attempt_201612211455_0001_m_000069_0' to file:/tmp/hive-taol/hive_2016-12-21_14-55-11_806_8556893647501887368-1/-ext-10000/_temporary/0/task_201612211455_0001_m_000069
16/12/21 14:55:21 INFO SparkHadoopMapRedUtil: attempt_201612211455_0001_m_000069_0: Committed
16/12/21 14:55:21 INFO Executor: Finished task 69.0 in stage 1.0 (TID 70). 886 bytes result sent to driver
16/12/21 14:55:21 INFO TaskSetManager: Starting task 70.0 in stage 1.0 (TID 71, localhost, PROCESS_LOCAL, 1165 bytes)
16/12/21 14:55:21 INFO Executor: Running task 70.0 in stage 1.0 (TID 71)
16/12/21 14:55:21 INFO TaskSetManager: Finished task 69.0 in stage 1.0 (TID 70) in 62 ms on localhost (70/200)
16/12/21 14:55:21 INFO ShuffleBlockFetcherIterator: Getting 1 non-empty blocks out of 1 blocks
16/12/21 14:55:21 INFO ShuffleBlockFetcherIterator: Started 0 remote fetches in 0 ms
16/12/21 14:55:21 INFO FileOutputCommitter: Saved output of task 'attempt_201612211455_0001_m_000070_0' to file:/tmp/hive-taol/hive_2016-12-21_14-55-11_806_8556893647501887368-1/-ext-10000/_temporary/0/task_201612211455_0001_m_000070
16/12/21 14:55:21 INFO SparkHadoopMapRedUtil: attempt_201612211455_0001_m_000070_0: Committed
16/12/21 14:55:21 INFO Executor: Finished task 70.0 in stage 1.0 (TID 71). 886 bytes result sent to driver
16/12/21 14:55:21 INFO TaskSetManager: Starting task 71.0 in stage 1.0 (TID 72, localhost, PROCESS_LOCAL, 1165 bytes)
16/12/21 14:55:21 INFO Executor: Running task 71.0 in stage 1.0 (TID 72)
16/12/21 14:55:21 INFO TaskSetManager: Finished task 70.0 in stage 1.0 (TID 71) in 80 ms on localhost (71/200)
16/12/21 14:55:21 INFO ShuffleBlockFetcherIterator: Getting 1 non-empty blocks out of 1 blocks
16/12/21 14:55:21 INFO ShuffleBlockFetcherIterator: Started 0 remote fetches in 0 ms
16/12/21 14:55:21 INFO FileOutputCommitter: Saved output of task 'attempt_201612211455_0001_m_000071_0' to file:/tmp/hive-taol/hive_2016-12-21_14-55-11_806_8556893647501887368-1/-ext-10000/_temporary/0/task_201612211455_0001_m_000071
16/12/21 14:55:21 INFO SparkHadoopMapRedUtil: attempt_201612211455_0001_m_000071_0: Committed
16/12/21 14:55:21 INFO Executor: Finished task 71.0 in stage 1.0 (TID 72). 886 bytes result sent to driver
16/12/21 14:55:21 INFO TaskSetManager: Starting task 72.0 in stage 1.0 (TID 73, localhost, PROCESS_LOCAL, 1165 bytes)
16/12/21 14:55:21 INFO TaskSetManager: Finished task 71.0 in stage 1.0 (TID 72) in 84 ms on localhost (72/200)
16/12/21 14:55:21 INFO Executor: Running task 72.0 in stage 1.0 (TID 73)
16/12/21 14:55:21 INFO ShuffleBlockFetcherIterator: Getting 1 non-empty blocks out of 1 blocks
16/12/21 14:55:21 INFO ShuffleBlockFetcherIterator: Started 0 remote fetches in 0 ms
16/12/21 14:55:21 INFO FileOutputCommitter: Saved output of task 'attempt_201612211455_0001_m_000072_0' to file:/tmp/hive-taol/hive_2016-12-21_14-55-11_806_8556893647501887368-1/-ext-10000/_temporary/0/task_201612211455_0001_m_000072
16/12/21 14:55:21 INFO SparkHadoopMapRedUtil: attempt_201612211455_0001_m_000072_0: Committed
16/12/21 14:55:21 INFO Executor: Finished task 72.0 in stage 1.0 (TID 73). 886 bytes result sent to driver
16/12/21 14:55:21 INFO TaskSetManager: Starting task 73.0 in stage 1.0 (TID 74, localhost, PROCESS_LOCAL, 1165 bytes)
16/12/21 14:55:21 INFO TaskSetManager: Finished task 72.0 in stage 1.0 (TID 73) in 267 ms on localhost (73/200)
16/12/21 14:55:21 INFO Executor: Running task 73.0 in stage 1.0 (TID 74)
16/12/21 14:55:21 INFO ShuffleBlockFetcherIterator: Getting 1 non-empty blocks out of 1 blocks
16/12/21 14:55:21 INFO ShuffleBlockFetcherIterator: Started 0 remote fetches in 0 ms
16/12/21 14:55:21 INFO FileOutputCommitter: Saved output of task 'attempt_201612211455_0001_m_000073_0' to file:/tmp/hive-taol/hive_2016-12-21_14-55-11_806_8556893647501887368-1/-ext-10000/_temporary/0/task_201612211455_0001_m_000073
16/12/21 14:55:21 INFO SparkHadoopMapRedUtil: attempt_201612211455_0001_m_000073_0: Committed
16/12/21 14:55:21 INFO Executor: Finished task 73.0 in stage 1.0 (TID 74). 886 bytes result sent to driver
16/12/21 14:55:21 INFO TaskSetManager: Starting task 74.0 in stage 1.0 (TID 75, localhost, PROCESS_LOCAL, 1165 bytes)
16/12/21 14:55:21 INFO TaskSetManager: Finished task 73.0 in stage 1.0 (TID 74) in 54 ms on localhost (74/200)
16/12/21 14:55:21 INFO Executor: Running task 74.0 in stage 1.0 (TID 75)
16/12/21 14:55:21 INFO ShuffleBlockFetcherIterator: Getting 1 non-empty blocks out of 1 blocks
16/12/21 14:55:21 INFO ShuffleBlockFetcherIterator: Started 0 remote fetches in 0 ms
16/12/21 14:55:21 INFO FileOutputCommitter: Saved output of task 'attempt_201612211455_0001_m_000074_0' to file:/tmp/hive-taol/hive_2016-12-21_14-55-11_806_8556893647501887368-1/-ext-10000/_temporary/0/task_201612211455_0001_m_000074
16/12/21 14:55:21 INFO SparkHadoopMapRedUtil: attempt_201612211455_0001_m_000074_0: Committed
16/12/21 14:55:21 INFO Executor: Finished task 74.0 in stage 1.0 (TID 75). 886 bytes result sent to driver
16/12/21 14:55:21 INFO TaskSetManager: Starting task 75.0 in stage 1.0 (TID 76, localhost, PROCESS_LOCAL, 1165 bytes)
16/12/21 14:55:21 INFO TaskSetManager: Finished task 74.0 in stage 1.0 (TID 75) in 62 ms on localhost (75/200)
16/12/21 14:55:21 INFO Executor: Running task 75.0 in stage 1.0 (TID 76)
16/12/21 14:55:21 INFO ShuffleBlockFetcherIterator: Getting 1 non-empty blocks out of 1 blocks
16/12/21 14:55:21 INFO ShuffleBlockFetcherIterator: Started 0 remote fetches in 0 ms
16/12/21 14:55:21 INFO FileOutputCommitter: Saved output of task 'attempt_201612211455_0001_m_000075_0' to file:/tmp/hive-taol/hive_2016-12-21_14-55-11_806_8556893647501887368-1/-ext-10000/_temporary/0/task_201612211455_0001_m_000075
16/12/21 14:55:21 INFO SparkHadoopMapRedUtil: attempt_201612211455_0001_m_000075_0: Committed
16/12/21 14:55:21 INFO Executor: Finished task 75.0 in stage 1.0 (TID 76). 886 bytes result sent to driver
16/12/21 14:55:21 INFO TaskSetManager: Starting task 76.0 in stage 1.0 (TID 77, localhost, PROCESS_LOCAL, 1165 bytes)
16/12/21 14:55:21 INFO TaskSetManager: Finished task 75.0 in stage 1.0 (TID 76) in 61 ms on localhost (76/200)
16/12/21 14:55:21 INFO Executor: Running task 76.0 in stage 1.0 (TID 77)
16/12/21 14:55:21 INFO ShuffleBlockFetcherIterator: Getting 1 non-empty blocks out of 1 blocks
16/12/21 14:55:21 INFO ShuffleBlockFetcherIterator: Started 0 remote fetches in 0 ms
16/12/21 14:55:21 INFO FileOutputCommitter: Saved output of task 'attempt_201612211455_0001_m_000076_0' to file:/tmp/hive-taol/hive_2016-12-21_14-55-11_806_8556893647501887368-1/-ext-10000/_temporary/0/task_201612211455_0001_m_000076
16/12/21 14:55:21 INFO SparkHadoopMapRedUtil: attempt_201612211455_0001_m_000076_0: Committed
16/12/21 14:55:21 INFO Executor: Finished task 76.0 in stage 1.0 (TID 77). 886 bytes result sent to driver
16/12/21 14:55:21 INFO TaskSetManager: Starting task 77.0 in stage 1.0 (TID 78, localhost, PROCESS_LOCAL, 1165 bytes)
16/12/21 14:55:21 INFO TaskSetManager: Finished task 76.0 in stage 1.0 (TID 77) in 58 ms on localhost (77/200)
16/12/21 14:55:21 INFO Executor: Running task 77.0 in stage 1.0 (TID 78)
16/12/21 14:55:21 INFO ShuffleBlockFetcherIterator: Getting 1 non-empty blocks out of 1 blocks
16/12/21 14:55:21 INFO ShuffleBlockFetcherIterator: Started 0 remote fetches in 1 ms
16/12/21 14:55:21 INFO FileOutputCommitter: Saved output of task 'attempt_201612211455_0001_m_000077_0' to file:/tmp/hive-taol/hive_2016-12-21_14-55-11_806_8556893647501887368-1/-ext-10000/_temporary/0/task_201612211455_0001_m_000077
16/12/21 14:55:21 INFO SparkHadoopMapRedUtil: attempt_201612211455_0001_m_000077_0: Committed
16/12/21 14:55:21 INFO Executor: Finished task 77.0 in stage 1.0 (TID 78). 886 bytes result sent to driver
16/12/21 14:55:21 INFO TaskSetManager: Starting task 78.0 in stage 1.0 (TID 79, localhost, PROCESS_LOCAL, 1165 bytes)
16/12/21 14:55:21 INFO TaskSetManager: Finished task 77.0 in stage 1.0 (TID 78) in 71 ms on localhost (78/200)
16/12/21 14:55:21 INFO Executor: Running task 78.0 in stage 1.0 (TID 79)
16/12/21 14:55:21 INFO ShuffleBlockFetcherIterator: Getting 1 non-empty blocks out of 1 blocks
16/12/21 14:55:21 INFO ShuffleBlockFetcherIterator: Started 0 remote fetches in 3 ms
16/12/21 14:55:21 INFO FileOutputCommitter: Saved output of task 'attempt_201612211455_0001_m_000078_0' to file:/tmp/hive-taol/hive_2016-12-21_14-55-11_806_8556893647501887368-1/-ext-10000/_temporary/0/task_201612211455_0001_m_000078
16/12/21 14:55:21 INFO SparkHadoopMapRedUtil: attempt_201612211455_0001_m_000078_0: Committed
16/12/21 14:55:21 INFO Executor: Finished task 78.0 in stage 1.0 (TID 79). 886 bytes result sent to driver
16/12/21 14:55:21 INFO TaskSetManager: Starting task 79.0 in stage 1.0 (TID 80, localhost, PROCESS_LOCAL, 1165 bytes)
16/12/21 14:55:21 INFO TaskSetManager: Finished task 78.0 in stage 1.0 (TID 79) in 58 ms on localhost (79/200)
16/12/21 14:55:21 INFO Executor: Running task 79.0 in stage 1.0 (TID 80)
16/12/21 14:55:21 INFO ShuffleBlockFetcherIterator: Getting 1 non-empty blocks out of 1 blocks
16/12/21 14:55:21 INFO ShuffleBlockFetcherIterator: Started 0 remote fetches in 1 ms
16/12/21 14:55:21 INFO FileOutputCommitter: Saved output of task 'attempt_201612211455_0001_m_000079_0' to file:/tmp/hive-taol/hive_2016-12-21_14-55-11_806_8556893647501887368-1/-ext-10000/_temporary/0/task_201612211455_0001_m_000079
16/12/21 14:55:21 INFO SparkHadoopMapRedUtil: attempt_201612211455_0001_m_000079_0: Committed
16/12/21 14:55:21 INFO Executor: Finished task 79.0 in stage 1.0 (TID 80). 886 bytes result sent to driver
16/12/21 14:55:21 INFO TaskSetManager: Starting task 80.0 in stage 1.0 (TID 81, localhost, PROCESS_LOCAL, 1165 bytes)
16/12/21 14:55:21 INFO TaskSetManager: Finished task 79.0 in stage 1.0 (TID 80) in 65 ms on localhost (80/200)
16/12/21 14:55:21 INFO Executor: Running task 80.0 in stage 1.0 (TID 81)
16/12/21 14:55:21 INFO ShuffleBlockFetcherIterator: Getting 1 non-empty blocks out of 1 blocks
16/12/21 14:55:21 INFO ShuffleBlockFetcherIterator: Started 0 remote fetches in 1 ms
16/12/21 14:55:21 INFO FileOutputCommitter: Saved output of task 'attempt_201612211455_0001_m_000080_0' to file:/tmp/hive-taol/hive_2016-12-21_14-55-11_806_8556893647501887368-1/-ext-10000/_temporary/0/task_201612211455_0001_m_000080
16/12/21 14:55:21 INFO SparkHadoopMapRedUtil: attempt_201612211455_0001_m_000080_0: Committed
16/12/21 14:55:21 INFO Executor: Finished task 80.0 in stage 1.0 (TID 81). 886 bytes result sent to driver
16/12/21 14:55:21 INFO TaskSetManager: Starting task 81.0 in stage 1.0 (TID 82, localhost, PROCESS_LOCAL, 1165 bytes)
16/12/21 14:55:21 INFO TaskSetManager: Finished task 80.0 in stage 1.0 (TID 81) in 59 ms on localhost (81/200)
16/12/21 14:55:21 INFO Executor: Running task 81.0 in stage 1.0 (TID 82)
16/12/21 14:55:21 INFO ShuffleBlockFetcherIterator: Getting 1 non-empty blocks out of 1 blocks
16/12/21 14:55:22 INFO ShuffleBlockFetcherIterator: Started 0 remote fetches in 9 ms
16/12/21 14:55:22 INFO FileOutputCommitter: Saved output of task 'attempt_201612211455_0001_m_000081_0' to file:/tmp/hive-taol/hive_2016-12-21_14-55-11_806_8556893647501887368-1/-ext-10000/_temporary/0/task_201612211455_0001_m_000081
16/12/21 14:55:22 INFO SparkHadoopMapRedUtil: attempt_201612211455_0001_m_000081_0: Committed
16/12/21 14:55:22 INFO Executor: Finished task 81.0 in stage 1.0 (TID 82). 886 bytes result sent to driver
16/12/21 14:55:22 INFO TaskSetManager: Starting task 82.0 in stage 1.0 (TID 83, localhost, PROCESS_LOCAL, 1165 bytes)
16/12/21 14:55:22 INFO TaskSetManager: Finished task 81.0 in stage 1.0 (TID 82) in 97 ms on localhost (82/200)
16/12/21 14:55:22 INFO Executor: Running task 82.0 in stage 1.0 (TID 83)
16/12/21 14:55:22 INFO ShuffleBlockFetcherIterator: Getting 1 non-empty blocks out of 1 blocks
16/12/21 14:55:22 INFO ShuffleBlockFetcherIterator: Started 0 remote fetches in 0 ms
16/12/21 14:55:22 INFO FileOutputCommitter: Saved output of task 'attempt_201612211455_0001_m_000082_0' to file:/tmp/hive-taol/hive_2016-12-21_14-55-11_806_8556893647501887368-1/-ext-10000/_temporary/0/task_201612211455_0001_m_000082
16/12/21 14:55:22 INFO SparkHadoopMapRedUtil: attempt_201612211455_0001_m_000082_0: Committed
16/12/21 14:55:22 INFO Executor: Finished task 82.0 in stage 1.0 (TID 83). 886 bytes result sent to driver
16/12/21 14:55:22 INFO TaskSetManager: Starting task 83.0 in stage 1.0 (TID 84, localhost, PROCESS_LOCAL, 1165 bytes)
16/12/21 14:55:22 INFO Executor: Running task 83.0 in stage 1.0 (TID 84)
16/12/21 14:55:22 INFO TaskSetManager: Finished task 82.0 in stage 1.0 (TID 83) in 90 ms on localhost (83/200)
16/12/21 14:55:22 INFO ShuffleBlockFetcherIterator: Getting 1 non-empty blocks out of 1 blocks
16/12/21 14:55:22 INFO ShuffleBlockFetcherIterator: Started 0 remote fetches in 0 ms
16/12/21 14:55:22 INFO FileOutputCommitter: Saved output of task 'attempt_201612211455_0001_m_000083_0' to file:/tmp/hive-taol/hive_2016-12-21_14-55-11_806_8556893647501887368-1/-ext-10000/_temporary/0/task_201612211455_0001_m_000083
16/12/21 14:55:22 INFO SparkHadoopMapRedUtil: attempt_201612211455_0001_m_000083_0: Committed
16/12/21 14:55:22 INFO Executor: Finished task 83.0 in stage 1.0 (TID 84). 886 bytes result sent to driver
16/12/21 14:55:22 INFO TaskSetManager: Starting task 84.0 in stage 1.0 (TID 85, localhost, PROCESS_LOCAL, 1165 bytes)
16/12/21 14:55:22 INFO TaskSetManager: Finished task 83.0 in stage 1.0 (TID 84) in 68 ms on localhost (84/200)
16/12/21 14:55:22 INFO Executor: Running task 84.0 in stage 1.0 (TID 85)
16/12/21 14:55:22 INFO ShuffleBlockFetcherIterator: Getting 1 non-empty blocks out of 1 blocks
16/12/21 14:55:22 INFO ShuffleBlockFetcherIterator: Started 0 remote fetches in 2 ms
16/12/21 14:55:22 INFO FileOutputCommitter: Saved output of task 'attempt_201612211455_0001_m_000084_0' to file:/tmp/hive-taol/hive_2016-12-21_14-55-11_806_8556893647501887368-1/-ext-10000/_temporary/0/task_201612211455_0001_m_000084
16/12/21 14:55:22 INFO SparkHadoopMapRedUtil: attempt_201612211455_0001_m_000084_0: Committed
16/12/21 14:55:22 INFO Executor: Finished task 84.0 in stage 1.0 (TID 85). 886 bytes result sent to driver
16/12/21 14:55:22 INFO TaskSetManager: Starting task 85.0 in stage 1.0 (TID 86, localhost, PROCESS_LOCAL, 1165 bytes)
16/12/21 14:55:22 INFO Executor: Running task 85.0 in stage 1.0 (TID 86)
16/12/21 14:55:22 INFO TaskSetManager: Finished task 84.0 in stage 1.0 (TID 85) in 73 ms on localhost (85/200)
16/12/21 14:55:22 INFO ShuffleBlockFetcherIterator: Getting 1 non-empty blocks out of 1 blocks
16/12/21 14:55:22 INFO ShuffleBlockFetcherIterator: Started 0 remote fetches in 0 ms
16/12/21 14:55:22 INFO FileOutputCommitter: Saved output of task 'attempt_201612211455_0001_m_000085_0' to file:/tmp/hive-taol/hive_2016-12-21_14-55-11_806_8556893647501887368-1/-ext-10000/_temporary/0/task_201612211455_0001_m_000085
16/12/21 14:55:22 INFO SparkHadoopMapRedUtil: attempt_201612211455_0001_m_000085_0: Committed
16/12/21 14:55:22 INFO Executor: Finished task 85.0 in stage 1.0 (TID 86). 886 bytes result sent to driver
16/12/21 14:55:22 INFO TaskSetManager: Starting task 86.0 in stage 1.0 (TID 87, localhost, PROCESS_LOCAL, 1165 bytes)
16/12/21 14:55:22 INFO TaskSetManager: Finished task 85.0 in stage 1.0 (TID 86) in 51 ms on localhost (86/200)
16/12/21 14:55:22 INFO Executor: Running task 86.0 in stage 1.0 (TID 87)
16/12/21 14:55:22 INFO ShuffleBlockFetcherIterator: Getting 1 non-empty blocks out of 1 blocks
16/12/21 14:55:22 INFO ShuffleBlockFetcherIterator: Started 0 remote fetches in 0 ms
16/12/21 14:55:22 INFO FileOutputCommitter: Saved output of task 'attempt_201612211455_0001_m_000086_0' to file:/tmp/hive-taol/hive_2016-12-21_14-55-11_806_8556893647501887368-1/-ext-10000/_temporary/0/task_201612211455_0001_m_000086
16/12/21 14:55:22 INFO SparkHadoopMapRedUtil: attempt_201612211455_0001_m_000086_0: Committed
16/12/21 14:55:22 INFO Executor: Finished task 86.0 in stage 1.0 (TID 87). 886 bytes result sent to driver
16/12/21 14:55:22 INFO TaskSetManager: Starting task 87.0 in stage 1.0 (TID 88, localhost, PROCESS_LOCAL, 1165 bytes)
16/12/21 14:55:22 INFO TaskSetManager: Finished task 86.0 in stage 1.0 (TID 87) in 55 ms on localhost (87/200)
16/12/21 14:55:22 INFO Executor: Running task 87.0 in stage 1.0 (TID 88)
16/12/21 14:55:22 INFO ShuffleBlockFetcherIterator: Getting 1 non-empty blocks out of 1 blocks
16/12/21 14:55:22 INFO ShuffleBlockFetcherIterator: Started 0 remote fetches in 0 ms
16/12/21 14:55:22 INFO FileOutputCommitter: Saved output of task 'attempt_201612211455_0001_m_000087_0' to file:/tmp/hive-taol/hive_2016-12-21_14-55-11_806_8556893647501887368-1/-ext-10000/_temporary/0/task_201612211455_0001_m_000087
16/12/21 14:55:22 INFO SparkHadoopMapRedUtil: attempt_201612211455_0001_m_000087_0: Committed
16/12/21 14:55:22 INFO Executor: Finished task 87.0 in stage 1.0 (TID 88). 886 bytes result sent to driver
16/12/21 14:55:22 INFO TaskSetManager: Starting task 88.0 in stage 1.0 (TID 89, localhost, PROCESS_LOCAL, 1165 bytes)
16/12/21 14:55:22 INFO TaskSetManager: Finished task 87.0 in stage 1.0 (TID 88) in 53 ms on localhost (88/200)
16/12/21 14:55:22 INFO Executor: Running task 88.0 in stage 1.0 (TID 89)
16/12/21 14:55:22 INFO ShuffleBlockFetcherIterator: Getting 1 non-empty blocks out of 1 blocks
16/12/21 14:55:22 INFO ShuffleBlockFetcherIterator: Started 0 remote fetches in 0 ms
16/12/21 14:55:22 INFO FileOutputCommitter: Saved output of task 'attempt_201612211455_0001_m_000088_0' to file:/tmp/hive-taol/hive_2016-12-21_14-55-11_806_8556893647501887368-1/-ext-10000/_temporary/0/task_201612211455_0001_m_000088
16/12/21 14:55:22 INFO SparkHadoopMapRedUtil: attempt_201612211455_0001_m_000088_0: Committed
16/12/21 14:55:22 INFO Executor: Finished task 88.0 in stage 1.0 (TID 89). 886 bytes result sent to driver
16/12/21 14:55:22 INFO TaskSetManager: Starting task 89.0 in stage 1.0 (TID 90, localhost, PROCESS_LOCAL, 1165 bytes)
16/12/21 14:55:22 INFO TaskSetManager: Finished task 88.0 in stage 1.0 (TID 89) in 55 ms on localhost (89/200)
16/12/21 14:55:22 INFO Executor: Running task 89.0 in stage 1.0 (TID 90)
16/12/21 14:55:22 INFO ShuffleBlockFetcherIterator: Getting 1 non-empty blocks out of 1 blocks
16/12/21 14:55:22 INFO ShuffleBlockFetcherIterator: Started 0 remote fetches in 0 ms
16/12/21 14:55:22 INFO FileOutputCommitter: Saved output of task 'attempt_201612211455_0001_m_000089_0' to file:/tmp/hive-taol/hive_2016-12-21_14-55-11_806_8556893647501887368-1/-ext-10000/_temporary/0/task_201612211455_0001_m_000089
16/12/21 14:55:22 INFO SparkHadoopMapRedUtil: attempt_201612211455_0001_m_000089_0: Committed
16/12/21 14:55:22 INFO Executor: Finished task 89.0 in stage 1.0 (TID 90). 886 bytes result sent to driver
16/12/21 14:55:22 INFO TaskSetManager: Starting task 90.0 in stage 1.0 (TID 91, localhost, PROCESS_LOCAL, 1165 bytes)
16/12/21 14:55:22 INFO Executor: Running task 90.0 in stage 1.0 (TID 91)
16/12/21 14:55:22 INFO TaskSetManager: Finished task 89.0 in stage 1.0 (TID 90) in 58 ms on localhost (90/200)
16/12/21 14:55:22 INFO ShuffleBlockFetcherIterator: Getting 1 non-empty blocks out of 1 blocks
16/12/21 14:55:22 INFO ShuffleBlockFetcherIterator: Started 0 remote fetches in 0 ms
16/12/21 14:55:22 INFO FileOutputCommitter: Saved output of task 'attempt_201612211455_0001_m_000090_0' to file:/tmp/hive-taol/hive_2016-12-21_14-55-11_806_8556893647501887368-1/-ext-10000/_temporary/0/task_201612211455_0001_m_000090
16/12/21 14:55:22 INFO SparkHadoopMapRedUtil: attempt_201612211455_0001_m_000090_0: Committed
16/12/21 14:55:22 INFO Executor: Finished task 90.0 in stage 1.0 (TID 91). 886 bytes result sent to driver
16/12/21 14:55:22 INFO TaskSetManager: Starting task 91.0 in stage 1.0 (TID 92, localhost, PROCESS_LOCAL, 1165 bytes)
16/12/21 14:55:22 INFO TaskSetManager: Finished task 90.0 in stage 1.0 (TID 91) in 57 ms on localhost (91/200)
16/12/21 14:55:22 INFO Executor: Running task 91.0 in stage 1.0 (TID 92)
16/12/21 14:55:22 INFO ShuffleBlockFetcherIterator: Getting 1 non-empty blocks out of 1 blocks
16/12/21 14:55:22 INFO ShuffleBlockFetcherIterator: Started 0 remote fetches in 0 ms
16/12/21 14:55:22 INFO FileOutputCommitter: Saved output of task 'attempt_201612211455_0001_m_000091_0' to file:/tmp/hive-taol/hive_2016-12-21_14-55-11_806_8556893647501887368-1/-ext-10000/_temporary/0/task_201612211455_0001_m_000091
16/12/21 14:55:22 INFO SparkHadoopMapRedUtil: attempt_201612211455_0001_m_000091_0: Committed
16/12/21 14:55:22 INFO Executor: Finished task 91.0 in stage 1.0 (TID 92). 886 bytes result sent to driver
16/12/21 14:55:22 INFO TaskSetManager: Starting task 92.0 in stage 1.0 (TID 93, localhost, PROCESS_LOCAL, 1165 bytes)
16/12/21 14:55:22 INFO TaskSetManager: Finished task 91.0 in stage 1.0 (TID 92) in 80 ms on localhost (92/200)
16/12/21 14:55:22 INFO Executor: Running task 92.0 in stage 1.0 (TID 93)
16/12/21 14:55:22 INFO ShuffleBlockFetcherIterator: Getting 1 non-empty blocks out of 1 blocks
16/12/21 14:55:22 INFO ShuffleBlockFetcherIterator: Started 0 remote fetches in 0 ms
16/12/21 14:55:22 INFO FileOutputCommitter: Saved output of task 'attempt_201612211455_0001_m_000092_0' to file:/tmp/hive-taol/hive_2016-12-21_14-55-11_806_8556893647501887368-1/-ext-10000/_temporary/0/task_201612211455_0001_m_000092
16/12/21 14:55:22 INFO SparkHadoopMapRedUtil: attempt_201612211455_0001_m_000092_0: Committed
16/12/21 14:55:22 INFO Executor: Finished task 92.0 in stage 1.0 (TID 93). 886 bytes result sent to driver
16/12/21 14:55:22 INFO TaskSetManager: Starting task 93.0 in stage 1.0 (TID 94, localhost, PROCESS_LOCAL, 1165 bytes)
16/12/21 14:55:22 INFO TaskSetManager: Finished task 92.0 in stage 1.0 (TID 93) in 60 ms on localhost (93/200)
16/12/21 14:55:22 INFO Executor: Running task 93.0 in stage 1.0 (TID 94)
16/12/21 14:55:22 INFO ShuffleBlockFetcherIterator: Getting 1 non-empty blocks out of 1 blocks
16/12/21 14:55:22 INFO ShuffleBlockFetcherIterator: Started 0 remote fetches in 0 ms
16/12/21 14:55:22 INFO FileOutputCommitter: Saved output of task 'attempt_201612211455_0001_m_000093_0' to file:/tmp/hive-taol/hive_2016-12-21_14-55-11_806_8556893647501887368-1/-ext-10000/_temporary/0/task_201612211455_0001_m_000093
16/12/21 14:55:22 INFO SparkHadoopMapRedUtil: attempt_201612211455_0001_m_000093_0: Committed
16/12/21 14:55:22 INFO Executor: Finished task 93.0 in stage 1.0 (TID 94). 886 bytes result sent to driver
16/12/21 14:55:22 INFO TaskSetManager: Starting task 94.0 in stage 1.0 (TID 95, localhost, PROCESS_LOCAL, 1165 bytes)
16/12/21 14:55:22 INFO TaskSetManager: Finished task 93.0 in stage 1.0 (TID 94) in 73 ms on localhost (94/200)
16/12/21 14:55:22 INFO Executor: Running task 94.0 in stage 1.0 (TID 95)
16/12/21 14:55:22 INFO ShuffleBlockFetcherIterator: Getting 1 non-empty blocks out of 1 blocks
16/12/21 14:55:22 INFO ShuffleBlockFetcherIterator: Started 0 remote fetches in 0 ms
16/12/21 14:55:22 INFO FileOutputCommitter: Saved output of task 'attempt_201612211455_0001_m_000094_0' to file:/tmp/hive-taol/hive_2016-12-21_14-55-11_806_8556893647501887368-1/-ext-10000/_temporary/0/task_201612211455_0001_m_000094
16/12/21 14:55:22 INFO SparkHadoopMapRedUtil: attempt_201612211455_0001_m_000094_0: Committed
16/12/21 14:55:22 INFO Executor: Finished task 94.0 in stage 1.0 (TID 95). 886 bytes result sent to driver
16/12/21 14:55:22 INFO TaskSetManager: Starting task 95.0 in stage 1.0 (TID 96, localhost, PROCESS_LOCAL, 1165 bytes)
16/12/21 14:55:22 INFO TaskSetManager: Finished task 94.0 in stage 1.0 (TID 95) in 58 ms on localhost (95/200)
16/12/21 14:55:22 INFO Executor: Running task 95.0 in stage 1.0 (TID 96)
16/12/21 14:55:22 INFO ShuffleBlockFetcherIterator: Getting 1 non-empty blocks out of 1 blocks
16/12/21 14:55:22 INFO ShuffleBlockFetcherIterator: Started 0 remote fetches in 1 ms
16/12/21 14:55:22 INFO FileOutputCommitter: Saved output of task 'attempt_201612211455_0001_m_000095_0' to file:/tmp/hive-taol/hive_2016-12-21_14-55-11_806_8556893647501887368-1/-ext-10000/_temporary/0/task_201612211455_0001_m_000095
16/12/21 14:55:22 INFO SparkHadoopMapRedUtil: attempt_201612211455_0001_m_000095_0: Committed
16/12/21 14:55:22 INFO Executor: Finished task 95.0 in stage 1.0 (TID 96). 886 bytes result sent to driver
16/12/21 14:55:23 INFO TaskSetManager: Starting task 96.0 in stage 1.0 (TID 97, localhost, PROCESS_LOCAL, 1165 bytes)
16/12/21 14:55:23 INFO TaskSetManager: Finished task 95.0 in stage 1.0 (TID 96) in 155 ms on localhost (96/200)
16/12/21 14:55:23 INFO Executor: Running task 96.0 in stage 1.0 (TID 97)
16/12/21 14:55:23 INFO ShuffleBlockFetcherIterator: Getting 1 non-empty blocks out of 1 blocks
16/12/21 14:55:23 INFO ShuffleBlockFetcherIterator: Started 0 remote fetches in 2 ms
16/12/21 14:55:23 INFO FileOutputCommitter: Saved output of task 'attempt_201612211455_0001_m_000096_0' to file:/tmp/hive-taol/hive_2016-12-21_14-55-11_806_8556893647501887368-1/-ext-10000/_temporary/0/task_201612211455_0001_m_000096
16/12/21 14:55:23 INFO SparkHadoopMapRedUtil: attempt_201612211455_0001_m_000096_0: Committed
16/12/21 14:55:23 INFO Executor: Finished task 96.0 in stage 1.0 (TID 97). 886 bytes result sent to driver
16/12/21 14:55:23 INFO TaskSetManager: Starting task 97.0 in stage 1.0 (TID 98, localhost, PROCESS_LOCAL, 1165 bytes)
16/12/21 14:55:23 INFO TaskSetManager: Finished task 96.0 in stage 1.0 (TID 97) in 77 ms on localhost (97/200)
16/12/21 14:55:23 INFO Executor: Running task 97.0 in stage 1.0 (TID 98)
16/12/21 14:55:23 INFO ShuffleBlockFetcherIterator: Getting 1 non-empty blocks out of 1 blocks
16/12/21 14:55:23 INFO ShuffleBlockFetcherIterator: Started 0 remote fetches in 0 ms
16/12/21 14:55:23 INFO FileOutputCommitter: Saved output of task 'attempt_201612211455_0001_m_000097_0' to file:/tmp/hive-taol/hive_2016-12-21_14-55-11_806_8556893647501887368-1/-ext-10000/_temporary/0/task_201612211455_0001_m_000097
16/12/21 14:55:23 INFO SparkHadoopMapRedUtil: attempt_201612211455_0001_m_000097_0: Committed
16/12/21 14:55:23 INFO Executor: Finished task 97.0 in stage 1.0 (TID 98). 886 bytes result sent to driver
16/12/21 14:55:23 INFO TaskSetManager: Starting task 98.0 in stage 1.0 (TID 99, localhost, PROCESS_LOCAL, 1165 bytes)
16/12/21 14:55:23 INFO Executor: Running task 98.0 in stage 1.0 (TID 99)
16/12/21 14:55:23 INFO TaskSetManager: Finished task 97.0 in stage 1.0 (TID 98) in 74 ms on localhost (98/200)
16/12/21 14:55:23 INFO ShuffleBlockFetcherIterator: Getting 1 non-empty blocks out of 1 blocks
16/12/21 14:55:23 INFO ShuffleBlockFetcherIterator: Started 0 remote fetches in 1 ms
16/12/21 14:55:23 INFO FileOutputCommitter: Saved output of task 'attempt_201612211455_0001_m_000098_0' to file:/tmp/hive-taol/hive_2016-12-21_14-55-11_806_8556893647501887368-1/-ext-10000/_temporary/0/task_201612211455_0001_m_000098
16/12/21 14:55:23 INFO SparkHadoopMapRedUtil: attempt_201612211455_0001_m_000098_0: Committed
16/12/21 14:55:23 INFO Executor: Finished task 98.0 in stage 1.0 (TID 99). 886 bytes result sent to driver
16/12/21 14:55:23 INFO TaskSetManager: Starting task 99.0 in stage 1.0 (TID 100, localhost, PROCESS_LOCAL, 1165 bytes)
16/12/21 14:55:23 INFO TaskSetManager: Finished task 98.0 in stage 1.0 (TID 99) in 69 ms on localhost (99/200)
16/12/21 14:55:23 INFO Executor: Running task 99.0 in stage 1.0 (TID 100)
16/12/21 14:55:23 INFO ShuffleBlockFetcherIterator: Getting 1 non-empty blocks out of 1 blocks
16/12/21 14:55:23 INFO ShuffleBlockFetcherIterator: Started 0 remote fetches in 1 ms
16/12/21 14:55:23 INFO FileOutputCommitter: Saved output of task 'attempt_201612211455_0001_m_000099_0' to file:/tmp/hive-taol/hive_2016-12-21_14-55-11_806_8556893647501887368-1/-ext-10000/_temporary/0/task_201612211455_0001_m_000099
16/12/21 14:55:23 INFO SparkHadoopMapRedUtil: attempt_201612211455_0001_m_000099_0: Committed
16/12/21 14:55:23 INFO Executor: Finished task 99.0 in stage 1.0 (TID 100). 886 bytes result sent to driver
16/12/21 14:55:23 INFO TaskSetManager: Starting task 100.0 in stage 1.0 (TID 101, localhost, PROCESS_LOCAL, 1165 bytes)
16/12/21 14:55:23 INFO TaskSetManager: Finished task 99.0 in stage 1.0 (TID 100) in 62 ms on localhost (100/200)
16/12/21 14:55:23 INFO Executor: Running task 100.0 in stage 1.0 (TID 101)
16/12/21 14:55:23 INFO ShuffleBlockFetcherIterator: Getting 1 non-empty blocks out of 1 blocks
16/12/21 14:55:23 INFO ShuffleBlockFetcherIterator: Started 0 remote fetches in 0 ms
16/12/21 14:55:23 INFO FileOutputCommitter: Saved output of task 'attempt_201612211455_0001_m_000100_0' to file:/tmp/hive-taol/hive_2016-12-21_14-55-11_806_8556893647501887368-1/-ext-10000/_temporary/0/task_201612211455_0001_m_000100
16/12/21 14:55:23 INFO SparkHadoopMapRedUtil: attempt_201612211455_0001_m_000100_0: Committed
16/12/21 14:55:23 INFO Executor: Finished task 100.0 in stage 1.0 (TID 101). 886 bytes result sent to driver
16/12/21 14:55:23 INFO TaskSetManager: Starting task 101.0 in stage 1.0 (TID 102, localhost, PROCESS_LOCAL, 1165 bytes)
16/12/21 14:55:23 INFO TaskSetManager: Finished task 100.0 in stage 1.0 (TID 101) in 59 ms on localhost (101/200)
16/12/21 14:55:23 INFO Executor: Running task 101.0 in stage 1.0 (TID 102)
16/12/21 14:55:23 INFO ShuffleBlockFetcherIterator: Getting 1 non-empty blocks out of 1 blocks
16/12/21 14:55:23 INFO ShuffleBlockFetcherIterator: Started 0 remote fetches in 0 ms
16/12/21 14:55:23 INFO FileOutputCommitter: Saved output of task 'attempt_201612211455_0001_m_000101_0' to file:/tmp/hive-taol/hive_2016-12-21_14-55-11_806_8556893647501887368-1/-ext-10000/_temporary/0/task_201612211455_0001_m_000101
16/12/21 14:55:23 INFO SparkHadoopMapRedUtil: attempt_201612211455_0001_m_000101_0: Committed
16/12/21 14:55:23 INFO Executor: Finished task 101.0 in stage 1.0 (TID 102). 886 bytes result sent to driver
16/12/21 14:55:23 INFO TaskSetManager: Starting task 102.0 in stage 1.0 (TID 103, localhost, PROCESS_LOCAL, 1165 bytes)
16/12/21 14:55:23 INFO TaskSetManager: Finished task 101.0 in stage 1.0 (TID 102) in 59 ms on localhost (102/200)
16/12/21 14:55:23 INFO Executor: Running task 102.0 in stage 1.0 (TID 103)
16/12/21 14:55:23 INFO ShuffleBlockFetcherIterator: Getting 1 non-empty blocks out of 1 blocks
16/12/21 14:55:23 INFO ShuffleBlockFetcherIterator: Started 0 remote fetches in 0 ms
16/12/21 14:55:23 INFO FileOutputCommitter: Saved output of task 'attempt_201612211455_0001_m_000102_0' to file:/tmp/hive-taol/hive_2016-12-21_14-55-11_806_8556893647501887368-1/-ext-10000/_temporary/0/task_201612211455_0001_m_000102
16/12/21 14:55:23 INFO SparkHadoopMapRedUtil: attempt_201612211455_0001_m_000102_0: Committed
16/12/21 14:55:23 INFO Executor: Finished task 102.0 in stage 1.0 (TID 103). 886 bytes result sent to driver
16/12/21 14:55:23 INFO TaskSetManager: Starting task 103.0 in stage 1.0 (TID 104, localhost, PROCESS_LOCAL, 1165 bytes)
16/12/21 14:55:23 INFO TaskSetManager: Finished task 102.0 in stage 1.0 (TID 103) in 61 ms on localhost (103/200)
16/12/21 14:55:23 INFO Executor: Running task 103.0 in stage 1.0 (TID 104)
16/12/21 14:55:23 INFO ShuffleBlockFetcherIterator: Getting 1 non-empty blocks out of 1 blocks
16/12/21 14:55:23 INFO ShuffleBlockFetcherIterator: Started 0 remote fetches in 0 ms
16/12/21 14:55:23 INFO FileOutputCommitter: Saved output of task 'attempt_201612211455_0001_m_000103_0' to file:/tmp/hive-taol/hive_2016-12-21_14-55-11_806_8556893647501887368-1/-ext-10000/_temporary/0/task_201612211455_0001_m_000103
16/12/21 14:55:23 INFO SparkHadoopMapRedUtil: attempt_201612211455_0001_m_000103_0: Committed
16/12/21 14:55:23 INFO Executor: Finished task 103.0 in stage 1.0 (TID 104). 886 bytes result sent to driver
16/12/21 14:55:23 INFO TaskSetManager: Starting task 104.0 in stage 1.0 (TID 105, localhost, PROCESS_LOCAL, 1165 bytes)
16/12/21 14:55:23 INFO TaskSetManager: Finished task 103.0 in stage 1.0 (TID 104) in 64 ms on localhost (104/200)
16/12/21 14:55:23 INFO Executor: Running task 104.0 in stage 1.0 (TID 105)
16/12/21 14:55:23 INFO ShuffleBlockFetcherIterator: Getting 1 non-empty blocks out of 1 blocks
16/12/21 14:55:23 INFO ShuffleBlockFetcherIterator: Started 0 remote fetches in 0 ms
16/12/21 14:55:23 INFO FileOutputCommitter: Saved output of task 'attempt_201612211455_0001_m_000104_0' to file:/tmp/hive-taol/hive_2016-12-21_14-55-11_806_8556893647501887368-1/-ext-10000/_temporary/0/task_201612211455_0001_m_000104
16/12/21 14:55:23 INFO SparkHadoopMapRedUtil: attempt_201612211455_0001_m_000104_0: Committed
16/12/21 14:55:23 INFO Executor: Finished task 104.0 in stage 1.0 (TID 105). 886 bytes result sent to driver
16/12/21 14:55:23 INFO TaskSetManager: Starting task 105.0 in stage 1.0 (TID 106, localhost, PROCESS_LOCAL, 1165 bytes)
16/12/21 14:55:23 INFO TaskSetManager: Finished task 104.0 in stage 1.0 (TID 105) in 74 ms on localhost (105/200)
16/12/21 14:55:23 INFO Executor: Running task 105.0 in stage 1.0 (TID 106)
16/12/21 14:55:23 INFO ShuffleBlockFetcherIterator: Getting 1 non-empty blocks out of 1 blocks
16/12/21 14:55:23 INFO ShuffleBlockFetcherIterator: Started 0 remote fetches in 0 ms
16/12/21 14:55:23 INFO FileOutputCommitter: Saved output of task 'attempt_201612211455_0001_m_000105_0' to file:/tmp/hive-taol/hive_2016-12-21_14-55-11_806_8556893647501887368-1/-ext-10000/_temporary/0/task_201612211455_0001_m_000105
16/12/21 14:55:23 INFO SparkHadoopMapRedUtil: attempt_201612211455_0001_m_000105_0: Committed
16/12/21 14:55:23 INFO Executor: Finished task 105.0 in stage 1.0 (TID 106). 886 bytes result sent to driver
16/12/21 14:55:23 INFO TaskSetManager: Starting task 106.0 in stage 1.0 (TID 107, localhost, PROCESS_LOCAL, 1165 bytes)
16/12/21 14:55:23 INFO Executor: Running task 106.0 in stage 1.0 (TID 107)
16/12/21 14:55:23 INFO TaskSetManager: Finished task 105.0 in stage 1.0 (TID 106) in 90 ms on localhost (106/200)
16/12/21 14:55:23 INFO ShuffleBlockFetcherIterator: Getting 1 non-empty blocks out of 1 blocks
16/12/21 14:55:23 INFO ShuffleBlockFetcherIterator: Started 0 remote fetches in 0 ms
16/12/21 14:55:23 INFO FileOutputCommitter: Saved output of task 'attempt_201612211455_0001_m_000106_0' to file:/tmp/hive-taol/hive_2016-12-21_14-55-11_806_8556893647501887368-1/-ext-10000/_temporary/0/task_201612211455_0001_m_000106
16/12/21 14:55:23 INFO SparkHadoopMapRedUtil: attempt_201612211455_0001_m_000106_0: Committed
16/12/21 14:55:23 INFO Executor: Finished task 106.0 in stage 1.0 (TID 107). 886 bytes result sent to driver
16/12/21 14:55:23 INFO TaskSetManager: Starting task 107.0 in stage 1.0 (TID 108, localhost, PROCESS_LOCAL, 1165 bytes)
16/12/21 14:55:23 INFO TaskSetManager: Finished task 106.0 in stage 1.0 (TID 107) in 70 ms on localhost (107/200)
16/12/21 14:55:23 INFO Executor: Running task 107.0 in stage 1.0 (TID 108)
16/12/21 14:55:23 INFO ShuffleBlockFetcherIterator: Getting 1 non-empty blocks out of 1 blocks
16/12/21 14:55:23 INFO ShuffleBlockFetcherIterator: Started 0 remote fetches in 0 ms
16/12/21 14:55:23 INFO FileOutputCommitter: Saved output of task 'attempt_201612211455_0001_m_000107_0' to file:/tmp/hive-taol/hive_2016-12-21_14-55-11_806_8556893647501887368-1/-ext-10000/_temporary/0/task_201612211455_0001_m_000107
16/12/21 14:55:23 INFO SparkHadoopMapRedUtil: attempt_201612211455_0001_m_000107_0: Committed
16/12/21 14:55:23 INFO Executor: Finished task 107.0 in stage 1.0 (TID 108). 886 bytes result sent to driver
16/12/21 14:55:23 INFO TaskSetManager: Starting task 108.0 in stage 1.0 (TID 109, localhost, PROCESS_LOCAL, 1165 bytes)
16/12/21 14:55:23 INFO TaskSetManager: Finished task 107.0 in stage 1.0 (TID 108) in 150 ms on localhost (108/200)
16/12/21 14:55:23 INFO Executor: Running task 108.0 in stage 1.0 (TID 109)
16/12/21 14:55:23 INFO ShuffleBlockFetcherIterator: Getting 1 non-empty blocks out of 1 blocks
16/12/21 14:55:23 INFO ShuffleBlockFetcherIterator: Started 0 remote fetches in 1 ms
16/12/21 14:55:23 INFO FileOutputCommitter: Saved output of task 'attempt_201612211455_0001_m_000108_0' to file:/tmp/hive-taol/hive_2016-12-21_14-55-11_806_8556893647501887368-1/-ext-10000/_temporary/0/task_201612211455_0001_m_000108
16/12/21 14:55:23 INFO SparkHadoopMapRedUtil: attempt_201612211455_0001_m_000108_0: Committed
16/12/21 14:55:23 INFO Executor: Finished task 108.0 in stage 1.0 (TID 109). 886 bytes result sent to driver
16/12/21 14:55:23 INFO TaskSetManager: Starting task 109.0 in stage 1.0 (TID 110, localhost, PROCESS_LOCAL, 1165 bytes)
16/12/21 14:55:23 INFO TaskSetManager: Finished task 108.0 in stage 1.0 (TID 109) in 93 ms on localhost (109/200)
16/12/21 14:55:23 INFO Executor: Running task 109.0 in stage 1.0 (TID 110)
16/12/21 14:55:24 INFO ShuffleBlockFetcherIterator: Getting 1 non-empty blocks out of 1 blocks
16/12/21 14:55:24 INFO ShuffleBlockFetcherIterator: Started 0 remote fetches in 1 ms
16/12/21 14:55:24 INFO FileOutputCommitter: Saved output of task 'attempt_201612211455_0001_m_000109_0' to file:/tmp/hive-taol/hive_2016-12-21_14-55-11_806_8556893647501887368-1/-ext-10000/_temporary/0/task_201612211455_0001_m_000109
16/12/21 14:55:24 INFO SparkHadoopMapRedUtil: attempt_201612211455_0001_m_000109_0: Committed
16/12/21 14:55:24 INFO Executor: Finished task 109.0 in stage 1.0 (TID 110). 886 bytes result sent to driver
16/12/21 14:55:24 INFO TaskSetManager: Starting task 110.0 in stage 1.0 (TID 111, localhost, PROCESS_LOCAL, 1165 bytes)
16/12/21 14:55:24 INFO Executor: Running task 110.0 in stage 1.0 (TID 111)
16/12/21 14:55:24 INFO TaskSetManager: Finished task 109.0 in stage 1.0 (TID 110) in 134 ms on localhost (110/200)
16/12/21 14:55:24 INFO ShuffleBlockFetcherIterator: Getting 1 non-empty blocks out of 1 blocks
16/12/21 14:55:24 INFO ShuffleBlockFetcherIterator: Started 0 remote fetches in 1 ms
16/12/21 14:55:24 INFO FileOutputCommitter: Saved output of task 'attempt_201612211455_0001_m_000110_0' to file:/tmp/hive-taol/hive_2016-12-21_14-55-11_806_8556893647501887368-1/-ext-10000/_temporary/0/task_201612211455_0001_m_000110
16/12/21 14:55:24 INFO SparkHadoopMapRedUtil: attempt_201612211455_0001_m_000110_0: Committed
16/12/21 14:55:24 INFO Executor: Finished task 110.0 in stage 1.0 (TID 111). 886 bytes result sent to driver
16/12/21 14:55:24 INFO TaskSetManager: Starting task 111.0 in stage 1.0 (TID 112, localhost, PROCESS_LOCAL, 1165 bytes)
16/12/21 14:55:24 INFO TaskSetManager: Finished task 110.0 in stage 1.0 (TID 111) in 144 ms on localhost (111/200)
16/12/21 14:55:24 INFO Executor: Running task 111.0 in stage 1.0 (TID 112)
16/12/21 14:55:24 INFO ShuffleBlockFetcherIterator: Getting 1 non-empty blocks out of 1 blocks
16/12/21 14:55:24 INFO ShuffleBlockFetcherIterator: Started 0 remote fetches in 0 ms
16/12/21 14:55:24 INFO FileOutputCommitter: Saved output of task 'attempt_201612211455_0001_m_000111_0' to file:/tmp/hive-taol/hive_2016-12-21_14-55-11_806_8556893647501887368-1/-ext-10000/_temporary/0/task_201612211455_0001_m_000111
16/12/21 14:55:24 INFO SparkHadoopMapRedUtil: attempt_201612211455_0001_m_000111_0: Committed
16/12/21 14:55:24 INFO Executor: Finished task 111.0 in stage 1.0 (TID 112). 886 bytes result sent to driver
16/12/21 14:55:24 INFO TaskSetManager: Starting task 112.0 in stage 1.0 (TID 113, localhost, PROCESS_LOCAL, 1165 bytes)
16/12/21 14:55:24 INFO TaskSetManager: Finished task 111.0 in stage 1.0 (TID 112) in 54 ms on localhost (112/200)
16/12/21 14:55:24 INFO Executor: Running task 112.0 in stage 1.0 (TID 113)
16/12/21 14:55:24 INFO ShuffleBlockFetcherIterator: Getting 1 non-empty blocks out of 1 blocks
16/12/21 14:55:24 INFO ShuffleBlockFetcherIterator: Started 0 remote fetches in 0 ms
16/12/21 14:55:24 INFO FileOutputCommitter: Saved output of task 'attempt_201612211455_0001_m_000112_0' to file:/tmp/hive-taol/hive_2016-12-21_14-55-11_806_8556893647501887368-1/-ext-10000/_temporary/0/task_201612211455_0001_m_000112
16/12/21 14:55:24 INFO SparkHadoopMapRedUtil: attempt_201612211455_0001_m_000112_0: Committed
16/12/21 14:55:24 INFO Executor: Finished task 112.0 in stage 1.0 (TID 113). 886 bytes result sent to driver
16/12/21 14:55:24 INFO TaskSetManager: Starting task 113.0 in stage 1.0 (TID 114, localhost, PROCESS_LOCAL, 1165 bytes)
16/12/21 14:55:24 INFO TaskSetManager: Finished task 112.0 in stage 1.0 (TID 113) in 72 ms on localhost (113/200)
16/12/21 14:55:24 INFO Executor: Running task 113.0 in stage 1.0 (TID 114)
16/12/21 14:55:24 INFO ShuffleBlockFetcherIterator: Getting 1 non-empty blocks out of 1 blocks
16/12/21 14:55:24 INFO ShuffleBlockFetcherIterator: Started 0 remote fetches in 0 ms
16/12/21 14:55:24 INFO FileOutputCommitter: Saved output of task 'attempt_201612211455_0001_m_000113_0' to file:/tmp/hive-taol/hive_2016-12-21_14-55-11_806_8556893647501887368-1/-ext-10000/_temporary/0/task_201612211455_0001_m_000113
16/12/21 14:55:24 INFO SparkHadoopMapRedUtil: attempt_201612211455_0001_m_000113_0: Committed
16/12/21 14:55:24 INFO Executor: Finished task 113.0 in stage 1.0 (TID 114). 886 bytes result sent to driver
16/12/21 14:55:24 INFO TaskSetManager: Starting task 114.0 in stage 1.0 (TID 115, localhost, PROCESS_LOCAL, 1165 bytes)
16/12/21 14:55:24 INFO Executor: Running task 114.0 in stage 1.0 (TID 115)
16/12/21 14:55:24 INFO TaskSetManager: Finished task 113.0 in stage 1.0 (TID 114) in 73 ms on localhost (114/200)
16/12/21 14:55:24 INFO ShuffleBlockFetcherIterator: Getting 1 non-empty blocks out of 1 blocks
16/12/21 14:55:24 INFO ShuffleBlockFetcherIterator: Started 0 remote fetches in 0 ms
16/12/21 14:55:24 INFO FileOutputCommitter: Saved output of task 'attempt_201612211455_0001_m_000114_0' to file:/tmp/hive-taol/hive_2016-12-21_14-55-11_806_8556893647501887368-1/-ext-10000/_temporary/0/task_201612211455_0001_m_000114
16/12/21 14:55:24 INFO SparkHadoopMapRedUtil: attempt_201612211455_0001_m_000114_0: Committed
16/12/21 14:55:24 INFO Executor: Finished task 114.0 in stage 1.0 (TID 115). 886 bytes result sent to driver
16/12/21 14:55:24 INFO TaskSetManager: Starting task 115.0 in stage 1.0 (TID 116, localhost, PROCESS_LOCAL, 1165 bytes)
16/12/21 14:55:24 INFO TaskSetManager: Finished task 114.0 in stage 1.0 (TID 115) in 57 ms on localhost (115/200)
16/12/21 14:55:24 INFO Executor: Running task 115.0 in stage 1.0 (TID 116)
16/12/21 14:55:24 INFO ShuffleBlockFetcherIterator: Getting 1 non-empty blocks out of 1 blocks
16/12/21 14:55:24 INFO ShuffleBlockFetcherIterator: Started 0 remote fetches in 1 ms
16/12/21 14:55:24 INFO FileOutputCommitter: Saved output of task 'attempt_201612211455_0001_m_000115_0' to file:/tmp/hive-taol/hive_2016-12-21_14-55-11_806_8556893647501887368-1/-ext-10000/_temporary/0/task_201612211455_0001_m_000115
16/12/21 14:55:24 INFO SparkHadoopMapRedUtil: attempt_201612211455_0001_m_000115_0: Committed
16/12/21 14:55:24 INFO Executor: Finished task 115.0 in stage 1.0 (TID 116). 886 bytes result sent to driver
16/12/21 14:55:24 INFO TaskSetManager: Starting task 116.0 in stage 1.0 (TID 117, localhost, PROCESS_LOCAL, 1165 bytes)
16/12/21 14:55:24 INFO TaskSetManager: Finished task 115.0 in stage 1.0 (TID 116) in 127 ms on localhost (116/200)
16/12/21 14:55:24 INFO Executor: Running task 116.0 in stage 1.0 (TID 117)
16/12/21 14:55:24 INFO ShuffleBlockFetcherIterator: Getting 1 non-empty blocks out of 1 blocks
16/12/21 14:55:24 INFO ShuffleBlockFetcherIterator: Started 0 remote fetches in 0 ms
16/12/21 14:55:24 INFO FileOutputCommitter: Saved output of task 'attempt_201612211455_0001_m_000116_0' to file:/tmp/hive-taol/hive_2016-12-21_14-55-11_806_8556893647501887368-1/-ext-10000/_temporary/0/task_201612211455_0001_m_000116
16/12/21 14:55:24 INFO SparkHadoopMapRedUtil: attempt_201612211455_0001_m_000116_0: Committed
16/12/21 14:55:24 INFO Executor: Finished task 116.0 in stage 1.0 (TID 117). 886 bytes result sent to driver
16/12/21 14:55:24 INFO TaskSetManager: Starting task 117.0 in stage 1.0 (TID 118, localhost, PROCESS_LOCAL, 1165 bytes)
16/12/21 14:55:24 INFO TaskSetManager: Finished task 116.0 in stage 1.0 (TID 117) in 136 ms on localhost (117/200)
16/12/21 14:55:24 INFO Executor: Running task 117.0 in stage 1.0 (TID 118)
16/12/21 14:55:24 INFO ShuffleBlockFetcherIterator: Getting 1 non-empty blocks out of 1 blocks
16/12/21 14:55:24 INFO ShuffleBlockFetcherIterator: Started 0 remote fetches in 0 ms
16/12/21 14:55:24 INFO FileOutputCommitter: Saved output of task 'attempt_201612211455_0001_m_000117_0' to file:/tmp/hive-taol/hive_2016-12-21_14-55-11_806_8556893647501887368-1/-ext-10000/_temporary/0/task_201612211455_0001_m_000117
16/12/21 14:55:24 INFO SparkHadoopMapRedUtil: attempt_201612211455_0001_m_000117_0: Committed
16/12/21 14:55:24 INFO Executor: Finished task 117.0 in stage 1.0 (TID 118). 886 bytes result sent to driver
16/12/21 14:55:24 INFO TaskSetManager: Starting task 118.0 in stage 1.0 (TID 119, localhost, PROCESS_LOCAL, 1165 bytes)
16/12/21 14:55:24 INFO TaskSetManager: Finished task 117.0 in stage 1.0 (TID 118) in 56 ms on localhost (118/200)
16/12/21 14:55:24 INFO Executor: Running task 118.0 in stage 1.0 (TID 119)
16/12/21 14:55:24 INFO ShuffleBlockFetcherIterator: Getting 1 non-empty blocks out of 1 blocks
16/12/21 14:55:24 INFO ShuffleBlockFetcherIterator: Started 0 remote fetches in 1 ms
16/12/21 14:55:24 INFO FileOutputCommitter: Saved output of task 'attempt_201612211455_0001_m_000118_0' to file:/tmp/hive-taol/hive_2016-12-21_14-55-11_806_8556893647501887368-1/-ext-10000/_temporary/0/task_201612211455_0001_m_000118
16/12/21 14:55:24 INFO SparkHadoopMapRedUtil: attempt_201612211455_0001_m_000118_0: Committed
16/12/21 14:55:24 INFO Executor: Finished task 118.0 in stage 1.0 (TID 119). 886 bytes result sent to driver
16/12/21 14:55:24 INFO TaskSetManager: Starting task 119.0 in stage 1.0 (TID 120, localhost, PROCESS_LOCAL, 1165 bytes)
16/12/21 14:55:24 INFO TaskSetManager: Finished task 118.0 in stage 1.0 (TID 119) in 75 ms on localhost (119/200)
16/12/21 14:55:24 INFO Executor: Running task 119.0 in stage 1.0 (TID 120)
16/12/21 14:55:24 INFO ShuffleBlockFetcherIterator: Getting 1 non-empty blocks out of 1 blocks
16/12/21 14:55:24 INFO ShuffleBlockFetcherIterator: Started 0 remote fetches in 0 ms
16/12/21 14:55:24 INFO FileOutputCommitter: Saved output of task 'attempt_201612211455_0001_m_000119_0' to file:/tmp/hive-taol/hive_2016-12-21_14-55-11_806_8556893647501887368-1/-ext-10000/_temporary/0/task_201612211455_0001_m_000119
16/12/21 14:55:24 INFO SparkHadoopMapRedUtil: attempt_201612211455_0001_m_000119_0: Committed
16/12/21 14:55:24 INFO Executor: Finished task 119.0 in stage 1.0 (TID 120). 886 bytes result sent to driver
16/12/21 14:55:24 INFO TaskSetManager: Starting task 120.0 in stage 1.0 (TID 121, localhost, PROCESS_LOCAL, 1165 bytes)
16/12/21 14:55:24 INFO TaskSetManager: Finished task 119.0 in stage 1.0 (TID 120) in 55 ms on localhost (120/200)
16/12/21 14:55:24 INFO Executor: Running task 120.0 in stage 1.0 (TID 121)
16/12/21 14:55:24 INFO ShuffleBlockFetcherIterator: Getting 1 non-empty blocks out of 1 blocks
16/12/21 14:55:24 INFO ShuffleBlockFetcherIterator: Started 0 remote fetches in 0 ms
16/12/21 14:55:24 INFO FileOutputCommitter: Saved output of task 'attempt_201612211455_0001_m_000120_0' to file:/tmp/hive-taol/hive_2016-12-21_14-55-11_806_8556893647501887368-1/-ext-10000/_temporary/0/task_201612211455_0001_m_000120
16/12/21 14:55:24 INFO SparkHadoopMapRedUtil: attempt_201612211455_0001_m_000120_0: Committed
16/12/21 14:55:24 INFO Executor: Finished task 120.0 in stage 1.0 (TID 121). 886 bytes result sent to driver
16/12/21 14:55:24 INFO TaskSetManager: Starting task 121.0 in stage 1.0 (TID 122, localhost, PROCESS_LOCAL, 1165 bytes)
16/12/21 14:55:24 INFO TaskSetManager: Finished task 120.0 in stage 1.0 (TID 121) in 56 ms on localhost (121/200)
16/12/21 14:55:24 INFO Executor: Running task 121.0 in stage 1.0 (TID 122)
16/12/21 14:55:24 INFO ShuffleBlockFetcherIterator: Getting 1 non-empty blocks out of 1 blocks
16/12/21 14:55:24 INFO ShuffleBlockFetcherIterator: Started 0 remote fetches in 0 ms
16/12/21 14:55:25 INFO FileOutputCommitter: Saved output of task 'attempt_201612211455_0001_m_000121_0' to file:/tmp/hive-taol/hive_2016-12-21_14-55-11_806_8556893647501887368-1/-ext-10000/_temporary/0/task_201612211455_0001_m_000121
16/12/21 14:55:25 INFO SparkHadoopMapRedUtil: attempt_201612211455_0001_m_000121_0: Committed
16/12/21 14:55:25 INFO Executor: Finished task 121.0 in stage 1.0 (TID 122). 886 bytes result sent to driver
16/12/21 14:55:25 INFO TaskSetManager: Starting task 122.0 in stage 1.0 (TID 123, localhost, PROCESS_LOCAL, 1165 bytes)
16/12/21 14:55:25 INFO TaskSetManager: Finished task 121.0 in stage 1.0 (TID 122) in 52 ms on localhost (122/200)
16/12/21 14:55:25 INFO Executor: Running task 122.0 in stage 1.0 (TID 123)
16/12/21 14:55:25 INFO ShuffleBlockFetcherIterator: Getting 1 non-empty blocks out of 1 blocks
16/12/21 14:55:25 INFO ShuffleBlockFetcherIterator: Started 0 remote fetches in 1 ms
16/12/21 14:55:25 INFO FileOutputCommitter: Saved output of task 'attempt_201612211455_0001_m_000122_0' to file:/tmp/hive-taol/hive_2016-12-21_14-55-11_806_8556893647501887368-1/-ext-10000/_temporary/0/task_201612211455_0001_m_000122
16/12/21 14:55:25 INFO SparkHadoopMapRedUtil: attempt_201612211455_0001_m_000122_0: Committed
16/12/21 14:55:25 INFO Executor: Finished task 122.0 in stage 1.0 (TID 123). 886 bytes result sent to driver
16/12/21 14:55:25 INFO TaskSetManager: Starting task 123.0 in stage 1.0 (TID 124, localhost, PROCESS_LOCAL, 1165 bytes)
16/12/21 14:55:25 INFO TaskSetManager: Finished task 122.0 in stage 1.0 (TID 123) in 72 ms on localhost (123/200)
16/12/21 14:55:25 INFO Executor: Running task 123.0 in stage 1.0 (TID 124)
16/12/21 14:55:25 INFO ShuffleBlockFetcherIterator: Getting 1 non-empty blocks out of 1 blocks
16/12/21 14:55:25 INFO ShuffleBlockFetcherIterator: Started 0 remote fetches in 2 ms
16/12/21 14:55:25 INFO FileOutputCommitter: Saved output of task 'attempt_201612211455_0001_m_000123_0' to file:/tmp/hive-taol/hive_2016-12-21_14-55-11_806_8556893647501887368-1/-ext-10000/_temporary/0/task_201612211455_0001_m_000123
16/12/21 14:55:25 INFO SparkHadoopMapRedUtil: attempt_201612211455_0001_m_000123_0: Committed
16/12/21 14:55:25 INFO Executor: Finished task 123.0 in stage 1.0 (TID 124). 886 bytes result sent to driver
16/12/21 14:55:25 INFO TaskSetManager: Starting task 124.0 in stage 1.0 (TID 125, localhost, PROCESS_LOCAL, 1165 bytes)
16/12/21 14:55:25 INFO TaskSetManager: Finished task 123.0 in stage 1.0 (TID 124) in 61 ms on localhost (124/200)
16/12/21 14:55:25 INFO Executor: Running task 124.0 in stage 1.0 (TID 125)
16/12/21 14:55:25 INFO ShuffleBlockFetcherIterator: Getting 1 non-empty blocks out of 1 blocks
16/12/21 14:55:25 INFO ShuffleBlockFetcherIterator: Started 0 remote fetches in 1 ms
16/12/21 14:55:25 INFO FileOutputCommitter: Saved output of task 'attempt_201612211455_0001_m_000124_0' to file:/tmp/hive-taol/hive_2016-12-21_14-55-11_806_8556893647501887368-1/-ext-10000/_temporary/0/task_201612211455_0001_m_000124
16/12/21 14:55:25 INFO SparkHadoopMapRedUtil: attempt_201612211455_0001_m_000124_0: Committed
16/12/21 14:55:25 INFO Executor: Finished task 124.0 in stage 1.0 (TID 125). 886 bytes result sent to driver
16/12/21 14:55:25 INFO TaskSetManager: Starting task 125.0 in stage 1.0 (TID 126, localhost, PROCESS_LOCAL, 1165 bytes)
16/12/21 14:55:25 INFO TaskSetManager: Finished task 124.0 in stage 1.0 (TID 125) in 70 ms on localhost (125/200)
16/12/21 14:55:25 INFO Executor: Running task 125.0 in stage 1.0 (TID 126)
16/12/21 14:55:25 INFO ShuffleBlockFetcherIterator: Getting 1 non-empty blocks out of 1 blocks
16/12/21 14:55:25 INFO ShuffleBlockFetcherIterator: Started 0 remote fetches in 4 ms
16/12/21 14:55:25 INFO FileOutputCommitter: Saved output of task 'attempt_201612211455_0001_m_000125_0' to file:/tmp/hive-taol/hive_2016-12-21_14-55-11_806_8556893647501887368-1/-ext-10000/_temporary/0/task_201612211455_0001_m_000125
16/12/21 14:55:25 INFO SparkHadoopMapRedUtil: attempt_201612211455_0001_m_000125_0: Committed
16/12/21 14:55:25 INFO Executor: Finished task 125.0 in stage 1.0 (TID 126). 886 bytes result sent to driver
16/12/21 14:55:25 INFO TaskSetManager: Starting task 126.0 in stage 1.0 (TID 127, localhost, PROCESS_LOCAL, 1165 bytes)
16/12/21 14:55:25 INFO TaskSetManager: Finished task 125.0 in stage 1.0 (TID 126) in 93 ms on localhost (126/200)
16/12/21 14:55:25 INFO Executor: Running task 126.0 in stage 1.0 (TID 127)
16/12/21 14:55:25 INFO ShuffleBlockFetcherIterator: Getting 1 non-empty blocks out of 1 blocks
16/12/21 14:55:25 INFO ShuffleBlockFetcherIterator: Started 0 remote fetches in 0 ms
16/12/21 14:55:25 INFO FileOutputCommitter: Saved output of task 'attempt_201612211455_0001_m_000126_0' to file:/tmp/hive-taol/hive_2016-12-21_14-55-11_806_8556893647501887368-1/-ext-10000/_temporary/0/task_201612211455_0001_m_000126
16/12/21 14:55:25 INFO SparkHadoopMapRedUtil: attempt_201612211455_0001_m_000126_0: Committed
16/12/21 14:55:25 INFO Executor: Finished task 126.0 in stage 1.0 (TID 127). 886 bytes result sent to driver
16/12/21 14:55:25 INFO TaskSetManager: Starting task 127.0 in stage 1.0 (TID 128, localhost, PROCESS_LOCAL, 1165 bytes)
16/12/21 14:55:25 INFO TaskSetManager: Finished task 126.0 in stage 1.0 (TID 127) in 72 ms on localhost (127/200)
16/12/21 14:55:25 INFO Executor: Running task 127.0 in stage 1.0 (TID 128)
16/12/21 14:55:25 INFO ShuffleBlockFetcherIterator: Getting 1 non-empty blocks out of 1 blocks
16/12/21 14:55:25 INFO ShuffleBlockFetcherIterator: Started 0 remote fetches in 1 ms
16/12/21 14:55:25 INFO FileOutputCommitter: Saved output of task 'attempt_201612211455_0001_m_000127_0' to file:/tmp/hive-taol/hive_2016-12-21_14-55-11_806_8556893647501887368-1/-ext-10000/_temporary/0/task_201612211455_0001_m_000127
16/12/21 14:55:25 INFO SparkHadoopMapRedUtil: attempt_201612211455_0001_m_000127_0: Committed
16/12/21 14:55:25 INFO Executor: Finished task 127.0 in stage 1.0 (TID 128). 886 bytes result sent to driver
16/12/21 14:55:25 INFO TaskSetManager: Starting task 128.0 in stage 1.0 (TID 129, localhost, PROCESS_LOCAL, 1165 bytes)
16/12/21 14:55:25 INFO TaskSetManager: Finished task 127.0 in stage 1.0 (TID 128) in 65 ms on localhost (128/200)
16/12/21 14:55:25 INFO Executor: Running task 128.0 in stage 1.0 (TID 129)
16/12/21 14:55:25 INFO ShuffleBlockFetcherIterator: Getting 1 non-empty blocks out of 1 blocks
16/12/21 14:55:25 INFO ShuffleBlockFetcherIterator: Started 0 remote fetches in 0 ms
16/12/21 14:55:25 INFO FileOutputCommitter: Saved output of task 'attempt_201612211455_0001_m_000128_0' to file:/tmp/hive-taol/hive_2016-12-21_14-55-11_806_8556893647501887368-1/-ext-10000/_temporary/0/task_201612211455_0001_m_000128
16/12/21 14:55:25 INFO SparkHadoopMapRedUtil: attempt_201612211455_0001_m_000128_0: Committed
16/12/21 14:55:25 INFO Executor: Finished task 128.0 in stage 1.0 (TID 129). 886 bytes result sent to driver
16/12/21 14:55:25 INFO TaskSetManager: Starting task 129.0 in stage 1.0 (TID 130, localhost, PROCESS_LOCAL, 1165 bytes)
16/12/21 14:55:25 INFO TaskSetManager: Finished task 128.0 in stage 1.0 (TID 129) in 89 ms on localhost (129/200)
16/12/21 14:55:25 INFO Executor: Running task 129.0 in stage 1.0 (TID 130)
16/12/21 14:55:25 INFO ShuffleBlockFetcherIterator: Getting 1 non-empty blocks out of 1 blocks
16/12/21 14:55:25 INFO ShuffleBlockFetcherIterator: Started 0 remote fetches in 1 ms
16/12/21 14:55:25 INFO FileOutputCommitter: Saved output of task 'attempt_201612211455_0001_m_000129_0' to file:/tmp/hive-taol/hive_2016-12-21_14-55-11_806_8556893647501887368-1/-ext-10000/_temporary/0/task_201612211455_0001_m_000129
16/12/21 14:55:25 INFO SparkHadoopMapRedUtil: attempt_201612211455_0001_m_000129_0: Committed
16/12/21 14:55:25 INFO Executor: Finished task 129.0 in stage 1.0 (TID 130). 886 bytes result sent to driver
16/12/21 14:55:25 INFO TaskSetManager: Starting task 130.0 in stage 1.0 (TID 131, localhost, PROCESS_LOCAL, 1165 bytes)
16/12/21 14:55:25 INFO Executor: Running task 130.0 in stage 1.0 (TID 131)
16/12/21 14:55:25 INFO TaskSetManager: Finished task 129.0 in stage 1.0 (TID 130) in 93 ms on localhost (130/200)
16/12/21 14:55:25 INFO ShuffleBlockFetcherIterator: Getting 1 non-empty blocks out of 1 blocks
16/12/21 14:55:25 INFO ShuffleBlockFetcherIterator: Started 0 remote fetches in 1 ms
16/12/21 14:55:25 INFO FileOutputCommitter: Saved output of task 'attempt_201612211455_0001_m_000130_0' to file:/tmp/hive-taol/hive_2016-12-21_14-55-11_806_8556893647501887368-1/-ext-10000/_temporary/0/task_201612211455_0001_m_000130
16/12/21 14:55:25 INFO SparkHadoopMapRedUtil: attempt_201612211455_0001_m_000130_0: Committed
16/12/21 14:55:25 INFO Executor: Finished task 130.0 in stage 1.0 (TID 131). 886 bytes result sent to driver
16/12/21 14:55:25 INFO TaskSetManager: Starting task 131.0 in stage 1.0 (TID 132, localhost, PROCESS_LOCAL, 1165 bytes)
16/12/21 14:55:25 INFO TaskSetManager: Finished task 130.0 in stage 1.0 (TID 131) in 132 ms on localhost (131/200)
16/12/21 14:55:25 INFO Executor: Running task 131.0 in stage 1.0 (TID 132)
16/12/21 14:55:25 INFO ShuffleBlockFetcherIterator: Getting 1 non-empty blocks out of 1 blocks
16/12/21 14:55:25 INFO ShuffleBlockFetcherIterator: Started 0 remote fetches in 0 ms
16/12/21 14:55:25 INFO FileOutputCommitter: Saved output of task 'attempt_201612211455_0001_m_000131_0' to file:/tmp/hive-taol/hive_2016-12-21_14-55-11_806_8556893647501887368-1/-ext-10000/_temporary/0/task_201612211455_0001_m_000131
16/12/21 14:55:25 INFO SparkHadoopMapRedUtil: attempt_201612211455_0001_m_000131_0: Committed
16/12/21 14:55:25 INFO Executor: Finished task 131.0 in stage 1.0 (TID 132). 886 bytes result sent to driver
16/12/21 14:55:25 INFO TaskSetManager: Starting task 132.0 in stage 1.0 (TID 133, localhost, PROCESS_LOCAL, 1165 bytes)
16/12/21 14:55:25 INFO TaskSetManager: Finished task 131.0 in stage 1.0 (TID 132) in 61 ms on localhost (132/200)
16/12/21 14:55:25 INFO Executor: Running task 132.0 in stage 1.0 (TID 133)
16/12/21 14:55:25 INFO ShuffleBlockFetcherIterator: Getting 1 non-empty blocks out of 1 blocks
16/12/21 14:55:25 INFO ShuffleBlockFetcherIterator: Started 0 remote fetches in 1 ms
16/12/21 14:55:25 INFO FileOutputCommitter: Saved output of task 'attempt_201612211455_0001_m_000132_0' to file:/tmp/hive-taol/hive_2016-12-21_14-55-11_806_8556893647501887368-1/-ext-10000/_temporary/0/task_201612211455_0001_m_000132
16/12/21 14:55:25 INFO SparkHadoopMapRedUtil: attempt_201612211455_0001_m_000132_0: Committed
16/12/21 14:55:25 INFO Executor: Finished task 132.0 in stage 1.0 (TID 133). 886 bytes result sent to driver
16/12/21 14:55:25 INFO TaskSetManager: Starting task 133.0 in stage 1.0 (TID 134, localhost, PROCESS_LOCAL, 1165 bytes)
16/12/21 14:55:25 INFO TaskSetManager: Finished task 132.0 in stage 1.0 (TID 133) in 56 ms on localhost (133/200)
16/12/21 14:55:25 INFO Executor: Running task 133.0 in stage 1.0 (TID 134)
16/12/21 14:55:25 INFO ShuffleBlockFetcherIterator: Getting 1 non-empty blocks out of 1 blocks
16/12/21 14:55:25 INFO ShuffleBlockFetcherIterator: Started 0 remote fetches in 0 ms
16/12/21 14:55:25 INFO FileOutputCommitter: Saved output of task 'attempt_201612211455_0001_m_000133_0' to file:/tmp/hive-taol/hive_2016-12-21_14-55-11_806_8556893647501887368-1/-ext-10000/_temporary/0/task_201612211455_0001_m_000133
16/12/21 14:55:25 INFO SparkHadoopMapRedUtil: attempt_201612211455_0001_m_000133_0: Committed
16/12/21 14:55:25 INFO Executor: Finished task 133.0 in stage 1.0 (TID 134). 886 bytes result sent to driver
16/12/21 14:55:25 INFO TaskSetManager: Starting task 134.0 in stage 1.0 (TID 135, localhost, PROCESS_LOCAL, 1165 bytes)
16/12/21 14:55:25 INFO TaskSetManager: Finished task 133.0 in stage 1.0 (TID 134) in 77 ms on localhost (134/200)
16/12/21 14:55:25 INFO Executor: Running task 134.0 in stage 1.0 (TID 135)
16/12/21 14:55:25 INFO ShuffleBlockFetcherIterator: Getting 1 non-empty blocks out of 1 blocks
16/12/21 14:55:25 INFO ShuffleBlockFetcherIterator: Started 0 remote fetches in 0 ms
16/12/21 14:55:25 INFO FileOutputCommitter: Saved output of task 'attempt_201612211455_0001_m_000134_0' to file:/tmp/hive-taol/hive_2016-12-21_14-55-11_806_8556893647501887368-1/-ext-10000/_temporary/0/task_201612211455_0001_m_000134
16/12/21 14:55:25 INFO SparkHadoopMapRedUtil: attempt_201612211455_0001_m_000134_0: Committed
16/12/21 14:55:25 INFO Executor: Finished task 134.0 in stage 1.0 (TID 135). 886 bytes result sent to driver
16/12/21 14:55:25 INFO TaskSetManager: Starting task 135.0 in stage 1.0 (TID 136, localhost, PROCESS_LOCAL, 1165 bytes)
16/12/21 14:55:25 INFO TaskSetManager: Finished task 134.0 in stage 1.0 (TID 135) in 51 ms on localhost (135/200)
16/12/21 14:55:25 INFO Executor: Running task 135.0 in stage 1.0 (TID 136)
16/12/21 14:55:26 INFO ShuffleBlockFetcherIterator: Getting 1 non-empty blocks out of 1 blocks
16/12/21 14:55:26 INFO ShuffleBlockFetcherIterator: Started 0 remote fetches in 1 ms
16/12/21 14:55:26 INFO FileOutputCommitter: Saved output of task 'attempt_201612211455_0001_m_000135_0' to file:/tmp/hive-taol/hive_2016-12-21_14-55-11_806_8556893647501887368-1/-ext-10000/_temporary/0/task_201612211455_0001_m_000135
16/12/21 14:55:26 INFO SparkHadoopMapRedUtil: attempt_201612211455_0001_m_000135_0: Committed
16/12/21 14:55:26 INFO Executor: Finished task 135.0 in stage 1.0 (TID 136). 886 bytes result sent to driver
16/12/21 14:55:26 INFO TaskSetManager: Starting task 136.0 in stage 1.0 (TID 137, localhost, PROCESS_LOCAL, 1165 bytes)
16/12/21 14:55:26 INFO TaskSetManager: Finished task 135.0 in stage 1.0 (TID 136) in 389 ms on localhost (136/200)
16/12/21 14:55:26 INFO Executor: Running task 136.0 in stage 1.0 (TID 137)
16/12/21 14:55:26 INFO ShuffleBlockFetcherIterator: Getting 1 non-empty blocks out of 1 blocks
16/12/21 14:55:26 INFO ShuffleBlockFetcherIterator: Started 0 remote fetches in 4 ms
16/12/21 14:55:26 INFO FileOutputCommitter: Saved output of task 'attempt_201612211455_0001_m_000136_0' to file:/tmp/hive-taol/hive_2016-12-21_14-55-11_806_8556893647501887368-1/-ext-10000/_temporary/0/task_201612211455_0001_m_000136
16/12/21 14:55:26 INFO SparkHadoopMapRedUtil: attempt_201612211455_0001_m_000136_0: Committed
16/12/21 14:55:26 INFO Executor: Finished task 136.0 in stage 1.0 (TID 137). 886 bytes result sent to driver
16/12/21 14:55:26 INFO TaskSetManager: Starting task 137.0 in stage 1.0 (TID 138, localhost, PROCESS_LOCAL, 1165 bytes)
16/12/21 14:55:26 INFO TaskSetManager: Finished task 136.0 in stage 1.0 (TID 137) in 313 ms on localhost (137/200)
16/12/21 14:55:26 INFO Executor: Running task 137.0 in stage 1.0 (TID 138)
16/12/21 14:55:26 INFO ShuffleBlockFetcherIterator: Getting 1 non-empty blocks out of 1 blocks
16/12/21 14:55:26 INFO ShuffleBlockFetcherIterator: Started 0 remote fetches in 13 ms
16/12/21 14:55:26 INFO FileOutputCommitter: Saved output of task 'attempt_201612211455_0001_m_000137_0' to file:/tmp/hive-taol/hive_2016-12-21_14-55-11_806_8556893647501887368-1/-ext-10000/_temporary/0/task_201612211455_0001_m_000137
16/12/21 14:55:26 INFO SparkHadoopMapRedUtil: attempt_201612211455_0001_m_000137_0: Committed
16/12/21 14:55:26 INFO Executor: Finished task 137.0 in stage 1.0 (TID 138). 886 bytes result sent to driver
16/12/21 14:55:26 INFO TaskSetManager: Starting task 138.0 in stage 1.0 (TID 139, localhost, PROCESS_LOCAL, 1165 bytes)
16/12/21 14:55:26 INFO TaskSetManager: Finished task 137.0 in stage 1.0 (TID 138) in 194 ms on localhost (138/200)
16/12/21 14:55:26 INFO Executor: Running task 138.0 in stage 1.0 (TID 139)
16/12/21 14:55:27 INFO ShuffleBlockFetcherIterator: Getting 1 non-empty blocks out of 1 blocks
16/12/21 14:55:27 INFO ShuffleBlockFetcherIterator: Started 0 remote fetches in 0 ms
16/12/21 14:55:27 INFO FileOutputCommitter: Saved output of task 'attempt_201612211455_0001_m_000138_0' to file:/tmp/hive-taol/hive_2016-12-21_14-55-11_806_8556893647501887368-1/-ext-10000/_temporary/0/task_201612211455_0001_m_000138
16/12/21 14:55:27 INFO SparkHadoopMapRedUtil: attempt_201612211455_0001_m_000138_0: Committed
16/12/21 14:55:27 INFO Executor: Finished task 138.0 in stage 1.0 (TID 139). 886 bytes result sent to driver
16/12/21 14:55:27 INFO TaskSetManager: Starting task 139.0 in stage 1.0 (TID 140, localhost, PROCESS_LOCAL, 1165 bytes)
16/12/21 14:55:27 INFO Executor: Running task 139.0 in stage 1.0 (TID 140)
16/12/21 14:55:27 INFO TaskSetManager: Finished task 138.0 in stage 1.0 (TID 139) in 186 ms on localhost (139/200)
16/12/21 14:55:27 INFO ShuffleBlockFetcherIterator: Getting 1 non-empty blocks out of 1 blocks
16/12/21 14:55:27 INFO ShuffleBlockFetcherIterator: Started 0 remote fetches in 1 ms
16/12/21 14:55:27 INFO FileOutputCommitter: Saved output of task 'attempt_201612211455_0001_m_000139_0' to file:/tmp/hive-taol/hive_2016-12-21_14-55-11_806_8556893647501887368-1/-ext-10000/_temporary/0/task_201612211455_0001_m_000139
16/12/21 14:55:27 INFO SparkHadoopMapRedUtil: attempt_201612211455_0001_m_000139_0: Committed
16/12/21 14:55:27 INFO Executor: Finished task 139.0 in stage 1.0 (TID 140). 886 bytes result sent to driver
16/12/21 14:55:27 INFO TaskSetManager: Starting task 140.0 in stage 1.0 (TID 141, localhost, PROCESS_LOCAL, 1165 bytes)
16/12/21 14:55:27 INFO TaskSetManager: Finished task 139.0 in stage 1.0 (TID 140) in 170 ms on localhost (140/200)
16/12/21 14:55:27 INFO Executor: Running task 140.0 in stage 1.0 (TID 141)
16/12/21 14:55:27 INFO ShuffleBlockFetcherIterator: Getting 1 non-empty blocks out of 1 blocks
16/12/21 14:55:27 INFO ShuffleBlockFetcherIterator: Started 0 remote fetches in 0 ms
16/12/21 14:55:27 INFO FileOutputCommitter: Saved output of task 'attempt_201612211455_0001_m_000140_0' to file:/tmp/hive-taol/hive_2016-12-21_14-55-11_806_8556893647501887368-1/-ext-10000/_temporary/0/task_201612211455_0001_m_000140
16/12/21 14:55:27 INFO SparkHadoopMapRedUtil: attempt_201612211455_0001_m_000140_0: Committed
16/12/21 14:55:27 INFO Executor: Finished task 140.0 in stage 1.0 (TID 141). 886 bytes result sent to driver
16/12/21 14:55:27 INFO TaskSetManager: Starting task 141.0 in stage 1.0 (TID 142, localhost, PROCESS_LOCAL, 1165 bytes)
16/12/21 14:55:27 INFO TaskSetManager: Finished task 140.0 in stage 1.0 (TID 141) in 79 ms on localhost (141/200)
16/12/21 14:55:27 INFO Executor: Running task 141.0 in stage 1.0 (TID 142)
16/12/21 14:55:27 INFO ShuffleBlockFetcherIterator: Getting 1 non-empty blocks out of 1 blocks
16/12/21 14:55:27 INFO ShuffleBlockFetcherIterator: Started 0 remote fetches in 0 ms
16/12/21 14:55:27 INFO FileOutputCommitter: Saved output of task 'attempt_201612211455_0001_m_000141_0' to file:/tmp/hive-taol/hive_2016-12-21_14-55-11_806_8556893647501887368-1/-ext-10000/_temporary/0/task_201612211455_0001_m_000141
16/12/21 14:55:27 INFO SparkHadoopMapRedUtil: attempt_201612211455_0001_m_000141_0: Committed
16/12/21 14:55:27 INFO Executor: Finished task 141.0 in stage 1.0 (TID 142). 886 bytes result sent to driver
16/12/21 14:55:27 INFO TaskSetManager: Starting task 142.0 in stage 1.0 (TID 143, localhost, PROCESS_LOCAL, 1165 bytes)
16/12/21 14:55:27 INFO TaskSetManager: Finished task 141.0 in stage 1.0 (TID 142) in 94 ms on localhost (142/200)
16/12/21 14:55:27 INFO Executor: Running task 142.0 in stage 1.0 (TID 143)
16/12/21 14:55:27 INFO ShuffleBlockFetcherIterator: Getting 1 non-empty blocks out of 1 blocks
16/12/21 14:55:27 INFO ShuffleBlockFetcherIterator: Started 0 remote fetches in 1 ms
16/12/21 14:55:27 INFO FileOutputCommitter: Saved output of task 'attempt_201612211455_0001_m_000142_0' to file:/tmp/hive-taol/hive_2016-12-21_14-55-11_806_8556893647501887368-1/-ext-10000/_temporary/0/task_201612211455_0001_m_000142
16/12/21 14:55:27 INFO SparkHadoopMapRedUtil: attempt_201612211455_0001_m_000142_0: Committed
16/12/21 14:55:27 INFO Executor: Finished task 142.0 in stage 1.0 (TID 143). 886 bytes result sent to driver
16/12/21 14:55:27 INFO TaskSetManager: Starting task 143.0 in stage 1.0 (TID 144, localhost, PROCESS_LOCAL, 1165 bytes)
16/12/21 14:55:27 INFO TaskSetManager: Finished task 142.0 in stage 1.0 (TID 143) in 127 ms on localhost (143/200)
16/12/21 14:55:27 INFO Executor: Running task 143.0 in stage 1.0 (TID 144)
16/12/21 14:55:27 INFO ShuffleBlockFetcherIterator: Getting 1 non-empty blocks out of 1 blocks
16/12/21 14:55:27 INFO ShuffleBlockFetcherIterator: Started 0 remote fetches in 0 ms
16/12/21 14:55:27 INFO FileOutputCommitter: Saved output of task 'attempt_201612211455_0001_m_000143_0' to file:/tmp/hive-taol/hive_2016-12-21_14-55-11_806_8556893647501887368-1/-ext-10000/_temporary/0/task_201612211455_0001_m_000143
16/12/21 14:55:27 INFO SparkHadoopMapRedUtil: attempt_201612211455_0001_m_000143_0: Committed
16/12/21 14:55:27 INFO Executor: Finished task 143.0 in stage 1.0 (TID 144). 886 bytes result sent to driver
16/12/21 14:55:27 INFO TaskSetManager: Starting task 144.0 in stage 1.0 (TID 145, localhost, PROCESS_LOCAL, 1165 bytes)
16/12/21 14:55:27 INFO TaskSetManager: Finished task 143.0 in stage 1.0 (TID 144) in 107 ms on localhost (144/200)
16/12/21 14:55:27 INFO Executor: Running task 144.0 in stage 1.0 (TID 145)
16/12/21 14:55:27 INFO ShuffleBlockFetcherIterator: Getting 1 non-empty blocks out of 1 blocks
16/12/21 14:55:27 INFO ShuffleBlockFetcherIterator: Started 0 remote fetches in 0 ms
16/12/21 14:55:27 INFO FileOutputCommitter: Saved output of task 'attempt_201612211455_0001_m_000144_0' to file:/tmp/hive-taol/hive_2016-12-21_14-55-11_806_8556893647501887368-1/-ext-10000/_temporary/0/task_201612211455_0001_m_000144
16/12/21 14:55:27 INFO SparkHadoopMapRedUtil: attempt_201612211455_0001_m_000144_0: Committed
16/12/21 14:55:27 INFO Executor: Finished task 144.0 in stage 1.0 (TID 145). 886 bytes result sent to driver
16/12/21 14:55:27 INFO TaskSetManager: Starting task 145.0 in stage 1.0 (TID 146, localhost, PROCESS_LOCAL, 1165 bytes)
16/12/21 14:55:27 INFO Executor: Running task 145.0 in stage 1.0 (TID 146)
16/12/21 14:55:27 INFO TaskSetManager: Finished task 144.0 in stage 1.0 (TID 145) in 79 ms on localhost (145/200)
16/12/21 14:55:27 INFO ShuffleBlockFetcherIterator: Getting 1 non-empty blocks out of 1 blocks
16/12/21 14:55:27 INFO ShuffleBlockFetcherIterator: Started 0 remote fetches in 0 ms
16/12/21 14:55:27 INFO FileOutputCommitter: Saved output of task 'attempt_201612211455_0001_m_000145_0' to file:/tmp/hive-taol/hive_2016-12-21_14-55-11_806_8556893647501887368-1/-ext-10000/_temporary/0/task_201612211455_0001_m_000145
16/12/21 14:55:27 INFO SparkHadoopMapRedUtil: attempt_201612211455_0001_m_000145_0: Committed
16/12/21 14:55:27 INFO Executor: Finished task 145.0 in stage 1.0 (TID 146). 886 bytes result sent to driver
16/12/21 14:55:27 INFO TaskSetManager: Starting task 146.0 in stage 1.0 (TID 147, localhost, PROCESS_LOCAL, 1165 bytes)
16/12/21 14:55:27 INFO TaskSetManager: Finished task 145.0 in stage 1.0 (TID 146) in 55 ms on localhost (146/200)
16/12/21 14:55:27 INFO Executor: Running task 146.0 in stage 1.0 (TID 147)
16/12/21 14:55:27 INFO ShuffleBlockFetcherIterator: Getting 1 non-empty blocks out of 1 blocks
16/12/21 14:55:27 INFO ShuffleBlockFetcherIterator: Started 0 remote fetches in 0 ms
16/12/21 14:55:27 INFO FileOutputCommitter: Saved output of task 'attempt_201612211455_0001_m_000146_0' to file:/tmp/hive-taol/hive_2016-12-21_14-55-11_806_8556893647501887368-1/-ext-10000/_temporary/0/task_201612211455_0001_m_000146
16/12/21 14:55:27 INFO SparkHadoopMapRedUtil: attempt_201612211455_0001_m_000146_0: Committed
16/12/21 14:55:27 INFO Executor: Finished task 146.0 in stage 1.0 (TID 147). 886 bytes result sent to driver
16/12/21 14:55:27 INFO TaskSetManager: Starting task 147.0 in stage 1.0 (TID 148, localhost, PROCESS_LOCAL, 1165 bytes)
16/12/21 14:55:27 INFO Executor: Running task 147.0 in stage 1.0 (TID 148)
16/12/21 14:55:27 INFO TaskSetManager: Finished task 146.0 in stage 1.0 (TID 147) in 54 ms on localhost (147/200)
16/12/21 14:55:27 INFO ShuffleBlockFetcherIterator: Getting 1 non-empty blocks out of 1 blocks
16/12/21 14:55:27 INFO ShuffleBlockFetcherIterator: Started 0 remote fetches in 1 ms
16/12/21 14:55:27 INFO FileOutputCommitter: Saved output of task 'attempt_201612211455_0001_m_000147_0' to file:/tmp/hive-taol/hive_2016-12-21_14-55-11_806_8556893647501887368-1/-ext-10000/_temporary/0/task_201612211455_0001_m_000147
16/12/21 14:55:27 INFO SparkHadoopMapRedUtil: attempt_201612211455_0001_m_000147_0: Committed
16/12/21 14:55:27 INFO Executor: Finished task 147.0 in stage 1.0 (TID 148). 886 bytes result sent to driver
16/12/21 14:55:27 INFO TaskSetManager: Starting task 148.0 in stage 1.0 (TID 149, localhost, PROCESS_LOCAL, 1165 bytes)
16/12/21 14:55:27 INFO TaskSetManager: Finished task 147.0 in stage 1.0 (TID 148) in 51 ms on localhost (148/200)
16/12/21 14:55:27 INFO Executor: Running task 148.0 in stage 1.0 (TID 149)
16/12/21 14:55:27 INFO ShuffleBlockFetcherIterator: Getting 1 non-empty blocks out of 1 blocks
16/12/21 14:55:27 INFO ShuffleBlockFetcherIterator: Started 0 remote fetches in 1 ms
16/12/21 14:55:27 INFO FileOutputCommitter: Saved output of task 'attempt_201612211455_0001_m_000148_0' to file:/tmp/hive-taol/hive_2016-12-21_14-55-11_806_8556893647501887368-1/-ext-10000/_temporary/0/task_201612211455_0001_m_000148
16/12/21 14:55:27 INFO SparkHadoopMapRedUtil: attempt_201612211455_0001_m_000148_0: Committed
16/12/21 14:55:27 INFO Executor: Finished task 148.0 in stage 1.0 (TID 149). 886 bytes result sent to driver
16/12/21 14:55:27 INFO TaskSetManager: Starting task 149.0 in stage 1.0 (TID 150, localhost, PROCESS_LOCAL, 1165 bytes)
16/12/21 14:55:27 INFO Executor: Running task 149.0 in stage 1.0 (TID 150)
16/12/21 14:55:27 INFO TaskSetManager: Finished task 148.0 in stage 1.0 (TID 149) in 43 ms on localhost (149/200)
16/12/21 14:55:27 INFO ShuffleBlockFetcherIterator: Getting 1 non-empty blocks out of 1 blocks
16/12/21 14:55:27 INFO ShuffleBlockFetcherIterator: Started 0 remote fetches in 0 ms
16/12/21 14:55:27 INFO FileOutputCommitter: Saved output of task 'attempt_201612211455_0001_m_000149_0' to file:/tmp/hive-taol/hive_2016-12-21_14-55-11_806_8556893647501887368-1/-ext-10000/_temporary/0/task_201612211455_0001_m_000149
16/12/21 14:55:27 INFO SparkHadoopMapRedUtil: attempt_201612211455_0001_m_000149_0: Committed
16/12/21 14:55:27 INFO Executor: Finished task 149.0 in stage 1.0 (TID 150). 886 bytes result sent to driver
16/12/21 14:55:27 INFO TaskSetManager: Starting task 150.0 in stage 1.0 (TID 151, localhost, PROCESS_LOCAL, 1165 bytes)
16/12/21 14:55:27 INFO TaskSetManager: Finished task 149.0 in stage 1.0 (TID 150) in 39 ms on localhost (150/200)
16/12/21 14:55:27 INFO Executor: Running task 150.0 in stage 1.0 (TID 151)
16/12/21 14:55:27 INFO ShuffleBlockFetcherIterator: Getting 1 non-empty blocks out of 1 blocks
16/12/21 14:55:27 INFO ShuffleBlockFetcherIterator: Started 0 remote fetches in 0 ms
16/12/21 14:55:28 INFO FileOutputCommitter: Saved output of task 'attempt_201612211455_0001_m_000150_0' to file:/tmp/hive-taol/hive_2016-12-21_14-55-11_806_8556893647501887368-1/-ext-10000/_temporary/0/task_201612211455_0001_m_000150
16/12/21 14:55:28 INFO SparkHadoopMapRedUtil: attempt_201612211455_0001_m_000150_0: Committed
16/12/21 14:55:28 INFO Executor: Finished task 150.0 in stage 1.0 (TID 151). 886 bytes result sent to driver
16/12/21 14:55:28 INFO TaskSetManager: Starting task 151.0 in stage 1.0 (TID 152, localhost, PROCESS_LOCAL, 1165 bytes)
16/12/21 14:55:28 INFO Executor: Running task 151.0 in stage 1.0 (TID 152)
16/12/21 14:55:28 INFO TaskSetManager: Finished task 150.0 in stage 1.0 (TID 151) in 49 ms on localhost (151/200)
16/12/21 14:55:28 INFO ShuffleBlockFetcherIterator: Getting 1 non-empty blocks out of 1 blocks
16/12/21 14:55:28 INFO ShuffleBlockFetcherIterator: Started 0 remote fetches in 0 ms
16/12/21 14:55:28 INFO FileOutputCommitter: Saved output of task 'attempt_201612211455_0001_m_000151_0' to file:/tmp/hive-taol/hive_2016-12-21_14-55-11_806_8556893647501887368-1/-ext-10000/_temporary/0/task_201612211455_0001_m_000151
16/12/21 14:55:28 INFO SparkHadoopMapRedUtil: attempt_201612211455_0001_m_000151_0: Committed
16/12/21 14:55:28 INFO Executor: Finished task 151.0 in stage 1.0 (TID 152). 886 bytes result sent to driver
16/12/21 14:55:28 INFO TaskSetManager: Starting task 152.0 in stage 1.0 (TID 153, localhost, PROCESS_LOCAL, 1165 bytes)
16/12/21 14:55:28 INFO TaskSetManager: Finished task 151.0 in stage 1.0 (TID 152) in 43 ms on localhost (152/200)
16/12/21 14:55:28 INFO Executor: Running task 152.0 in stage 1.0 (TID 153)
16/12/21 14:55:28 INFO ShuffleBlockFetcherIterator: Getting 1 non-empty blocks out of 1 blocks
16/12/21 14:55:28 INFO ShuffleBlockFetcherIterator: Started 0 remote fetches in 1 ms
16/12/21 14:55:28 INFO FileOutputCommitter: Saved output of task 'attempt_201612211455_0001_m_000152_0' to file:/tmp/hive-taol/hive_2016-12-21_14-55-11_806_8556893647501887368-1/-ext-10000/_temporary/0/task_201612211455_0001_m_000152
16/12/21 14:55:28 INFO SparkHadoopMapRedUtil: attempt_201612211455_0001_m_000152_0: Committed
16/12/21 14:55:28 INFO Executor: Finished task 152.0 in stage 1.0 (TID 153). 886 bytes result sent to driver
16/12/21 14:55:28 INFO TaskSetManager: Starting task 153.0 in stage 1.0 (TID 154, localhost, PROCESS_LOCAL, 1165 bytes)
16/12/21 14:55:28 INFO Executor: Running task 153.0 in stage 1.0 (TID 154)
16/12/21 14:55:28 INFO TaskSetManager: Finished task 152.0 in stage 1.0 (TID 153) in 40 ms on localhost (153/200)
16/12/21 14:55:28 INFO ShuffleBlockFetcherIterator: Getting 1 non-empty blocks out of 1 blocks
16/12/21 14:55:28 INFO ShuffleBlockFetcherIterator: Started 0 remote fetches in 0 ms
16/12/21 14:55:28 INFO FileOutputCommitter: Saved output of task 'attempt_201612211455_0001_m_000153_0' to file:/tmp/hive-taol/hive_2016-12-21_14-55-11_806_8556893647501887368-1/-ext-10000/_temporary/0/task_201612211455_0001_m_000153
16/12/21 14:55:28 INFO SparkHadoopMapRedUtil: attempt_201612211455_0001_m_000153_0: Committed
16/12/21 14:55:28 INFO Executor: Finished task 153.0 in stage 1.0 (TID 154). 886 bytes result sent to driver
16/12/21 14:55:28 INFO TaskSetManager: Starting task 154.0 in stage 1.0 (TID 155, localhost, PROCESS_LOCAL, 1165 bytes)
16/12/21 14:55:28 INFO Executor: Running task 154.0 in stage 1.0 (TID 155)
16/12/21 14:55:28 INFO TaskSetManager: Finished task 153.0 in stage 1.0 (TID 154) in 39 ms on localhost (154/200)
16/12/21 14:55:28 INFO ShuffleBlockFetcherIterator: Getting 1 non-empty blocks out of 1 blocks
16/12/21 14:55:28 INFO ShuffleBlockFetcherIterator: Started 0 remote fetches in 0 ms
16/12/21 14:55:28 INFO FileOutputCommitter: Saved output of task 'attempt_201612211455_0001_m_000154_0' to file:/tmp/hive-taol/hive_2016-12-21_14-55-11_806_8556893647501887368-1/-ext-10000/_temporary/0/task_201612211455_0001_m_000154
16/12/21 14:55:28 INFO SparkHadoopMapRedUtil: attempt_201612211455_0001_m_000154_0: Committed
16/12/21 14:55:28 INFO Executor: Finished task 154.0 in stage 1.0 (TID 155). 886 bytes result sent to driver
16/12/21 14:55:28 INFO TaskSetManager: Starting task 155.0 in stage 1.0 (TID 156, localhost, PROCESS_LOCAL, 1165 bytes)
16/12/21 14:55:28 INFO Executor: Running task 155.0 in stage 1.0 (TID 156)
16/12/21 14:55:28 INFO TaskSetManager: Finished task 154.0 in stage 1.0 (TID 155) in 41 ms on localhost (155/200)
16/12/21 14:55:28 INFO ShuffleBlockFetcherIterator: Getting 1 non-empty blocks out of 1 blocks
16/12/21 14:55:28 INFO ShuffleBlockFetcherIterator: Started 0 remote fetches in 1 ms
16/12/21 14:55:28 INFO FileOutputCommitter: Saved output of task 'attempt_201612211455_0001_m_000155_0' to file:/tmp/hive-taol/hive_2016-12-21_14-55-11_806_8556893647501887368-1/-ext-10000/_temporary/0/task_201612211455_0001_m_000155
16/12/21 14:55:28 INFO SparkHadoopMapRedUtil: attempt_201612211455_0001_m_000155_0: Committed
16/12/21 14:55:28 INFO Executor: Finished task 155.0 in stage 1.0 (TID 156). 886 bytes result sent to driver
16/12/21 14:55:28 INFO TaskSetManager: Starting task 156.0 in stage 1.0 (TID 157, localhost, PROCESS_LOCAL, 1165 bytes)
16/12/21 14:55:28 INFO Executor: Running task 156.0 in stage 1.0 (TID 157)
16/12/21 14:55:28 INFO TaskSetManager: Finished task 155.0 in stage 1.0 (TID 156) in 37 ms on localhost (156/200)
16/12/21 14:55:28 INFO ShuffleBlockFetcherIterator: Getting 1 non-empty blocks out of 1 blocks
16/12/21 14:55:28 INFO ShuffleBlockFetcherIterator: Started 0 remote fetches in 0 ms
16/12/21 14:55:28 INFO FileOutputCommitter: Saved output of task 'attempt_201612211455_0001_m_000156_0' to file:/tmp/hive-taol/hive_2016-12-21_14-55-11_806_8556893647501887368-1/-ext-10000/_temporary/0/task_201612211455_0001_m_000156
16/12/21 14:55:28 INFO SparkHadoopMapRedUtil: attempt_201612211455_0001_m_000156_0: Committed
16/12/21 14:55:28 INFO Executor: Finished task 156.0 in stage 1.0 (TID 157). 886 bytes result sent to driver
16/12/21 14:55:28 INFO TaskSetManager: Starting task 157.0 in stage 1.0 (TID 158, localhost, PROCESS_LOCAL, 1165 bytes)
16/12/21 14:55:28 INFO Executor: Running task 157.0 in stage 1.0 (TID 158)
16/12/21 14:55:28 INFO TaskSetManager: Finished task 156.0 in stage 1.0 (TID 157) in 41 ms on localhost (157/200)
16/12/21 14:55:28 INFO ShuffleBlockFetcherIterator: Getting 1 non-empty blocks out of 1 blocks
16/12/21 14:55:28 INFO ShuffleBlockFetcherIterator: Started 0 remote fetches in 0 ms
16/12/21 14:55:28 INFO FileOutputCommitter: Saved output of task 'attempt_201612211455_0001_m_000157_0' to file:/tmp/hive-taol/hive_2016-12-21_14-55-11_806_8556893647501887368-1/-ext-10000/_temporary/0/task_201612211455_0001_m_000157
16/12/21 14:55:28 INFO SparkHadoopMapRedUtil: attempt_201612211455_0001_m_000157_0: Committed
16/12/21 14:55:28 INFO Executor: Finished task 157.0 in stage 1.0 (TID 158). 886 bytes result sent to driver
16/12/21 14:55:28 INFO TaskSetManager: Starting task 158.0 in stage 1.0 (TID 159, localhost, PROCESS_LOCAL, 1165 bytes)
16/12/21 14:55:28 INFO Executor: Running task 158.0 in stage 1.0 (TID 159)
16/12/21 14:55:28 INFO TaskSetManager: Finished task 157.0 in stage 1.0 (TID 158) in 44 ms on localhost (158/200)
16/12/21 14:55:28 INFO ShuffleBlockFetcherIterator: Getting 1 non-empty blocks out of 1 blocks
16/12/21 14:55:28 INFO ShuffleBlockFetcherIterator: Started 0 remote fetches in 0 ms
16/12/21 14:55:28 INFO FileOutputCommitter: Saved output of task 'attempt_201612211455_0001_m_000158_0' to file:/tmp/hive-taol/hive_2016-12-21_14-55-11_806_8556893647501887368-1/-ext-10000/_temporary/0/task_201612211455_0001_m_000158
16/12/21 14:55:28 INFO SparkHadoopMapRedUtil: attempt_201612211455_0001_m_000158_0: Committed
16/12/21 14:55:28 INFO Executor: Finished task 158.0 in stage 1.0 (TID 159). 886 bytes result sent to driver
16/12/21 14:55:28 INFO TaskSetManager: Starting task 159.0 in stage 1.0 (TID 160, localhost, PROCESS_LOCAL, 1165 bytes)
16/12/21 14:55:28 INFO Executor: Running task 159.0 in stage 1.0 (TID 160)
16/12/21 14:55:28 INFO TaskSetManager: Finished task 158.0 in stage 1.0 (TID 159) in 42 ms on localhost (159/200)
16/12/21 14:55:28 INFO ShuffleBlockFetcherIterator: Getting 1 non-empty blocks out of 1 blocks
16/12/21 14:55:28 INFO ShuffleBlockFetcherIterator: Started 0 remote fetches in 1 ms
16/12/21 14:55:28 INFO FileOutputCommitter: Saved output of task 'attempt_201612211455_0001_m_000159_0' to file:/tmp/hive-taol/hive_2016-12-21_14-55-11_806_8556893647501887368-1/-ext-10000/_temporary/0/task_201612211455_0001_m_000159
16/12/21 14:55:28 INFO SparkHadoopMapRedUtil: attempt_201612211455_0001_m_000159_0: Committed
16/12/21 14:55:28 INFO Executor: Finished task 159.0 in stage 1.0 (TID 160). 886 bytes result sent to driver
16/12/21 14:55:28 INFO TaskSetManager: Starting task 160.0 in stage 1.0 (TID 161, localhost, PROCESS_LOCAL, 1165 bytes)
16/12/21 14:55:28 INFO Executor: Running task 160.0 in stage 1.0 (TID 161)
16/12/21 14:55:28 INFO TaskSetManager: Finished task 159.0 in stage 1.0 (TID 160) in 62 ms on localhost (160/200)
16/12/21 14:55:28 INFO ShuffleBlockFetcherIterator: Getting 1 non-empty blocks out of 1 blocks
16/12/21 14:55:28 INFO ShuffleBlockFetcherIterator: Started 0 remote fetches in 1 ms
16/12/21 14:55:28 INFO FileOutputCommitter: Saved output of task 'attempt_201612211455_0001_m_000160_0' to file:/tmp/hive-taol/hive_2016-12-21_14-55-11_806_8556893647501887368-1/-ext-10000/_temporary/0/task_201612211455_0001_m_000160
16/12/21 14:55:28 INFO SparkHadoopMapRedUtil: attempt_201612211455_0001_m_000160_0: Committed
16/12/21 14:55:28 INFO Executor: Finished task 160.0 in stage 1.0 (TID 161). 886 bytes result sent to driver
16/12/21 14:55:28 INFO TaskSetManager: Starting task 161.0 in stage 1.0 (TID 162, localhost, PROCESS_LOCAL, 1165 bytes)
16/12/21 14:55:28 INFO TaskSetManager: Finished task 160.0 in stage 1.0 (TID 161) in 233 ms on localhost (161/200)
16/12/21 14:55:28 INFO Executor: Running task 161.0 in stage 1.0 (TID 162)
16/12/21 14:55:28 INFO ShuffleBlockFetcherIterator: Getting 1 non-empty blocks out of 1 blocks
16/12/21 14:55:28 INFO ShuffleBlockFetcherIterator: Started 0 remote fetches in 1 ms
16/12/21 14:55:28 INFO FileOutputCommitter: Saved output of task 'attempt_201612211455_0001_m_000161_0' to file:/tmp/hive-taol/hive_2016-12-21_14-55-11_806_8556893647501887368-1/-ext-10000/_temporary/0/task_201612211455_0001_m_000161
16/12/21 14:55:28 INFO SparkHadoopMapRedUtil: attempt_201612211455_0001_m_000161_0: Committed
16/12/21 14:55:28 INFO Executor: Finished task 161.0 in stage 1.0 (TID 162). 886 bytes result sent to driver
16/12/21 14:55:28 INFO TaskSetManager: Starting task 162.0 in stage 1.0 (TID 163, localhost, PROCESS_LOCAL, 1165 bytes)
16/12/21 14:55:28 INFO TaskSetManager: Finished task 161.0 in stage 1.0 (TID 162) in 63 ms on localhost (162/200)
16/12/21 14:55:28 INFO Executor: Running task 162.0 in stage 1.0 (TID 163)
16/12/21 14:55:28 INFO ShuffleBlockFetcherIterator: Getting 1 non-empty blocks out of 1 blocks
16/12/21 14:55:28 INFO ShuffleBlockFetcherIterator: Started 0 remote fetches in 1 ms
16/12/21 14:55:28 INFO FileOutputCommitter: Saved output of task 'attempt_201612211455_0001_m_000162_0' to file:/tmp/hive-taol/hive_2016-12-21_14-55-11_806_8556893647501887368-1/-ext-10000/_temporary/0/task_201612211455_0001_m_000162
16/12/21 14:55:28 INFO SparkHadoopMapRedUtil: attempt_201612211455_0001_m_000162_0: Committed
16/12/21 14:55:28 INFO Executor: Finished task 162.0 in stage 1.0 (TID 163). 886 bytes result sent to driver
16/12/21 14:55:28 INFO TaskSetManager: Starting task 163.0 in stage 1.0 (TID 164, localhost, PROCESS_LOCAL, 1165 bytes)
16/12/21 14:55:28 INFO TaskSetManager: Finished task 162.0 in stage 1.0 (TID 163) in 58 ms on localhost (163/200)
16/12/21 14:55:28 INFO Executor: Running task 163.0 in stage 1.0 (TID 164)
16/12/21 14:55:28 INFO ShuffleBlockFetcherIterator: Getting 1 non-empty blocks out of 1 blocks
16/12/21 14:55:28 INFO ShuffleBlockFetcherIterator: Started 0 remote fetches in 0 ms
16/12/21 14:55:28 INFO FileOutputCommitter: Saved output of task 'attempt_201612211455_0001_m_000163_0' to file:/tmp/hive-taol/hive_2016-12-21_14-55-11_806_8556893647501887368-1/-ext-10000/_temporary/0/task_201612211455_0001_m_000163
16/12/21 14:55:28 INFO SparkHadoopMapRedUtil: attempt_201612211455_0001_m_000163_0: Committed
16/12/21 14:55:28 INFO Executor: Finished task 163.0 in stage 1.0 (TID 164). 886 bytes result sent to driver
16/12/21 14:55:28 INFO TaskSetManager: Starting task 164.0 in stage 1.0 (TID 165, localhost, PROCESS_LOCAL, 1165 bytes)
16/12/21 14:55:28 INFO TaskSetManager: Finished task 163.0 in stage 1.0 (TID 164) in 37 ms on localhost (164/200)
16/12/21 14:55:28 INFO Executor: Running task 164.0 in stage 1.0 (TID 165)
16/12/21 14:55:28 INFO ShuffleBlockFetcherIterator: Getting 1 non-empty blocks out of 1 blocks
16/12/21 14:55:28 INFO ShuffleBlockFetcherIterator: Started 0 remote fetches in 0 ms
16/12/21 14:55:28 INFO FileOutputCommitter: Saved output of task 'attempt_201612211455_0001_m_000164_0' to file:/tmp/hive-taol/hive_2016-12-21_14-55-11_806_8556893647501887368-1/-ext-10000/_temporary/0/task_201612211455_0001_m_000164
16/12/21 14:55:28 INFO SparkHadoopMapRedUtil: attempt_201612211455_0001_m_000164_0: Committed
16/12/21 14:55:28 INFO Executor: Finished task 164.0 in stage 1.0 (TID 165). 886 bytes result sent to driver
16/12/21 14:55:28 INFO TaskSetManager: Starting task 165.0 in stage 1.0 (TID 166, localhost, PROCESS_LOCAL, 1165 bytes)
16/12/21 14:55:28 INFO TaskSetManager: Finished task 164.0 in stage 1.0 (TID 165) in 52 ms on localhost (165/200)
16/12/21 14:55:28 INFO Executor: Running task 165.0 in stage 1.0 (TID 166)
16/12/21 14:55:28 INFO ShuffleBlockFetcherIterator: Getting 1 non-empty blocks out of 1 blocks
16/12/21 14:55:28 INFO ShuffleBlockFetcherIterator: Started 0 remote fetches in 1 ms
16/12/21 14:55:28 INFO FileOutputCommitter: Saved output of task 'attempt_201612211455_0001_m_000165_0' to file:/tmp/hive-taol/hive_2016-12-21_14-55-11_806_8556893647501887368-1/-ext-10000/_temporary/0/task_201612211455_0001_m_000165
16/12/21 14:55:28 INFO SparkHadoopMapRedUtil: attempt_201612211455_0001_m_000165_0: Committed
16/12/21 14:55:28 INFO Executor: Finished task 165.0 in stage 1.0 (TID 166). 886 bytes result sent to driver
16/12/21 14:55:28 INFO TaskSetManager: Starting task 166.0 in stage 1.0 (TID 167, localhost, PROCESS_LOCAL, 1165 bytes)
16/12/21 14:55:28 INFO Executor: Running task 166.0 in stage 1.0 (TID 167)
16/12/21 14:55:28 INFO TaskSetManager: Finished task 165.0 in stage 1.0 (TID 166) in 40 ms on localhost (166/200)
16/12/21 14:55:28 INFO ShuffleBlockFetcherIterator: Getting 1 non-empty blocks out of 1 blocks
16/12/21 14:55:28 INFO ShuffleBlockFetcherIterator: Started 0 remote fetches in 0 ms
16/12/21 14:55:28 INFO FileOutputCommitter: Saved output of task 'attempt_201612211455_0001_m_000166_0' to file:/tmp/hive-taol/hive_2016-12-21_14-55-11_806_8556893647501887368-1/-ext-10000/_temporary/0/task_201612211455_0001_m_000166
16/12/21 14:55:28 INFO SparkHadoopMapRedUtil: attempt_201612211455_0001_m_000166_0: Committed
16/12/21 14:55:28 INFO Executor: Finished task 166.0 in stage 1.0 (TID 167). 886 bytes result sent to driver
16/12/21 14:55:28 INFO TaskSetManager: Starting task 167.0 in stage 1.0 (TID 168, localhost, PROCESS_LOCAL, 1165 bytes)
16/12/21 14:55:28 INFO TaskSetManager: Finished task 166.0 in stage 1.0 (TID 167) in 44 ms on localhost (167/200)
16/12/21 14:55:28 INFO Executor: Running task 167.0 in stage 1.0 (TID 168)
16/12/21 14:55:28 INFO ShuffleBlockFetcherIterator: Getting 1 non-empty blocks out of 1 blocks
16/12/21 14:55:28 INFO ShuffleBlockFetcherIterator: Started 0 remote fetches in 0 ms
16/12/21 14:55:28 INFO FileOutputCommitter: Saved output of task 'attempt_201612211455_0001_m_000167_0' to file:/tmp/hive-taol/hive_2016-12-21_14-55-11_806_8556893647501887368-1/-ext-10000/_temporary/0/task_201612211455_0001_m_000167
16/12/21 14:55:28 INFO SparkHadoopMapRedUtil: attempt_201612211455_0001_m_000167_0: Committed
16/12/21 14:55:28 INFO Executor: Finished task 167.0 in stage 1.0 (TID 168). 886 bytes result sent to driver
16/12/21 14:55:28 INFO TaskSetManager: Starting task 168.0 in stage 1.0 (TID 169, localhost, PROCESS_LOCAL, 1165 bytes)
16/12/21 14:55:28 INFO TaskSetManager: Finished task 167.0 in stage 1.0 (TID 168) in 58 ms on localhost (168/200)
16/12/21 14:55:28 INFO Executor: Running task 168.0 in stage 1.0 (TID 169)
16/12/21 14:55:29 INFO ShuffleBlockFetcherIterator: Getting 1 non-empty blocks out of 1 blocks
16/12/21 14:55:29 INFO ShuffleBlockFetcherIterator: Started 0 remote fetches in 1 ms
16/12/21 14:55:29 INFO FileOutputCommitter: Saved output of task 'attempt_201612211455_0001_m_000168_0' to file:/tmp/hive-taol/hive_2016-12-21_14-55-11_806_8556893647501887368-1/-ext-10000/_temporary/0/task_201612211455_0001_m_000168
16/12/21 14:55:29 INFO SparkHadoopMapRedUtil: attempt_201612211455_0001_m_000168_0: Committed
16/12/21 14:55:29 INFO Executor: Finished task 168.0 in stage 1.0 (TID 169). 886 bytes result sent to driver
16/12/21 14:55:29 INFO TaskSetManager: Starting task 169.0 in stage 1.0 (TID 170, localhost, PROCESS_LOCAL, 1165 bytes)
16/12/21 14:55:29 INFO TaskSetManager: Finished task 168.0 in stage 1.0 (TID 169) in 123 ms on localhost (169/200)
16/12/21 14:55:29 INFO Executor: Running task 169.0 in stage 1.0 (TID 170)
16/12/21 14:55:29 INFO ShuffleBlockFetcherIterator: Getting 1 non-empty blocks out of 1 blocks
16/12/21 14:55:29 INFO ShuffleBlockFetcherIterator: Started 0 remote fetches in 1 ms
16/12/21 14:55:29 INFO FileOutputCommitter: Saved output of task 'attempt_201612211455_0001_m_000169_0' to file:/tmp/hive-taol/hive_2016-12-21_14-55-11_806_8556893647501887368-1/-ext-10000/_temporary/0/task_201612211455_0001_m_000169
16/12/21 14:55:29 INFO SparkHadoopMapRedUtil: attempt_201612211455_0001_m_000169_0: Committed
16/12/21 14:55:29 INFO Executor: Finished task 169.0 in stage 1.0 (TID 170). 886 bytes result sent to driver
16/12/21 14:55:29 INFO TaskSetManager: Starting task 170.0 in stage 1.0 (TID 171, localhost, PROCESS_LOCAL, 1165 bytes)
16/12/21 14:55:29 INFO TaskSetManager: Finished task 169.0 in stage 1.0 (TID 170) in 48 ms on localhost (170/200)
16/12/21 14:55:29 INFO Executor: Running task 170.0 in stage 1.0 (TID 171)
16/12/21 14:55:29 INFO ShuffleBlockFetcherIterator: Getting 1 non-empty blocks out of 1 blocks
16/12/21 14:55:29 INFO ShuffleBlockFetcherIterator: Started 0 remote fetches in 1 ms
16/12/21 14:55:29 INFO FileOutputCommitter: Saved output of task 'attempt_201612211455_0001_m_000170_0' to file:/tmp/hive-taol/hive_2016-12-21_14-55-11_806_8556893647501887368-1/-ext-10000/_temporary/0/task_201612211455_0001_m_000170
16/12/21 14:55:29 INFO SparkHadoopMapRedUtil: attempt_201612211455_0001_m_000170_0: Committed
16/12/21 14:55:29 INFO Executor: Finished task 170.0 in stage 1.0 (TID 171). 886 bytes result sent to driver
16/12/21 14:55:29 INFO TaskSetManager: Starting task 171.0 in stage 1.0 (TID 172, localhost, PROCESS_LOCAL, 1165 bytes)
16/12/21 14:55:29 INFO TaskSetManager: Finished task 170.0 in stage 1.0 (TID 171) in 36 ms on localhost (171/200)
16/12/21 14:55:29 INFO Executor: Running task 171.0 in stage 1.0 (TID 172)
16/12/21 14:55:29 INFO ShuffleBlockFetcherIterator: Getting 1 non-empty blocks out of 1 blocks
16/12/21 14:55:29 INFO ShuffleBlockFetcherIterator: Started 0 remote fetches in 0 ms
16/12/21 14:55:29 INFO FileOutputCommitter: Saved output of task 'attempt_201612211455_0001_m_000171_0' to file:/tmp/hive-taol/hive_2016-12-21_14-55-11_806_8556893647501887368-1/-ext-10000/_temporary/0/task_201612211455_0001_m_000171
16/12/21 14:55:29 INFO SparkHadoopMapRedUtil: attempt_201612211455_0001_m_000171_0: Committed
16/12/21 14:55:29 INFO Executor: Finished task 171.0 in stage 1.0 (TID 172). 886 bytes result sent to driver
16/12/21 14:55:29 INFO TaskSetManager: Starting task 172.0 in stage 1.0 (TID 173, localhost, PROCESS_LOCAL, 1165 bytes)
16/12/21 14:55:29 INFO TaskSetManager: Finished task 171.0 in stage 1.0 (TID 172) in 28 ms on localhost (172/200)
16/12/21 14:55:29 INFO Executor: Running task 172.0 in stage 1.0 (TID 173)
16/12/21 14:55:29 INFO ShuffleBlockFetcherIterator: Getting 1 non-empty blocks out of 1 blocks
16/12/21 14:55:29 INFO ShuffleBlockFetcherIterator: Started 0 remote fetches in 0 ms
16/12/21 14:55:29 INFO FileOutputCommitter: Saved output of task 'attempt_201612211455_0001_m_000172_0' to file:/tmp/hive-taol/hive_2016-12-21_14-55-11_806_8556893647501887368-1/-ext-10000/_temporary/0/task_201612211455_0001_m_000172
16/12/21 14:55:29 INFO SparkHadoopMapRedUtil: attempt_201612211455_0001_m_000172_0: Committed
16/12/21 14:55:29 INFO Executor: Finished task 172.0 in stage 1.0 (TID 173). 886 bytes result sent to driver
16/12/21 14:55:29 INFO TaskSetManager: Starting task 173.0 in stage 1.0 (TID 174, localhost, PROCESS_LOCAL, 1165 bytes)
16/12/21 14:55:29 INFO Executor: Running task 173.0 in stage 1.0 (TID 174)
16/12/21 14:55:29 INFO TaskSetManager: Finished task 172.0 in stage 1.0 (TID 173) in 39 ms on localhost (173/200)
16/12/21 14:55:29 INFO ShuffleBlockFetcherIterator: Getting 1 non-empty blocks out of 1 blocks
16/12/21 14:55:29 INFO ShuffleBlockFetcherIterator: Started 0 remote fetches in 1 ms
16/12/21 14:55:29 INFO FileOutputCommitter: Saved output of task 'attempt_201612211455_0001_m_000173_0' to file:/tmp/hive-taol/hive_2016-12-21_14-55-11_806_8556893647501887368-1/-ext-10000/_temporary/0/task_201612211455_0001_m_000173
16/12/21 14:55:29 INFO SparkHadoopMapRedUtil: attempt_201612211455_0001_m_000173_0: Committed
16/12/21 14:55:29 INFO Executor: Finished task 173.0 in stage 1.0 (TID 174). 886 bytes result sent to driver
16/12/21 14:55:29 INFO TaskSetManager: Starting task 174.0 in stage 1.0 (TID 175, localhost, PROCESS_LOCAL, 1165 bytes)
16/12/21 14:55:29 INFO TaskSetManager: Finished task 173.0 in stage 1.0 (TID 174) in 31 ms on localhost (174/200)
16/12/21 14:55:29 INFO Executor: Running task 174.0 in stage 1.0 (TID 175)
16/12/21 14:55:29 INFO ShuffleBlockFetcherIterator: Getting 1 non-empty blocks out of 1 blocks
16/12/21 14:55:29 INFO ShuffleBlockFetcherIterator: Started 0 remote fetches in 1 ms
16/12/21 14:55:29 INFO FileOutputCommitter: Saved output of task 'attempt_201612211455_0001_m_000174_0' to file:/tmp/hive-taol/hive_2016-12-21_14-55-11_806_8556893647501887368-1/-ext-10000/_temporary/0/task_201612211455_0001_m_000174
16/12/21 14:55:29 INFO SparkHadoopMapRedUtil: attempt_201612211455_0001_m_000174_0: Committed
16/12/21 14:55:29 INFO Executor: Finished task 174.0 in stage 1.0 (TID 175). 886 bytes result sent to driver
16/12/21 14:55:29 INFO TaskSetManager: Starting task 175.0 in stage 1.0 (TID 176, localhost, PROCESS_LOCAL, 1165 bytes)
16/12/21 14:55:29 INFO TaskSetManager: Finished task 174.0 in stage 1.0 (TID 175) in 32 ms on localhost (175/200)
16/12/21 14:55:29 INFO Executor: Running task 175.0 in stage 1.0 (TID 176)
16/12/21 14:55:29 INFO ShuffleBlockFetcherIterator: Getting 1 non-empty blocks out of 1 blocks
16/12/21 14:55:29 INFO ShuffleBlockFetcherIterator: Started 0 remote fetches in 0 ms
16/12/21 14:55:29 INFO FileOutputCommitter: Saved output of task 'attempt_201612211455_0001_m_000175_0' to file:/tmp/hive-taol/hive_2016-12-21_14-55-11_806_8556893647501887368-1/-ext-10000/_temporary/0/task_201612211455_0001_m_000175
16/12/21 14:55:29 INFO SparkHadoopMapRedUtil: attempt_201612211455_0001_m_000175_0: Committed
16/12/21 14:55:29 INFO Executor: Finished task 175.0 in stage 1.0 (TID 176). 886 bytes result sent to driver
16/12/21 14:55:29 INFO TaskSetManager: Starting task 176.0 in stage 1.0 (TID 177, localhost, PROCESS_LOCAL, 1165 bytes)
16/12/21 14:55:29 INFO Executor: Running task 176.0 in stage 1.0 (TID 177)
16/12/21 14:55:29 INFO TaskSetManager: Finished task 175.0 in stage 1.0 (TID 176) in 37 ms on localhost (176/200)
16/12/21 14:55:29 INFO ShuffleBlockFetcherIterator: Getting 1 non-empty blocks out of 1 blocks
16/12/21 14:55:29 INFO ShuffleBlockFetcherIterator: Started 0 remote fetches in 0 ms
16/12/21 14:55:29 INFO FileOutputCommitter: Saved output of task 'attempt_201612211455_0001_m_000176_0' to file:/tmp/hive-taol/hive_2016-12-21_14-55-11_806_8556893647501887368-1/-ext-10000/_temporary/0/task_201612211455_0001_m_000176
16/12/21 14:55:29 INFO SparkHadoopMapRedUtil: attempt_201612211455_0001_m_000176_0: Committed
16/12/21 14:55:29 INFO Executor: Finished task 176.0 in stage 1.0 (TID 177). 886 bytes result sent to driver
16/12/21 14:55:29 INFO TaskSetManager: Starting task 177.0 in stage 1.0 (TID 178, localhost, PROCESS_LOCAL, 1165 bytes)
16/12/21 14:55:29 INFO Executor: Running task 177.0 in stage 1.0 (TID 178)
16/12/21 14:55:29 INFO TaskSetManager: Finished task 176.0 in stage 1.0 (TID 177) in 36 ms on localhost (177/200)
16/12/21 14:55:29 INFO ShuffleBlockFetcherIterator: Getting 1 non-empty blocks out of 1 blocks
16/12/21 14:55:29 INFO ShuffleBlockFetcherIterator: Started 0 remote fetches in 10 ms
16/12/21 14:55:29 INFO FileOutputCommitter: Saved output of task 'attempt_201612211455_0001_m_000177_0' to file:/tmp/hive-taol/hive_2016-12-21_14-55-11_806_8556893647501887368-1/-ext-10000/_temporary/0/task_201612211455_0001_m_000177
16/12/21 14:55:29 INFO SparkHadoopMapRedUtil: attempt_201612211455_0001_m_000177_0: Committed
16/12/21 14:55:29 INFO Executor: Finished task 177.0 in stage 1.0 (TID 178). 886 bytes result sent to driver
16/12/21 14:55:29 INFO TaskSetManager: Starting task 178.0 in stage 1.0 (TID 179, localhost, PROCESS_LOCAL, 1165 bytes)
16/12/21 14:55:29 INFO Executor: Running task 178.0 in stage 1.0 (TID 179)
16/12/21 14:55:29 INFO TaskSetManager: Finished task 177.0 in stage 1.0 (TID 178) in 197 ms on localhost (178/200)
16/12/21 14:55:29 INFO ShuffleBlockFetcherIterator: Getting 1 non-empty blocks out of 1 blocks
16/12/21 14:55:29 INFO ShuffleBlockFetcherIterator: Started 0 remote fetches in 1 ms
16/12/21 14:55:29 INFO FileOutputCommitter: Saved output of task 'attempt_201612211455_0001_m_000178_0' to file:/tmp/hive-taol/hive_2016-12-21_14-55-11_806_8556893647501887368-1/-ext-10000/_temporary/0/task_201612211455_0001_m_000178
16/12/21 14:55:29 INFO SparkHadoopMapRedUtil: attempt_201612211455_0001_m_000178_0: Committed
16/12/21 14:55:29 INFO Executor: Finished task 178.0 in stage 1.0 (TID 179). 886 bytes result sent to driver
16/12/21 14:55:29 INFO TaskSetManager: Starting task 179.0 in stage 1.0 (TID 180, localhost, PROCESS_LOCAL, 1165 bytes)
16/12/21 14:55:29 INFO Executor: Running task 179.0 in stage 1.0 (TID 180)
16/12/21 14:55:29 INFO TaskSetManager: Finished task 178.0 in stage 1.0 (TID 179) in 118 ms on localhost (179/200)
16/12/21 14:55:29 INFO ShuffleBlockFetcherIterator: Getting 1 non-empty blocks out of 1 blocks
16/12/21 14:55:29 INFO ShuffleBlockFetcherIterator: Started 0 remote fetches in 1 ms
16/12/21 14:55:29 INFO FileOutputCommitter: Saved output of task 'attempt_201612211455_0001_m_000179_0' to file:/tmp/hive-taol/hive_2016-12-21_14-55-11_806_8556893647501887368-1/-ext-10000/_temporary/0/task_201612211455_0001_m_000179
16/12/21 14:55:29 INFO SparkHadoopMapRedUtil: attempt_201612211455_0001_m_000179_0: Committed
16/12/21 14:55:29 INFO Executor: Finished task 179.0 in stage 1.0 (TID 180). 886 bytes result sent to driver
16/12/21 14:55:29 INFO TaskSetManager: Starting task 180.0 in stage 1.0 (TID 181, localhost, PROCESS_LOCAL, 1165 bytes)
16/12/21 14:55:29 INFO TaskSetManager: Finished task 179.0 in stage 1.0 (TID 180) in 65 ms on localhost (180/200)
16/12/21 14:55:29 INFO Executor: Running task 180.0 in stage 1.0 (TID 181)
16/12/21 14:55:29 INFO ShuffleBlockFetcherIterator: Getting 1 non-empty blocks out of 1 blocks
16/12/21 14:55:29 INFO ShuffleBlockFetcherIterator: Started 0 remote fetches in 0 ms
16/12/21 14:55:29 INFO FileOutputCommitter: Saved output of task 'attempt_201612211455_0001_m_000180_0' to file:/tmp/hive-taol/hive_2016-12-21_14-55-11_806_8556893647501887368-1/-ext-10000/_temporary/0/task_201612211455_0001_m_000180
16/12/21 14:55:29 INFO SparkHadoopMapRedUtil: attempt_201612211455_0001_m_000180_0: Committed
16/12/21 14:55:29 INFO Executor: Finished task 180.0 in stage 1.0 (TID 181). 886 bytes result sent to driver
16/12/21 14:55:29 INFO TaskSetManager: Starting task 181.0 in stage 1.0 (TID 182, localhost, PROCESS_LOCAL, 1165 bytes)
16/12/21 14:55:29 INFO TaskSetManager: Finished task 180.0 in stage 1.0 (TID 181) in 170 ms on localhost (181/200)
16/12/21 14:55:29 INFO Executor: Running task 181.0 in stage 1.0 (TID 182)
16/12/21 14:55:30 INFO ShuffleBlockFetcherIterator: Getting 1 non-empty blocks out of 1 blocks
16/12/21 14:55:30 INFO ShuffleBlockFetcherIterator: Started 0 remote fetches in 0 ms
16/12/21 14:55:30 INFO FileOutputCommitter: Saved output of task 'attempt_201612211455_0001_m_000181_0' to file:/tmp/hive-taol/hive_2016-12-21_14-55-11_806_8556893647501887368-1/-ext-10000/_temporary/0/task_201612211455_0001_m_000181
16/12/21 14:55:30 INFO SparkHadoopMapRedUtil: attempt_201612211455_0001_m_000181_0: Committed
16/12/21 14:55:30 INFO Executor: Finished task 181.0 in stage 1.0 (TID 182). 886 bytes result sent to driver
16/12/21 14:55:30 INFO TaskSetManager: Starting task 182.0 in stage 1.0 (TID 183, localhost, PROCESS_LOCAL, 1165 bytes)
16/12/21 14:55:30 INFO TaskSetManager: Finished task 181.0 in stage 1.0 (TID 182) in 99 ms on localhost (182/200)
16/12/21 14:55:30 INFO Executor: Running task 182.0 in stage 1.0 (TID 183)
16/12/21 14:55:30 INFO ShuffleBlockFetcherIterator: Getting 1 non-empty blocks out of 1 blocks
16/12/21 14:55:30 INFO ShuffleBlockFetcherIterator: Started 0 remote fetches in 0 ms
16/12/21 14:55:30 INFO FileOutputCommitter: Saved output of task 'attempt_201612211455_0001_m_000182_0' to file:/tmp/hive-taol/hive_2016-12-21_14-55-11_806_8556893647501887368-1/-ext-10000/_temporary/0/task_201612211455_0001_m_000182
16/12/21 14:55:30 INFO SparkHadoopMapRedUtil: attempt_201612211455_0001_m_000182_0: Committed
16/12/21 14:55:30 INFO Executor: Finished task 182.0 in stage 1.0 (TID 183). 886 bytes result sent to driver
16/12/21 14:55:30 INFO TaskSetManager: Starting task 183.0 in stage 1.0 (TID 184, localhost, PROCESS_LOCAL, 1165 bytes)
16/12/21 14:55:30 INFO TaskSetManager: Finished task 182.0 in stage 1.0 (TID 183) in 60 ms on localhost (183/200)
16/12/21 14:55:30 INFO Executor: Running task 183.0 in stage 1.0 (TID 184)
16/12/21 14:55:30 INFO ShuffleBlockFetcherIterator: Getting 1 non-empty blocks out of 1 blocks
16/12/21 14:55:30 INFO ShuffleBlockFetcherIterator: Started 0 remote fetches in 1 ms
16/12/21 14:55:30 INFO FileOutputCommitter: Saved output of task 'attempt_201612211455_0001_m_000183_0' to file:/tmp/hive-taol/hive_2016-12-21_14-55-11_806_8556893647501887368-1/-ext-10000/_temporary/0/task_201612211455_0001_m_000183
16/12/21 14:55:30 INFO SparkHadoopMapRedUtil: attempt_201612211455_0001_m_000183_0: Committed
16/12/21 14:55:30 INFO Executor: Finished task 183.0 in stage 1.0 (TID 184). 886 bytes result sent to driver
16/12/21 14:55:30 INFO TaskSetManager: Starting task 184.0 in stage 1.0 (TID 185, localhost, PROCESS_LOCAL, 1165 bytes)
16/12/21 14:55:30 INFO TaskSetManager: Finished task 183.0 in stage 1.0 (TID 184) in 46 ms on localhost (184/200)
16/12/21 14:55:30 INFO Executor: Running task 184.0 in stage 1.0 (TID 185)
16/12/21 14:55:30 INFO ShuffleBlockFetcherIterator: Getting 1 non-empty blocks out of 1 blocks
16/12/21 14:55:30 INFO ShuffleBlockFetcherIterator: Started 0 remote fetches in 0 ms
16/12/21 14:55:30 INFO FileOutputCommitter: Saved output of task 'attempt_201612211455_0001_m_000184_0' to file:/tmp/hive-taol/hive_2016-12-21_14-55-11_806_8556893647501887368-1/-ext-10000/_temporary/0/task_201612211455_0001_m_000184
16/12/21 14:55:30 INFO SparkHadoopMapRedUtil: attempt_201612211455_0001_m_000184_0: Committed
16/12/21 14:55:30 INFO Executor: Finished task 184.0 in stage 1.0 (TID 185). 886 bytes result sent to driver
16/12/21 14:55:30 INFO TaskSetManager: Starting task 185.0 in stage 1.0 (TID 186, localhost, PROCESS_LOCAL, 1165 bytes)
16/12/21 14:55:30 INFO TaskSetManager: Finished task 184.0 in stage 1.0 (TID 185) in 67 ms on localhost (185/200)
16/12/21 14:55:30 INFO Executor: Running task 185.0 in stage 1.0 (TID 186)
16/12/21 14:55:30 INFO ShuffleBlockFetcherIterator: Getting 1 non-empty blocks out of 1 blocks
16/12/21 14:55:30 INFO ShuffleBlockFetcherIterator: Started 0 remote fetches in 0 ms
16/12/21 14:55:30 INFO FileOutputCommitter: Saved output of task 'attempt_201612211455_0001_m_000185_0' to file:/tmp/hive-taol/hive_2016-12-21_14-55-11_806_8556893647501887368-1/-ext-10000/_temporary/0/task_201612211455_0001_m_000185
16/12/21 14:55:30 INFO SparkHadoopMapRedUtil: attempt_201612211455_0001_m_000185_0: Committed
16/12/21 14:55:30 INFO Executor: Finished task 185.0 in stage 1.0 (TID 186). 886 bytes result sent to driver
16/12/21 14:55:30 INFO TaskSetManager: Starting task 186.0 in stage 1.0 (TID 187, localhost, PROCESS_LOCAL, 1165 bytes)
16/12/21 14:55:30 INFO TaskSetManager: Finished task 185.0 in stage 1.0 (TID 186) in 47 ms on localhost (186/200)
16/12/21 14:55:30 INFO Executor: Running task 186.0 in stage 1.0 (TID 187)
16/12/21 14:55:30 INFO ShuffleBlockFetcherIterator: Getting 1 non-empty blocks out of 1 blocks
16/12/21 14:55:30 INFO ShuffleBlockFetcherIterator: Started 0 remote fetches in 0 ms
16/12/21 14:55:30 INFO FileOutputCommitter: Saved output of task 'attempt_201612211455_0001_m_000186_0' to file:/tmp/hive-taol/hive_2016-12-21_14-55-11_806_8556893647501887368-1/-ext-10000/_temporary/0/task_201612211455_0001_m_000186
16/12/21 14:55:30 INFO SparkHadoopMapRedUtil: attempt_201612211455_0001_m_000186_0: Committed
16/12/21 14:55:30 INFO Executor: Finished task 186.0 in stage 1.0 (TID 187). 886 bytes result sent to driver
16/12/21 14:55:30 INFO TaskSetManager: Starting task 187.0 in stage 1.0 (TID 188, localhost, PROCESS_LOCAL, 1165 bytes)
16/12/21 14:55:30 INFO TaskSetManager: Finished task 186.0 in stage 1.0 (TID 187) in 44 ms on localhost (187/200)
16/12/21 14:55:30 INFO Executor: Running task 187.0 in stage 1.0 (TID 188)
16/12/21 14:55:30 INFO ShuffleBlockFetcherIterator: Getting 1 non-empty blocks out of 1 blocks
16/12/21 14:55:30 INFO ShuffleBlockFetcherIterator: Started 0 remote fetches in 0 ms
16/12/21 14:55:30 INFO FileOutputCommitter: Saved output of task 'attempt_201612211455_0001_m_000187_0' to file:/tmp/hive-taol/hive_2016-12-21_14-55-11_806_8556893647501887368-1/-ext-10000/_temporary/0/task_201612211455_0001_m_000187
16/12/21 14:55:30 INFO SparkHadoopMapRedUtil: attempt_201612211455_0001_m_000187_0: Committed
16/12/21 14:55:30 INFO Executor: Finished task 187.0 in stage 1.0 (TID 188). 886 bytes result sent to driver
16/12/21 14:55:30 INFO TaskSetManager: Starting task 188.0 in stage 1.0 (TID 189, localhost, PROCESS_LOCAL, 1165 bytes)
16/12/21 14:55:30 INFO TaskSetManager: Finished task 187.0 in stage 1.0 (TID 188) in 35 ms on localhost (188/200)
16/12/21 14:55:30 INFO Executor: Running task 188.0 in stage 1.0 (TID 189)
16/12/21 14:55:30 INFO ShuffleBlockFetcherIterator: Getting 1 non-empty blocks out of 1 blocks
16/12/21 14:55:30 INFO ShuffleBlockFetcherIterator: Started 0 remote fetches in 13 ms
16/12/21 14:55:30 INFO FileOutputCommitter: Saved output of task 'attempt_201612211455_0001_m_000188_0' to file:/tmp/hive-taol/hive_2016-12-21_14-55-11_806_8556893647501887368-1/-ext-10000/_temporary/0/task_201612211455_0001_m_000188
16/12/21 14:55:30 INFO SparkHadoopMapRedUtil: attempt_201612211455_0001_m_000188_0: Committed
16/12/21 14:55:30 INFO Executor: Finished task 188.0 in stage 1.0 (TID 189). 886 bytes result sent to driver
16/12/21 14:55:30 INFO TaskSetManager: Starting task 189.0 in stage 1.0 (TID 190, localhost, PROCESS_LOCAL, 1165 bytes)
16/12/21 14:55:30 INFO TaskSetManager: Finished task 188.0 in stage 1.0 (TID 189) in 81 ms on localhost (189/200)
16/12/21 14:55:30 INFO Executor: Running task 189.0 in stage 1.0 (TID 190)
16/12/21 14:55:30 INFO ShuffleBlockFetcherIterator: Getting 1 non-empty blocks out of 1 blocks
16/12/21 14:55:30 INFO ShuffleBlockFetcherIterator: Started 0 remote fetches in 0 ms
16/12/21 14:55:30 INFO FileOutputCommitter: Saved output of task 'attempt_201612211455_0001_m_000189_0' to file:/tmp/hive-taol/hive_2016-12-21_14-55-11_806_8556893647501887368-1/-ext-10000/_temporary/0/task_201612211455_0001_m_000189
16/12/21 14:55:30 INFO SparkHadoopMapRedUtil: attempt_201612211455_0001_m_000189_0: Committed
16/12/21 14:55:30 INFO Executor: Finished task 189.0 in stage 1.0 (TID 190). 886 bytes result sent to driver
16/12/21 14:55:30 INFO TaskSetManager: Starting task 190.0 in stage 1.0 (TID 191, localhost, PROCESS_LOCAL, 1165 bytes)
16/12/21 14:55:30 INFO TaskSetManager: Finished task 189.0 in stage 1.0 (TID 190) in 47 ms on localhost (190/200)
16/12/21 14:55:30 INFO Executor: Running task 190.0 in stage 1.0 (TID 191)
16/12/21 14:55:30 INFO ShuffleBlockFetcherIterator: Getting 1 non-empty blocks out of 1 blocks
16/12/21 14:55:30 INFO ShuffleBlockFetcherIterator: Started 0 remote fetches in 1 ms
16/12/21 14:55:30 INFO FileOutputCommitter: Saved output of task 'attempt_201612211455_0001_m_000190_0' to file:/tmp/hive-taol/hive_2016-12-21_14-55-11_806_8556893647501887368-1/-ext-10000/_temporary/0/task_201612211455_0001_m_000190
16/12/21 14:55:30 INFO SparkHadoopMapRedUtil: attempt_201612211455_0001_m_000190_0: Committed
16/12/21 14:55:30 INFO Executor: Finished task 190.0 in stage 1.0 (TID 191). 886 bytes result sent to driver
16/12/21 14:55:30 INFO TaskSetManager: Starting task 191.0 in stage 1.0 (TID 192, localhost, PROCESS_LOCAL, 1165 bytes)
16/12/21 14:55:30 INFO TaskSetManager: Finished task 190.0 in stage 1.0 (TID 191) in 43 ms on localhost (191/200)
16/12/21 14:55:30 INFO Executor: Running task 191.0 in stage 1.0 (TID 192)
16/12/21 14:55:30 INFO ShuffleBlockFetcherIterator: Getting 1 non-empty blocks out of 1 blocks
16/12/21 14:55:30 INFO ShuffleBlockFetcherIterator: Started 0 remote fetches in 0 ms
16/12/21 14:55:30 INFO FileOutputCommitter: Saved output of task 'attempt_201612211455_0001_m_000191_0' to file:/tmp/hive-taol/hive_2016-12-21_14-55-11_806_8556893647501887368-1/-ext-10000/_temporary/0/task_201612211455_0001_m_000191
16/12/21 14:55:30 INFO SparkHadoopMapRedUtil: attempt_201612211455_0001_m_000191_0: Committed
16/12/21 14:55:30 INFO Executor: Finished task 191.0 in stage 1.0 (TID 192). 886 bytes result sent to driver
16/12/21 14:55:30 INFO TaskSetManager: Starting task 192.0 in stage 1.0 (TID 193, localhost, PROCESS_LOCAL, 1165 bytes)
16/12/21 14:55:30 INFO TaskSetManager: Finished task 191.0 in stage 1.0 (TID 192) in 44 ms on localhost (192/200)
16/12/21 14:55:30 INFO Executor: Running task 192.0 in stage 1.0 (TID 193)
16/12/21 14:55:30 INFO ShuffleBlockFetcherIterator: Getting 1 non-empty blocks out of 1 blocks
16/12/21 14:55:30 INFO ShuffleBlockFetcherIterator: Started 0 remote fetches in 0 ms
16/12/21 14:55:30 INFO FileOutputCommitter: Saved output of task 'attempt_201612211455_0001_m_000192_0' to file:/tmp/hive-taol/hive_2016-12-21_14-55-11_806_8556893647501887368-1/-ext-10000/_temporary/0/task_201612211455_0001_m_000192
16/12/21 14:55:30 INFO SparkHadoopMapRedUtil: attempt_201612211455_0001_m_000192_0: Committed
16/12/21 14:55:30 INFO Executor: Finished task 192.0 in stage 1.0 (TID 193). 886 bytes result sent to driver
16/12/21 14:55:30 INFO TaskSetManager: Starting task 193.0 in stage 1.0 (TID 194, localhost, PROCESS_LOCAL, 1165 bytes)
16/12/21 14:55:30 INFO TaskSetManager: Finished task 192.0 in stage 1.0 (TID 193) in 37 ms on localhost (193/200)
16/12/21 14:55:30 INFO Executor: Running task 193.0 in stage 1.0 (TID 194)
16/12/21 14:55:30 INFO ShuffleBlockFetcherIterator: Getting 1 non-empty blocks out of 1 blocks
16/12/21 14:55:30 INFO ShuffleBlockFetcherIterator: Started 0 remote fetches in 0 ms
16/12/21 14:55:30 INFO FileOutputCommitter: Saved output of task 'attempt_201612211455_0001_m_000193_0' to file:/tmp/hive-taol/hive_2016-12-21_14-55-11_806_8556893647501887368-1/-ext-10000/_temporary/0/task_201612211455_0001_m_000193
16/12/21 14:55:30 INFO SparkHadoopMapRedUtil: attempt_201612211455_0001_m_000193_0: Committed
16/12/21 14:55:30 INFO Executor: Finished task 193.0 in stage 1.0 (TID 194). 886 bytes result sent to driver
16/12/21 14:55:30 INFO TaskSetManager: Starting task 194.0 in stage 1.0 (TID 195, localhost, PROCESS_LOCAL, 1165 bytes)
16/12/21 14:55:30 INFO TaskSetManager: Finished task 193.0 in stage 1.0 (TID 194) in 37 ms on localhost (194/200)
16/12/21 14:55:30 INFO Executor: Running task 194.0 in stage 1.0 (TID 195)
16/12/21 14:55:30 INFO ShuffleBlockFetcherIterator: Getting 1 non-empty blocks out of 1 blocks
16/12/21 14:55:30 INFO ShuffleBlockFetcherIterator: Started 0 remote fetches in 0 ms
16/12/21 14:55:30 INFO FileOutputCommitter: Saved output of task 'attempt_201612211455_0001_m_000194_0' to file:/tmp/hive-taol/hive_2016-12-21_14-55-11_806_8556893647501887368-1/-ext-10000/_temporary/0/task_201612211455_0001_m_000194
16/12/21 14:55:30 INFO SparkHadoopMapRedUtil: attempt_201612211455_0001_m_000194_0: Committed
16/12/21 14:55:30 INFO Executor: Finished task 194.0 in stage 1.0 (TID 195). 886 bytes result sent to driver
16/12/21 14:55:30 INFO TaskSetManager: Starting task 195.0 in stage 1.0 (TID 196, localhost, PROCESS_LOCAL, 1165 bytes)
16/12/21 14:55:30 INFO TaskSetManager: Finished task 194.0 in stage 1.0 (TID 195) in 26 ms on localhost (195/200)
16/12/21 14:55:30 INFO Executor: Running task 195.0 in stage 1.0 (TID 196)
16/12/21 14:55:30 INFO ShuffleBlockFetcherIterator: Getting 1 non-empty blocks out of 1 blocks
16/12/21 14:55:30 INFO ShuffleBlockFetcherIterator: Started 0 remote fetches in 0 ms
16/12/21 14:55:30 INFO FileOutputCommitter: Saved output of task 'attempt_201612211455_0001_m_000195_0' to file:/tmp/hive-taol/hive_2016-12-21_14-55-11_806_8556893647501887368-1/-ext-10000/_temporary/0/task_201612211455_0001_m_000195
16/12/21 14:55:30 INFO SparkHadoopMapRedUtil: attempt_201612211455_0001_m_000195_0: Committed
16/12/21 14:55:30 INFO Executor: Finished task 195.0 in stage 1.0 (TID 196). 886 bytes result sent to driver
16/12/21 14:55:30 INFO TaskSetManager: Starting task 196.0 in stage 1.0 (TID 197, localhost, PROCESS_LOCAL, 1165 bytes)
16/12/21 14:55:30 INFO TaskSetManager: Finished task 195.0 in stage 1.0 (TID 196) in 75 ms on localhost (196/200)
16/12/21 14:55:30 INFO Executor: Running task 196.0 in stage 1.0 (TID 197)
16/12/21 14:55:30 INFO ShuffleBlockFetcherIterator: Getting 1 non-empty blocks out of 1 blocks
16/12/21 14:55:30 INFO ShuffleBlockFetcherIterator: Started 0 remote fetches in 1 ms
16/12/21 14:55:30 INFO FileOutputCommitter: Saved output of task 'attempt_201612211455_0001_m_000196_0' to file:/tmp/hive-taol/hive_2016-12-21_14-55-11_806_8556893647501887368-1/-ext-10000/_temporary/0/task_201612211455_0001_m_000196
16/12/21 14:55:30 INFO SparkHadoopMapRedUtil: attempt_201612211455_0001_m_000196_0: Committed
16/12/21 14:55:30 INFO Executor: Finished task 196.0 in stage 1.0 (TID 197). 886 bytes result sent to driver
16/12/21 14:55:30 INFO TaskSetManager: Starting task 197.0 in stage 1.0 (TID 198, localhost, PROCESS_LOCAL, 1165 bytes)
16/12/21 14:55:30 INFO Executor: Running task 197.0 in stage 1.0 (TID 198)
16/12/21 14:55:30 INFO TaskSetManager: Finished task 196.0 in stage 1.0 (TID 197) in 78 ms on localhost (197/200)
16/12/21 14:55:30 INFO ShuffleBlockFetcherIterator: Getting 1 non-empty blocks out of 1 blocks
16/12/21 14:55:30 INFO ShuffleBlockFetcherIterator: Started 0 remote fetches in 1 ms
16/12/21 14:55:30 INFO FileOutputCommitter: Saved output of task 'attempt_201612211455_0001_m_000197_0' to file:/tmp/hive-taol/hive_2016-12-21_14-55-11_806_8556893647501887368-1/-ext-10000/_temporary/0/task_201612211455_0001_m_000197
16/12/21 14:55:30 INFO SparkHadoopMapRedUtil: attempt_201612211455_0001_m_000197_0: Committed
16/12/21 14:55:30 INFO Executor: Finished task 197.0 in stage 1.0 (TID 198). 886 bytes result sent to driver
16/12/21 14:55:30 INFO TaskSetManager: Starting task 198.0 in stage 1.0 (TID 199, localhost, PROCESS_LOCAL, 1165 bytes)
16/12/21 14:55:30 INFO TaskSetManager: Finished task 197.0 in stage 1.0 (TID 198) in 35 ms on localhost (198/200)
16/12/21 14:55:30 INFO Executor: Running task 198.0 in stage 1.0 (TID 199)
16/12/21 14:55:30 INFO ShuffleBlockFetcherIterator: Getting 1 non-empty blocks out of 1 blocks
16/12/21 14:55:30 INFO ShuffleBlockFetcherIterator: Started 0 remote fetches in 0 ms
16/12/21 14:55:30 INFO FileOutputCommitter: Saved output of task 'attempt_201612211455_0001_m_000198_0' to file:/tmp/hive-taol/hive_2016-12-21_14-55-11_806_8556893647501887368-1/-ext-10000/_temporary/0/task_201612211455_0001_m_000198
16/12/21 14:55:30 INFO SparkHadoopMapRedUtil: attempt_201612211455_0001_m_000198_0: Committed
16/12/21 14:55:30 INFO Executor: Finished task 198.0 in stage 1.0 (TID 199). 886 bytes result sent to driver
16/12/21 14:55:30 INFO TaskSetManager: Starting task 199.0 in stage 1.0 (TID 200, localhost, PROCESS_LOCAL, 1165 bytes)
16/12/21 14:55:30 INFO Executor: Running task 199.0 in stage 1.0 (TID 200)
16/12/21 14:55:30 INFO TaskSetManager: Finished task 198.0 in stage 1.0 (TID 199) in 33 ms on localhost (199/200)
16/12/21 14:55:30 INFO ShuffleBlockFetcherIterator: Getting 1 non-empty blocks out of 1 blocks
16/12/21 14:55:30 INFO ShuffleBlockFetcherIterator: Started 0 remote fetches in 1 ms
16/12/21 14:55:30 INFO FileOutputCommitter: Saved output of task 'attempt_201612211455_0001_m_000199_0' to file:/tmp/hive-taol/hive_2016-12-21_14-55-11_806_8556893647501887368-1/-ext-10000/_temporary/0/task_201612211455_0001_m_000199
16/12/21 14:55:30 INFO SparkHadoopMapRedUtil: attempt_201612211455_0001_m_000199_0: Committed
16/12/21 14:55:30 INFO Executor: Finished task 199.0 in stage 1.0 (TID 200). 886 bytes result sent to driver
16/12/21 14:55:30 INFO TaskSetManager: Finished task 199.0 in stage 1.0 (TID 200) in 36 ms on localhost (200/200)
16/12/21 14:55:30 INFO TaskSchedulerImpl: Removed TaskSet 1.0, whose tasks have all completed, from pool
16/12/21 14:55:30 INFO DAGScheduler: ResultStage 1 (sql at SampleTest.java:34) finished in 16.673 s
16/12/21 14:55:30 INFO DAGScheduler: Job 0 finished: sql at SampleTest.java:34, took 18.544276 s
16/12/21 14:55:31 INFO HiveMetaStore: 0: get_table : db=default tbl=sales_by_shop
16/12/21 14:55:31 INFO audit: ugi=taol	ip=unknown-ip-addr	cmd=get_table : db=default tbl=sales_by_shop
rmr: DEPRECATED: Please use 'rm -r' instead.
16/12/21 14:55:31 INFO TrashPolicyDefault: Namenode trash configuration: Deletion interval = 0 minutes, Emptier interval = 0 minutes.
Deleted file:///tmp/foo/sales_by_shop
16/12/21 14:55:31 INFO Hive: Replacing src:file:/tmp/hive-taol/hive_2016-12-21_14-55-11_806_8556893647501887368-1/-ext-10000;dest: file:/tmp/foo/sales_by_shop;Status:true
16/12/21 14:55:31 INFO HiveMetaStore: 0: alter_table: db=default tbl=sales_by_shop newtbl=sales_by_shop
16/12/21 14:55:31 INFO audit: ugi=taol	ip=unknown-ip-addr	cmd=alter_table: db=default tbl=sales_by_shop newtbl=sales_by_shop
16/12/21 14:55:31 INFO HiveMetaStore: 0: get_table : db=default tbl=sales_by_shop
16/12/21 14:55:31 INFO audit: ugi=taol	ip=unknown-ip-addr	cmd=get_table : db=default tbl=sales_by_shop
16/12/21 14:55:31 INFO log: Updating table stats fast for sales_by_shop
16/12/21 14:55:31 INFO log: Updated size of table sales_by_shop to 45
16/12/21 14:55:31 INFO ParseDriver: Parsing command: SELECT shop,amount FROM sales_by_shop
16/12/21 14:55:31 INFO ParseDriver: Parse Completed
16/12/21 14:55:31 INFO HiveMetaStore: 0: get_table : db=default tbl=sales_by_shop
16/12/21 14:55:31 INFO audit: ugi=taol	ip=unknown-ip-addr	cmd=get_table : db=default tbl=sales_by_shop
16/12/21 14:55:31 INFO MemoryStore: ensureFreeSpace(397048) called with curMem=603079, maxMem=1030823608
16/12/21 14:55:31 INFO MemoryStore: Block broadcast_3 stored as values in memory (estimated size 387.7 KB, free 982.1 MB)
16/12/21 14:55:31 INFO MemoryStore: ensureFreeSpace(29847) called with curMem=1000127, maxMem=1030823608
16/12/21 14:55:31 INFO MemoryStore: Block broadcast_3_piece0 stored as bytes in memory (estimated size 29.1 KB, free 982.1 MB)
16/12/21 14:55:31 INFO BlockManagerInfo: Added broadcast_3_piece0 in memory on localhost:52655 (size: 29.1 KB, free: 983.0 MB)
16/12/21 14:55:31 INFO SparkContext: Created broadcast 3 from collect at SampleTest.java:36
16/12/21 14:55:33 INFO FileInputFormat: Total input paths to process : 200
16/12/21 14:55:33 INFO SparkContext: Starting job: collect at SampleTest.java:36
16/12/21 14:55:33 INFO DAGScheduler: Got job 1 (collect at SampleTest.java:36) with 200 output partitions (allowLocal=false)
16/12/21 14:55:33 INFO DAGScheduler: Final stage: ResultStage 2(collect at SampleTest.java:36)
16/12/21 14:55:33 INFO DAGScheduler: Parents of final stage: List()
16/12/21 14:55:33 INFO DAGScheduler: Missing parents: List()
16/12/21 14:55:33 INFO DAGScheduler: Submitting ResultStage 2 (MapPartitionsRDD[17] at collect at SampleTest.java:36), which has no missing parents
16/12/21 14:55:33 INFO MemoryStore: ensureFreeSpace(8176) called with curMem=1029974, maxMem=1030823608
16/12/21 14:55:33 INFO MemoryStore: Block broadcast_4 stored as values in memory (estimated size 8.0 KB, free 982.1 MB)
16/12/21 14:55:33 INFO MemoryStore: ensureFreeSpace(4442) called with curMem=1038150, maxMem=1030823608
16/12/21 14:55:33 INFO MemoryStore: Block broadcast_4_piece0 stored as bytes in memory (estimated size 4.3 KB, free 982.1 MB)
16/12/21 14:55:33 INFO BlockManagerInfo: Added broadcast_4_piece0 in memory on localhost:52655 (size: 4.3 KB, free: 983.0 MB)
16/12/21 14:55:33 INFO SparkContext: Created broadcast 4 from broadcast at DAGScheduler.scala:874
16/12/21 14:55:33 INFO DAGScheduler: Submitting 200 missing tasks from ResultStage 2 (MapPartitionsRDD[17] at collect at SampleTest.java:36)
16/12/21 14:55:33 INFO TaskSchedulerImpl: Adding task set 2.0 with 200 tasks
16/12/21 14:55:33 INFO TaskSetManager: Starting task 0.0 in stage 2.0 (TID 201, localhost, PROCESS_LOCAL, 1411 bytes)
16/12/21 14:55:33 INFO Executor: Running task 0.0 in stage 2.0 (TID 201)
16/12/21 14:55:33 INFO HadoopRDD: Input split: file:/tmp/foo/sales_by_shop/part-00000:0+0
16/12/21 14:55:33 INFO Executor: Finished task 0.0 in stage 2.0 (TID 201). 1800 bytes result sent to driver
16/12/21 14:55:33 INFO TaskSetManager: Starting task 1.0 in stage 2.0 (TID 202, localhost, PROCESS_LOCAL, 1411 bytes)
16/12/21 14:55:33 INFO TaskSetManager: Finished task 0.0 in stage 2.0 (TID 201) in 42 ms on localhost (1/200)
16/12/21 14:55:33 INFO Executor: Running task 1.0 in stage 2.0 (TID 202)
16/12/21 14:55:33 INFO HadoopRDD: Input split: file:/tmp/foo/sales_by_shop/part-00001:0+0
16/12/21 14:55:33 INFO Executor: Finished task 1.0 in stage 2.0 (TID 202). 1800 bytes result sent to driver
16/12/21 14:55:33 INFO TaskSetManager: Starting task 2.0 in stage 2.0 (TID 203, localhost, PROCESS_LOCAL, 1411 bytes)
16/12/21 14:55:33 INFO Executor: Running task 2.0 in stage 2.0 (TID 203)
16/12/21 14:55:33 INFO TaskSetManager: Finished task 1.0 in stage 2.0 (TID 202) in 8 ms on localhost (2/200)
16/12/21 14:55:33 INFO HadoopRDD: Input split: file:/tmp/foo/sales_by_shop/part-00002:0+0
16/12/21 14:55:33 INFO Executor: Finished task 2.0 in stage 2.0 (TID 203). 1800 bytes result sent to driver
16/12/21 14:55:33 INFO TaskSetManager: Starting task 3.0 in stage 2.0 (TID 204, localhost, PROCESS_LOCAL, 1411 bytes)
16/12/21 14:55:33 INFO Executor: Running task 3.0 in stage 2.0 (TID 204)
16/12/21 14:55:33 INFO TaskSetManager: Finished task 2.0 in stage 2.0 (TID 203) in 77 ms on localhost (3/200)
16/12/21 14:55:33 INFO HadoopRDD: Input split: file:/tmp/foo/sales_by_shop/part-00003:0+0
16/12/21 14:55:33 INFO Executor: Finished task 3.0 in stage 2.0 (TID 204). 1800 bytes result sent to driver
16/12/21 14:55:33 INFO TaskSetManager: Starting task 4.0 in stage 2.0 (TID 205, localhost, PROCESS_LOCAL, 1411 bytes)
16/12/21 14:55:33 INFO Executor: Running task 4.0 in stage 2.0 (TID 205)
16/12/21 14:55:33 INFO TaskSetManager: Finished task 3.0 in stage 2.0 (TID 204) in 95 ms on localhost (4/200)
16/12/21 14:55:33 INFO HadoopRDD: Input split: file:/tmp/foo/sales_by_shop/part-00004:0+0
16/12/21 14:55:33 INFO Executor: Finished task 4.0 in stage 2.0 (TID 205). 1800 bytes result sent to driver
16/12/21 14:55:33 INFO TaskSetManager: Starting task 5.0 in stage 2.0 (TID 206, localhost, PROCESS_LOCAL, 1411 bytes)
16/12/21 14:55:33 INFO Executor: Running task 5.0 in stage 2.0 (TID 206)
16/12/21 14:55:33 INFO TaskSetManager: Finished task 4.0 in stage 2.0 (TID 205) in 7 ms on localhost (5/200)
16/12/21 14:55:33 INFO HadoopRDD: Input split: file:/tmp/foo/sales_by_shop/part-00005:0+0
16/12/21 14:55:33 INFO Executor: Finished task 5.0 in stage 2.0 (TID 206). 1800 bytes result sent to driver
16/12/21 14:55:33 INFO TaskSetManager: Starting task 6.0 in stage 2.0 (TID 207, localhost, PROCESS_LOCAL, 1411 bytes)
16/12/21 14:55:33 INFO TaskSetManager: Finished task 5.0 in stage 2.0 (TID 206) in 8 ms on localhost (6/200)
16/12/21 14:55:33 INFO Executor: Running task 6.0 in stage 2.0 (TID 207)
16/12/21 14:55:33 INFO HadoopRDD: Input split: file:/tmp/foo/sales_by_shop/part-00006:0+0
16/12/21 14:55:33 INFO Executor: Finished task 6.0 in stage 2.0 (TID 207). 1800 bytes result sent to driver
16/12/21 14:55:33 INFO TaskSetManager: Starting task 7.0 in stage 2.0 (TID 208, localhost, PROCESS_LOCAL, 1411 bytes)
16/12/21 14:55:33 INFO TaskSetManager: Finished task 6.0 in stage 2.0 (TID 207) in 22 ms on localhost (7/200)
16/12/21 14:55:33 INFO Executor: Running task 7.0 in stage 2.0 (TID 208)
16/12/21 14:55:33 INFO HadoopRDD: Input split: file:/tmp/foo/sales_by_shop/part-00007:0+0
16/12/21 14:55:33 INFO Executor: Finished task 7.0 in stage 2.0 (TID 208). 1800 bytes result sent to driver
16/12/21 14:55:33 INFO TaskSetManager: Starting task 8.0 in stage 2.0 (TID 209, localhost, PROCESS_LOCAL, 1411 bytes)
16/12/21 14:55:33 INFO TaskSetManager: Finished task 7.0 in stage 2.0 (TID 208) in 8 ms on localhost (8/200)
16/12/21 14:55:33 INFO Executor: Running task 8.0 in stage 2.0 (TID 209)
16/12/21 14:55:33 INFO HadoopRDD: Input split: file:/tmp/foo/sales_by_shop/part-00008:0+0
16/12/21 14:55:33 INFO Executor: Finished task 8.0 in stage 2.0 (TID 209). 1800 bytes result sent to driver
16/12/21 14:55:33 INFO TaskSetManager: Starting task 9.0 in stage 2.0 (TID 210, localhost, PROCESS_LOCAL, 1411 bytes)
16/12/21 14:55:33 INFO TaskSetManager: Finished task 8.0 in stage 2.0 (TID 209) in 10 ms on localhost (9/200)
16/12/21 14:55:33 INFO Executor: Running task 9.0 in stage 2.0 (TID 210)
16/12/21 14:55:33 INFO HadoopRDD: Input split: file:/tmp/foo/sales_by_shop/part-00009:0+0
16/12/21 14:55:33 INFO Executor: Finished task 9.0 in stage 2.0 (TID 210). 1800 bytes result sent to driver
16/12/21 14:55:33 INFO TaskSetManager: Starting task 10.0 in stage 2.0 (TID 211, localhost, PROCESS_LOCAL, 1411 bytes)
16/12/21 14:55:33 INFO Executor: Running task 10.0 in stage 2.0 (TID 211)
16/12/21 14:55:33 INFO TaskSetManager: Finished task 9.0 in stage 2.0 (TID 210) in 10 ms on localhost (10/200)
16/12/21 14:55:33 INFO HadoopRDD: Input split: file:/tmp/foo/sales_by_shop/part-00010:0+0
16/12/21 14:55:33 INFO Executor: Finished task 10.0 in stage 2.0 (TID 211). 1800 bytes result sent to driver
16/12/21 14:55:33 INFO TaskSetManager: Starting task 11.0 in stage 2.0 (TID 212, localhost, PROCESS_LOCAL, 1411 bytes)
16/12/21 14:55:33 INFO TaskSetManager: Finished task 10.0 in stage 2.0 (TID 211) in 16 ms on localhost (11/200)
16/12/21 14:55:33 INFO Executor: Running task 11.0 in stage 2.0 (TID 212)
16/12/21 14:55:33 INFO HadoopRDD: Input split: file:/tmp/foo/sales_by_shop/part-00011:0+0
16/12/21 14:55:33 INFO Executor: Finished task 11.0 in stage 2.0 (TID 212). 1800 bytes result sent to driver
16/12/21 14:55:33 INFO TaskSetManager: Starting task 12.0 in stage 2.0 (TID 213, localhost, PROCESS_LOCAL, 1411 bytes)
16/12/21 14:55:33 INFO Executor: Running task 12.0 in stage 2.0 (TID 213)
16/12/21 14:55:33 INFO TaskSetManager: Finished task 11.0 in stage 2.0 (TID 212) in 11 ms on localhost (12/200)
16/12/21 14:55:33 INFO HadoopRDD: Input split: file:/tmp/foo/sales_by_shop/part-00012:0+0
16/12/21 14:55:33 INFO Executor: Finished task 12.0 in stage 2.0 (TID 213). 1800 bytes result sent to driver
16/12/21 14:55:33 INFO TaskSetManager: Starting task 13.0 in stage 2.0 (TID 214, localhost, PROCESS_LOCAL, 1411 bytes)
16/12/21 14:55:33 INFO Executor: Running task 13.0 in stage 2.0 (TID 214)
16/12/21 14:55:33 INFO TaskSetManager: Finished task 12.0 in stage 2.0 (TID 213) in 9 ms on localhost (13/200)
16/12/21 14:55:33 INFO HadoopRDD: Input split: file:/tmp/foo/sales_by_shop/part-00013:0+0
16/12/21 14:55:33 INFO Executor: Finished task 13.0 in stage 2.0 (TID 214). 1800 bytes result sent to driver
16/12/21 14:55:33 INFO TaskSetManager: Starting task 14.0 in stage 2.0 (TID 215, localhost, PROCESS_LOCAL, 1411 bytes)
16/12/21 14:55:33 INFO Executor: Running task 14.0 in stage 2.0 (TID 215)
16/12/21 14:55:33 INFO TaskSetManager: Finished task 13.0 in stage 2.0 (TID 214) in 8 ms on localhost (14/200)
16/12/21 14:55:33 INFO HadoopRDD: Input split: file:/tmp/foo/sales_by_shop/part-00014:0+0
16/12/21 14:55:33 INFO Executor: Finished task 14.0 in stage 2.0 (TID 215). 1800 bytes result sent to driver
16/12/21 14:55:33 INFO TaskSetManager: Starting task 15.0 in stage 2.0 (TID 216, localhost, PROCESS_LOCAL, 1411 bytes)
16/12/21 14:55:33 INFO Executor: Running task 15.0 in stage 2.0 (TID 216)
16/12/21 14:55:33 INFO TaskSetManager: Finished task 14.0 in stage 2.0 (TID 215) in 6 ms on localhost (15/200)
16/12/21 14:55:33 INFO HadoopRDD: Input split: file:/tmp/foo/sales_by_shop/part-00015:0+0
16/12/21 14:55:33 INFO Executor: Finished task 15.0 in stage 2.0 (TID 216). 1800 bytes result sent to driver
16/12/21 14:55:33 INFO TaskSetManager: Starting task 16.0 in stage 2.0 (TID 217, localhost, PROCESS_LOCAL, 1411 bytes)
16/12/21 14:55:33 INFO Executor: Running task 16.0 in stage 2.0 (TID 217)
16/12/21 14:55:33 INFO TaskSetManager: Finished task 15.0 in stage 2.0 (TID 216) in 6 ms on localhost (16/200)
16/12/21 14:55:33 INFO HadoopRDD: Input split: file:/tmp/foo/sales_by_shop/part-00016:0+0
16/12/21 14:55:33 INFO Executor: Finished task 16.0 in stage 2.0 (TID 217). 1800 bytes result sent to driver
16/12/21 14:55:33 INFO TaskSetManager: Starting task 17.0 in stage 2.0 (TID 218, localhost, PROCESS_LOCAL, 1411 bytes)
16/12/21 14:55:33 INFO Executor: Running task 17.0 in stage 2.0 (TID 218)
16/12/21 14:55:33 INFO TaskSetManager: Finished task 16.0 in stage 2.0 (TID 217) in 5 ms on localhost (17/200)
16/12/21 14:55:33 INFO HadoopRDD: Input split: file:/tmp/foo/sales_by_shop/part-00017:0+0
16/12/21 14:55:33 INFO Executor: Finished task 17.0 in stage 2.0 (TID 218). 1800 bytes result sent to driver
16/12/21 14:55:33 INFO TaskSetManager: Starting task 18.0 in stage 2.0 (TID 219, localhost, PROCESS_LOCAL, 1411 bytes)
16/12/21 14:55:33 INFO Executor: Running task 18.0 in stage 2.0 (TID 219)
16/12/21 14:55:33 INFO TaskSetManager: Finished task 17.0 in stage 2.0 (TID 218) in 6 ms on localhost (18/200)
16/12/21 14:55:33 INFO HadoopRDD: Input split: file:/tmp/foo/sales_by_shop/part-00018:0+0
16/12/21 14:55:33 INFO Executor: Finished task 18.0 in stage 2.0 (TID 219). 1800 bytes result sent to driver
16/12/21 14:55:33 INFO TaskSetManager: Starting task 19.0 in stage 2.0 (TID 220, localhost, PROCESS_LOCAL, 1411 bytes)
16/12/21 14:55:33 INFO TaskSetManager: Finished task 18.0 in stage 2.0 (TID 219) in 17 ms on localhost (19/200)
16/12/21 14:55:33 INFO Executor: Running task 19.0 in stage 2.0 (TID 220)
16/12/21 14:55:33 INFO HadoopRDD: Input split: file:/tmp/foo/sales_by_shop/part-00019:0+0
16/12/21 14:55:33 INFO Executor: Finished task 19.0 in stage 2.0 (TID 220). 1800 bytes result sent to driver
16/12/21 14:55:33 INFO TaskSetManager: Starting task 20.0 in stage 2.0 (TID 221, localhost, PROCESS_LOCAL, 1411 bytes)
16/12/21 14:55:33 INFO TaskSetManager: Finished task 19.0 in stage 2.0 (TID 220) in 5 ms on localhost (20/200)
16/12/21 14:55:33 INFO Executor: Running task 20.0 in stage 2.0 (TID 221)
16/12/21 14:55:33 INFO HadoopRDD: Input split: file:/tmp/foo/sales_by_shop/part-00020:0+0
16/12/21 14:55:33 INFO Executor: Finished task 20.0 in stage 2.0 (TID 221). 1800 bytes result sent to driver
16/12/21 14:55:33 INFO TaskSetManager: Starting task 21.0 in stage 2.0 (TID 222, localhost, PROCESS_LOCAL, 1411 bytes)
16/12/21 14:55:33 INFO TaskSetManager: Finished task 20.0 in stage 2.0 (TID 221) in 6 ms on localhost (21/200)
16/12/21 14:55:33 INFO Executor: Running task 21.0 in stage 2.0 (TID 222)
16/12/21 14:55:33 INFO HadoopRDD: Input split: file:/tmp/foo/sales_by_shop/part-00021:0+15
16/12/21 14:55:33 INFO Executor: Finished task 21.0 in stage 2.0 (TID 222). 2925 bytes result sent to driver
16/12/21 14:55:33 INFO TaskSetManager: Starting task 22.0 in stage 2.0 (TID 223, localhost, PROCESS_LOCAL, 1411 bytes)
16/12/21 14:55:33 INFO Executor: Running task 22.0 in stage 2.0 (TID 223)
16/12/21 14:55:33 INFO TaskSetManager: Finished task 21.0 in stage 2.0 (TID 222) in 20 ms on localhost (22/200)
16/12/21 14:55:33 INFO HadoopRDD: Input split: file:/tmp/foo/sales_by_shop/part-00022:0+0
16/12/21 14:55:33 INFO Executor: Finished task 22.0 in stage 2.0 (TID 223). 1800 bytes result sent to driver
16/12/21 14:55:33 INFO TaskSetManager: Starting task 23.0 in stage 2.0 (TID 224, localhost, PROCESS_LOCAL, 1411 bytes)
16/12/21 14:55:33 INFO TaskSetManager: Finished task 22.0 in stage 2.0 (TID 223) in 12 ms on localhost (23/200)
16/12/21 14:55:33 INFO Executor: Running task 23.0 in stage 2.0 (TID 224)
16/12/21 14:55:33 INFO HadoopRDD: Input split: file:/tmp/foo/sales_by_shop/part-00023:0+0
16/12/21 14:55:33 INFO Executor: Finished task 23.0 in stage 2.0 (TID 224). 1800 bytes result sent to driver
16/12/21 14:55:33 INFO TaskSetManager: Starting task 24.0 in stage 2.0 (TID 225, localhost, PROCESS_LOCAL, 1411 bytes)
16/12/21 14:55:33 INFO TaskSetManager: Finished task 23.0 in stage 2.0 (TID 224) in 9 ms on localhost (24/200)
16/12/21 14:55:33 INFO Executor: Running task 24.0 in stage 2.0 (TID 225)
16/12/21 14:55:33 INFO HadoopRDD: Input split: file:/tmp/foo/sales_by_shop/part-00024:0+0
16/12/21 14:55:33 INFO Executor: Finished task 24.0 in stage 2.0 (TID 225). 1800 bytes result sent to driver
16/12/21 14:55:33 INFO TaskSetManager: Starting task 25.0 in stage 2.0 (TID 226, localhost, PROCESS_LOCAL, 1411 bytes)
16/12/21 14:55:33 INFO TaskSetManager: Finished task 24.0 in stage 2.0 (TID 225) in 7 ms on localhost (25/200)
16/12/21 14:55:33 INFO Executor: Running task 25.0 in stage 2.0 (TID 226)
16/12/21 14:55:33 INFO HadoopRDD: Input split: file:/tmp/foo/sales_by_shop/part-00025:0+0
16/12/21 14:55:33 INFO Executor: Finished task 25.0 in stage 2.0 (TID 226). 1800 bytes result sent to driver
16/12/21 14:55:33 INFO TaskSetManager: Starting task 26.0 in stage 2.0 (TID 227, localhost, PROCESS_LOCAL, 1411 bytes)
16/12/21 14:55:33 INFO TaskSetManager: Finished task 25.0 in stage 2.0 (TID 226) in 9 ms on localhost (26/200)
16/12/21 14:55:33 INFO Executor: Running task 26.0 in stage 2.0 (TID 227)
16/12/21 14:55:33 INFO HadoopRDD: Input split: file:/tmp/foo/sales_by_shop/part-00026:0+0
16/12/21 14:55:34 INFO Executor: Finished task 26.0 in stage 2.0 (TID 227). 1800 bytes result sent to driver
16/12/21 14:55:34 INFO TaskSetManager: Starting task 27.0 in stage 2.0 (TID 228, localhost, PROCESS_LOCAL, 1411 bytes)
16/12/21 14:55:34 INFO TaskSetManager: Finished task 26.0 in stage 2.0 (TID 227) in 13 ms on localhost (27/200)
16/12/21 14:55:34 INFO Executor: Running task 27.0 in stage 2.0 (TID 228)
16/12/21 14:55:34 INFO HadoopRDD: Input split: file:/tmp/foo/sales_by_shop/part-00027:0+0
16/12/21 14:55:34 INFO Executor: Finished task 27.0 in stage 2.0 (TID 228). 1800 bytes result sent to driver
16/12/21 14:55:34 INFO TaskSetManager: Starting task 28.0 in stage 2.0 (TID 229, localhost, PROCESS_LOCAL, 1411 bytes)
16/12/21 14:55:34 INFO TaskSetManager: Finished task 27.0 in stage 2.0 (TID 228) in 10 ms on localhost (28/200)
16/12/21 14:55:34 INFO Executor: Running task 28.0 in stage 2.0 (TID 229)
16/12/21 14:55:34 INFO HadoopRDD: Input split: file:/tmp/foo/sales_by_shop/part-00028:0+0
16/12/21 14:55:34 INFO Executor: Finished task 28.0 in stage 2.0 (TID 229). 1800 bytes result sent to driver
16/12/21 14:55:34 INFO TaskSetManager: Starting task 29.0 in stage 2.0 (TID 230, localhost, PROCESS_LOCAL, 1411 bytes)
16/12/21 14:55:34 INFO TaskSetManager: Finished task 28.0 in stage 2.0 (TID 229) in 7 ms on localhost (29/200)
16/12/21 14:55:34 INFO Executor: Running task 29.0 in stage 2.0 (TID 230)
16/12/21 14:55:34 INFO HadoopRDD: Input split: file:/tmp/foo/sales_by_shop/part-00029:0+0
16/12/21 14:55:34 INFO Executor: Finished task 29.0 in stage 2.0 (TID 230). 1800 bytes result sent to driver
16/12/21 14:55:34 INFO TaskSetManager: Starting task 30.0 in stage 2.0 (TID 231, localhost, PROCESS_LOCAL, 1411 bytes)
16/12/21 14:55:34 INFO TaskSetManager: Finished task 29.0 in stage 2.0 (TID 230) in 5 ms on localhost (30/200)
16/12/21 14:55:34 INFO Executor: Running task 30.0 in stage 2.0 (TID 231)
16/12/21 14:55:34 INFO HadoopRDD: Input split: file:/tmp/foo/sales_by_shop/part-00030:0+0
16/12/21 14:55:34 INFO Executor: Finished task 30.0 in stage 2.0 (TID 231). 1800 bytes result sent to driver
16/12/21 14:55:34 INFO TaskSetManager: Starting task 31.0 in stage 2.0 (TID 232, localhost, PROCESS_LOCAL, 1411 bytes)
16/12/21 14:55:34 INFO TaskSetManager: Finished task 30.0 in stage 2.0 (TID 231) in 6 ms on localhost (31/200)
16/12/21 14:55:34 INFO Executor: Running task 31.0 in stage 2.0 (TID 232)
16/12/21 14:55:34 INFO HadoopRDD: Input split: file:/tmp/foo/sales_by_shop/part-00031:0+0
16/12/21 14:55:34 INFO Executor: Finished task 31.0 in stage 2.0 (TID 232). 1800 bytes result sent to driver
16/12/21 14:55:34 INFO TaskSetManager: Starting task 32.0 in stage 2.0 (TID 233, localhost, PROCESS_LOCAL, 1411 bytes)
16/12/21 14:55:34 INFO TaskSetManager: Finished task 31.0 in stage 2.0 (TID 232) in 7 ms on localhost (32/200)
16/12/21 14:55:34 INFO Executor: Running task 32.0 in stage 2.0 (TID 233)
16/12/21 14:55:34 INFO HadoopRDD: Input split: file:/tmp/foo/sales_by_shop/part-00032:0+0
16/12/21 14:55:34 INFO Executor: Finished task 32.0 in stage 2.0 (TID 233). 1800 bytes result sent to driver
16/12/21 14:55:34 INFO TaskSetManager: Starting task 33.0 in stage 2.0 (TID 234, localhost, PROCESS_LOCAL, 1411 bytes)
16/12/21 14:55:34 INFO TaskSetManager: Finished task 32.0 in stage 2.0 (TID 233) in 8 ms on localhost (33/200)
16/12/21 14:55:34 INFO Executor: Running task 33.0 in stage 2.0 (TID 234)
16/12/21 14:55:34 INFO HadoopRDD: Input split: file:/tmp/foo/sales_by_shop/part-00033:0+0
16/12/21 14:55:34 INFO Executor: Finished task 33.0 in stage 2.0 (TID 234). 1800 bytes result sent to driver
16/12/21 14:55:34 INFO TaskSetManager: Starting task 34.0 in stage 2.0 (TID 235, localhost, PROCESS_LOCAL, 1411 bytes)
16/12/21 14:55:34 INFO TaskSetManager: Finished task 33.0 in stage 2.0 (TID 234) in 18 ms on localhost (34/200)
16/12/21 14:55:34 INFO Executor: Running task 34.0 in stage 2.0 (TID 235)
16/12/21 14:55:34 INFO HadoopRDD: Input split: file:/tmp/foo/sales_by_shop/part-00034:0+0
16/12/21 14:55:34 INFO Executor: Finished task 34.0 in stage 2.0 (TID 235). 1800 bytes result sent to driver
16/12/21 14:55:34 INFO TaskSetManager: Starting task 35.0 in stage 2.0 (TID 236, localhost, PROCESS_LOCAL, 1411 bytes)
16/12/21 14:55:34 INFO TaskSetManager: Finished task 34.0 in stage 2.0 (TID 235) in 10 ms on localhost (35/200)
16/12/21 14:55:34 INFO Executor: Running task 35.0 in stage 2.0 (TID 236)
16/12/21 14:55:34 INFO HadoopRDD: Input split: file:/tmp/foo/sales_by_shop/part-00035:0+0
16/12/21 14:55:34 INFO Executor: Finished task 35.0 in stage 2.0 (TID 236). 1800 bytes result sent to driver
16/12/21 14:55:34 INFO TaskSetManager: Starting task 36.0 in stage 2.0 (TID 237, localhost, PROCESS_LOCAL, 1411 bytes)
16/12/21 14:55:34 INFO TaskSetManager: Finished task 35.0 in stage 2.0 (TID 236) in 7 ms on localhost (36/200)
16/12/21 14:55:34 INFO Executor: Running task 36.0 in stage 2.0 (TID 237)
16/12/21 14:55:34 INFO HadoopRDD: Input split: file:/tmp/foo/sales_by_shop/part-00036:0+0
16/12/21 14:55:34 INFO Executor: Finished task 36.0 in stage 2.0 (TID 237). 1800 bytes result sent to driver
16/12/21 14:55:34 INFO TaskSetManager: Starting task 37.0 in stage 2.0 (TID 238, localhost, PROCESS_LOCAL, 1411 bytes)
16/12/21 14:55:34 INFO TaskSetManager: Finished task 36.0 in stage 2.0 (TID 237) in 7 ms on localhost (37/200)
16/12/21 14:55:34 INFO Executor: Running task 37.0 in stage 2.0 (TID 238)
16/12/21 14:55:34 INFO HadoopRDD: Input split: file:/tmp/foo/sales_by_shop/part-00037:0+0
16/12/21 14:55:34 INFO Executor: Finished task 37.0 in stage 2.0 (TID 238). 1800 bytes result sent to driver
16/12/21 14:55:34 INFO TaskSetManager: Starting task 38.0 in stage 2.0 (TID 239, localhost, PROCESS_LOCAL, 1411 bytes)
16/12/21 14:55:34 INFO TaskSetManager: Finished task 37.0 in stage 2.0 (TID 238) in 6 ms on localhost (38/200)
16/12/21 14:55:34 INFO Executor: Running task 38.0 in stage 2.0 (TID 239)
16/12/21 14:55:34 INFO HadoopRDD: Input split: file:/tmp/foo/sales_by_shop/part-00038:0+0
16/12/21 14:55:34 INFO Executor: Finished task 38.0 in stage 2.0 (TID 239). 1800 bytes result sent to driver
16/12/21 14:55:34 INFO TaskSetManager: Starting task 39.0 in stage 2.0 (TID 240, localhost, PROCESS_LOCAL, 1411 bytes)
16/12/21 14:55:34 INFO TaskSetManager: Finished task 38.0 in stage 2.0 (TID 239) in 6 ms on localhost (39/200)
16/12/21 14:55:34 INFO Executor: Running task 39.0 in stage 2.0 (TID 240)
16/12/21 14:55:34 INFO HadoopRDD: Input split: file:/tmp/foo/sales_by_shop/part-00039:0+0
16/12/21 14:55:34 INFO Executor: Finished task 39.0 in stage 2.0 (TID 240). 1800 bytes result sent to driver
16/12/21 14:55:34 INFO TaskSetManager: Starting task 40.0 in stage 2.0 (TID 241, localhost, PROCESS_LOCAL, 1411 bytes)
16/12/21 14:55:34 INFO TaskSetManager: Finished task 39.0 in stage 2.0 (TID 240) in 13 ms on localhost (40/200)
16/12/21 14:55:34 INFO Executor: Running task 40.0 in stage 2.0 (TID 241)
16/12/21 14:55:34 INFO HadoopRDD: Input split: file:/tmp/foo/sales_by_shop/part-00040:0+0
16/12/21 14:55:34 INFO Executor: Finished task 40.0 in stage 2.0 (TID 241). 1800 bytes result sent to driver
16/12/21 14:55:34 INFO TaskSetManager: Starting task 41.0 in stage 2.0 (TID 242, localhost, PROCESS_LOCAL, 1411 bytes)
16/12/21 14:55:34 INFO TaskSetManager: Finished task 40.0 in stage 2.0 (TID 241) in 8 ms on localhost (41/200)
16/12/21 14:55:34 INFO Executor: Running task 41.0 in stage 2.0 (TID 242)
16/12/21 14:55:34 INFO HadoopRDD: Input split: file:/tmp/foo/sales_by_shop/part-00041:0+0
16/12/21 14:55:34 INFO Executor: Finished task 41.0 in stage 2.0 (TID 242). 1800 bytes result sent to driver
16/12/21 14:55:34 INFO TaskSetManager: Starting task 42.0 in stage 2.0 (TID 243, localhost, PROCESS_LOCAL, 1411 bytes)
16/12/21 14:55:34 INFO TaskSetManager: Finished task 41.0 in stage 2.0 (TID 242) in 7 ms on localhost (42/200)
16/12/21 14:55:34 INFO Executor: Running task 42.0 in stage 2.0 (TID 243)
16/12/21 14:55:34 INFO HadoopRDD: Input split: file:/tmp/foo/sales_by_shop/part-00042:0+0
16/12/21 14:55:34 INFO Executor: Finished task 42.0 in stage 2.0 (TID 243). 1800 bytes result sent to driver
16/12/21 14:55:34 INFO TaskSetManager: Starting task 43.0 in stage 2.0 (TID 244, localhost, PROCESS_LOCAL, 1411 bytes)
16/12/21 14:55:34 INFO TaskSetManager: Finished task 42.0 in stage 2.0 (TID 243) in 7 ms on localhost (43/200)
16/12/21 14:55:34 INFO Executor: Running task 43.0 in stage 2.0 (TID 244)
16/12/21 14:55:34 INFO HadoopRDD: Input split: file:/tmp/foo/sales_by_shop/part-00043:0+0
16/12/21 14:55:34 INFO Executor: Finished task 43.0 in stage 2.0 (TID 244). 1800 bytes result sent to driver
16/12/21 14:55:34 INFO TaskSetManager: Starting task 44.0 in stage 2.0 (TID 245, localhost, PROCESS_LOCAL, 1411 bytes)
16/12/21 14:55:34 INFO TaskSetManager: Finished task 43.0 in stage 2.0 (TID 244) in 9 ms on localhost (44/200)
16/12/21 14:55:34 INFO Executor: Running task 44.0 in stage 2.0 (TID 245)
16/12/21 14:55:34 INFO HadoopRDD: Input split: file:/tmp/foo/sales_by_shop/part-00044:0+0
16/12/21 14:55:34 INFO Executor: Finished task 44.0 in stage 2.0 (TID 245). 1800 bytes result sent to driver
16/12/21 14:55:34 INFO TaskSetManager: Starting task 45.0 in stage 2.0 (TID 246, localhost, PROCESS_LOCAL, 1411 bytes)
16/12/21 14:55:34 INFO TaskSetManager: Finished task 44.0 in stage 2.0 (TID 245) in 9 ms on localhost (45/200)
16/12/21 14:55:34 INFO Executor: Running task 45.0 in stage 2.0 (TID 246)
16/12/21 14:55:34 INFO HadoopRDD: Input split: file:/tmp/foo/sales_by_shop/part-00045:0+0
16/12/21 14:55:34 INFO Executor: Finished task 45.0 in stage 2.0 (TID 246). 1800 bytes result sent to driver
16/12/21 14:55:34 INFO TaskSetManager: Starting task 46.0 in stage 2.0 (TID 247, localhost, PROCESS_LOCAL, 1411 bytes)
16/12/21 14:55:34 INFO TaskSetManager: Finished task 45.0 in stage 2.0 (TID 246) in 8 ms on localhost (46/200)
16/12/21 14:55:34 INFO Executor: Running task 46.0 in stage 2.0 (TID 247)
16/12/21 14:55:34 INFO HadoopRDD: Input split: file:/tmp/foo/sales_by_shop/part-00046:0+0
16/12/21 14:55:34 INFO Executor: Finished task 46.0 in stage 2.0 (TID 247). 1800 bytes result sent to driver
16/12/21 14:55:34 INFO TaskSetManager: Starting task 47.0 in stage 2.0 (TID 248, localhost, PROCESS_LOCAL, 1411 bytes)
16/12/21 14:55:34 INFO TaskSetManager: Finished task 46.0 in stage 2.0 (TID 247) in 21 ms on localhost (47/200)
16/12/21 14:55:34 INFO Executor: Running task 47.0 in stage 2.0 (TID 248)
16/12/21 14:55:34 INFO HadoopRDD: Input split: file:/tmp/foo/sales_by_shop/part-00047:0+0
16/12/21 14:55:34 INFO Executor: Finished task 47.0 in stage 2.0 (TID 248). 1800 bytes result sent to driver
16/12/21 14:55:34 INFO TaskSetManager: Starting task 48.0 in stage 2.0 (TID 249, localhost, PROCESS_LOCAL, 1411 bytes)
16/12/21 14:55:34 INFO TaskSetManager: Finished task 47.0 in stage 2.0 (TID 248) in 65 ms on localhost (48/200)
16/12/21 14:55:34 INFO Executor: Running task 48.0 in stage 2.0 (TID 249)
16/12/21 14:55:34 INFO HadoopRDD: Input split: file:/tmp/foo/sales_by_shop/part-00048:0+0
16/12/21 14:55:34 INFO Executor: Finished task 48.0 in stage 2.0 (TID 249). 1800 bytes result sent to driver
16/12/21 14:55:34 INFO TaskSetManager: Starting task 49.0 in stage 2.0 (TID 250, localhost, PROCESS_LOCAL, 1411 bytes)
16/12/21 14:55:34 INFO TaskSetManager: Finished task 48.0 in stage 2.0 (TID 249) in 11 ms on localhost (49/200)
16/12/21 14:55:34 INFO Executor: Running task 49.0 in stage 2.0 (TID 250)
16/12/21 14:55:34 INFO HadoopRDD: Input split: file:/tmp/foo/sales_by_shop/part-00049:0+0
16/12/21 14:55:34 INFO Executor: Finished task 49.0 in stage 2.0 (TID 250). 1800 bytes result sent to driver
16/12/21 14:55:34 INFO TaskSetManager: Starting task 50.0 in stage 2.0 (TID 251, localhost, PROCESS_LOCAL, 1411 bytes)
16/12/21 14:55:34 INFO TaskSetManager: Finished task 49.0 in stage 2.0 (TID 250) in 6 ms on localhost (50/200)
16/12/21 14:55:34 INFO Executor: Running task 50.0 in stage 2.0 (TID 251)
16/12/21 14:55:34 INFO HadoopRDD: Input split: file:/tmp/foo/sales_by_shop/part-00050:0+0
16/12/21 14:55:34 INFO Executor: Finished task 50.0 in stage 2.0 (TID 251). 1800 bytes result sent to driver
16/12/21 14:55:34 INFO TaskSetManager: Starting task 51.0 in stage 2.0 (TID 252, localhost, PROCESS_LOCAL, 1411 bytes)
16/12/21 14:55:34 INFO TaskSetManager: Finished task 50.0 in stage 2.0 (TID 251) in 8 ms on localhost (51/200)
16/12/21 14:55:34 INFO Executor: Running task 51.0 in stage 2.0 (TID 252)
16/12/21 14:55:34 INFO HadoopRDD: Input split: file:/tmp/foo/sales_by_shop/part-00051:0+0
16/12/21 14:55:34 INFO Executor: Finished task 51.0 in stage 2.0 (TID 252). 1800 bytes result sent to driver
16/12/21 14:55:34 INFO TaskSetManager: Starting task 52.0 in stage 2.0 (TID 253, localhost, PROCESS_LOCAL, 1411 bytes)
16/12/21 14:55:34 INFO TaskSetManager: Finished task 51.0 in stage 2.0 (TID 252) in 10 ms on localhost (52/200)
16/12/21 14:55:34 INFO Executor: Running task 52.0 in stage 2.0 (TID 253)
16/12/21 14:55:34 INFO HadoopRDD: Input split: file:/tmp/foo/sales_by_shop/part-00052:0+0
16/12/21 14:55:34 INFO Executor: Finished task 52.0 in stage 2.0 (TID 253). 1800 bytes result sent to driver
16/12/21 14:55:34 INFO TaskSetManager: Starting task 53.0 in stage 2.0 (TID 254, localhost, PROCESS_LOCAL, 1411 bytes)
16/12/21 14:55:34 INFO TaskSetManager: Finished task 52.0 in stage 2.0 (TID 253) in 21 ms on localhost (53/200)
16/12/21 14:55:34 INFO Executor: Running task 53.0 in stage 2.0 (TID 254)
16/12/21 14:55:34 INFO HadoopRDD: Input split: file:/tmp/foo/sales_by_shop/part-00053:0+0
16/12/21 14:55:34 INFO Executor: Finished task 53.0 in stage 2.0 (TID 254). 1800 bytes result sent to driver
16/12/21 14:55:34 INFO TaskSetManager: Starting task 54.0 in stage 2.0 (TID 255, localhost, PROCESS_LOCAL, 1411 bytes)
16/12/21 14:55:34 INFO TaskSetManager: Finished task 53.0 in stage 2.0 (TID 254) in 8 ms on localhost (54/200)
16/12/21 14:55:34 INFO Executor: Running task 54.0 in stage 2.0 (TID 255)
16/12/21 14:55:34 INFO HadoopRDD: Input split: file:/tmp/foo/sales_by_shop/part-00054:0+0
16/12/21 14:55:34 INFO Executor: Finished task 54.0 in stage 2.0 (TID 255). 1800 bytes result sent to driver
16/12/21 14:55:34 INFO TaskSetManager: Starting task 55.0 in stage 2.0 (TID 256, localhost, PROCESS_LOCAL, 1411 bytes)
16/12/21 14:55:34 INFO TaskSetManager: Finished task 54.0 in stage 2.0 (TID 255) in 8 ms on localhost (55/200)
16/12/21 14:55:34 INFO Executor: Running task 55.0 in stage 2.0 (TID 256)
16/12/21 14:55:34 INFO HadoopRDD: Input split: file:/tmp/foo/sales_by_shop/part-00055:0+0
16/12/21 14:55:34 INFO Executor: Finished task 55.0 in stage 2.0 (TID 256). 1800 bytes result sent to driver
16/12/21 14:55:34 INFO TaskSetManager: Starting task 56.0 in stage 2.0 (TID 257, localhost, PROCESS_LOCAL, 1411 bytes)
16/12/21 14:55:34 INFO Executor: Running task 56.0 in stage 2.0 (TID 257)
16/12/21 14:55:34 INFO TaskSetManager: Finished task 55.0 in stage 2.0 (TID 256) in 7 ms on localhost (56/200)
16/12/21 14:55:34 INFO HadoopRDD: Input split: file:/tmp/foo/sales_by_shop/part-00056:0+0
16/12/21 14:55:34 INFO Executor: Finished task 56.0 in stage 2.0 (TID 257). 1800 bytes result sent to driver
16/12/21 14:55:34 INFO TaskSetManager: Starting task 57.0 in stage 2.0 (TID 258, localhost, PROCESS_LOCAL, 1411 bytes)
16/12/21 14:55:34 INFO TaskSetManager: Finished task 56.0 in stage 2.0 (TID 257) in 6 ms on localhost (57/200)
16/12/21 14:55:34 INFO Executor: Running task 57.0 in stage 2.0 (TID 258)
16/12/21 14:55:34 INFO HadoopRDD: Input split: file:/tmp/foo/sales_by_shop/part-00057:0+0
16/12/21 14:55:34 INFO Executor: Finished task 57.0 in stage 2.0 (TID 258). 1800 bytes result sent to driver
16/12/21 14:55:34 INFO TaskSetManager: Starting task 58.0 in stage 2.0 (TID 259, localhost, PROCESS_LOCAL, 1411 bytes)
16/12/21 14:55:34 INFO TaskSetManager: Finished task 57.0 in stage 2.0 (TID 258) in 9 ms on localhost (58/200)
16/12/21 14:55:34 INFO Executor: Running task 58.0 in stage 2.0 (TID 259)
16/12/21 14:55:34 INFO HadoopRDD: Input split: file:/tmp/foo/sales_by_shop/part-00058:0+0
16/12/21 14:55:34 INFO Executor: Finished task 58.0 in stage 2.0 (TID 259). 1800 bytes result sent to driver
16/12/21 14:55:34 INFO TaskSetManager: Starting task 59.0 in stage 2.0 (TID 260, localhost, PROCESS_LOCAL, 1411 bytes)
16/12/21 14:55:34 INFO TaskSetManager: Finished task 58.0 in stage 2.0 (TID 259) in 6 ms on localhost (59/200)
16/12/21 14:55:34 INFO Executor: Running task 59.0 in stage 2.0 (TID 260)
16/12/21 14:55:34 INFO HadoopRDD: Input split: file:/tmp/foo/sales_by_shop/part-00059:0+0
16/12/21 14:55:34 INFO Executor: Finished task 59.0 in stage 2.0 (TID 260). 1800 bytes result sent to driver
16/12/21 14:55:34 INFO TaskSetManager: Starting task 60.0 in stage 2.0 (TID 261, localhost, PROCESS_LOCAL, 1411 bytes)
16/12/21 14:55:34 INFO Executor: Running task 60.0 in stage 2.0 (TID 261)
16/12/21 14:55:34 INFO TaskSetManager: Finished task 59.0 in stage 2.0 (TID 260) in 6 ms on localhost (60/200)
16/12/21 14:55:34 INFO HadoopRDD: Input split: file:/tmp/foo/sales_by_shop/part-00060:0+0
16/12/21 14:55:34 INFO Executor: Finished task 60.0 in stage 2.0 (TID 261). 1800 bytes result sent to driver
16/12/21 14:55:34 INFO TaskSetManager: Starting task 61.0 in stage 2.0 (TID 262, localhost, PROCESS_LOCAL, 1411 bytes)
16/12/21 14:55:34 INFO TaskSetManager: Finished task 60.0 in stage 2.0 (TID 261) in 7 ms on localhost (61/200)
16/12/21 14:55:34 INFO Executor: Running task 61.0 in stage 2.0 (TID 262)
16/12/21 14:55:34 INFO HadoopRDD: Input split: file:/tmp/foo/sales_by_shop/part-00061:0+0
16/12/21 14:55:34 INFO Executor: Finished task 61.0 in stage 2.0 (TID 262). 1800 bytes result sent to driver
16/12/21 14:55:34 INFO TaskSetManager: Starting task 62.0 in stage 2.0 (TID 263, localhost, PROCESS_LOCAL, 1411 bytes)
16/12/21 14:55:34 INFO Executor: Running task 62.0 in stage 2.0 (TID 263)
16/12/21 14:55:34 INFO TaskSetManager: Finished task 61.0 in stage 2.0 (TID 262) in 6 ms on localhost (62/200)
16/12/21 14:55:34 INFO HadoopRDD: Input split: file:/tmp/foo/sales_by_shop/part-00062:0+0
16/12/21 14:55:34 INFO Executor: Finished task 62.0 in stage 2.0 (TID 263). 1800 bytes result sent to driver
16/12/21 14:55:34 INFO TaskSetManager: Starting task 63.0 in stage 2.0 (TID 264, localhost, PROCESS_LOCAL, 1411 bytes)
16/12/21 14:55:34 INFO TaskSetManager: Finished task 62.0 in stage 2.0 (TID 263) in 6 ms on localhost (63/200)
16/12/21 14:55:34 INFO Executor: Running task 63.0 in stage 2.0 (TID 264)
16/12/21 14:55:34 INFO HadoopRDD: Input split: file:/tmp/foo/sales_by_shop/part-00063:0+0
16/12/21 14:55:34 INFO Executor: Finished task 63.0 in stage 2.0 (TID 264). 1800 bytes result sent to driver
16/12/21 14:55:34 INFO TaskSetManager: Starting task 64.0 in stage 2.0 (TID 265, localhost, PROCESS_LOCAL, 1411 bytes)
16/12/21 14:55:34 INFO TaskSetManager: Finished task 63.0 in stage 2.0 (TID 264) in 5 ms on localhost (64/200)
16/12/21 14:55:34 INFO Executor: Running task 64.0 in stage 2.0 (TID 265)
16/12/21 14:55:34 INFO HadoopRDD: Input split: file:/tmp/foo/sales_by_shop/part-00064:0+0
16/12/21 14:55:34 INFO Executor: Finished task 64.0 in stage 2.0 (TID 265). 1800 bytes result sent to driver
16/12/21 14:55:34 INFO TaskSetManager: Starting task 65.0 in stage 2.0 (TID 266, localhost, PROCESS_LOCAL, 1411 bytes)
16/12/21 14:55:34 INFO TaskSetManager: Finished task 64.0 in stage 2.0 (TID 265) in 7 ms on localhost (65/200)
16/12/21 14:55:34 INFO Executor: Running task 65.0 in stage 2.0 (TID 266)
16/12/21 14:55:34 INFO HadoopRDD: Input split: file:/tmp/foo/sales_by_shop/part-00065:0+0
16/12/21 14:55:34 INFO Executor: Finished task 65.0 in stage 2.0 (TID 266). 1800 bytes result sent to driver
16/12/21 14:55:34 INFO TaskSetManager: Starting task 66.0 in stage 2.0 (TID 267, localhost, PROCESS_LOCAL, 1411 bytes)
16/12/21 14:55:34 INFO TaskSetManager: Finished task 65.0 in stage 2.0 (TID 266) in 6 ms on localhost (66/200)
16/12/21 14:55:34 INFO Executor: Running task 66.0 in stage 2.0 (TID 267)
16/12/21 14:55:34 INFO HadoopRDD: Input split: file:/tmp/foo/sales_by_shop/part-00066:0+0
16/12/21 14:55:34 INFO Executor: Finished task 66.0 in stage 2.0 (TID 267). 1800 bytes result sent to driver
16/12/21 14:55:34 INFO TaskSetManager: Starting task 67.0 in stage 2.0 (TID 268, localhost, PROCESS_LOCAL, 1411 bytes)
16/12/21 14:55:34 INFO TaskSetManager: Finished task 66.0 in stage 2.0 (TID 267) in 7 ms on localhost (67/200)
16/12/21 14:55:34 INFO Executor: Running task 67.0 in stage 2.0 (TID 268)
16/12/21 14:55:34 INFO HadoopRDD: Input split: file:/tmp/foo/sales_by_shop/part-00067:0+0
16/12/21 14:55:34 INFO Executor: Finished task 67.0 in stage 2.0 (TID 268). 1800 bytes result sent to driver
16/12/21 14:55:34 INFO TaskSetManager: Starting task 68.0 in stage 2.0 (TID 269, localhost, PROCESS_LOCAL, 1411 bytes)
16/12/21 14:55:34 INFO TaskSetManager: Finished task 67.0 in stage 2.0 (TID 268) in 8 ms on localhost (68/200)
16/12/21 14:55:34 INFO Executor: Running task 68.0 in stage 2.0 (TID 269)
16/12/21 14:55:34 INFO HadoopRDD: Input split: file:/tmp/foo/sales_by_shop/part-00068:0+0
16/12/21 14:55:34 INFO Executor: Finished task 68.0 in stage 2.0 (TID 269). 1800 bytes result sent to driver
16/12/21 14:55:34 INFO TaskSetManager: Starting task 69.0 in stage 2.0 (TID 270, localhost, PROCESS_LOCAL, 1411 bytes)
16/12/21 14:55:34 INFO Executor: Running task 69.0 in stage 2.0 (TID 270)
16/12/21 14:55:34 INFO TaskSetManager: Finished task 68.0 in stage 2.0 (TID 269) in 9 ms on localhost (69/200)
16/12/21 14:55:34 INFO HadoopRDD: Input split: file:/tmp/foo/sales_by_shop/part-00069:0+0
16/12/21 14:55:34 INFO Executor: Finished task 69.0 in stage 2.0 (TID 270). 1800 bytes result sent to driver
16/12/21 14:55:34 INFO TaskSetManager: Starting task 70.0 in stage 2.0 (TID 271, localhost, PROCESS_LOCAL, 1411 bytes)
16/12/21 14:55:34 INFO Executor: Running task 70.0 in stage 2.0 (TID 271)
16/12/21 14:55:34 INFO TaskSetManager: Finished task 69.0 in stage 2.0 (TID 270) in 6 ms on localhost (70/200)
16/12/21 14:55:34 INFO HadoopRDD: Input split: file:/tmp/foo/sales_by_shop/part-00070:0+0
16/12/21 14:55:34 INFO Executor: Finished task 70.0 in stage 2.0 (TID 271). 1800 bytes result sent to driver
16/12/21 14:55:34 INFO TaskSetManager: Starting task 71.0 in stage 2.0 (TID 272, localhost, PROCESS_LOCAL, 1411 bytes)
16/12/21 14:55:34 INFO Executor: Running task 71.0 in stage 2.0 (TID 272)
16/12/21 14:55:34 INFO TaskSetManager: Finished task 70.0 in stage 2.0 (TID 271) in 6 ms on localhost (71/200)
16/12/21 14:55:34 INFO HadoopRDD: Input split: file:/tmp/foo/sales_by_shop/part-00071:0+0
16/12/21 14:55:34 INFO Executor: Finished task 71.0 in stage 2.0 (TID 272). 1800 bytes result sent to driver
16/12/21 14:55:34 INFO TaskSetManager: Starting task 72.0 in stage 2.0 (TID 273, localhost, PROCESS_LOCAL, 1411 bytes)
16/12/21 14:55:34 INFO Executor: Running task 72.0 in stage 2.0 (TID 273)
16/12/21 14:55:34 INFO TaskSetManager: Finished task 71.0 in stage 2.0 (TID 272) in 6 ms on localhost (72/200)
16/12/21 14:55:34 INFO HadoopRDD: Input split: file:/tmp/foo/sales_by_shop/part-00072:0+0
16/12/21 14:55:34 INFO Executor: Finished task 72.0 in stage 2.0 (TID 273). 1800 bytes result sent to driver
16/12/21 14:55:34 INFO TaskSetManager: Starting task 73.0 in stage 2.0 (TID 274, localhost, PROCESS_LOCAL, 1411 bytes)
16/12/21 14:55:34 INFO Executor: Running task 73.0 in stage 2.0 (TID 274)
16/12/21 14:55:34 INFO TaskSetManager: Finished task 72.0 in stage 2.0 (TID 273) in 5 ms on localhost (73/200)
16/12/21 14:55:34 INFO HadoopRDD: Input split: file:/tmp/foo/sales_by_shop/part-00073:0+0
16/12/21 14:55:34 INFO Executor: Finished task 73.0 in stage 2.0 (TID 274). 1800 bytes result sent to driver
16/12/21 14:55:34 INFO TaskSetManager: Starting task 74.0 in stage 2.0 (TID 275, localhost, PROCESS_LOCAL, 1411 bytes)
16/12/21 14:55:34 INFO TaskSetManager: Finished task 73.0 in stage 2.0 (TID 274) in 6 ms on localhost (74/200)
16/12/21 14:55:34 INFO Executor: Running task 74.0 in stage 2.0 (TID 275)
16/12/21 14:55:34 INFO HadoopRDD: Input split: file:/tmp/foo/sales_by_shop/part-00074:0+0
16/12/21 14:55:34 INFO Executor: Finished task 74.0 in stage 2.0 (TID 275). 1800 bytes result sent to driver
16/12/21 14:55:34 INFO TaskSetManager: Starting task 75.0 in stage 2.0 (TID 276, localhost, PROCESS_LOCAL, 1411 bytes)
16/12/21 14:55:34 INFO Executor: Running task 75.0 in stage 2.0 (TID 276)
16/12/21 14:55:34 INFO TaskSetManager: Finished task 74.0 in stage 2.0 (TID 275) in 6 ms on localhost (75/200)
16/12/21 14:55:34 INFO HadoopRDD: Input split: file:/tmp/foo/sales_by_shop/part-00075:0+0
16/12/21 14:55:34 INFO Executor: Finished task 75.0 in stage 2.0 (TID 276). 1800 bytes result sent to driver
16/12/21 14:55:34 INFO TaskSetManager: Starting task 76.0 in stage 2.0 (TID 277, localhost, PROCESS_LOCAL, 1411 bytes)
16/12/21 14:55:34 INFO TaskSetManager: Finished task 75.0 in stage 2.0 (TID 276) in 9 ms on localhost (76/200)
16/12/21 14:55:34 INFO Executor: Running task 76.0 in stage 2.0 (TID 277)
16/12/21 14:55:34 INFO HadoopRDD: Input split: file:/tmp/foo/sales_by_shop/part-00076:0+0
16/12/21 14:55:34 INFO Executor: Finished task 76.0 in stage 2.0 (TID 277). 1800 bytes result sent to driver
16/12/21 14:55:34 INFO TaskSetManager: Starting task 77.0 in stage 2.0 (TID 278, localhost, PROCESS_LOCAL, 1411 bytes)
16/12/21 14:55:34 INFO TaskSetManager: Finished task 76.0 in stage 2.0 (TID 277) in 6 ms on localhost (77/200)
16/12/21 14:55:34 INFO Executor: Running task 77.0 in stage 2.0 (TID 278)
16/12/21 14:55:34 INFO HadoopRDD: Input split: file:/tmp/foo/sales_by_shop/part-00077:0+0
16/12/21 14:55:34 INFO Executor: Finished task 77.0 in stage 2.0 (TID 278). 1800 bytes result sent to driver
16/12/21 14:55:34 INFO TaskSetManager: Starting task 78.0 in stage 2.0 (TID 279, localhost, PROCESS_LOCAL, 1411 bytes)
16/12/21 14:55:34 INFO TaskSetManager: Finished task 77.0 in stage 2.0 (TID 278) in 11 ms on localhost (78/200)
16/12/21 14:55:34 INFO Executor: Running task 78.0 in stage 2.0 (TID 279)
16/12/21 14:55:34 INFO HadoopRDD: Input split: file:/tmp/foo/sales_by_shop/part-00078:0+0
16/12/21 14:55:34 INFO Executor: Finished task 78.0 in stage 2.0 (TID 279). 1800 bytes result sent to driver
16/12/21 14:55:34 INFO TaskSetManager: Starting task 79.0 in stage 2.0 (TID 280, localhost, PROCESS_LOCAL, 1411 bytes)
16/12/21 14:55:34 INFO TaskSetManager: Finished task 78.0 in stage 2.0 (TID 279) in 6 ms on localhost (79/200)
16/12/21 14:55:34 INFO Executor: Running task 79.0 in stage 2.0 (TID 280)
16/12/21 14:55:34 INFO HadoopRDD: Input split: file:/tmp/foo/sales_by_shop/part-00079:0+0
16/12/21 14:55:34 INFO Executor: Finished task 79.0 in stage 2.0 (TID 280). 1800 bytes result sent to driver
16/12/21 14:55:34 INFO TaskSetManager: Starting task 80.0 in stage 2.0 (TID 281, localhost, PROCESS_LOCAL, 1411 bytes)
16/12/21 14:55:34 INFO Executor: Running task 80.0 in stage 2.0 (TID 281)
16/12/21 14:55:34 INFO TaskSetManager: Finished task 79.0 in stage 2.0 (TID 280) in 6 ms on localhost (80/200)
16/12/21 14:55:34 INFO HadoopRDD: Input split: file:/tmp/foo/sales_by_shop/part-00080:0+0
16/12/21 14:55:34 INFO Executor: Finished task 80.0 in stage 2.0 (TID 281). 1800 bytes result sent to driver
16/12/21 14:55:34 INFO TaskSetManager: Starting task 81.0 in stage 2.0 (TID 282, localhost, PROCESS_LOCAL, 1411 bytes)
16/12/21 14:55:34 INFO TaskSetManager: Finished task 80.0 in stage 2.0 (TID 281) in 7 ms on localhost (81/200)
16/12/21 14:55:34 INFO Executor: Running task 81.0 in stage 2.0 (TID 282)
16/12/21 14:55:34 INFO HadoopRDD: Input split: file:/tmp/foo/sales_by_shop/part-00081:0+0
16/12/21 14:55:34 INFO Executor: Finished task 81.0 in stage 2.0 (TID 282). 1800 bytes result sent to driver
16/12/21 14:55:34 INFO TaskSetManager: Starting task 82.0 in stage 2.0 (TID 283, localhost, PROCESS_LOCAL, 1411 bytes)
16/12/21 14:55:34 INFO Executor: Running task 82.0 in stage 2.0 (TID 283)
16/12/21 14:55:34 INFO TaskSetManager: Finished task 81.0 in stage 2.0 (TID 282) in 7 ms on localhost (82/200)
16/12/21 14:55:34 INFO HadoopRDD: Input split: file:/tmp/foo/sales_by_shop/part-00082:0+0
16/12/21 14:55:34 INFO Executor: Finished task 82.0 in stage 2.0 (TID 283). 1800 bytes result sent to driver
16/12/21 14:55:34 INFO TaskSetManager: Starting task 83.0 in stage 2.0 (TID 284, localhost, PROCESS_LOCAL, 1411 bytes)
16/12/21 14:55:34 INFO TaskSetManager: Finished task 82.0 in stage 2.0 (TID 283) in 7 ms on localhost (83/200)
16/12/21 14:55:34 INFO Executor: Running task 83.0 in stage 2.0 (TID 284)
16/12/21 14:55:34 INFO HadoopRDD: Input split: file:/tmp/foo/sales_by_shop/part-00083:0+0
16/12/21 14:55:34 INFO Executor: Finished task 83.0 in stage 2.0 (TID 284). 1800 bytes result sent to driver
16/12/21 14:55:34 INFO TaskSetManager: Starting task 84.0 in stage 2.0 (TID 285, localhost, PROCESS_LOCAL, 1411 bytes)
16/12/21 14:55:34 INFO TaskSetManager: Finished task 83.0 in stage 2.0 (TID 284) in 6 ms on localhost (84/200)
16/12/21 14:55:34 INFO Executor: Running task 84.0 in stage 2.0 (TID 285)
16/12/21 14:55:34 INFO HadoopRDD: Input split: file:/tmp/foo/sales_by_shop/part-00084:0+0
16/12/21 14:55:34 INFO Executor: Finished task 84.0 in stage 2.0 (TID 285). 1800 bytes result sent to driver
16/12/21 14:55:34 INFO TaskSetManager: Starting task 85.0 in stage 2.0 (TID 286, localhost, PROCESS_LOCAL, 1411 bytes)
16/12/21 14:55:34 INFO TaskSetManager: Finished task 84.0 in stage 2.0 (TID 285) in 6 ms on localhost (85/200)
16/12/21 14:55:34 INFO Executor: Running task 85.0 in stage 2.0 (TID 286)
16/12/21 14:55:34 INFO HadoopRDD: Input split: file:/tmp/foo/sales_by_shop/part-00085:0+0
16/12/21 14:55:34 INFO Executor: Finished task 85.0 in stage 2.0 (TID 286). 1800 bytes result sent to driver
16/12/21 14:55:34 INFO TaskSetManager: Starting task 86.0 in stage 2.0 (TID 287, localhost, PROCESS_LOCAL, 1411 bytes)
16/12/21 14:55:34 INFO TaskSetManager: Finished task 85.0 in stage 2.0 (TID 286) in 9 ms on localhost (86/200)
16/12/21 14:55:34 INFO Executor: Running task 86.0 in stage 2.0 (TID 287)
16/12/21 14:55:34 INFO HadoopRDD: Input split: file:/tmp/foo/sales_by_shop/part-00086:0+0
16/12/21 14:55:34 INFO Executor: Finished task 86.0 in stage 2.0 (TID 287). 1800 bytes result sent to driver
16/12/21 14:55:34 INFO TaskSetManager: Starting task 87.0 in stage 2.0 (TID 288, localhost, PROCESS_LOCAL, 1411 bytes)
16/12/21 14:55:34 INFO TaskSetManager: Finished task 86.0 in stage 2.0 (TID 287) in 7 ms on localhost (87/200)
16/12/21 14:55:34 INFO Executor: Running task 87.0 in stage 2.0 (TID 288)
16/12/21 14:55:34 INFO HadoopRDD: Input split: file:/tmp/foo/sales_by_shop/part-00087:0+0
16/12/21 14:55:34 INFO Executor: Finished task 87.0 in stage 2.0 (TID 288). 1800 bytes result sent to driver
16/12/21 14:55:34 INFO TaskSetManager: Starting task 88.0 in stage 2.0 (TID 289, localhost, PROCESS_LOCAL, 1411 bytes)
16/12/21 14:55:34 INFO Executor: Running task 88.0 in stage 2.0 (TID 289)
16/12/21 14:55:34 INFO TaskSetManager: Finished task 87.0 in stage 2.0 (TID 288) in 9 ms on localhost (88/200)
16/12/21 14:55:34 INFO HadoopRDD: Input split: file:/tmp/foo/sales_by_shop/part-00088:0+0
16/12/21 14:55:34 INFO Executor: Finished task 88.0 in stage 2.0 (TID 289). 1800 bytes result sent to driver
16/12/21 14:55:34 INFO TaskSetManager: Starting task 89.0 in stage 2.0 (TID 290, localhost, PROCESS_LOCAL, 1411 bytes)
16/12/21 14:55:34 INFO TaskSetManager: Finished task 88.0 in stage 2.0 (TID 289) in 14 ms on localhost (89/200)
16/12/21 14:55:34 INFO Executor: Running task 89.0 in stage 2.0 (TID 290)
16/12/21 14:55:34 INFO HadoopRDD: Input split: file:/tmp/foo/sales_by_shop/part-00089:0+0
16/12/21 14:55:34 INFO Executor: Finished task 89.0 in stage 2.0 (TID 290). 1800 bytes result sent to driver
16/12/21 14:55:34 INFO TaskSetManager: Starting task 90.0 in stage 2.0 (TID 291, localhost, PROCESS_LOCAL, 1411 bytes)
16/12/21 14:55:34 INFO TaskSetManager: Finished task 89.0 in stage 2.0 (TID 290) in 10 ms on localhost (90/200)
16/12/21 14:55:34 INFO Executor: Running task 90.0 in stage 2.0 (TID 291)
16/12/21 14:55:34 INFO HadoopRDD: Input split: file:/tmp/foo/sales_by_shop/part-00090:0+0
16/12/21 14:55:34 INFO Executor: Finished task 90.0 in stage 2.0 (TID 291). 1800 bytes result sent to driver
16/12/21 14:55:34 INFO TaskSetManager: Starting task 91.0 in stage 2.0 (TID 292, localhost, PROCESS_LOCAL, 1411 bytes)
16/12/21 14:55:34 INFO TaskSetManager: Finished task 90.0 in stage 2.0 (TID 291) in 26 ms on localhost (91/200)
16/12/21 14:55:34 INFO Executor: Running task 91.0 in stage 2.0 (TID 292)
16/12/21 14:55:34 INFO HadoopRDD: Input split: file:/tmp/foo/sales_by_shop/part-00091:0+0
16/12/21 14:55:34 INFO Executor: Finished task 91.0 in stage 2.0 (TID 292). 1800 bytes result sent to driver
16/12/21 14:55:34 INFO TaskSetManager: Starting task 92.0 in stage 2.0 (TID 293, localhost, PROCESS_LOCAL, 1411 bytes)
16/12/21 14:55:34 INFO TaskSetManager: Finished task 91.0 in stage 2.0 (TID 292) in 13 ms on localhost (92/200)
16/12/21 14:55:34 INFO Executor: Running task 92.0 in stage 2.0 (TID 293)
16/12/21 14:55:34 INFO HadoopRDD: Input split: file:/tmp/foo/sales_by_shop/part-00092:0+0
16/12/21 14:55:34 INFO Executor: Finished task 92.0 in stage 2.0 (TID 293). 1800 bytes result sent to driver
16/12/21 14:55:34 INFO TaskSetManager: Starting task 93.0 in stage 2.0 (TID 294, localhost, PROCESS_LOCAL, 1411 bytes)
16/12/21 14:55:34 INFO TaskSetManager: Finished task 92.0 in stage 2.0 (TID 293) in 10 ms on localhost (93/200)
16/12/21 14:55:34 INFO Executor: Running task 93.0 in stage 2.0 (TID 294)
16/12/21 14:55:34 INFO HadoopRDD: Input split: file:/tmp/foo/sales_by_shop/part-00093:0+0
16/12/21 14:55:34 INFO Executor: Finished task 93.0 in stage 2.0 (TID 294). 1800 bytes result sent to driver
16/12/21 14:55:34 INFO TaskSetManager: Starting task 94.0 in stage 2.0 (TID 295, localhost, PROCESS_LOCAL, 1411 bytes)
16/12/21 14:55:34 INFO TaskSetManager: Finished task 93.0 in stage 2.0 (TID 294) in 7 ms on localhost (94/200)
16/12/21 14:55:34 INFO Executor: Running task 94.0 in stage 2.0 (TID 295)
16/12/21 14:55:34 INFO HadoopRDD: Input split: file:/tmp/foo/sales_by_shop/part-00094:0+0
16/12/21 14:55:34 INFO Executor: Finished task 94.0 in stage 2.0 (TID 295). 1800 bytes result sent to driver
16/12/21 14:55:34 INFO TaskSetManager: Starting task 95.0 in stage 2.0 (TID 296, localhost, PROCESS_LOCAL, 1411 bytes)
16/12/21 14:55:34 INFO TaskSetManager: Finished task 94.0 in stage 2.0 (TID 295) in 5 ms on localhost (95/200)
16/12/21 14:55:34 INFO Executor: Running task 95.0 in stage 2.0 (TID 296)
16/12/21 14:55:34 INFO HadoopRDD: Input split: file:/tmp/foo/sales_by_shop/part-00095:0+0
16/12/21 14:55:34 INFO Executor: Finished task 95.0 in stage 2.0 (TID 296). 1800 bytes result sent to driver
16/12/21 14:55:34 INFO TaskSetManager: Starting task 96.0 in stage 2.0 (TID 297, localhost, PROCESS_LOCAL, 1411 bytes)
16/12/21 14:55:34 INFO TaskSetManager: Finished task 95.0 in stage 2.0 (TID 296) in 6 ms on localhost (96/200)
16/12/21 14:55:34 INFO Executor: Running task 96.0 in stage 2.0 (TID 297)
16/12/21 14:55:34 INFO HadoopRDD: Input split: file:/tmp/foo/sales_by_shop/part-00096:0+0
16/12/21 14:55:34 INFO Executor: Finished task 96.0 in stage 2.0 (TID 297). 1800 bytes result sent to driver
16/12/21 14:55:34 INFO TaskSetManager: Starting task 97.0 in stage 2.0 (TID 298, localhost, PROCESS_LOCAL, 1411 bytes)
16/12/21 14:55:34 INFO TaskSetManager: Finished task 96.0 in stage 2.0 (TID 297) in 6 ms on localhost (97/200)
16/12/21 14:55:34 INFO Executor: Running task 97.0 in stage 2.0 (TID 298)
16/12/21 14:55:34 INFO HadoopRDD: Input split: file:/tmp/foo/sales_by_shop/part-00097:0+0
16/12/21 14:55:34 INFO Executor: Finished task 97.0 in stage 2.0 (TID 298). 1800 bytes result sent to driver
16/12/21 14:55:34 INFO TaskSetManager: Starting task 98.0 in stage 2.0 (TID 299, localhost, PROCESS_LOCAL, 1411 bytes)
16/12/21 14:55:34 INFO Executor: Running task 98.0 in stage 2.0 (TID 299)
16/12/21 14:55:34 INFO TaskSetManager: Finished task 97.0 in stage 2.0 (TID 298) in 6 ms on localhost (98/200)
16/12/21 14:55:34 INFO HadoopRDD: Input split: file:/tmp/foo/sales_by_shop/part-00098:0+0
16/12/21 14:55:34 INFO Executor: Finished task 98.0 in stage 2.0 (TID 299). 1800 bytes result sent to driver
16/12/21 14:55:34 INFO TaskSetManager: Starting task 99.0 in stage 2.0 (TID 300, localhost, PROCESS_LOCAL, 1411 bytes)
16/12/21 14:55:34 INFO TaskSetManager: Finished task 98.0 in stage 2.0 (TID 299) in 7 ms on localhost (99/200)
16/12/21 14:55:34 INFO Executor: Running task 99.0 in stage 2.0 (TID 300)
16/12/21 14:55:34 INFO HadoopRDD: Input split: file:/tmp/foo/sales_by_shop/part-00099:0+0
16/12/21 14:55:34 INFO Executor: Finished task 99.0 in stage 2.0 (TID 300). 1800 bytes result sent to driver
16/12/21 14:55:34 INFO TaskSetManager: Starting task 100.0 in stage 2.0 (TID 301, localhost, PROCESS_LOCAL, 1411 bytes)
16/12/21 14:55:34 INFO TaskSetManager: Finished task 99.0 in stage 2.0 (TID 300) in 6 ms on localhost (100/200)
16/12/21 14:55:34 INFO Executor: Running task 100.0 in stage 2.0 (TID 301)
16/12/21 14:55:34 INFO HadoopRDD: Input split: file:/tmp/foo/sales_by_shop/part-00100:0+0
16/12/21 14:55:34 INFO Executor: Finished task 100.0 in stage 2.0 (TID 301). 1800 bytes result sent to driver
16/12/21 14:55:34 INFO TaskSetManager: Starting task 101.0 in stage 2.0 (TID 302, localhost, PROCESS_LOCAL, 1411 bytes)
16/12/21 14:55:34 INFO Executor: Running task 101.0 in stage 2.0 (TID 302)
16/12/21 14:55:34 INFO TaskSetManager: Finished task 100.0 in stage 2.0 (TID 301) in 5 ms on localhost (101/200)
16/12/21 14:55:34 INFO HadoopRDD: Input split: file:/tmp/foo/sales_by_shop/part-00101:0+0
16/12/21 14:55:34 INFO Executor: Finished task 101.0 in stage 2.0 (TID 302). 1800 bytes result sent to driver
16/12/21 14:55:34 INFO TaskSetManager: Starting task 102.0 in stage 2.0 (TID 303, localhost, PROCESS_LOCAL, 1411 bytes)
16/12/21 14:55:34 INFO TaskSetManager: Finished task 101.0 in stage 2.0 (TID 302) in 6 ms on localhost (102/200)
16/12/21 14:55:34 INFO Executor: Running task 102.0 in stage 2.0 (TID 303)
16/12/21 14:55:34 INFO HadoopRDD: Input split: file:/tmp/foo/sales_by_shop/part-00102:0+0
16/12/21 14:55:34 INFO Executor: Finished task 102.0 in stage 2.0 (TID 303). 1800 bytes result sent to driver
16/12/21 14:55:34 INFO TaskSetManager: Starting task 103.0 in stage 2.0 (TID 304, localhost, PROCESS_LOCAL, 1411 bytes)
16/12/21 14:55:34 INFO Executor: Running task 103.0 in stage 2.0 (TID 304)
16/12/21 14:55:34 INFO TaskSetManager: Finished task 102.0 in stage 2.0 (TID 303) in 6 ms on localhost (103/200)
16/12/21 14:55:34 INFO HadoopRDD: Input split: file:/tmp/foo/sales_by_shop/part-00103:0+0
16/12/21 14:55:34 INFO Executor: Finished task 103.0 in stage 2.0 (TID 304). 1800 bytes result sent to driver
16/12/21 14:55:34 INFO TaskSetManager: Starting task 104.0 in stage 2.0 (TID 305, localhost, PROCESS_LOCAL, 1411 bytes)
16/12/21 14:55:34 INFO Executor: Running task 104.0 in stage 2.0 (TID 305)
16/12/21 14:55:34 INFO TaskSetManager: Finished task 103.0 in stage 2.0 (TID 304) in 6 ms on localhost (104/200)
16/12/21 14:55:34 INFO HadoopRDD: Input split: file:/tmp/foo/sales_by_shop/part-00104:0+0
16/12/21 14:55:34 INFO Executor: Finished task 104.0 in stage 2.0 (TID 305). 1800 bytes result sent to driver
16/12/21 14:55:34 INFO TaskSetManager: Starting task 105.0 in stage 2.0 (TID 306, localhost, PROCESS_LOCAL, 1411 bytes)
16/12/21 14:55:34 INFO TaskSetManager: Finished task 104.0 in stage 2.0 (TID 305) in 7 ms on localhost (105/200)
16/12/21 14:55:34 INFO Executor: Running task 105.0 in stage 2.0 (TID 306)
16/12/21 14:55:34 INFO HadoopRDD: Input split: file:/tmp/foo/sales_by_shop/part-00105:0+0
16/12/21 14:55:34 INFO Executor: Finished task 105.0 in stage 2.0 (TID 306). 1800 bytes result sent to driver
16/12/21 14:55:34 INFO TaskSetManager: Starting task 106.0 in stage 2.0 (TID 307, localhost, PROCESS_LOCAL, 1411 bytes)
16/12/21 14:55:34 INFO Executor: Running task 106.0 in stage 2.0 (TID 307)
16/12/21 14:55:34 INFO TaskSetManager: Finished task 105.0 in stage 2.0 (TID 306) in 6 ms on localhost (106/200)
16/12/21 14:55:34 INFO HadoopRDD: Input split: file:/tmp/foo/sales_by_shop/part-00106:0+0
16/12/21 14:55:34 INFO Executor: Finished task 106.0 in stage 2.0 (TID 307). 1800 bytes result sent to driver
16/12/21 14:55:34 INFO TaskSetManager: Starting task 107.0 in stage 2.0 (TID 308, localhost, PROCESS_LOCAL, 1411 bytes)
16/12/21 14:55:34 INFO Executor: Running task 107.0 in stage 2.0 (TID 308)
16/12/21 14:55:34 INFO TaskSetManager: Finished task 106.0 in stage 2.0 (TID 307) in 5 ms on localhost (107/200)
16/12/21 14:55:34 INFO HadoopRDD: Input split: file:/tmp/foo/sales_by_shop/part-00107:0+0
16/12/21 14:55:34 INFO Executor: Finished task 107.0 in stage 2.0 (TID 308). 1800 bytes result sent to driver
16/12/21 14:55:34 INFO TaskSetManager: Starting task 108.0 in stage 2.0 (TID 309, localhost, PROCESS_LOCAL, 1411 bytes)
16/12/21 14:55:34 INFO TaskSetManager: Finished task 107.0 in stage 2.0 (TID 308) in 6 ms on localhost (108/200)
16/12/21 14:55:34 INFO Executor: Running task 108.0 in stage 2.0 (TID 309)
16/12/21 14:55:34 INFO HadoopRDD: Input split: file:/tmp/foo/sales_by_shop/part-00108:0+0
16/12/21 14:55:34 INFO Executor: Finished task 108.0 in stage 2.0 (TID 309). 1800 bytes result sent to driver
16/12/21 14:55:34 INFO TaskSetManager: Starting task 109.0 in stage 2.0 (TID 310, localhost, PROCESS_LOCAL, 1411 bytes)
16/12/21 14:55:34 INFO TaskSetManager: Finished task 108.0 in stage 2.0 (TID 309) in 6 ms on localhost (109/200)
16/12/21 14:55:34 INFO Executor: Running task 109.0 in stage 2.0 (TID 310)
16/12/21 14:55:34 INFO HadoopRDD: Input split: file:/tmp/foo/sales_by_shop/part-00109:0+0
16/12/21 14:55:34 INFO Executor: Finished task 109.0 in stage 2.0 (TID 310). 1800 bytes result sent to driver
16/12/21 14:55:34 INFO TaskSetManager: Starting task 110.0 in stage 2.0 (TID 311, localhost, PROCESS_LOCAL, 1411 bytes)
16/12/21 14:55:34 INFO Executor: Running task 110.0 in stage 2.0 (TID 311)
16/12/21 14:55:34 INFO TaskSetManager: Finished task 109.0 in stage 2.0 (TID 310) in 7 ms on localhost (110/200)
16/12/21 14:55:34 INFO HadoopRDD: Input split: file:/tmp/foo/sales_by_shop/part-00110:0+0
16/12/21 14:55:34 INFO Executor: Finished task 110.0 in stage 2.0 (TID 311). 1800 bytes result sent to driver
16/12/21 14:55:34 INFO TaskSetManager: Starting task 111.0 in stage 2.0 (TID 312, localhost, PROCESS_LOCAL, 1411 bytes)
16/12/21 14:55:34 INFO TaskSetManager: Finished task 110.0 in stage 2.0 (TID 311) in 6 ms on localhost (111/200)
16/12/21 14:55:34 INFO Executor: Running task 111.0 in stage 2.0 (TID 312)
16/12/21 14:55:34 INFO HadoopRDD: Input split: file:/tmp/foo/sales_by_shop/part-00111:0+0
16/12/21 14:55:34 INFO Executor: Finished task 111.0 in stage 2.0 (TID 312). 1800 bytes result sent to driver
16/12/21 14:55:34 INFO TaskSetManager: Starting task 112.0 in stage 2.0 (TID 313, localhost, PROCESS_LOCAL, 1411 bytes)
16/12/21 14:55:34 INFO TaskSetManager: Finished task 111.0 in stage 2.0 (TID 312) in 5 ms on localhost (112/200)
16/12/21 14:55:34 INFO Executor: Running task 112.0 in stage 2.0 (TID 313)
16/12/21 14:55:34 INFO HadoopRDD: Input split: file:/tmp/foo/sales_by_shop/part-00112:0+0
16/12/21 14:55:34 INFO Executor: Finished task 112.0 in stage 2.0 (TID 313). 1800 bytes result sent to driver
16/12/21 14:55:34 INFO TaskSetManager: Starting task 113.0 in stage 2.0 (TID 314, localhost, PROCESS_LOCAL, 1411 bytes)
16/12/21 14:55:34 INFO Executor: Running task 113.0 in stage 2.0 (TID 314)
16/12/21 14:55:34 INFO TaskSetManager: Finished task 112.0 in stage 2.0 (TID 313) in 6 ms on localhost (113/200)
16/12/21 14:55:34 INFO HadoopRDD: Input split: file:/tmp/foo/sales_by_shop/part-00113:0+0
16/12/21 14:55:34 INFO Executor: Finished task 113.0 in stage 2.0 (TID 314). 1800 bytes result sent to driver
16/12/21 14:55:34 INFO TaskSetManager: Starting task 114.0 in stage 2.0 (TID 315, localhost, PROCESS_LOCAL, 1411 bytes)
16/12/21 14:55:34 INFO Executor: Running task 114.0 in stage 2.0 (TID 315)
16/12/21 14:55:34 INFO TaskSetManager: Finished task 113.0 in stage 2.0 (TID 314) in 6 ms on localhost (114/200)
16/12/21 14:55:34 INFO HadoopRDD: Input split: file:/tmp/foo/sales_by_shop/part-00114:0+0
16/12/21 14:55:34 INFO Executor: Finished task 114.0 in stage 2.0 (TID 315). 1800 bytes result sent to driver
16/12/21 14:55:34 INFO TaskSetManager: Starting task 115.0 in stage 2.0 (TID 316, localhost, PROCESS_LOCAL, 1411 bytes)
16/12/21 14:55:34 INFO Executor: Running task 115.0 in stage 2.0 (TID 316)
16/12/21 14:55:34 INFO TaskSetManager: Finished task 114.0 in stage 2.0 (TID 315) in 6 ms on localhost (115/200)
16/12/21 14:55:34 INFO HadoopRDD: Input split: file:/tmp/foo/sales_by_shop/part-00115:0+0
16/12/21 14:55:34 INFO Executor: Finished task 115.0 in stage 2.0 (TID 316). 1800 bytes result sent to driver
16/12/21 14:55:34 INFO TaskSetManager: Starting task 116.0 in stage 2.0 (TID 317, localhost, PROCESS_LOCAL, 1411 bytes)
16/12/21 14:55:34 INFO Executor: Running task 116.0 in stage 2.0 (TID 317)
16/12/21 14:55:34 INFO TaskSetManager: Finished task 115.0 in stage 2.0 (TID 316) in 6 ms on localhost (116/200)
16/12/21 14:55:34 INFO HadoopRDD: Input split: file:/tmp/foo/sales_by_shop/part-00116:0+0
16/12/21 14:55:34 INFO Executor: Finished task 116.0 in stage 2.0 (TID 317). 1800 bytes result sent to driver
16/12/21 14:55:34 INFO TaskSetManager: Starting task 117.0 in stage 2.0 (TID 318, localhost, PROCESS_LOCAL, 1411 bytes)
16/12/21 14:55:34 INFO TaskSetManager: Finished task 116.0 in stage 2.0 (TID 317) in 8 ms on localhost (117/200)
16/12/21 14:55:34 INFO Executor: Running task 117.0 in stage 2.0 (TID 318)
16/12/21 14:55:34 INFO HadoopRDD: Input split: file:/tmp/foo/sales_by_shop/part-00117:0+0
16/12/21 14:55:34 INFO Executor: Finished task 117.0 in stage 2.0 (TID 318). 1800 bytes result sent to driver
16/12/21 14:55:34 INFO TaskSetManager: Starting task 118.0 in stage 2.0 (TID 319, localhost, PROCESS_LOCAL, 1411 bytes)
16/12/21 14:55:34 INFO TaskSetManager: Finished task 117.0 in stage 2.0 (TID 318) in 8 ms on localhost (118/200)
16/12/21 14:55:34 INFO Executor: Running task 118.0 in stage 2.0 (TID 319)
16/12/21 14:55:34 INFO HadoopRDD: Input split: file:/tmp/foo/sales_by_shop/part-00118:0+0
16/12/21 14:55:34 INFO Executor: Finished task 118.0 in stage 2.0 (TID 319). 1800 bytes result sent to driver
16/12/21 14:55:34 INFO TaskSetManager: Starting task 119.0 in stage 2.0 (TID 320, localhost, PROCESS_LOCAL, 1411 bytes)
16/12/21 14:55:34 INFO TaskSetManager: Finished task 118.0 in stage 2.0 (TID 319) in 5 ms on localhost (119/200)
16/12/21 14:55:34 INFO Executor: Running task 119.0 in stage 2.0 (TID 320)
16/12/21 14:55:34 INFO HadoopRDD: Input split: file:/tmp/foo/sales_by_shop/part-00119:0+0
16/12/21 14:55:34 INFO Executor: Finished task 119.0 in stage 2.0 (TID 320). 1800 bytes result sent to driver
16/12/21 14:55:34 INFO TaskSetManager: Starting task 120.0 in stage 2.0 (TID 321, localhost, PROCESS_LOCAL, 1411 bytes)
16/12/21 14:55:34 INFO TaskSetManager: Finished task 119.0 in stage 2.0 (TID 320) in 7 ms on localhost (120/200)
16/12/21 14:55:34 INFO Executor: Running task 120.0 in stage 2.0 (TID 321)
16/12/21 14:55:34 INFO HadoopRDD: Input split: file:/tmp/foo/sales_by_shop/part-00120:0+0
16/12/21 14:55:34 INFO Executor: Finished task 120.0 in stage 2.0 (TID 321). 1800 bytes result sent to driver
16/12/21 14:55:34 INFO TaskSetManager: Finished task 120.0 in stage 2.0 (TID 321) in 13 ms on localhost (121/200)
16/12/21 14:55:34 INFO TaskSetManager: Starting task 121.0 in stage 2.0 (TID 322, localhost, PROCESS_LOCAL, 1411 bytes)
16/12/21 14:55:34 INFO Executor: Running task 121.0 in stage 2.0 (TID 322)
16/12/21 14:55:34 INFO HadoopRDD: Input split: file:/tmp/foo/sales_by_shop/part-00121:0+0
16/12/21 14:55:34 INFO Executor: Finished task 121.0 in stage 2.0 (TID 322). 1800 bytes result sent to driver
16/12/21 14:55:34 INFO TaskSetManager: Starting task 122.0 in stage 2.0 (TID 323, localhost, PROCESS_LOCAL, 1411 bytes)
16/12/21 14:55:34 INFO TaskSetManager: Finished task 121.0 in stage 2.0 (TID 322) in 21 ms on localhost (122/200)
16/12/21 14:55:34 INFO Executor: Running task 122.0 in stage 2.0 (TID 323)
16/12/21 14:55:34 INFO HadoopRDD: Input split: file:/tmp/foo/sales_by_shop/part-00122:0+0
16/12/21 14:55:34 INFO Executor: Finished task 122.0 in stage 2.0 (TID 323). 1800 bytes result sent to driver
16/12/21 14:55:34 INFO TaskSetManager: Starting task 123.0 in stage 2.0 (TID 324, localhost, PROCESS_LOCAL, 1411 bytes)
16/12/21 14:55:34 INFO TaskSetManager: Finished task 122.0 in stage 2.0 (TID 323) in 7 ms on localhost (123/200)
16/12/21 14:55:34 INFO Executor: Running task 123.0 in stage 2.0 (TID 324)
16/12/21 14:55:34 INFO HadoopRDD: Input split: file:/tmp/foo/sales_by_shop/part-00123:0+0
16/12/21 14:55:34 INFO Executor: Finished task 123.0 in stage 2.0 (TID 324). 1800 bytes result sent to driver
16/12/21 14:55:34 INFO TaskSetManager: Starting task 124.0 in stage 2.0 (TID 325, localhost, PROCESS_LOCAL, 1411 bytes)
16/12/21 14:55:34 INFO Executor: Running task 124.0 in stage 2.0 (TID 325)
16/12/21 14:55:34 INFO TaskSetManager: Finished task 123.0 in stage 2.0 (TID 324) in 8 ms on localhost (124/200)
16/12/21 14:55:34 INFO HadoopRDD: Input split: file:/tmp/foo/sales_by_shop/part-00124:0+0
16/12/21 14:55:34 INFO Executor: Finished task 124.0 in stage 2.0 (TID 325). 1800 bytes result sent to driver
16/12/21 14:55:34 INFO TaskSetManager: Starting task 125.0 in stage 2.0 (TID 326, localhost, PROCESS_LOCAL, 1411 bytes)
16/12/21 14:55:34 INFO TaskSetManager: Finished task 124.0 in stage 2.0 (TID 325) in 7 ms on localhost (125/200)
16/12/21 14:55:34 INFO Executor: Running task 125.0 in stage 2.0 (TID 326)
16/12/21 14:55:34 INFO HadoopRDD: Input split: file:/tmp/foo/sales_by_shop/part-00125:0+0
16/12/21 14:55:34 INFO Executor: Finished task 125.0 in stage 2.0 (TID 326). 1800 bytes result sent to driver
16/12/21 14:55:34 INFO TaskSetManager: Starting task 126.0 in stage 2.0 (TID 327, localhost, PROCESS_LOCAL, 1411 bytes)
16/12/21 14:55:34 INFO TaskSetManager: Finished task 125.0 in stage 2.0 (TID 326) in 9 ms on localhost (126/200)
16/12/21 14:55:34 INFO Executor: Running task 126.0 in stage 2.0 (TID 327)
16/12/21 14:55:34 INFO HadoopRDD: Input split: file:/tmp/foo/sales_by_shop/part-00126:0+0
16/12/21 14:55:34 INFO Executor: Finished task 126.0 in stage 2.0 (TID 327). 1800 bytes result sent to driver
16/12/21 14:55:34 INFO TaskSetManager: Starting task 127.0 in stage 2.0 (TID 328, localhost, PROCESS_LOCAL, 1411 bytes)
16/12/21 14:55:34 INFO TaskSetManager: Finished task 126.0 in stage 2.0 (TID 327) in 20 ms on localhost (127/200)
16/12/21 14:55:34 INFO Executor: Running task 127.0 in stage 2.0 (TID 328)
16/12/21 14:55:34 INFO HadoopRDD: Input split: file:/tmp/foo/sales_by_shop/part-00127:0+0
16/12/21 14:55:34 INFO Executor: Finished task 127.0 in stage 2.0 (TID 328). 1800 bytes result sent to driver
16/12/21 14:55:34 INFO TaskSetManager: Starting task 128.0 in stage 2.0 (TID 329, localhost, PROCESS_LOCAL, 1411 bytes)
16/12/21 14:55:34 INFO Executor: Running task 128.0 in stage 2.0 (TID 329)
16/12/21 14:55:34 INFO TaskSetManager: Finished task 127.0 in stage 2.0 (TID 328) in 6 ms on localhost (128/200)
16/12/21 14:55:34 INFO HadoopRDD: Input split: file:/tmp/foo/sales_by_shop/part-00128:0+0
16/12/21 14:55:34 INFO Executor: Finished task 128.0 in stage 2.0 (TID 329). 1800 bytes result sent to driver
16/12/21 14:55:34 INFO TaskSetManager: Starting task 129.0 in stage 2.0 (TID 330, localhost, PROCESS_LOCAL, 1411 bytes)
16/12/21 14:55:34 INFO TaskSetManager: Finished task 128.0 in stage 2.0 (TID 329) in 6 ms on localhost (129/200)
16/12/21 14:55:34 INFO Executor: Running task 129.0 in stage 2.0 (TID 330)
16/12/21 14:55:34 INFO HadoopRDD: Input split: file:/tmp/foo/sales_by_shop/part-00129:0+0
16/12/21 14:55:34 INFO Executor: Finished task 129.0 in stage 2.0 (TID 330). 1800 bytes result sent to driver
16/12/21 14:55:34 INFO TaskSetManager: Starting task 130.0 in stage 2.0 (TID 331, localhost, PROCESS_LOCAL, 1411 bytes)
16/12/21 14:55:34 INFO TaskSetManager: Finished task 129.0 in stage 2.0 (TID 330) in 14 ms on localhost (130/200)
16/12/21 14:55:34 INFO Executor: Running task 130.0 in stage 2.0 (TID 331)
16/12/21 14:55:34 INFO HadoopRDD: Input split: file:/tmp/foo/sales_by_shop/part-00130:0+0
16/12/21 14:55:34 INFO Executor: Finished task 130.0 in stage 2.0 (TID 331). 1800 bytes result sent to driver
16/12/21 14:55:34 INFO TaskSetManager: Starting task 131.0 in stage 2.0 (TID 332, localhost, PROCESS_LOCAL, 1411 bytes)
16/12/21 14:55:34 INFO TaskSetManager: Finished task 130.0 in stage 2.0 (TID 331) in 8 ms on localhost (131/200)
16/12/21 14:55:34 INFO Executor: Running task 131.0 in stage 2.0 (TID 332)
16/12/21 14:55:34 INFO HadoopRDD: Input split: file:/tmp/foo/sales_by_shop/part-00131:0+0
16/12/21 14:55:34 INFO Executor: Finished task 131.0 in stage 2.0 (TID 332). 1800 bytes result sent to driver
16/12/21 14:55:34 INFO TaskSetManager: Starting task 132.0 in stage 2.0 (TID 333, localhost, PROCESS_LOCAL, 1411 bytes)
16/12/21 14:55:34 INFO Executor: Running task 132.0 in stage 2.0 (TID 333)
16/12/21 14:55:34 INFO TaskSetManager: Finished task 131.0 in stage 2.0 (TID 332) in 7 ms on localhost (132/200)
16/12/21 14:55:34 INFO HadoopRDD: Input split: file:/tmp/foo/sales_by_shop/part-00132:0+0
16/12/21 14:55:34 INFO Executor: Finished task 132.0 in stage 2.0 (TID 333). 1800 bytes result sent to driver
16/12/21 14:55:34 INFO TaskSetManager: Starting task 133.0 in stage 2.0 (TID 334, localhost, PROCESS_LOCAL, 1411 bytes)
16/12/21 14:55:34 INFO TaskSetManager: Finished task 132.0 in stage 2.0 (TID 333) in 7 ms on localhost (133/200)
16/12/21 14:55:34 INFO Executor: Running task 133.0 in stage 2.0 (TID 334)
16/12/21 14:55:34 INFO HadoopRDD: Input split: file:/tmp/foo/sales_by_shop/part-00133:0+0
16/12/21 14:55:34 INFO Executor: Finished task 133.0 in stage 2.0 (TID 334). 1800 bytes result sent to driver
16/12/21 14:55:34 INFO TaskSetManager: Starting task 134.0 in stage 2.0 (TID 335, localhost, PROCESS_LOCAL, 1411 bytes)
16/12/21 14:55:34 INFO Executor: Running task 134.0 in stage 2.0 (TID 335)
16/12/21 14:55:34 INFO TaskSetManager: Finished task 133.0 in stage 2.0 (TID 334) in 7 ms on localhost (134/200)
16/12/21 14:55:34 INFO HadoopRDD: Input split: file:/tmp/foo/sales_by_shop/part-00134:0+0
16/12/21 14:55:34 INFO Executor: Finished task 134.0 in stage 2.0 (TID 335). 1800 bytes result sent to driver
16/12/21 14:55:34 INFO TaskSetManager: Starting task 135.0 in stage 2.0 (TID 336, localhost, PROCESS_LOCAL, 1411 bytes)
16/12/21 14:55:34 INFO TaskSetManager: Finished task 134.0 in stage 2.0 (TID 335) in 6 ms on localhost (135/200)
16/12/21 14:55:34 INFO Executor: Running task 135.0 in stage 2.0 (TID 336)
16/12/21 14:55:34 INFO HadoopRDD: Input split: file:/tmp/foo/sales_by_shop/part-00135:0+0
16/12/21 14:55:34 INFO Executor: Finished task 135.0 in stage 2.0 (TID 336). 1800 bytes result sent to driver
16/12/21 14:55:34 INFO TaskSetManager: Starting task 136.0 in stage 2.0 (TID 337, localhost, PROCESS_LOCAL, 1411 bytes)
16/12/21 14:55:34 INFO Executor: Running task 136.0 in stage 2.0 (TID 337)
16/12/21 14:55:34 INFO TaskSetManager: Finished task 135.0 in stage 2.0 (TID 336) in 6 ms on localhost (136/200)
16/12/21 14:55:34 INFO HadoopRDD: Input split: file:/tmp/foo/sales_by_shop/part-00136:0+0
16/12/21 14:55:34 INFO Executor: Finished task 136.0 in stage 2.0 (TID 337). 1800 bytes result sent to driver
16/12/21 14:55:34 INFO TaskSetManager: Starting task 137.0 in stage 2.0 (TID 338, localhost, PROCESS_LOCAL, 1411 bytes)
16/12/21 14:55:34 INFO Executor: Running task 137.0 in stage 2.0 (TID 338)
16/12/21 14:55:34 INFO TaskSetManager: Finished task 136.0 in stage 2.0 (TID 337) in 6 ms on localhost (137/200)
16/12/21 14:55:34 INFO HadoopRDD: Input split: file:/tmp/foo/sales_by_shop/part-00137:0+0
16/12/21 14:55:34 INFO Executor: Finished task 137.0 in stage 2.0 (TID 338). 1800 bytes result sent to driver
16/12/21 14:55:34 INFO TaskSetManager: Starting task 138.0 in stage 2.0 (TID 339, localhost, PROCESS_LOCAL, 1411 bytes)
16/12/21 14:55:34 INFO Executor: Running task 138.0 in stage 2.0 (TID 339)
16/12/21 14:55:34 INFO TaskSetManager: Finished task 137.0 in stage 2.0 (TID 338) in 7 ms on localhost (138/200)
16/12/21 14:55:34 INFO HadoopRDD: Input split: file:/tmp/foo/sales_by_shop/part-00138:0+0
16/12/21 14:55:34 INFO Executor: Finished task 138.0 in stage 2.0 (TID 339). 1800 bytes result sent to driver
16/12/21 14:55:34 INFO TaskSetManager: Starting task 139.0 in stage 2.0 (TID 340, localhost, PROCESS_LOCAL, 1411 bytes)
16/12/21 14:55:34 INFO Executor: Running task 139.0 in stage 2.0 (TID 340)
16/12/21 14:55:34 INFO TaskSetManager: Finished task 138.0 in stage 2.0 (TID 339) in 6 ms on localhost (139/200)
16/12/21 14:55:34 INFO HadoopRDD: Input split: file:/tmp/foo/sales_by_shop/part-00139:0+0
16/12/21 14:55:34 INFO Executor: Finished task 139.0 in stage 2.0 (TID 340). 1800 bytes result sent to driver
16/12/21 14:55:34 INFO TaskSetManager: Starting task 140.0 in stage 2.0 (TID 341, localhost, PROCESS_LOCAL, 1411 bytes)
16/12/21 14:55:34 INFO TaskSetManager: Finished task 139.0 in stage 2.0 (TID 340) in 5 ms on localhost (140/200)
16/12/21 14:55:34 INFO Executor: Running task 140.0 in stage 2.0 (TID 341)
16/12/21 14:55:34 INFO HadoopRDD: Input split: file:/tmp/foo/sales_by_shop/part-00140:0+0
16/12/21 14:55:34 INFO Executor: Finished task 140.0 in stage 2.0 (TID 341). 1800 bytes result sent to driver
16/12/21 14:55:34 INFO TaskSetManager: Starting task 141.0 in stage 2.0 (TID 342, localhost, PROCESS_LOCAL, 1411 bytes)
16/12/21 14:55:34 INFO TaskSetManager: Finished task 140.0 in stage 2.0 (TID 341) in 7 ms on localhost (141/200)
16/12/21 14:55:34 INFO Executor: Running task 141.0 in stage 2.0 (TID 342)
16/12/21 14:55:34 INFO HadoopRDD: Input split: file:/tmp/foo/sales_by_shop/part-00141:0+0
16/12/21 14:55:34 INFO Executor: Finished task 141.0 in stage 2.0 (TID 342). 1800 bytes result sent to driver
16/12/21 14:55:34 INFO TaskSetManager: Starting task 142.0 in stage 2.0 (TID 343, localhost, PROCESS_LOCAL, 1411 bytes)
16/12/21 14:55:34 INFO TaskSetManager: Finished task 141.0 in stage 2.0 (TID 342) in 6 ms on localhost (142/200)
16/12/21 14:55:34 INFO Executor: Running task 142.0 in stage 2.0 (TID 343)
16/12/21 14:55:34 INFO HadoopRDD: Input split: file:/tmp/foo/sales_by_shop/part-00142:0+0
16/12/21 14:55:34 INFO Executor: Finished task 142.0 in stage 2.0 (TID 343). 1800 bytes result sent to driver
16/12/21 14:55:34 INFO TaskSetManager: Starting task 143.0 in stage 2.0 (TID 344, localhost, PROCESS_LOCAL, 1411 bytes)
16/12/21 14:55:34 INFO Executor: Running task 143.0 in stage 2.0 (TID 344)
16/12/21 14:55:34 INFO TaskSetManager: Finished task 142.0 in stage 2.0 (TID 343) in 6 ms on localhost (143/200)
16/12/21 14:55:34 INFO HadoopRDD: Input split: file:/tmp/foo/sales_by_shop/part-00143:0+0
16/12/21 14:55:34 INFO Executor: Finished task 143.0 in stage 2.0 (TID 344). 1800 bytes result sent to driver
16/12/21 14:55:34 INFO TaskSetManager: Starting task 144.0 in stage 2.0 (TID 345, localhost, PROCESS_LOCAL, 1411 bytes)
16/12/21 14:55:34 INFO TaskSetManager: Finished task 143.0 in stage 2.0 (TID 344) in 5 ms on localhost (144/200)
16/12/21 14:55:34 INFO Executor: Running task 144.0 in stage 2.0 (TID 345)
16/12/21 14:55:34 INFO HadoopRDD: Input split: file:/tmp/foo/sales_by_shop/part-00144:0+0
16/12/21 14:55:34 INFO Executor: Finished task 144.0 in stage 2.0 (TID 345). 1800 bytes result sent to driver
16/12/21 14:55:34 INFO TaskSetManager: Starting task 145.0 in stage 2.0 (TID 346, localhost, PROCESS_LOCAL, 1411 bytes)
16/12/21 14:55:34 INFO Executor: Running task 145.0 in stage 2.0 (TID 346)
16/12/21 14:55:34 INFO TaskSetManager: Finished task 144.0 in stage 2.0 (TID 345) in 6 ms on localhost (145/200)
16/12/21 14:55:34 INFO HadoopRDD: Input split: file:/tmp/foo/sales_by_shop/part-00145:0+0
16/12/21 14:55:34 INFO Executor: Finished task 145.0 in stage 2.0 (TID 346). 1800 bytes result sent to driver
16/12/21 14:55:34 INFO TaskSetManager: Starting task 146.0 in stage 2.0 (TID 347, localhost, PROCESS_LOCAL, 1411 bytes)
16/12/21 14:55:34 INFO Executor: Running task 146.0 in stage 2.0 (TID 347)
16/12/21 14:55:34 INFO TaskSetManager: Finished task 145.0 in stage 2.0 (TID 346) in 6 ms on localhost (146/200)
16/12/21 14:55:34 INFO HadoopRDD: Input split: file:/tmp/foo/sales_by_shop/part-00146:0+0
16/12/21 14:55:34 INFO Executor: Finished task 146.0 in stage 2.0 (TID 347). 1800 bytes result sent to driver
16/12/21 14:55:34 INFO TaskSetManager: Starting task 147.0 in stage 2.0 (TID 348, localhost, PROCESS_LOCAL, 1411 bytes)
16/12/21 14:55:34 INFO Executor: Running task 147.0 in stage 2.0 (TID 348)
16/12/21 14:55:34 INFO TaskSetManager: Finished task 146.0 in stage 2.0 (TID 347) in 7 ms on localhost (147/200)
16/12/21 14:55:34 INFO HadoopRDD: Input split: file:/tmp/foo/sales_by_shop/part-00147:0+0
16/12/21 14:55:34 INFO Executor: Finished task 147.0 in stage 2.0 (TID 348). 1800 bytes result sent to driver
16/12/21 14:55:34 INFO TaskSetManager: Starting task 148.0 in stage 2.0 (TID 349, localhost, PROCESS_LOCAL, 1411 bytes)
16/12/21 14:55:34 INFO TaskSetManager: Finished task 147.0 in stage 2.0 (TID 348) in 6 ms on localhost (148/200)
16/12/21 14:55:34 INFO Executor: Running task 148.0 in stage 2.0 (TID 349)
16/12/21 14:55:34 INFO HadoopRDD: Input split: file:/tmp/foo/sales_by_shop/part-00148:0+0
16/12/21 14:55:34 INFO Executor: Finished task 148.0 in stage 2.0 (TID 349). 1800 bytes result sent to driver
16/12/21 14:55:34 INFO TaskSetManager: Starting task 149.0 in stage 2.0 (TID 350, localhost, PROCESS_LOCAL, 1411 bytes)
16/12/21 14:55:34 INFO TaskSetManager: Finished task 148.0 in stage 2.0 (TID 349) in 5 ms on localhost (149/200)
16/12/21 14:55:34 INFO Executor: Running task 149.0 in stage 2.0 (TID 350)
16/12/21 14:55:34 INFO HadoopRDD: Input split: file:/tmp/foo/sales_by_shop/part-00149:0+0
16/12/21 14:55:34 INFO Executor: Finished task 149.0 in stage 2.0 (TID 350). 1800 bytes result sent to driver
16/12/21 14:55:34 INFO TaskSetManager: Starting task 150.0 in stage 2.0 (TID 351, localhost, PROCESS_LOCAL, 1411 bytes)
16/12/21 14:55:34 INFO TaskSetManager: Finished task 149.0 in stage 2.0 (TID 350) in 6 ms on localhost (150/200)
16/12/21 14:55:34 INFO Executor: Running task 150.0 in stage 2.0 (TID 351)
16/12/21 14:55:34 INFO HadoopRDD: Input split: file:/tmp/foo/sales_by_shop/part-00150:0+0
16/12/21 14:55:34 INFO Executor: Finished task 150.0 in stage 2.0 (TID 351). 1800 bytes result sent to driver
16/12/21 14:55:34 INFO TaskSetManager: Starting task 151.0 in stage 2.0 (TID 352, localhost, PROCESS_LOCAL, 1411 bytes)
16/12/21 14:55:34 INFO TaskSetManager: Finished task 150.0 in stage 2.0 (TID 351) in 7 ms on localhost (151/200)
16/12/21 14:55:34 INFO Executor: Running task 151.0 in stage 2.0 (TID 352)
16/12/21 14:55:34 INFO HadoopRDD: Input split: file:/tmp/foo/sales_by_shop/part-00151:0+15
16/12/21 14:55:34 INFO Executor: Finished task 151.0 in stage 2.0 (TID 352). 2925 bytes result sent to driver
16/12/21 14:55:34 INFO TaskSetManager: Starting task 152.0 in stage 2.0 (TID 353, localhost, PROCESS_LOCAL, 1411 bytes)
16/12/21 14:55:34 INFO Executor: Running task 152.0 in stage 2.0 (TID 353)
16/12/21 14:55:34 INFO TaskSetManager: Finished task 151.0 in stage 2.0 (TID 352) in 12 ms on localhost (152/200)
16/12/21 14:55:34 INFO HadoopRDD: Input split: file:/tmp/foo/sales_by_shop/part-00152:0+0
16/12/21 14:55:34 INFO Executor: Finished task 152.0 in stage 2.0 (TID 353). 1800 bytes result sent to driver
16/12/21 14:55:34 INFO TaskSetManager: Starting task 153.0 in stage 2.0 (TID 354, localhost, PROCESS_LOCAL, 1411 bytes)
16/12/21 14:55:34 INFO TaskSetManager: Finished task 152.0 in stage 2.0 (TID 353) in 9 ms on localhost (153/200)
16/12/21 14:55:34 INFO Executor: Running task 153.0 in stage 2.0 (TID 354)
16/12/21 14:55:34 INFO HadoopRDD: Input split: file:/tmp/foo/sales_by_shop/part-00153:0+0
16/12/21 14:55:34 INFO Executor: Finished task 153.0 in stage 2.0 (TID 354). 1800 bytes result sent to driver
16/12/21 14:55:34 INFO TaskSetManager: Starting task 154.0 in stage 2.0 (TID 355, localhost, PROCESS_LOCAL, 1411 bytes)
16/12/21 14:55:34 INFO TaskSetManager: Finished task 153.0 in stage 2.0 (TID 354) in 6 ms on localhost (154/200)
16/12/21 14:55:34 INFO Executor: Running task 154.0 in stage 2.0 (TID 355)
16/12/21 14:55:34 INFO HadoopRDD: Input split: file:/tmp/foo/sales_by_shop/part-00154:0+0
16/12/21 14:55:34 INFO Executor: Finished task 154.0 in stage 2.0 (TID 355). 1800 bytes result sent to driver
16/12/21 14:55:34 INFO TaskSetManager: Starting task 155.0 in stage 2.0 (TID 356, localhost, PROCESS_LOCAL, 1411 bytes)
16/12/21 14:55:34 INFO TaskSetManager: Finished task 154.0 in stage 2.0 (TID 355) in 7 ms on localhost (155/200)
16/12/21 14:55:34 INFO Executor: Running task 155.0 in stage 2.0 (TID 356)
16/12/21 14:55:34 INFO HadoopRDD: Input split: file:/tmp/foo/sales_by_shop/part-00155:0+0
16/12/21 14:55:34 INFO Executor: Finished task 155.0 in stage 2.0 (TID 356). 1800 bytes result sent to driver
16/12/21 14:55:34 INFO TaskSetManager: Finished task 155.0 in stage 2.0 (TID 356) in 8 ms on localhost (156/200)
16/12/21 14:55:34 INFO TaskSetManager: Starting task 156.0 in stage 2.0 (TID 357, localhost, PROCESS_LOCAL, 1411 bytes)
16/12/21 14:55:34 INFO Executor: Running task 156.0 in stage 2.0 (TID 357)
16/12/21 14:55:34 INFO HadoopRDD: Input split: file:/tmp/foo/sales_by_shop/part-00156:0+0
16/12/21 14:55:35 INFO Executor: Finished task 156.0 in stage 2.0 (TID 357). 1800 bytes result sent to driver
16/12/21 14:55:35 INFO TaskSetManager: Finished task 156.0 in stage 2.0 (TID 357) in 8 ms on localhost (157/200)
16/12/21 14:55:35 INFO TaskSetManager: Starting task 157.0 in stage 2.0 (TID 358, localhost, PROCESS_LOCAL, 1411 bytes)
16/12/21 14:55:35 INFO Executor: Running task 157.0 in stage 2.0 (TID 358)
16/12/21 14:55:35 INFO HadoopRDD: Input split: file:/tmp/foo/sales_by_shop/part-00157:0+0
16/12/21 14:55:35 INFO Executor: Finished task 157.0 in stage 2.0 (TID 358). 1800 bytes result sent to driver
16/12/21 14:55:35 INFO TaskSetManager: Starting task 158.0 in stage 2.0 (TID 359, localhost, PROCESS_LOCAL, 1411 bytes)
16/12/21 14:55:35 INFO TaskSetManager: Finished task 157.0 in stage 2.0 (TID 358) in 8 ms on localhost (158/200)
16/12/21 14:55:35 INFO Executor: Running task 158.0 in stage 2.0 (TID 359)
16/12/21 14:55:35 INFO HadoopRDD: Input split: file:/tmp/foo/sales_by_shop/part-00158:0+0
16/12/21 14:55:35 INFO Executor: Finished task 158.0 in stage 2.0 (TID 359). 1800 bytes result sent to driver
16/12/21 14:55:35 INFO TaskSetManager: Finished task 158.0 in stage 2.0 (TID 359) in 11 ms on localhost (159/200)
16/12/21 14:55:35 INFO TaskSetManager: Starting task 159.0 in stage 2.0 (TID 360, localhost, PROCESS_LOCAL, 1411 bytes)
16/12/21 14:55:35 INFO Executor: Running task 159.0 in stage 2.0 (TID 360)
16/12/21 14:55:35 INFO HadoopRDD: Input split: file:/tmp/foo/sales_by_shop/part-00159:0+0
16/12/21 14:55:35 INFO Executor: Finished task 159.0 in stage 2.0 (TID 360). 1800 bytes result sent to driver
16/12/21 14:55:35 INFO TaskSetManager: Starting task 160.0 in stage 2.0 (TID 361, localhost, PROCESS_LOCAL, 1411 bytes)
16/12/21 14:55:35 INFO TaskSetManager: Finished task 159.0 in stage 2.0 (TID 360) in 8 ms on localhost (160/200)
16/12/21 14:55:35 INFO Executor: Running task 160.0 in stage 2.0 (TID 361)
16/12/21 14:55:35 INFO HadoopRDD: Input split: file:/tmp/foo/sales_by_shop/part-00160:0+0
16/12/21 14:55:35 INFO Executor: Finished task 160.0 in stage 2.0 (TID 361). 1800 bytes result sent to driver
16/12/21 14:55:35 INFO TaskSetManager: Starting task 161.0 in stage 2.0 (TID 362, localhost, PROCESS_LOCAL, 1411 bytes)
16/12/21 14:55:35 INFO TaskSetManager: Finished task 160.0 in stage 2.0 (TID 361) in 80 ms on localhost (161/200)
16/12/21 14:55:35 INFO Executor: Running task 161.0 in stage 2.0 (TID 362)
16/12/21 14:55:35 INFO HadoopRDD: Input split: file:/tmp/foo/sales_by_shop/part-00161:0+0
16/12/21 14:55:35 INFO Executor: Finished task 161.0 in stage 2.0 (TID 362). 1800 bytes result sent to driver
16/12/21 14:55:35 INFO TaskSetManager: Starting task 162.0 in stage 2.0 (TID 363, localhost, PROCESS_LOCAL, 1411 bytes)
16/12/21 14:55:35 INFO TaskSetManager: Finished task 161.0 in stage 2.0 (TID 362) in 7 ms on localhost (162/200)
16/12/21 14:55:35 INFO Executor: Running task 162.0 in stage 2.0 (TID 363)
16/12/21 14:55:35 INFO HadoopRDD: Input split: file:/tmp/foo/sales_by_shop/part-00162:0+0
16/12/21 14:55:35 INFO Executor: Finished task 162.0 in stage 2.0 (TID 363). 1800 bytes result sent to driver
16/12/21 14:55:35 INFO TaskSetManager: Starting task 163.0 in stage 2.0 (TID 364, localhost, PROCESS_LOCAL, 1411 bytes)
16/12/21 14:55:35 INFO Executor: Running task 163.0 in stage 2.0 (TID 364)
16/12/21 14:55:35 INFO TaskSetManager: Finished task 162.0 in stage 2.0 (TID 363) in 9 ms on localhost (163/200)
16/12/21 14:55:35 INFO HadoopRDD: Input split: file:/tmp/foo/sales_by_shop/part-00163:0+0
16/12/21 14:55:35 INFO Executor: Finished task 163.0 in stage 2.0 (TID 364). 1800 bytes result sent to driver
16/12/21 14:55:35 INFO TaskSetManager: Starting task 164.0 in stage 2.0 (TID 365, localhost, PROCESS_LOCAL, 1411 bytes)
16/12/21 14:55:35 INFO TaskSetManager: Finished task 163.0 in stage 2.0 (TID 364) in 8 ms on localhost (164/200)
16/12/21 14:55:35 INFO Executor: Running task 164.0 in stage 2.0 (TID 365)
16/12/21 14:55:35 INFO HadoopRDD: Input split: file:/tmp/foo/sales_by_shop/part-00164:0+0
16/12/21 14:55:35 INFO Executor: Finished task 164.0 in stage 2.0 (TID 365). 1800 bytes result sent to driver
16/12/21 14:55:35 INFO TaskSetManager: Starting task 165.0 in stage 2.0 (TID 366, localhost, PROCESS_LOCAL, 1411 bytes)
16/12/21 14:55:35 INFO TaskSetManager: Finished task 164.0 in stage 2.0 (TID 365) in 7 ms on localhost (165/200)
16/12/21 14:55:35 INFO Executor: Running task 165.0 in stage 2.0 (TID 366)
16/12/21 14:55:35 INFO HadoopRDD: Input split: file:/tmp/foo/sales_by_shop/part-00165:0+0
16/12/21 14:55:35 INFO Executor: Finished task 165.0 in stage 2.0 (TID 366). 1800 bytes result sent to driver
16/12/21 14:55:35 INFO TaskSetManager: Starting task 166.0 in stage 2.0 (TID 367, localhost, PROCESS_LOCAL, 1411 bytes)
16/12/21 14:55:35 INFO Executor: Running task 166.0 in stage 2.0 (TID 367)
16/12/21 14:55:35 INFO TaskSetManager: Finished task 165.0 in stage 2.0 (TID 366) in 7 ms on localhost (166/200)
16/12/21 14:55:35 INFO HadoopRDD: Input split: file:/tmp/foo/sales_by_shop/part-00166:0+0
16/12/21 14:55:35 INFO Executor: Finished task 166.0 in stage 2.0 (TID 367). 1800 bytes result sent to driver
16/12/21 14:55:35 INFO TaskSetManager: Starting task 167.0 in stage 2.0 (TID 368, localhost, PROCESS_LOCAL, 1411 bytes)
16/12/21 14:55:35 INFO TaskSetManager: Finished task 166.0 in stage 2.0 (TID 367) in 6 ms on localhost (167/200)
16/12/21 14:55:35 INFO Executor: Running task 167.0 in stage 2.0 (TID 368)
16/12/21 14:55:35 INFO HadoopRDD: Input split: file:/tmp/foo/sales_by_shop/part-00167:0+0
16/12/21 14:55:35 INFO Executor: Finished task 167.0 in stage 2.0 (TID 368). 1800 bytes result sent to driver
16/12/21 14:55:35 INFO TaskSetManager: Starting task 168.0 in stage 2.0 (TID 369, localhost, PROCESS_LOCAL, 1411 bytes)
16/12/21 14:55:35 INFO TaskSetManager: Finished task 167.0 in stage 2.0 (TID 368) in 9 ms on localhost (168/200)
16/12/21 14:55:35 INFO Executor: Running task 168.0 in stage 2.0 (TID 369)
16/12/21 14:55:35 INFO HadoopRDD: Input split: file:/tmp/foo/sales_by_shop/part-00168:0+0
16/12/21 14:55:35 INFO Executor: Finished task 168.0 in stage 2.0 (TID 369). 1800 bytes result sent to driver
16/12/21 14:55:35 INFO TaskSetManager: Starting task 169.0 in stage 2.0 (TID 370, localhost, PROCESS_LOCAL, 1411 bytes)
16/12/21 14:55:35 INFO TaskSetManager: Finished task 168.0 in stage 2.0 (TID 369) in 9 ms on localhost (169/200)
16/12/21 14:55:35 INFO Executor: Running task 169.0 in stage 2.0 (TID 370)
16/12/21 14:55:35 INFO HadoopRDD: Input split: file:/tmp/foo/sales_by_shop/part-00169:0+0
16/12/21 14:55:35 INFO Executor: Finished task 169.0 in stage 2.0 (TID 370). 1800 bytes result sent to driver
16/12/21 14:55:35 INFO TaskSetManager: Starting task 170.0 in stage 2.0 (TID 371, localhost, PROCESS_LOCAL, 1411 bytes)
16/12/21 14:55:35 INFO TaskSetManager: Finished task 169.0 in stage 2.0 (TID 370) in 15 ms on localhost (170/200)
16/12/21 14:55:35 INFO Executor: Running task 170.0 in stage 2.0 (TID 371)
16/12/21 14:55:35 INFO HadoopRDD: Input split: file:/tmp/foo/sales_by_shop/part-00170:0+0
16/12/21 14:55:35 INFO Executor: Finished task 170.0 in stage 2.0 (TID 371). 1800 bytes result sent to driver
16/12/21 14:55:35 INFO TaskSetManager: Starting task 171.0 in stage 2.0 (TID 372, localhost, PROCESS_LOCAL, 1411 bytes)
16/12/21 14:55:35 INFO TaskSetManager: Finished task 170.0 in stage 2.0 (TID 371) in 48 ms on localhost (171/200)
16/12/21 14:55:35 INFO Executor: Running task 171.0 in stage 2.0 (TID 372)
16/12/21 14:55:35 INFO HadoopRDD: Input split: file:/tmp/foo/sales_by_shop/part-00171:0+0
16/12/21 14:55:35 INFO Executor: Finished task 171.0 in stage 2.0 (TID 372). 1800 bytes result sent to driver
16/12/21 14:55:35 INFO TaskSetManager: Starting task 172.0 in stage 2.0 (TID 373, localhost, PROCESS_LOCAL, 1411 bytes)
16/12/21 14:55:35 INFO TaskSetManager: Finished task 171.0 in stage 2.0 (TID 372) in 6 ms on localhost (172/200)
16/12/21 14:55:35 INFO Executor: Running task 172.0 in stage 2.0 (TID 373)
16/12/21 14:55:35 INFO HadoopRDD: Input split: file:/tmp/foo/sales_by_shop/part-00172:0+0
16/12/21 14:55:35 INFO Executor: Finished task 172.0 in stage 2.0 (TID 373). 1800 bytes result sent to driver
16/12/21 14:55:35 INFO TaskSetManager: Starting task 173.0 in stage 2.0 (TID 374, localhost, PROCESS_LOCAL, 1411 bytes)
16/12/21 14:55:35 INFO TaskSetManager: Finished task 172.0 in stage 2.0 (TID 373) in 7 ms on localhost (173/200)
16/12/21 14:55:35 INFO Executor: Running task 173.0 in stage 2.0 (TID 374)
16/12/21 14:55:35 INFO HadoopRDD: Input split: file:/tmp/foo/sales_by_shop/part-00173:0+0
16/12/21 14:55:35 INFO Executor: Finished task 173.0 in stage 2.0 (TID 374). 1800 bytes result sent to driver
16/12/21 14:55:35 INFO TaskSetManager: Starting task 174.0 in stage 2.0 (TID 375, localhost, PROCESS_LOCAL, 1411 bytes)
16/12/21 14:55:35 INFO TaskSetManager: Finished task 173.0 in stage 2.0 (TID 374) in 9 ms on localhost (174/200)
16/12/21 14:55:35 INFO Executor: Running task 174.0 in stage 2.0 (TID 375)
16/12/21 14:55:35 INFO HadoopRDD: Input split: file:/tmp/foo/sales_by_shop/part-00174:0+0
16/12/21 14:55:35 INFO Executor: Finished task 174.0 in stage 2.0 (TID 375). 1800 bytes result sent to driver
16/12/21 14:55:35 INFO TaskSetManager: Starting task 175.0 in stage 2.0 (TID 376, localhost, PROCESS_LOCAL, 1411 bytes)
16/12/21 14:55:35 INFO TaskSetManager: Finished task 174.0 in stage 2.0 (TID 375) in 11 ms on localhost (175/200)
16/12/21 14:55:35 INFO Executor: Running task 175.0 in stage 2.0 (TID 376)
16/12/21 14:55:35 INFO HadoopRDD: Input split: file:/tmp/foo/sales_by_shop/part-00175:0+0
16/12/21 14:55:35 INFO Executor: Finished task 175.0 in stage 2.0 (TID 376). 1800 bytes result sent to driver
16/12/21 14:55:35 INFO TaskSetManager: Starting task 176.0 in stage 2.0 (TID 377, localhost, PROCESS_LOCAL, 1411 bytes)
16/12/21 14:55:35 INFO Executor: Running task 176.0 in stage 2.0 (TID 377)
16/12/21 14:55:35 INFO TaskSetManager: Finished task 175.0 in stage 2.0 (TID 376) in 6 ms on localhost (176/200)
16/12/21 14:55:35 INFO HadoopRDD: Input split: file:/tmp/foo/sales_by_shop/part-00176:0+0
16/12/21 14:55:35 INFO Executor: Finished task 176.0 in stage 2.0 (TID 377). 1800 bytes result sent to driver
16/12/21 14:55:35 INFO TaskSetManager: Starting task 177.0 in stage 2.0 (TID 378, localhost, PROCESS_LOCAL, 1411 bytes)
16/12/21 14:55:35 INFO Executor: Running task 177.0 in stage 2.0 (TID 378)
16/12/21 14:55:35 INFO TaskSetManager: Finished task 176.0 in stage 2.0 (TID 377) in 7 ms on localhost (177/200)
16/12/21 14:55:35 INFO HadoopRDD: Input split: file:/tmp/foo/sales_by_shop/part-00177:0+0
16/12/21 14:55:35 INFO Executor: Finished task 177.0 in stage 2.0 (TID 378). 1800 bytes result sent to driver
16/12/21 14:55:35 INFO TaskSetManager: Starting task 178.0 in stage 2.0 (TID 379, localhost, PROCESS_LOCAL, 1411 bytes)
16/12/21 14:55:35 INFO Executor: Running task 178.0 in stage 2.0 (TID 379)
16/12/21 14:55:35 INFO TaskSetManager: Finished task 177.0 in stage 2.0 (TID 378) in 7 ms on localhost (178/200)
16/12/21 14:55:35 INFO HadoopRDD: Input split: file:/tmp/foo/sales_by_shop/part-00178:0+0
16/12/21 14:55:35 INFO Executor: Finished task 178.0 in stage 2.0 (TID 379). 1800 bytes result sent to driver
16/12/21 14:55:35 INFO TaskSetManager: Starting task 179.0 in stage 2.0 (TID 380, localhost, PROCESS_LOCAL, 1411 bytes)
16/12/21 14:55:35 INFO Executor: Running task 179.0 in stage 2.0 (TID 380)
16/12/21 14:55:35 INFO TaskSetManager: Finished task 178.0 in stage 2.0 (TID 379) in 6 ms on localhost (179/200)
16/12/21 14:55:35 INFO HadoopRDD: Input split: file:/tmp/foo/sales_by_shop/part-00179:0+0
16/12/21 14:55:35 INFO Executor: Finished task 179.0 in stage 2.0 (TID 380). 1800 bytes result sent to driver
16/12/21 14:55:35 INFO TaskSetManager: Starting task 180.0 in stage 2.0 (TID 381, localhost, PROCESS_LOCAL, 1411 bytes)
16/12/21 14:55:35 INFO TaskSetManager: Finished task 179.0 in stage 2.0 (TID 380) in 6 ms on localhost (180/200)
16/12/21 14:55:35 INFO Executor: Running task 180.0 in stage 2.0 (TID 381)
16/12/21 14:55:35 INFO HadoopRDD: Input split: file:/tmp/foo/sales_by_shop/part-00180:0+0
16/12/21 14:55:35 INFO Executor: Finished task 180.0 in stage 2.0 (TID 381). 1800 bytes result sent to driver
16/12/21 14:55:35 INFO TaskSetManager: Starting task 181.0 in stage 2.0 (TID 382, localhost, PROCESS_LOCAL, 1411 bytes)
16/12/21 14:55:35 INFO TaskSetManager: Finished task 180.0 in stage 2.0 (TID 381) in 10 ms on localhost (181/200)
16/12/21 14:55:35 INFO Executor: Running task 181.0 in stage 2.0 (TID 382)
16/12/21 14:55:35 INFO HadoopRDD: Input split: file:/tmp/foo/sales_by_shop/part-00181:0+0
16/12/21 14:55:35 INFO Executor: Finished task 181.0 in stage 2.0 (TID 382). 1800 bytes result sent to driver
16/12/21 14:55:35 INFO TaskSetManager: Starting task 182.0 in stage 2.0 (TID 383, localhost, PROCESS_LOCAL, 1411 bytes)
16/12/21 14:55:35 INFO TaskSetManager: Finished task 181.0 in stage 2.0 (TID 382) in 6 ms on localhost (182/200)
16/12/21 14:55:35 INFO Executor: Running task 182.0 in stage 2.0 (TID 383)
16/12/21 14:55:35 INFO HadoopRDD: Input split: file:/tmp/foo/sales_by_shop/part-00182:0+0
16/12/21 14:55:35 INFO Executor: Finished task 182.0 in stage 2.0 (TID 383). 1800 bytes result sent to driver
16/12/21 14:55:35 INFO TaskSetManager: Starting task 183.0 in stage 2.0 (TID 384, localhost, PROCESS_LOCAL, 1411 bytes)
16/12/21 14:55:35 INFO Executor: Running task 183.0 in stage 2.0 (TID 384)
16/12/21 14:55:35 INFO TaskSetManager: Finished task 182.0 in stage 2.0 (TID 383) in 6 ms on localhost (183/200)
16/12/21 14:55:35 INFO HadoopRDD: Input split: file:/tmp/foo/sales_by_shop/part-00183:0+0
16/12/21 14:55:35 INFO Executor: Finished task 183.0 in stage 2.0 (TID 384). 1800 bytes result sent to driver
16/12/21 14:55:35 INFO TaskSetManager: Starting task 184.0 in stage 2.0 (TID 385, localhost, PROCESS_LOCAL, 1411 bytes)
16/12/21 14:55:35 INFO Executor: Running task 184.0 in stage 2.0 (TID 385)
16/12/21 14:55:35 INFO TaskSetManager: Finished task 183.0 in stage 2.0 (TID 384) in 6 ms on localhost (184/200)
16/12/21 14:55:35 INFO HadoopRDD: Input split: file:/tmp/foo/sales_by_shop/part-00184:0+0
16/12/21 14:55:35 INFO Executor: Finished task 184.0 in stage 2.0 (TID 385). 1800 bytes result sent to driver
16/12/21 14:55:35 INFO TaskSetManager: Starting task 185.0 in stage 2.0 (TID 386, localhost, PROCESS_LOCAL, 1411 bytes)
16/12/21 14:55:35 INFO TaskSetManager: Finished task 184.0 in stage 2.0 (TID 385) in 6 ms on localhost (185/200)
16/12/21 14:55:35 INFO Executor: Running task 185.0 in stage 2.0 (TID 386)
16/12/21 14:55:35 INFO HadoopRDD: Input split: file:/tmp/foo/sales_by_shop/part-00185:0+0
16/12/21 14:55:35 INFO Executor: Finished task 185.0 in stage 2.0 (TID 386). 1800 bytes result sent to driver
16/12/21 14:55:35 INFO TaskSetManager: Starting task 186.0 in stage 2.0 (TID 387, localhost, PROCESS_LOCAL, 1411 bytes)
16/12/21 14:55:35 INFO Executor: Running task 186.0 in stage 2.0 (TID 387)
16/12/21 14:55:35 INFO TaskSetManager: Finished task 185.0 in stage 2.0 (TID 386) in 6 ms on localhost (186/200)
16/12/21 14:55:35 INFO HadoopRDD: Input split: file:/tmp/foo/sales_by_shop/part-00186:0+0
16/12/21 14:55:35 INFO Executor: Finished task 186.0 in stage 2.0 (TID 387). 1800 bytes result sent to driver
16/12/21 14:55:35 INFO TaskSetManager: Starting task 187.0 in stage 2.0 (TID 388, localhost, PROCESS_LOCAL, 1411 bytes)
16/12/21 14:55:35 INFO TaskSetManager: Finished task 186.0 in stage 2.0 (TID 387) in 5 ms on localhost (187/200)
16/12/21 14:55:35 INFO Executor: Running task 187.0 in stage 2.0 (TID 388)
16/12/21 14:55:35 INFO HadoopRDD: Input split: file:/tmp/foo/sales_by_shop/part-00187:0+0
16/12/21 14:55:35 INFO Executor: Finished task 187.0 in stage 2.0 (TID 388). 1800 bytes result sent to driver
16/12/21 14:55:35 INFO TaskSetManager: Starting task 188.0 in stage 2.0 (TID 389, localhost, PROCESS_LOCAL, 1411 bytes)
16/12/21 14:55:35 INFO TaskSetManager: Finished task 187.0 in stage 2.0 (TID 388) in 6 ms on localhost (188/200)
16/12/21 14:55:35 INFO Executor: Running task 188.0 in stage 2.0 (TID 389)
16/12/21 14:55:35 INFO HadoopRDD: Input split: file:/tmp/foo/sales_by_shop/part-00188:0+0
16/12/21 14:55:35 INFO Executor: Finished task 188.0 in stage 2.0 (TID 389). 1800 bytes result sent to driver
16/12/21 14:55:35 INFO TaskSetManager: Starting task 189.0 in stage 2.0 (TID 390, localhost, PROCESS_LOCAL, 1411 bytes)
16/12/21 14:55:35 INFO TaskSetManager: Finished task 188.0 in stage 2.0 (TID 389) in 7 ms on localhost (189/200)
16/12/21 14:55:35 INFO Executor: Running task 189.0 in stage 2.0 (TID 390)
16/12/21 14:55:35 INFO HadoopRDD: Input split: file:/tmp/foo/sales_by_shop/part-00189:0+0
16/12/21 14:55:35 INFO Executor: Finished task 189.0 in stage 2.0 (TID 390). 1800 bytes result sent to driver
16/12/21 14:55:35 INFO TaskSetManager: Starting task 190.0 in stage 2.0 (TID 391, localhost, PROCESS_LOCAL, 1411 bytes)
16/12/21 14:55:35 INFO TaskSetManager: Finished task 189.0 in stage 2.0 (TID 390) in 6 ms on localhost (190/200)
16/12/21 14:55:35 INFO Executor: Running task 190.0 in stage 2.0 (TID 391)
16/12/21 14:55:35 INFO HadoopRDD: Input split: file:/tmp/foo/sales_by_shop/part-00190:0+15
16/12/21 14:55:35 INFO Executor: Finished task 190.0 in stage 2.0 (TID 391). 2925 bytes result sent to driver
16/12/21 14:55:35 INFO TaskSetManager: Starting task 191.0 in stage 2.0 (TID 392, localhost, PROCESS_LOCAL, 1411 bytes)
16/12/21 14:55:35 INFO Executor: Running task 191.0 in stage 2.0 (TID 392)
16/12/21 14:55:35 INFO TaskSetManager: Finished task 190.0 in stage 2.0 (TID 391) in 6 ms on localhost (191/200)
16/12/21 14:55:35 INFO HadoopRDD: Input split: file:/tmp/foo/sales_by_shop/part-00191:0+0
16/12/21 14:55:35 INFO Executor: Finished task 191.0 in stage 2.0 (TID 392). 1800 bytes result sent to driver
16/12/21 14:55:35 INFO TaskSetManager: Starting task 192.0 in stage 2.0 (TID 393, localhost, PROCESS_LOCAL, 1411 bytes)
16/12/21 14:55:35 INFO TaskSetManager: Finished task 191.0 in stage 2.0 (TID 392) in 7 ms on localhost (192/200)
16/12/21 14:55:35 INFO Executor: Running task 192.0 in stage 2.0 (TID 393)
16/12/21 14:55:35 INFO HadoopRDD: Input split: file:/tmp/foo/sales_by_shop/part-00192:0+0
16/12/21 14:55:35 INFO Executor: Finished task 192.0 in stage 2.0 (TID 393). 1800 bytes result sent to driver
16/12/21 14:55:35 INFO TaskSetManager: Starting task 193.0 in stage 2.0 (TID 394, localhost, PROCESS_LOCAL, 1411 bytes)
16/12/21 14:55:35 INFO Executor: Running task 193.0 in stage 2.0 (TID 394)
16/12/21 14:55:35 INFO TaskSetManager: Finished task 192.0 in stage 2.0 (TID 393) in 6 ms on localhost (193/200)
16/12/21 14:55:35 INFO HadoopRDD: Input split: file:/tmp/foo/sales_by_shop/part-00193:0+0
16/12/21 14:55:35 INFO Executor: Finished task 193.0 in stage 2.0 (TID 394). 1800 bytes result sent to driver
16/12/21 14:55:35 INFO TaskSetManager: Starting task 194.0 in stage 2.0 (TID 395, localhost, PROCESS_LOCAL, 1411 bytes)
16/12/21 14:55:35 INFO TaskSetManager: Finished task 193.0 in stage 2.0 (TID 394) in 5 ms on localhost (194/200)
16/12/21 14:55:35 INFO Executor: Running task 194.0 in stage 2.0 (TID 395)
16/12/21 14:55:35 INFO HadoopRDD: Input split: file:/tmp/foo/sales_by_shop/part-00194:0+0
16/12/21 14:55:35 INFO Executor: Finished task 194.0 in stage 2.0 (TID 395). 1800 bytes result sent to driver
16/12/21 14:55:35 INFO TaskSetManager: Starting task 195.0 in stage 2.0 (TID 396, localhost, PROCESS_LOCAL, 1411 bytes)
16/12/21 14:55:35 INFO TaskSetManager: Finished task 194.0 in stage 2.0 (TID 395) in 8 ms on localhost (195/200)
16/12/21 14:55:35 INFO Executor: Running task 195.0 in stage 2.0 (TID 396)
16/12/21 14:55:35 INFO HadoopRDD: Input split: file:/tmp/foo/sales_by_shop/part-00195:0+0
16/12/21 14:55:35 INFO Executor: Finished task 195.0 in stage 2.0 (TID 396). 1800 bytes result sent to driver
16/12/21 14:55:35 INFO TaskSetManager: Starting task 196.0 in stage 2.0 (TID 397, localhost, PROCESS_LOCAL, 1411 bytes)
16/12/21 14:55:35 INFO Executor: Running task 196.0 in stage 2.0 (TID 397)
16/12/21 14:55:35 INFO TaskSetManager: Finished task 195.0 in stage 2.0 (TID 396) in 5 ms on localhost (196/200)
16/12/21 14:55:35 INFO HadoopRDD: Input split: file:/tmp/foo/sales_by_shop/part-00196:0+0
16/12/21 14:55:35 INFO Executor: Finished task 196.0 in stage 2.0 (TID 397). 1800 bytes result sent to driver
16/12/21 14:55:35 INFO TaskSetManager: Starting task 197.0 in stage 2.0 (TID 398, localhost, PROCESS_LOCAL, 1411 bytes)
16/12/21 14:55:35 INFO Executor: Running task 197.0 in stage 2.0 (TID 398)
16/12/21 14:55:35 INFO TaskSetManager: Finished task 196.0 in stage 2.0 (TID 397) in 5 ms on localhost (197/200)
16/12/21 14:55:35 INFO HadoopRDD: Input split: file:/tmp/foo/sales_by_shop/part-00197:0+0
16/12/21 14:55:35 INFO Executor: Finished task 197.0 in stage 2.0 (TID 398). 1800 bytes result sent to driver
16/12/21 14:55:35 INFO TaskSetManager: Starting task 198.0 in stage 2.0 (TID 399, localhost, PROCESS_LOCAL, 1411 bytes)
16/12/21 14:55:35 INFO TaskSetManager: Finished task 197.0 in stage 2.0 (TID 398) in 7 ms on localhost (198/200)
16/12/21 14:55:35 INFO Executor: Running task 198.0 in stage 2.0 (TID 399)
16/12/21 14:55:35 INFO HadoopRDD: Input split: file:/tmp/foo/sales_by_shop/part-00198:0+0
16/12/21 14:55:35 INFO Executor: Finished task 198.0 in stage 2.0 (TID 399). 1800 bytes result sent to driver
16/12/21 14:55:35 INFO TaskSetManager: Starting task 199.0 in stage 2.0 (TID 400, localhost, PROCESS_LOCAL, 1411 bytes)
16/12/21 14:55:35 INFO TaskSetManager: Finished task 198.0 in stage 2.0 (TID 399) in 5 ms on localhost (199/200)
16/12/21 14:55:35 INFO Executor: Running task 199.0 in stage 2.0 (TID 400)
16/12/21 14:55:35 INFO HadoopRDD: Input split: file:/tmp/foo/sales_by_shop/part-00199:0+0
16/12/21 14:55:35 INFO Executor: Finished task 199.0 in stage 2.0 (TID 400). 1800 bytes result sent to driver
16/12/21 14:55:35 INFO TaskSetManager: Finished task 199.0 in stage 2.0 (TID 400) in 5 ms on localhost (200/200)
16/12/21 14:55:35 INFO TaskSchedulerImpl: Removed TaskSet 2.0, whose tasks have all completed, from pool
16/12/21 14:55:35 INFO DAGScheduler: ResultStage 2 (collect at SampleTest.java:36) finished in 1.760 s
16/12/21 14:55:35 INFO DAGScheduler: Job 1 finished: collect at SampleTest.java:36, took 1.784684 s
16/12/21 14:55:35 INFO ParseDriver: Parsing command: SELECT sum(amount) FROM sales_by_shop
16/12/21 14:55:35 INFO ParseDriver: Parse Completed
16/12/21 14:55:35 INFO HiveMetaStore: 0: get_table : db=default tbl=sales_by_shop
16/12/21 14:55:35 INFO audit: ugi=taol	ip=unknown-ip-addr	cmd=get_table : db=default tbl=sales_by_shop
16/12/21 14:55:35 INFO MemoryStore: ensureFreeSpace(397040) called with curMem=1042592, maxMem=1030823608
16/12/21 14:55:35 INFO MemoryStore: Block broadcast_5 stored as values in memory (estimated size 387.7 KB, free 981.7 MB)
16/12/21 14:55:35 INFO MemoryStore: ensureFreeSpace(29817) called with curMem=1439632, maxMem=1030823608
16/12/21 14:55:35 INFO MemoryStore: Block broadcast_5_piece0 stored as bytes in memory (estimated size 29.1 KB, free 981.7 MB)
16/12/21 14:55:35 INFO BlockManagerInfo: Added broadcast_5_piece0 in memory on localhost:52655 (size: 29.1 KB, free: 982.9 MB)
16/12/21 14:55:35 INFO SparkContext: Created broadcast 5 from collect at SampleTest.java:39
16/12/21 14:55:35 INFO Exchange: Using SparkSqlSerializer2.
16/12/21 14:55:35 INFO SparkContext: Starting job: collect at SampleTest.java:39
16/12/21 14:55:37 INFO FileInputFormat: Total input paths to process : 200
16/12/21 14:55:37 INFO DAGScheduler: Registering RDD 22 (collect at SampleTest.java:39)
16/12/21 14:55:37 INFO DAGScheduler: Got job 2 (collect at SampleTest.java:39) with 1 output partitions (allowLocal=false)
16/12/21 14:55:37 INFO DAGScheduler: Final stage: ResultStage 4(collect at SampleTest.java:39)
16/12/21 14:55:37 INFO DAGScheduler: Parents of final stage: List(ShuffleMapStage 3)
16/12/21 14:55:37 INFO DAGScheduler: Missing parents: List(ShuffleMapStage 3)
16/12/21 14:55:37 INFO DAGScheduler: Submitting ShuffleMapStage 3 (MapPartitionsRDD[22] at collect at SampleTest.java:39), which has no missing parents
16/12/21 14:55:37 INFO MemoryStore: ensureFreeSpace(10760) called with curMem=1469449, maxMem=1030823608
16/12/21 14:55:37 INFO MemoryStore: Block broadcast_6 stored as values in memory (estimated size 10.5 KB, free 981.7 MB)
16/12/21 14:55:37 INFO MemoryStore: ensureFreeSpace(5493) called with curMem=1480209, maxMem=1030823608
16/12/21 14:55:37 INFO MemoryStore: Block broadcast_6_piece0 stored as bytes in memory (estimated size 5.4 KB, free 981.7 MB)
16/12/21 14:55:37 INFO BlockManagerInfo: Added broadcast_6_piece0 in memory on localhost:52655 (size: 5.4 KB, free: 982.9 MB)
16/12/21 14:55:37 INFO SparkContext: Created broadcast 6 from broadcast at DAGScheduler.scala:874
16/12/21 14:55:37 INFO DAGScheduler: Submitting 200 missing tasks from ShuffleMapStage 3 (MapPartitionsRDD[22] at collect at SampleTest.java:39)
16/12/21 14:55:37 INFO TaskSchedulerImpl: Adding task set 3.0 with 200 tasks
16/12/21 14:55:37 INFO TaskSetManager: Starting task 0.0 in stage 3.0 (TID 401, localhost, PROCESS_LOCAL, 1400 bytes)
16/12/21 14:55:37 INFO Executor: Running task 0.0 in stage 3.0 (TID 401)
16/12/21 14:55:37 INFO HadoopRDD: Input split: file:/tmp/foo/sales_by_shop/part-00000:0+0
16/12/21 14:55:37 INFO Executor: Finished task 0.0 in stage 3.0 (TID 401). 2001 bytes result sent to driver
16/12/21 14:55:37 INFO TaskSetManager: Starting task 1.0 in stage 3.0 (TID 402, localhost, PROCESS_LOCAL, 1400 bytes)
16/12/21 14:55:37 INFO Executor: Running task 1.0 in stage 3.0 (TID 402)
16/12/21 14:55:37 INFO TaskSetManager: Finished task 0.0 in stage 3.0 (TID 401) in 39 ms on localhost (1/200)
16/12/21 14:55:37 INFO HadoopRDD: Input split: file:/tmp/foo/sales_by_shop/part-00001:0+0
16/12/21 14:55:37 INFO Executor: Finished task 1.0 in stage 3.0 (TID 402). 2001 bytes result sent to driver
16/12/21 14:55:37 INFO TaskSetManager: Starting task 2.0 in stage 3.0 (TID 403, localhost, PROCESS_LOCAL, 1400 bytes)
16/12/21 14:55:37 INFO TaskSetManager: Finished task 1.0 in stage 3.0 (TID 402) in 35 ms on localhost (2/200)
16/12/21 14:55:37 INFO Executor: Running task 2.0 in stage 3.0 (TID 403)
16/12/21 14:55:37 INFO HadoopRDD: Input split: file:/tmp/foo/sales_by_shop/part-00002:0+0
16/12/21 14:55:38 INFO Executor: Finished task 2.0 in stage 3.0 (TID 403). 2001 bytes result sent to driver
16/12/21 14:55:38 INFO TaskSetManager: Starting task 3.0 in stage 3.0 (TID 404, localhost, PROCESS_LOCAL, 1400 bytes)
16/12/21 14:55:38 INFO TaskSetManager: Finished task 2.0 in stage 3.0 (TID 403) in 52 ms on localhost (3/200)
16/12/21 14:55:38 INFO Executor: Running task 3.0 in stage 3.0 (TID 404)
16/12/21 14:55:38 INFO HadoopRDD: Input split: file:/tmp/foo/sales_by_shop/part-00003:0+0
16/12/21 14:55:38 INFO Executor: Finished task 3.0 in stage 3.0 (TID 404). 2001 bytes result sent to driver
16/12/21 14:55:38 INFO TaskSetManager: Starting task 4.0 in stage 3.0 (TID 405, localhost, PROCESS_LOCAL, 1400 bytes)
16/12/21 14:55:38 INFO TaskSetManager: Finished task 3.0 in stage 3.0 (TID 404) in 33 ms on localhost (4/200)
16/12/21 14:55:38 INFO Executor: Running task 4.0 in stage 3.0 (TID 405)
16/12/21 14:55:38 INFO HadoopRDD: Input split: file:/tmp/foo/sales_by_shop/part-00004:0+0
16/12/21 14:55:38 INFO Executor: Finished task 4.0 in stage 3.0 (TID 405). 2001 bytes result sent to driver
16/12/21 14:55:38 INFO TaskSetManager: Starting task 5.0 in stage 3.0 (TID 406, localhost, PROCESS_LOCAL, 1400 bytes)
16/12/21 14:55:38 INFO TaskSetManager: Finished task 4.0 in stage 3.0 (TID 405) in 35 ms on localhost (5/200)
16/12/21 14:55:38 INFO Executor: Running task 5.0 in stage 3.0 (TID 406)
16/12/21 14:55:38 INFO HadoopRDD: Input split: file:/tmp/foo/sales_by_shop/part-00005:0+0
16/12/21 14:55:38 INFO Executor: Finished task 5.0 in stage 3.0 (TID 406). 2001 bytes result sent to driver
16/12/21 14:55:38 INFO TaskSetManager: Starting task 6.0 in stage 3.0 (TID 407, localhost, PROCESS_LOCAL, 1400 bytes)
16/12/21 14:55:38 INFO TaskSetManager: Finished task 5.0 in stage 3.0 (TID 406) in 34 ms on localhost (6/200)
16/12/21 14:55:38 INFO Executor: Running task 6.0 in stage 3.0 (TID 407)
16/12/21 14:55:38 INFO HadoopRDD: Input split: file:/tmp/foo/sales_by_shop/part-00006:0+0
16/12/21 14:55:38 INFO Executor: Finished task 6.0 in stage 3.0 (TID 407). 2001 bytes result sent to driver
16/12/21 14:55:38 INFO TaskSetManager: Starting task 7.0 in stage 3.0 (TID 408, localhost, PROCESS_LOCAL, 1400 bytes)
16/12/21 14:55:38 INFO TaskSetManager: Finished task 6.0 in stage 3.0 (TID 407) in 31 ms on localhost (7/200)
16/12/21 14:55:38 INFO Executor: Running task 7.0 in stage 3.0 (TID 408)
16/12/21 14:55:38 INFO HadoopRDD: Input split: file:/tmp/foo/sales_by_shop/part-00007:0+0
16/12/21 14:55:38 INFO Executor: Finished task 7.0 in stage 3.0 (TID 408). 2001 bytes result sent to driver
16/12/21 14:55:38 INFO TaskSetManager: Starting task 8.0 in stage 3.0 (TID 409, localhost, PROCESS_LOCAL, 1400 bytes)
16/12/21 14:55:38 INFO TaskSetManager: Finished task 7.0 in stage 3.0 (TID 408) in 55 ms on localhost (8/200)
16/12/21 14:55:38 INFO Executor: Running task 8.0 in stage 3.0 (TID 409)
16/12/21 14:55:38 INFO HadoopRDD: Input split: file:/tmp/foo/sales_by_shop/part-00008:0+0
16/12/21 14:55:38 INFO Executor: Finished task 8.0 in stage 3.0 (TID 409). 2001 bytes result sent to driver
16/12/21 14:55:38 INFO TaskSetManager: Starting task 9.0 in stage 3.0 (TID 410, localhost, PROCESS_LOCAL, 1400 bytes)
16/12/21 14:55:38 INFO Executor: Running task 9.0 in stage 3.0 (TID 410)
16/12/21 14:55:38 INFO TaskSetManager: Finished task 8.0 in stage 3.0 (TID 409) in 37 ms on localhost (9/200)
16/12/21 14:55:38 INFO HadoopRDD: Input split: file:/tmp/foo/sales_by_shop/part-00009:0+0
16/12/21 14:55:38 INFO Executor: Finished task 9.0 in stage 3.0 (TID 410). 2001 bytes result sent to driver
16/12/21 14:55:38 INFO TaskSetManager: Starting task 10.0 in stage 3.0 (TID 411, localhost, PROCESS_LOCAL, 1400 bytes)
16/12/21 14:55:38 INFO TaskSetManager: Finished task 9.0 in stage 3.0 (TID 410) in 36 ms on localhost (10/200)
16/12/21 14:55:38 INFO Executor: Running task 10.0 in stage 3.0 (TID 411)
16/12/21 14:55:38 INFO HadoopRDD: Input split: file:/tmp/foo/sales_by_shop/part-00010:0+0
16/12/21 14:55:38 INFO Executor: Finished task 10.0 in stage 3.0 (TID 411). 2001 bytes result sent to driver
16/12/21 14:55:38 INFO TaskSetManager: Starting task 11.0 in stage 3.0 (TID 412, localhost, PROCESS_LOCAL, 1400 bytes)
16/12/21 14:55:38 INFO Executor: Running task 11.0 in stage 3.0 (TID 412)
16/12/21 14:55:38 INFO TaskSetManager: Finished task 10.0 in stage 3.0 (TID 411) in 27 ms on localhost (11/200)
16/12/21 14:55:38 INFO HadoopRDD: Input split: file:/tmp/foo/sales_by_shop/part-00011:0+0
16/12/21 14:55:38 INFO Executor: Finished task 11.0 in stage 3.0 (TID 412). 2001 bytes result sent to driver
16/12/21 14:55:38 INFO TaskSetManager: Starting task 12.0 in stage 3.0 (TID 413, localhost, PROCESS_LOCAL, 1400 bytes)
16/12/21 14:55:38 INFO TaskSetManager: Finished task 11.0 in stage 3.0 (TID 412) in 29 ms on localhost (12/200)
16/12/21 14:55:38 INFO Executor: Running task 12.0 in stage 3.0 (TID 413)
16/12/21 14:55:38 INFO HadoopRDD: Input split: file:/tmp/foo/sales_by_shop/part-00012:0+0
16/12/21 14:55:38 INFO Executor: Finished task 12.0 in stage 3.0 (TID 413). 2001 bytes result sent to driver
16/12/21 14:55:38 INFO TaskSetManager: Starting task 13.0 in stage 3.0 (TID 414, localhost, PROCESS_LOCAL, 1400 bytes)
16/12/21 14:55:38 INFO Executor: Running task 13.0 in stage 3.0 (TID 414)
16/12/21 14:55:38 INFO TaskSetManager: Finished task 12.0 in stage 3.0 (TID 413) in 25 ms on localhost (13/200)
16/12/21 14:55:38 INFO HadoopRDD: Input split: file:/tmp/foo/sales_by_shop/part-00013:0+0
16/12/21 14:55:38 INFO Executor: Finished task 13.0 in stage 3.0 (TID 414). 2001 bytes result sent to driver
16/12/21 14:55:38 INFO TaskSetManager: Starting task 14.0 in stage 3.0 (TID 415, localhost, PROCESS_LOCAL, 1400 bytes)
16/12/21 14:55:38 INFO Executor: Running task 14.0 in stage 3.0 (TID 415)
16/12/21 14:55:38 INFO TaskSetManager: Finished task 13.0 in stage 3.0 (TID 414) in 29 ms on localhost (14/200)
16/12/21 14:55:38 INFO HadoopRDD: Input split: file:/tmp/foo/sales_by_shop/part-00014:0+0
16/12/21 14:55:38 INFO Executor: Finished task 14.0 in stage 3.0 (TID 415). 2001 bytes result sent to driver
16/12/21 14:55:38 INFO TaskSetManager: Starting task 15.0 in stage 3.0 (TID 416, localhost, PROCESS_LOCAL, 1400 bytes)
16/12/21 14:55:38 INFO Executor: Running task 15.0 in stage 3.0 (TID 416)
16/12/21 14:55:38 INFO TaskSetManager: Finished task 14.0 in stage 3.0 (TID 415) in 25 ms on localhost (15/200)
16/12/21 14:55:38 INFO HadoopRDD: Input split: file:/tmp/foo/sales_by_shop/part-00015:0+0
16/12/21 14:55:38 INFO Executor: Finished task 15.0 in stage 3.0 (TID 416). 2001 bytes result sent to driver
16/12/21 14:55:38 INFO TaskSetManager: Starting task 16.0 in stage 3.0 (TID 417, localhost, PROCESS_LOCAL, 1400 bytes)
16/12/21 14:55:38 INFO Executor: Running task 16.0 in stage 3.0 (TID 417)
16/12/21 14:55:38 INFO TaskSetManager: Finished task 15.0 in stage 3.0 (TID 416) in 32 ms on localhost (16/200)
16/12/21 14:55:38 INFO HadoopRDD: Input split: file:/tmp/foo/sales_by_shop/part-00016:0+0
16/12/21 14:55:38 INFO Executor: Finished task 16.0 in stage 3.0 (TID 417). 2001 bytes result sent to driver
16/12/21 14:55:38 INFO TaskSetManager: Starting task 17.0 in stage 3.0 (TID 418, localhost, PROCESS_LOCAL, 1400 bytes)
16/12/21 14:55:38 INFO TaskSetManager: Finished task 16.0 in stage 3.0 (TID 417) in 28 ms on localhost (17/200)
16/12/21 14:55:38 INFO Executor: Running task 17.0 in stage 3.0 (TID 418)
16/12/21 14:55:38 INFO HadoopRDD: Input split: file:/tmp/foo/sales_by_shop/part-00017:0+0
16/12/21 14:55:38 INFO Executor: Finished task 17.0 in stage 3.0 (TID 418). 2001 bytes result sent to driver
16/12/21 14:55:38 INFO TaskSetManager: Starting task 18.0 in stage 3.0 (TID 419, localhost, PROCESS_LOCAL, 1400 bytes)
16/12/21 14:55:38 INFO Executor: Running task 18.0 in stage 3.0 (TID 419)
16/12/21 14:55:38 INFO TaskSetManager: Finished task 17.0 in stage 3.0 (TID 418) in 35 ms on localhost (18/200)
16/12/21 14:55:38 INFO HadoopRDD: Input split: file:/tmp/foo/sales_by_shop/part-00018:0+0
16/12/21 14:55:38 INFO Executor: Finished task 18.0 in stage 3.0 (TID 419). 2001 bytes result sent to driver
16/12/21 14:55:38 INFO TaskSetManager: Starting task 19.0 in stage 3.0 (TID 420, localhost, PROCESS_LOCAL, 1400 bytes)
16/12/21 14:55:38 INFO TaskSetManager: Finished task 18.0 in stage 3.0 (TID 419) in 28 ms on localhost (19/200)
16/12/21 14:55:38 INFO Executor: Running task 19.0 in stage 3.0 (TID 420)
16/12/21 14:55:38 INFO HadoopRDD: Input split: file:/tmp/foo/sales_by_shop/part-00019:0+0
16/12/21 14:55:38 INFO Executor: Finished task 19.0 in stage 3.0 (TID 420). 2001 bytes result sent to driver
16/12/21 14:55:38 INFO TaskSetManager: Starting task 20.0 in stage 3.0 (TID 421, localhost, PROCESS_LOCAL, 1400 bytes)
16/12/21 14:55:38 INFO Executor: Running task 20.0 in stage 3.0 (TID 421)
16/12/21 14:55:38 INFO TaskSetManager: Finished task 19.0 in stage 3.0 (TID 420) in 32 ms on localhost (20/200)
16/12/21 14:55:38 INFO HadoopRDD: Input split: file:/tmp/foo/sales_by_shop/part-00020:0+0
16/12/21 14:55:38 INFO Executor: Finished task 20.0 in stage 3.0 (TID 421). 2001 bytes result sent to driver
16/12/21 14:55:38 INFO TaskSetManager: Starting task 21.0 in stage 3.0 (TID 422, localhost, PROCESS_LOCAL, 1400 bytes)
16/12/21 14:55:38 INFO Executor: Running task 21.0 in stage 3.0 (TID 422)
16/12/21 14:55:38 INFO TaskSetManager: Finished task 20.0 in stage 3.0 (TID 421) in 27 ms on localhost (21/200)
16/12/21 14:55:38 INFO HadoopRDD: Input split: file:/tmp/foo/sales_by_shop/part-00021:0+15
16/12/21 14:55:38 INFO Executor: Finished task 21.0 in stage 3.0 (TID 422). 2001 bytes result sent to driver
16/12/21 14:55:38 INFO TaskSetManager: Starting task 22.0 in stage 3.0 (TID 423, localhost, PROCESS_LOCAL, 1400 bytes)
16/12/21 14:55:38 INFO TaskSetManager: Finished task 21.0 in stage 3.0 (TID 422) in 29 ms on localhost (22/200)
16/12/21 14:55:38 INFO Executor: Running task 22.0 in stage 3.0 (TID 423)
16/12/21 14:55:38 INFO HadoopRDD: Input split: file:/tmp/foo/sales_by_shop/part-00022:0+0
16/12/21 14:55:38 INFO Executor: Finished task 22.0 in stage 3.0 (TID 423). 2001 bytes result sent to driver
16/12/21 14:55:38 INFO TaskSetManager: Starting task 23.0 in stage 3.0 (TID 424, localhost, PROCESS_LOCAL, 1400 bytes)
16/12/21 14:55:38 INFO TaskSetManager: Finished task 22.0 in stage 3.0 (TID 423) in 17 ms on localhost (23/200)
16/12/21 14:55:38 INFO Executor: Running task 23.0 in stage 3.0 (TID 424)
16/12/21 14:55:38 INFO HadoopRDD: Input split: file:/tmp/foo/sales_by_shop/part-00023:0+0
16/12/21 14:55:38 INFO Executor: Finished task 23.0 in stage 3.0 (TID 424). 2001 bytes result sent to driver
16/12/21 14:55:38 INFO TaskSetManager: Starting task 24.0 in stage 3.0 (TID 425, localhost, PROCESS_LOCAL, 1400 bytes)
16/12/21 14:55:38 INFO TaskSetManager: Finished task 23.0 in stage 3.0 (TID 424) in 22 ms on localhost (24/200)
16/12/21 14:55:38 INFO Executor: Running task 24.0 in stage 3.0 (TID 425)
16/12/21 14:55:38 INFO HadoopRDD: Input split: file:/tmp/foo/sales_by_shop/part-00024:0+0
16/12/21 14:55:38 INFO Executor: Finished task 24.0 in stage 3.0 (TID 425). 2001 bytes result sent to driver
16/12/21 14:55:38 INFO TaskSetManager: Starting task 25.0 in stage 3.0 (TID 426, localhost, PROCESS_LOCAL, 1400 bytes)
16/12/21 14:55:38 INFO Executor: Running task 25.0 in stage 3.0 (TID 426)
16/12/21 14:55:38 INFO TaskSetManager: Finished task 24.0 in stage 3.0 (TID 425) in 33 ms on localhost (25/200)
16/12/21 14:55:38 INFO HadoopRDD: Input split: file:/tmp/foo/sales_by_shop/part-00025:0+0
16/12/21 14:55:38 INFO Executor: Finished task 25.0 in stage 3.0 (TID 426). 2001 bytes result sent to driver
16/12/21 14:55:38 INFO TaskSetManager: Starting task 26.0 in stage 3.0 (TID 427, localhost, PROCESS_LOCAL, 1400 bytes)
16/12/21 14:55:38 INFO TaskSetManager: Finished task 25.0 in stage 3.0 (TID 426) in 29 ms on localhost (26/200)
16/12/21 14:55:38 INFO Executor: Running task 26.0 in stage 3.0 (TID 427)
16/12/21 14:55:38 INFO HadoopRDD: Input split: file:/tmp/foo/sales_by_shop/part-00026:0+0
16/12/21 14:55:38 INFO Executor: Finished task 26.0 in stage 3.0 (TID 427). 2001 bytes result sent to driver
16/12/21 14:55:38 INFO TaskSetManager: Starting task 27.0 in stage 3.0 (TID 428, localhost, PROCESS_LOCAL, 1400 bytes)
16/12/21 14:55:38 INFO TaskSetManager: Finished task 26.0 in stage 3.0 (TID 427) in 27 ms on localhost (27/200)
16/12/21 14:55:38 INFO Executor: Running task 27.0 in stage 3.0 (TID 428)
16/12/21 14:55:38 INFO HadoopRDD: Input split: file:/tmp/foo/sales_by_shop/part-00027:0+0
16/12/21 14:55:38 INFO Executor: Finished task 27.0 in stage 3.0 (TID 428). 2001 bytes result sent to driver
16/12/21 14:55:38 INFO TaskSetManager: Starting task 28.0 in stage 3.0 (TID 429, localhost, PROCESS_LOCAL, 1400 bytes)
16/12/21 14:55:38 INFO TaskSetManager: Finished task 27.0 in stage 3.0 (TID 428) in 32 ms on localhost (28/200)
16/12/21 14:55:38 INFO Executor: Running task 28.0 in stage 3.0 (TID 429)
16/12/21 14:55:38 INFO HadoopRDD: Input split: file:/tmp/foo/sales_by_shop/part-00028:0+0
16/12/21 14:55:38 INFO Executor: Finished task 28.0 in stage 3.0 (TID 429). 2001 bytes result sent to driver
16/12/21 14:55:38 INFO TaskSetManager: Starting task 29.0 in stage 3.0 (TID 430, localhost, PROCESS_LOCAL, 1400 bytes)
16/12/21 14:55:38 INFO TaskSetManager: Finished task 28.0 in stage 3.0 (TID 429) in 22 ms on localhost (29/200)
16/12/21 14:55:38 INFO Executor: Running task 29.0 in stage 3.0 (TID 430)
16/12/21 14:55:38 INFO HadoopRDD: Input split: file:/tmp/foo/sales_by_shop/part-00029:0+0
16/12/21 14:55:38 INFO Executor: Finished task 29.0 in stage 3.0 (TID 430). 2001 bytes result sent to driver
16/12/21 14:55:38 INFO TaskSetManager: Starting task 30.0 in stage 3.0 (TID 431, localhost, PROCESS_LOCAL, 1400 bytes)
16/12/21 14:55:38 INFO TaskSetManager: Finished task 29.0 in stage 3.0 (TID 430) in 19 ms on localhost (30/200)
16/12/21 14:55:38 INFO Executor: Running task 30.0 in stage 3.0 (TID 431)
16/12/21 14:55:38 INFO HadoopRDD: Input split: file:/tmp/foo/sales_by_shop/part-00030:0+0
16/12/21 14:55:38 INFO Executor: Finished task 30.0 in stage 3.0 (TID 431). 2001 bytes result sent to driver
16/12/21 14:55:38 INFO TaskSetManager: Starting task 31.0 in stage 3.0 (TID 432, localhost, PROCESS_LOCAL, 1400 bytes)
16/12/21 14:55:38 INFO TaskSetManager: Finished task 30.0 in stage 3.0 (TID 431) in 30 ms on localhost (31/200)
16/12/21 14:55:38 INFO Executor: Running task 31.0 in stage 3.0 (TID 432)
16/12/21 14:55:38 INFO HadoopRDD: Input split: file:/tmp/foo/sales_by_shop/part-00031:0+0
16/12/21 14:55:38 INFO Executor: Finished task 31.0 in stage 3.0 (TID 432). 2001 bytes result sent to driver
16/12/21 14:55:38 INFO TaskSetManager: Starting task 32.0 in stage 3.0 (TID 433, localhost, PROCESS_LOCAL, 1400 bytes)
16/12/21 14:55:38 INFO TaskSetManager: Finished task 31.0 in stage 3.0 (TID 432) in 35 ms on localhost (32/200)
16/12/21 14:55:38 INFO Executor: Running task 32.0 in stage 3.0 (TID 433)
16/12/21 14:55:38 INFO HadoopRDD: Input split: file:/tmp/foo/sales_by_shop/part-00032:0+0
16/12/21 14:55:38 INFO Executor: Finished task 32.0 in stage 3.0 (TID 433). 2001 bytes result sent to driver
16/12/21 14:55:38 INFO TaskSetManager: Starting task 33.0 in stage 3.0 (TID 434, localhost, PROCESS_LOCAL, 1400 bytes)
16/12/21 14:55:38 INFO Executor: Running task 33.0 in stage 3.0 (TID 434)
16/12/21 14:55:38 INFO TaskSetManager: Finished task 32.0 in stage 3.0 (TID 433) in 23 ms on localhost (33/200)
16/12/21 14:55:38 INFO HadoopRDD: Input split: file:/tmp/foo/sales_by_shop/part-00033:0+0
16/12/21 14:55:38 INFO Executor: Finished task 33.0 in stage 3.0 (TID 434). 2001 bytes result sent to driver
16/12/21 14:55:38 INFO TaskSetManager: Starting task 34.0 in stage 3.0 (TID 435, localhost, PROCESS_LOCAL, 1400 bytes)
16/12/21 14:55:38 INFO TaskSetManager: Finished task 33.0 in stage 3.0 (TID 434) in 23 ms on localhost (34/200)
16/12/21 14:55:38 INFO Executor: Running task 34.0 in stage 3.0 (TID 435)
16/12/21 14:55:38 INFO HadoopRDD: Input split: file:/tmp/foo/sales_by_shop/part-00034:0+0
16/12/21 14:55:38 INFO Executor: Finished task 34.0 in stage 3.0 (TID 435). 2001 bytes result sent to driver
16/12/21 14:55:38 INFO TaskSetManager: Starting task 35.0 in stage 3.0 (TID 436, localhost, PROCESS_LOCAL, 1400 bytes)
16/12/21 14:55:38 INFO Executor: Running task 35.0 in stage 3.0 (TID 436)
16/12/21 14:55:38 INFO TaskSetManager: Finished task 34.0 in stage 3.0 (TID 435) in 24 ms on localhost (35/200)
16/12/21 14:55:38 INFO HadoopRDD: Input split: file:/tmp/foo/sales_by_shop/part-00035:0+0
16/12/21 14:55:38 INFO Executor: Finished task 35.0 in stage 3.0 (TID 436). 2001 bytes result sent to driver
16/12/21 14:55:38 INFO TaskSetManager: Starting task 36.0 in stage 3.0 (TID 437, localhost, PROCESS_LOCAL, 1400 bytes)
16/12/21 14:55:38 INFO TaskSetManager: Finished task 35.0 in stage 3.0 (TID 436) in 14 ms on localhost (36/200)
16/12/21 14:55:38 INFO Executor: Running task 36.0 in stage 3.0 (TID 437)
16/12/21 14:55:38 INFO HadoopRDD: Input split: file:/tmp/foo/sales_by_shop/part-00036:0+0
16/12/21 14:55:38 INFO Executor: Finished task 36.0 in stage 3.0 (TID 437). 2001 bytes result sent to driver
16/12/21 14:55:38 INFO TaskSetManager: Starting task 37.0 in stage 3.0 (TID 438, localhost, PROCESS_LOCAL, 1400 bytes)
16/12/21 14:55:38 INFO TaskSetManager: Finished task 36.0 in stage 3.0 (TID 437) in 18 ms on localhost (37/200)
16/12/21 14:55:38 INFO Executor: Running task 37.0 in stage 3.0 (TID 438)
16/12/21 14:55:38 INFO HadoopRDD: Input split: file:/tmp/foo/sales_by_shop/part-00037:0+0
16/12/21 14:55:39 INFO Executor: Finished task 37.0 in stage 3.0 (TID 438). 2001 bytes result sent to driver
16/12/21 14:55:39 INFO TaskSetManager: Starting task 38.0 in stage 3.0 (TID 439, localhost, PROCESS_LOCAL, 1400 bytes)
16/12/21 14:55:39 INFO TaskSetManager: Finished task 37.0 in stage 3.0 (TID 438) in 26 ms on localhost (38/200)
16/12/21 14:55:39 INFO Executor: Running task 38.0 in stage 3.0 (TID 439)
16/12/21 14:55:39 INFO HadoopRDD: Input split: file:/tmp/foo/sales_by_shop/part-00038:0+0
16/12/21 14:55:39 INFO Executor: Finished task 38.0 in stage 3.0 (TID 439). 2001 bytes result sent to driver
16/12/21 14:55:39 INFO TaskSetManager: Starting task 39.0 in stage 3.0 (TID 440, localhost, PROCESS_LOCAL, 1400 bytes)
16/12/21 14:55:39 INFO Executor: Running task 39.0 in stage 3.0 (TID 440)
16/12/21 14:55:39 INFO TaskSetManager: Finished task 38.0 in stage 3.0 (TID 439) in 20 ms on localhost (39/200)
16/12/21 14:55:39 INFO HadoopRDD: Input split: file:/tmp/foo/sales_by_shop/part-00039:0+0
16/12/21 14:55:39 INFO Executor: Finished task 39.0 in stage 3.0 (TID 440). 2001 bytes result sent to driver
16/12/21 14:55:39 INFO TaskSetManager: Starting task 40.0 in stage 3.0 (TID 441, localhost, PROCESS_LOCAL, 1400 bytes)
16/12/21 14:55:39 INFO TaskSetManager: Finished task 39.0 in stage 3.0 (TID 440) in 19 ms on localhost (40/200)
16/12/21 14:55:39 INFO Executor: Running task 40.0 in stage 3.0 (TID 441)
16/12/21 14:55:39 INFO HadoopRDD: Input split: file:/tmp/foo/sales_by_shop/part-00040:0+0
16/12/21 14:55:39 INFO Executor: Finished task 40.0 in stage 3.0 (TID 441). 2001 bytes result sent to driver
16/12/21 14:55:39 INFO TaskSetManager: Starting task 41.0 in stage 3.0 (TID 442, localhost, PROCESS_LOCAL, 1400 bytes)
16/12/21 14:55:39 INFO TaskSetManager: Finished task 40.0 in stage 3.0 (TID 441) in 18 ms on localhost (41/200)
16/12/21 14:55:39 INFO Executor: Running task 41.0 in stage 3.0 (TID 442)
16/12/21 14:55:39 INFO HadoopRDD: Input split: file:/tmp/foo/sales_by_shop/part-00041:0+0
16/12/21 14:55:39 INFO Executor: Finished task 41.0 in stage 3.0 (TID 442). 2001 bytes result sent to driver
16/12/21 14:55:39 INFO TaskSetManager: Starting task 42.0 in stage 3.0 (TID 443, localhost, PROCESS_LOCAL, 1400 bytes)
16/12/21 14:55:39 INFO Executor: Running task 42.0 in stage 3.0 (TID 443)
16/12/21 14:55:39 INFO TaskSetManager: Finished task 41.0 in stage 3.0 (TID 442) in 15 ms on localhost (42/200)
16/12/21 14:55:39 INFO HadoopRDD: Input split: file:/tmp/foo/sales_by_shop/part-00042:0+0
16/12/21 14:55:39 INFO Executor: Finished task 42.0 in stage 3.0 (TID 443). 2001 bytes result sent to driver
16/12/21 14:55:39 INFO TaskSetManager: Starting task 43.0 in stage 3.0 (TID 444, localhost, PROCESS_LOCAL, 1400 bytes)
16/12/21 14:55:39 INFO TaskSetManager: Finished task 42.0 in stage 3.0 (TID 443) in 16 ms on localhost (43/200)
16/12/21 14:55:39 INFO Executor: Running task 43.0 in stage 3.0 (TID 444)
16/12/21 14:55:39 INFO HadoopRDD: Input split: file:/tmp/foo/sales_by_shop/part-00043:0+0
16/12/21 14:55:39 INFO Executor: Finished task 43.0 in stage 3.0 (TID 444). 2001 bytes result sent to driver
16/12/21 14:55:39 INFO TaskSetManager: Starting task 44.0 in stage 3.0 (TID 445, localhost, PROCESS_LOCAL, 1400 bytes)
16/12/21 14:55:39 INFO TaskSetManager: Finished task 43.0 in stage 3.0 (TID 444) in 21 ms on localhost (44/200)
16/12/21 14:55:39 INFO Executor: Running task 44.0 in stage 3.0 (TID 445)
16/12/21 14:55:39 INFO HadoopRDD: Input split: file:/tmp/foo/sales_by_shop/part-00044:0+0
16/12/21 14:55:39 INFO Executor: Finished task 44.0 in stage 3.0 (TID 445). 2001 bytes result sent to driver
16/12/21 14:55:39 INFO TaskSetManager: Starting task 45.0 in stage 3.0 (TID 446, localhost, PROCESS_LOCAL, 1400 bytes)
16/12/21 14:55:39 INFO TaskSetManager: Finished task 44.0 in stage 3.0 (TID 445) in 15 ms on localhost (45/200)
16/12/21 14:55:39 INFO Executor: Running task 45.0 in stage 3.0 (TID 446)
16/12/21 14:55:39 INFO HadoopRDD: Input split: file:/tmp/foo/sales_by_shop/part-00045:0+0
16/12/21 14:55:39 INFO Executor: Finished task 45.0 in stage 3.0 (TID 446). 2001 bytes result sent to driver
16/12/21 14:55:39 INFO TaskSetManager: Starting task 46.0 in stage 3.0 (TID 447, localhost, PROCESS_LOCAL, 1400 bytes)
16/12/21 14:55:39 INFO TaskSetManager: Finished task 45.0 in stage 3.0 (TID 446) in 19 ms on localhost (46/200)
16/12/21 14:55:39 INFO Executor: Running task 46.0 in stage 3.0 (TID 447)
16/12/21 14:55:39 INFO HadoopRDD: Input split: file:/tmp/foo/sales_by_shop/part-00046:0+0
16/12/21 14:55:39 INFO Executor: Finished task 46.0 in stage 3.0 (TID 447). 2001 bytes result sent to driver
16/12/21 14:55:39 INFO TaskSetManager: Starting task 47.0 in stage 3.0 (TID 448, localhost, PROCESS_LOCAL, 1400 bytes)
16/12/21 14:55:39 INFO Executor: Running task 47.0 in stage 3.0 (TID 448)
16/12/21 14:55:39 INFO TaskSetManager: Finished task 46.0 in stage 3.0 (TID 447) in 16 ms on localhost (47/200)
16/12/21 14:55:39 INFO HadoopRDD: Input split: file:/tmp/foo/sales_by_shop/part-00047:0+0
16/12/21 14:55:39 INFO Executor: Finished task 47.0 in stage 3.0 (TID 448). 2001 bytes result sent to driver
16/12/21 14:55:39 INFO TaskSetManager: Starting task 48.0 in stage 3.0 (TID 449, localhost, PROCESS_LOCAL, 1400 bytes)
16/12/21 14:55:39 INFO TaskSetManager: Finished task 47.0 in stage 3.0 (TID 448) in 16 ms on localhost (48/200)
16/12/21 14:55:39 INFO Executor: Running task 48.0 in stage 3.0 (TID 449)
16/12/21 14:55:39 INFO HadoopRDD: Input split: file:/tmp/foo/sales_by_shop/part-00048:0+0
16/12/21 14:55:39 INFO Executor: Finished task 48.0 in stage 3.0 (TID 449). 2001 bytes result sent to driver
16/12/21 14:55:39 INFO TaskSetManager: Starting task 49.0 in stage 3.0 (TID 450, localhost, PROCESS_LOCAL, 1400 bytes)
16/12/21 14:55:39 INFO TaskSetManager: Finished task 48.0 in stage 3.0 (TID 449) in 17 ms on localhost (49/200)
16/12/21 14:55:39 INFO Executor: Running task 49.0 in stage 3.0 (TID 450)
16/12/21 14:55:39 INFO HadoopRDD: Input split: file:/tmp/foo/sales_by_shop/part-00049:0+0
16/12/21 14:55:39 INFO Executor: Finished task 49.0 in stage 3.0 (TID 450). 2001 bytes result sent to driver
16/12/21 14:55:39 INFO TaskSetManager: Starting task 50.0 in stage 3.0 (TID 451, localhost, PROCESS_LOCAL, 1400 bytes)
16/12/21 14:55:39 INFO TaskSetManager: Finished task 49.0 in stage 3.0 (TID 450) in 23 ms on localhost (50/200)
16/12/21 14:55:39 INFO Executor: Running task 50.0 in stage 3.0 (TID 451)
16/12/21 14:55:39 INFO HadoopRDD: Input split: file:/tmp/foo/sales_by_shop/part-00050:0+0
16/12/21 14:55:39 INFO Executor: Finished task 50.0 in stage 3.0 (TID 451). 2001 bytes result sent to driver
16/12/21 14:55:39 INFO TaskSetManager: Starting task 51.0 in stage 3.0 (TID 452, localhost, PROCESS_LOCAL, 1400 bytes)
16/12/21 14:55:39 INFO Executor: Running task 51.0 in stage 3.0 (TID 452)
16/12/21 14:55:39 INFO TaskSetManager: Finished task 50.0 in stage 3.0 (TID 451) in 15 ms on localhost (51/200)
16/12/21 14:55:39 INFO HadoopRDD: Input split: file:/tmp/foo/sales_by_shop/part-00051:0+0
16/12/21 14:55:39 INFO Executor: Finished task 51.0 in stage 3.0 (TID 452). 2001 bytes result sent to driver
16/12/21 14:55:39 INFO TaskSetManager: Starting task 52.0 in stage 3.0 (TID 453, localhost, PROCESS_LOCAL, 1400 bytes)
16/12/21 14:55:39 INFO TaskSetManager: Finished task 51.0 in stage 3.0 (TID 452) in 17 ms on localhost (52/200)
16/12/21 14:55:39 INFO Executor: Running task 52.0 in stage 3.0 (TID 453)
16/12/21 14:55:39 INFO HadoopRDD: Input split: file:/tmp/foo/sales_by_shop/part-00052:0+0
16/12/21 14:55:39 INFO Executor: Finished task 52.0 in stage 3.0 (TID 453). 2001 bytes result sent to driver
16/12/21 14:55:39 INFO TaskSetManager: Starting task 53.0 in stage 3.0 (TID 454, localhost, PROCESS_LOCAL, 1400 bytes)
16/12/21 14:55:39 INFO TaskSetManager: Finished task 52.0 in stage 3.0 (TID 453) in 17 ms on localhost (53/200)
16/12/21 14:55:39 INFO Executor: Running task 53.0 in stage 3.0 (TID 454)
16/12/21 14:55:39 INFO HadoopRDD: Input split: file:/tmp/foo/sales_by_shop/part-00053:0+0
16/12/21 14:55:39 INFO Executor: Finished task 53.0 in stage 3.0 (TID 454). 2001 bytes result sent to driver
16/12/21 14:55:39 INFO TaskSetManager: Starting task 54.0 in stage 3.0 (TID 455, localhost, PROCESS_LOCAL, 1400 bytes)
16/12/21 14:55:39 INFO TaskSetManager: Finished task 53.0 in stage 3.0 (TID 454) in 14 ms on localhost (54/200)
16/12/21 14:55:39 INFO Executor: Running task 54.0 in stage 3.0 (TID 455)
16/12/21 14:55:39 INFO HadoopRDD: Input split: file:/tmp/foo/sales_by_shop/part-00054:0+0
16/12/21 14:55:39 INFO Executor: Finished task 54.0 in stage 3.0 (TID 455). 2001 bytes result sent to driver
16/12/21 14:55:39 INFO TaskSetManager: Starting task 55.0 in stage 3.0 (TID 456, localhost, PROCESS_LOCAL, 1400 bytes)
16/12/21 14:55:39 INFO TaskSetManager: Finished task 54.0 in stage 3.0 (TID 455) in 15 ms on localhost (55/200)
16/12/21 14:55:39 INFO Executor: Running task 55.0 in stage 3.0 (TID 456)
16/12/21 14:55:39 INFO HadoopRDD: Input split: file:/tmp/foo/sales_by_shop/part-00055:0+0
16/12/21 14:55:39 INFO Executor: Finished task 55.0 in stage 3.0 (TID 456). 2001 bytes result sent to driver
16/12/21 14:55:39 INFO TaskSetManager: Starting task 56.0 in stage 3.0 (TID 457, localhost, PROCESS_LOCAL, 1400 bytes)
16/12/21 14:55:39 INFO TaskSetManager: Finished task 55.0 in stage 3.0 (TID 456) in 22 ms on localhost (56/200)
16/12/21 14:55:39 INFO Executor: Running task 56.0 in stage 3.0 (TID 457)
16/12/21 14:55:39 INFO HadoopRDD: Input split: file:/tmp/foo/sales_by_shop/part-00056:0+0
16/12/21 14:55:39 INFO Executor: Finished task 56.0 in stage 3.0 (TID 457). 2001 bytes result sent to driver
16/12/21 14:55:39 INFO TaskSetManager: Starting task 57.0 in stage 3.0 (TID 458, localhost, PROCESS_LOCAL, 1400 bytes)
16/12/21 14:55:39 INFO Executor: Running task 57.0 in stage 3.0 (TID 458)
16/12/21 14:55:39 INFO TaskSetManager: Finished task 56.0 in stage 3.0 (TID 457) in 19 ms on localhost (57/200)
16/12/21 14:55:39 INFO HadoopRDD: Input split: file:/tmp/foo/sales_by_shop/part-00057:0+0
16/12/21 14:55:39 INFO Executor: Finished task 57.0 in stage 3.0 (TID 458). 2001 bytes result sent to driver
16/12/21 14:55:39 INFO TaskSetManager: Starting task 58.0 in stage 3.0 (TID 459, localhost, PROCESS_LOCAL, 1400 bytes)
16/12/21 14:55:39 INFO Executor: Running task 58.0 in stage 3.0 (TID 459)
16/12/21 14:55:39 INFO TaskSetManager: Finished task 57.0 in stage 3.0 (TID 458) in 17 ms on localhost (58/200)
16/12/21 14:55:39 INFO HadoopRDD: Input split: file:/tmp/foo/sales_by_shop/part-00058:0+0
16/12/21 14:55:39 INFO Executor: Finished task 58.0 in stage 3.0 (TID 459). 2001 bytes result sent to driver
16/12/21 14:55:39 INFO TaskSetManager: Starting task 59.0 in stage 3.0 (TID 460, localhost, PROCESS_LOCAL, 1400 bytes)
16/12/21 14:55:39 INFO Executor: Running task 59.0 in stage 3.0 (TID 460)
16/12/21 14:55:39 INFO TaskSetManager: Finished task 58.0 in stage 3.0 (TID 459) in 18 ms on localhost (59/200)
16/12/21 14:55:39 INFO HadoopRDD: Input split: file:/tmp/foo/sales_by_shop/part-00059:0+0
16/12/21 14:55:39 INFO Executor: Finished task 59.0 in stage 3.0 (TID 460). 2001 bytes result sent to driver
16/12/21 14:55:39 INFO TaskSetManager: Starting task 60.0 in stage 3.0 (TID 461, localhost, PROCESS_LOCAL, 1400 bytes)
16/12/21 14:55:39 INFO TaskSetManager: Finished task 59.0 in stage 3.0 (TID 460) in 16 ms on localhost (60/200)
16/12/21 14:55:39 INFO Executor: Running task 60.0 in stage 3.0 (TID 461)
16/12/21 14:55:39 INFO HadoopRDD: Input split: file:/tmp/foo/sales_by_shop/part-00060:0+0
16/12/21 14:55:39 INFO Executor: Finished task 60.0 in stage 3.0 (TID 461). 2001 bytes result sent to driver
16/12/21 14:55:39 INFO TaskSetManager: Starting task 61.0 in stage 3.0 (TID 462, localhost, PROCESS_LOCAL, 1400 bytes)
16/12/21 14:55:39 INFO TaskSetManager: Finished task 60.0 in stage 3.0 (TID 461) in 56 ms on localhost (61/200)
16/12/21 14:55:39 INFO Executor: Running task 61.0 in stage 3.0 (TID 462)
16/12/21 14:55:39 INFO HadoopRDD: Input split: file:/tmp/foo/sales_by_shop/part-00061:0+0
16/12/21 14:55:39 INFO Executor: Finished task 61.0 in stage 3.0 (TID 462). 2001 bytes result sent to driver
16/12/21 14:55:39 INFO TaskSetManager: Starting task 62.0 in stage 3.0 (TID 463, localhost, PROCESS_LOCAL, 1400 bytes)
16/12/21 14:55:39 INFO Executor: Running task 62.0 in stage 3.0 (TID 463)
16/12/21 14:55:39 INFO TaskSetManager: Finished task 61.0 in stage 3.0 (TID 462) in 23 ms on localhost (62/200)
16/12/21 14:55:39 INFO HadoopRDD: Input split: file:/tmp/foo/sales_by_shop/part-00062:0+0
16/12/21 14:55:39 INFO Executor: Finished task 62.0 in stage 3.0 (TID 463). 2001 bytes result sent to driver
16/12/21 14:55:39 INFO TaskSetManager: Starting task 63.0 in stage 3.0 (TID 464, localhost, PROCESS_LOCAL, 1400 bytes)
16/12/21 14:55:39 INFO Executor: Running task 63.0 in stage 3.0 (TID 464)
16/12/21 14:55:39 INFO TaskSetManager: Finished task 62.0 in stage 3.0 (TID 463) in 24 ms on localhost (63/200)
16/12/21 14:55:39 INFO HadoopRDD: Input split: file:/tmp/foo/sales_by_shop/part-00063:0+0
16/12/21 14:55:39 INFO Executor: Finished task 63.0 in stage 3.0 (TID 464). 2001 bytes result sent to driver
16/12/21 14:55:39 INFO TaskSetManager: Starting task 64.0 in stage 3.0 (TID 465, localhost, PROCESS_LOCAL, 1400 bytes)
16/12/21 14:55:39 INFO TaskSetManager: Finished task 63.0 in stage 3.0 (TID 464) in 69 ms on localhost (64/200)
16/12/21 14:55:39 INFO Executor: Running task 64.0 in stage 3.0 (TID 465)
16/12/21 14:55:39 INFO HadoopRDD: Input split: file:/tmp/foo/sales_by_shop/part-00064:0+0
16/12/21 14:55:39 INFO Executor: Finished task 64.0 in stage 3.0 (TID 465). 2001 bytes result sent to driver
16/12/21 14:55:39 INFO TaskSetManager: Starting task 65.0 in stage 3.0 (TID 466, localhost, PROCESS_LOCAL, 1400 bytes)
16/12/21 14:55:39 INFO TaskSetManager: Finished task 64.0 in stage 3.0 (TID 465) in 85 ms on localhost (65/200)
16/12/21 14:55:39 INFO Executor: Running task 65.0 in stage 3.0 (TID 466)
16/12/21 14:55:39 INFO HadoopRDD: Input split: file:/tmp/foo/sales_by_shop/part-00065:0+0
16/12/21 14:55:39 INFO Executor: Finished task 65.0 in stage 3.0 (TID 466). 2001 bytes result sent to driver
16/12/21 14:55:39 INFO TaskSetManager: Starting task 66.0 in stage 3.0 (TID 467, localhost, PROCESS_LOCAL, 1400 bytes)
16/12/21 14:55:39 INFO TaskSetManager: Finished task 65.0 in stage 3.0 (TID 466) in 61 ms on localhost (66/200)
16/12/21 14:55:39 INFO Executor: Running task 66.0 in stage 3.0 (TID 467)
16/12/21 14:55:39 INFO HadoopRDD: Input split: file:/tmp/foo/sales_by_shop/part-00066:0+0
16/12/21 14:55:39 INFO Executor: Finished task 66.0 in stage 3.0 (TID 467). 2001 bytes result sent to driver
16/12/21 14:55:39 INFO TaskSetManager: Starting task 67.0 in stage 3.0 (TID 468, localhost, PROCESS_LOCAL, 1400 bytes)
16/12/21 14:55:39 INFO Executor: Running task 67.0 in stage 3.0 (TID 468)
16/12/21 14:55:39 INFO TaskSetManager: Finished task 66.0 in stage 3.0 (TID 467) in 117 ms on localhost (67/200)
16/12/21 14:55:39 INFO HadoopRDD: Input split: file:/tmp/foo/sales_by_shop/part-00067:0+0
16/12/21 14:55:39 INFO Executor: Finished task 67.0 in stage 3.0 (TID 468). 2001 bytes result sent to driver
16/12/21 14:55:39 INFO TaskSetManager: Starting task 68.0 in stage 3.0 (TID 469, localhost, PROCESS_LOCAL, 1400 bytes)
16/12/21 14:55:39 INFO TaskSetManager: Finished task 67.0 in stage 3.0 (TID 468) in 19 ms on localhost (68/200)
16/12/21 14:55:39 INFO Executor: Running task 68.0 in stage 3.0 (TID 469)
16/12/21 14:55:39 INFO HadoopRDD: Input split: file:/tmp/foo/sales_by_shop/part-00068:0+0
16/12/21 14:55:39 INFO Executor: Finished task 68.0 in stage 3.0 (TID 469). 2001 bytes result sent to driver
16/12/21 14:55:39 INFO TaskSetManager: Starting task 69.0 in stage 3.0 (TID 470, localhost, PROCESS_LOCAL, 1400 bytes)
16/12/21 14:55:39 INFO Executor: Running task 69.0 in stage 3.0 (TID 470)
16/12/21 14:55:39 INFO TaskSetManager: Finished task 68.0 in stage 3.0 (TID 469) in 41 ms on localhost (69/200)
16/12/21 14:55:39 INFO HadoopRDD: Input split: file:/tmp/foo/sales_by_shop/part-00069:0+0
16/12/21 14:55:39 INFO Executor: Finished task 69.0 in stage 3.0 (TID 470). 2001 bytes result sent to driver
16/12/21 14:55:39 INFO TaskSetManager: Starting task 70.0 in stage 3.0 (TID 471, localhost, PROCESS_LOCAL, 1400 bytes)
16/12/21 14:55:39 INFO TaskSetManager: Finished task 69.0 in stage 3.0 (TID 470) in 39 ms on localhost (70/200)
16/12/21 14:55:39 INFO Executor: Running task 70.0 in stage 3.0 (TID 471)
16/12/21 14:55:39 INFO HadoopRDD: Input split: file:/tmp/foo/sales_by_shop/part-00070:0+0
16/12/21 14:55:39 INFO Executor: Finished task 70.0 in stage 3.0 (TID 471). 2001 bytes result sent to driver
16/12/21 14:55:39 INFO TaskSetManager: Starting task 71.0 in stage 3.0 (TID 472, localhost, PROCESS_LOCAL, 1400 bytes)
16/12/21 14:55:39 INFO TaskSetManager: Finished task 70.0 in stage 3.0 (TID 471) in 30 ms on localhost (71/200)
16/12/21 14:55:39 INFO Executor: Running task 71.0 in stage 3.0 (TID 472)
16/12/21 14:55:39 INFO HadoopRDD: Input split: file:/tmp/foo/sales_by_shop/part-00071:0+0
16/12/21 14:55:39 INFO Executor: Finished task 71.0 in stage 3.0 (TID 472). 2001 bytes result sent to driver
16/12/21 14:55:39 INFO TaskSetManager: Starting task 72.0 in stage 3.0 (TID 473, localhost, PROCESS_LOCAL, 1400 bytes)
16/12/21 14:55:39 INFO TaskSetManager: Finished task 71.0 in stage 3.0 (TID 472) in 42 ms on localhost (72/200)
16/12/21 14:55:39 INFO Executor: Running task 72.0 in stage 3.0 (TID 473)
16/12/21 14:55:40 INFO HadoopRDD: Input split: file:/tmp/foo/sales_by_shop/part-00072:0+0
16/12/21 14:55:40 INFO Executor: Finished task 72.0 in stage 3.0 (TID 473). 2001 bytes result sent to driver
16/12/21 14:55:40 INFO TaskSetManager: Starting task 73.0 in stage 3.0 (TID 474, localhost, PROCESS_LOCAL, 1400 bytes)
16/12/21 14:55:40 INFO TaskSetManager: Finished task 72.0 in stage 3.0 (TID 473) in 49 ms on localhost (73/200)
16/12/21 14:55:40 INFO Executor: Running task 73.0 in stage 3.0 (TID 474)
16/12/21 14:55:40 INFO HadoopRDD: Input split: file:/tmp/foo/sales_by_shop/part-00073:0+0
16/12/21 14:55:40 INFO Executor: Finished task 73.0 in stage 3.0 (TID 474). 2001 bytes result sent to driver
16/12/21 14:55:40 INFO TaskSetManager: Starting task 74.0 in stage 3.0 (TID 475, localhost, PROCESS_LOCAL, 1400 bytes)
16/12/21 14:55:40 INFO Executor: Running task 74.0 in stage 3.0 (TID 475)
16/12/21 14:55:40 INFO TaskSetManager: Finished task 73.0 in stage 3.0 (TID 474) in 40 ms on localhost (74/200)
16/12/21 14:55:40 INFO HadoopRDD: Input split: file:/tmp/foo/sales_by_shop/part-00074:0+0
16/12/21 14:55:40 INFO Executor: Finished task 74.0 in stage 3.0 (TID 475). 2001 bytes result sent to driver
16/12/21 14:55:40 INFO TaskSetManager: Starting task 75.0 in stage 3.0 (TID 476, localhost, PROCESS_LOCAL, 1400 bytes)
16/12/21 14:55:40 INFO TaskSetManager: Finished task 74.0 in stage 3.0 (TID 475) in 25 ms on localhost (75/200)
16/12/21 14:55:40 INFO Executor: Running task 75.0 in stage 3.0 (TID 476)
16/12/21 14:55:40 INFO HadoopRDD: Input split: file:/tmp/foo/sales_by_shop/part-00075:0+0
16/12/21 14:55:40 INFO Executor: Finished task 75.0 in stage 3.0 (TID 476). 2001 bytes result sent to driver
16/12/21 14:55:40 INFO TaskSetManager: Starting task 76.0 in stage 3.0 (TID 477, localhost, PROCESS_LOCAL, 1400 bytes)
16/12/21 14:55:40 INFO TaskSetManager: Finished task 75.0 in stage 3.0 (TID 476) in 48 ms on localhost (76/200)
16/12/21 14:55:40 INFO Executor: Running task 76.0 in stage 3.0 (TID 477)
16/12/21 14:55:40 INFO HadoopRDD: Input split: file:/tmp/foo/sales_by_shop/part-00076:0+0
16/12/21 14:55:40 INFO Executor: Finished task 76.0 in stage 3.0 (TID 477). 2001 bytes result sent to driver
16/12/21 14:55:40 INFO TaskSetManager: Starting task 77.0 in stage 3.0 (TID 478, localhost, PROCESS_LOCAL, 1400 bytes)
16/12/21 14:55:40 INFO TaskSetManager: Finished task 76.0 in stage 3.0 (TID 477) in 16 ms on localhost (77/200)
16/12/21 14:55:40 INFO Executor: Running task 77.0 in stage 3.0 (TID 478)
16/12/21 14:55:40 INFO HadoopRDD: Input split: file:/tmp/foo/sales_by_shop/part-00077:0+0
16/12/21 14:55:40 INFO Executor: Finished task 77.0 in stage 3.0 (TID 478). 2001 bytes result sent to driver
16/12/21 14:55:40 INFO TaskSetManager: Starting task 78.0 in stage 3.0 (TID 479, localhost, PROCESS_LOCAL, 1400 bytes)
16/12/21 14:55:40 INFO TaskSetManager: Finished task 77.0 in stage 3.0 (TID 478) in 17 ms on localhost (78/200)
16/12/21 14:55:40 INFO Executor: Running task 78.0 in stage 3.0 (TID 479)
16/12/21 14:55:40 INFO HadoopRDD: Input split: file:/tmp/foo/sales_by_shop/part-00078:0+0
16/12/21 14:55:40 INFO Executor: Finished task 78.0 in stage 3.0 (TID 479). 2001 bytes result sent to driver
16/12/21 14:55:40 INFO TaskSetManager: Starting task 79.0 in stage 3.0 (TID 480, localhost, PROCESS_LOCAL, 1400 bytes)
16/12/21 14:55:40 INFO TaskSetManager: Finished task 78.0 in stage 3.0 (TID 479) in 23 ms on localhost (79/200)
16/12/21 14:55:40 INFO Executor: Running task 79.0 in stage 3.0 (TID 480)
16/12/21 14:55:40 INFO HadoopRDD: Input split: file:/tmp/foo/sales_by_shop/part-00079:0+0
16/12/21 14:55:40 INFO Executor: Finished task 79.0 in stage 3.0 (TID 480). 2001 bytes result sent to driver
16/12/21 14:55:40 INFO TaskSetManager: Starting task 80.0 in stage 3.0 (TID 481, localhost, PROCESS_LOCAL, 1400 bytes)
16/12/21 14:55:40 INFO TaskSetManager: Finished task 79.0 in stage 3.0 (TID 480) in 14 ms on localhost (80/200)
16/12/21 14:55:40 INFO Executor: Running task 80.0 in stage 3.0 (TID 481)
16/12/21 14:55:40 INFO HadoopRDD: Input split: file:/tmp/foo/sales_by_shop/part-00080:0+0
16/12/21 14:55:40 INFO Executor: Finished task 80.0 in stage 3.0 (TID 481). 2001 bytes result sent to driver
16/12/21 14:55:40 INFO TaskSetManager: Starting task 81.0 in stage 3.0 (TID 482, localhost, PROCESS_LOCAL, 1400 bytes)
16/12/21 14:55:40 INFO TaskSetManager: Finished task 80.0 in stage 3.0 (TID 481) in 14 ms on localhost (81/200)
16/12/21 14:55:40 INFO Executor: Running task 81.0 in stage 3.0 (TID 482)
16/12/21 14:55:40 INFO HadoopRDD: Input split: file:/tmp/foo/sales_by_shop/part-00081:0+0
16/12/21 14:55:40 INFO Executor: Finished task 81.0 in stage 3.0 (TID 482). 2001 bytes result sent to driver
16/12/21 14:55:40 INFO TaskSetManager: Starting task 82.0 in stage 3.0 (TID 483, localhost, PROCESS_LOCAL, 1400 bytes)
16/12/21 14:55:40 INFO TaskSetManager: Finished task 81.0 in stage 3.0 (TID 482) in 31 ms on localhost (82/200)
16/12/21 14:55:40 INFO Executor: Running task 82.0 in stage 3.0 (TID 483)
16/12/21 14:55:40 INFO HadoopRDD: Input split: file:/tmp/foo/sales_by_shop/part-00082:0+0
16/12/21 14:55:40 INFO Executor: Finished task 82.0 in stage 3.0 (TID 483). 2001 bytes result sent to driver
16/12/21 14:55:40 INFO TaskSetManager: Starting task 83.0 in stage 3.0 (TID 484, localhost, PROCESS_LOCAL, 1400 bytes)
16/12/21 14:55:40 INFO TaskSetManager: Finished task 82.0 in stage 3.0 (TID 483) in 19 ms on localhost (83/200)
16/12/21 14:55:40 INFO Executor: Running task 83.0 in stage 3.0 (TID 484)
16/12/21 14:55:40 INFO HadoopRDD: Input split: file:/tmp/foo/sales_by_shop/part-00083:0+0
16/12/21 14:55:40 INFO Executor: Finished task 83.0 in stage 3.0 (TID 484). 2001 bytes result sent to driver
16/12/21 14:55:40 INFO TaskSetManager: Starting task 84.0 in stage 3.0 (TID 485, localhost, PROCESS_LOCAL, 1400 bytes)
16/12/21 14:55:40 INFO TaskSetManager: Finished task 83.0 in stage 3.0 (TID 484) in 16 ms on localhost (84/200)
16/12/21 14:55:40 INFO Executor: Running task 84.0 in stage 3.0 (TID 485)
16/12/21 14:55:40 INFO HadoopRDD: Input split: file:/tmp/foo/sales_by_shop/part-00084:0+0
16/12/21 14:55:40 INFO Executor: Finished task 84.0 in stage 3.0 (TID 485). 2001 bytes result sent to driver
16/12/21 14:55:40 INFO TaskSetManager: Starting task 85.0 in stage 3.0 (TID 486, localhost, PROCESS_LOCAL, 1400 bytes)
16/12/21 14:55:40 INFO TaskSetManager: Finished task 84.0 in stage 3.0 (TID 485) in 24 ms on localhost (85/200)
16/12/21 14:55:40 INFO Executor: Running task 85.0 in stage 3.0 (TID 486)
16/12/21 14:55:40 INFO HadoopRDD: Input split: file:/tmp/foo/sales_by_shop/part-00085:0+0
16/12/21 14:55:40 INFO Executor: Finished task 85.0 in stage 3.0 (TID 486). 2001 bytes result sent to driver
16/12/21 14:55:40 INFO TaskSetManager: Starting task 86.0 in stage 3.0 (TID 487, localhost, PROCESS_LOCAL, 1400 bytes)
16/12/21 14:55:40 INFO Executor: Running task 86.0 in stage 3.0 (TID 487)
16/12/21 14:55:40 INFO TaskSetManager: Finished task 85.0 in stage 3.0 (TID 486) in 13 ms on localhost (86/200)
16/12/21 14:55:40 INFO HadoopRDD: Input split: file:/tmp/foo/sales_by_shop/part-00086:0+0
16/12/21 14:55:40 INFO Executor: Finished task 86.0 in stage 3.0 (TID 487). 2001 bytes result sent to driver
16/12/21 14:55:40 INFO TaskSetManager: Starting task 87.0 in stage 3.0 (TID 488, localhost, PROCESS_LOCAL, 1400 bytes)
16/12/21 14:55:40 INFO TaskSetManager: Finished task 86.0 in stage 3.0 (TID 487) in 18 ms on localhost (87/200)
16/12/21 14:55:40 INFO Executor: Running task 87.0 in stage 3.0 (TID 488)
16/12/21 14:55:40 INFO HadoopRDD: Input split: file:/tmp/foo/sales_by_shop/part-00087:0+0
16/12/21 14:55:40 INFO Executor: Finished task 87.0 in stage 3.0 (TID 488). 2001 bytes result sent to driver
16/12/21 14:55:40 INFO TaskSetManager: Starting task 88.0 in stage 3.0 (TID 489, localhost, PROCESS_LOCAL, 1400 bytes)
16/12/21 14:55:40 INFO TaskSetManager: Finished task 87.0 in stage 3.0 (TID 488) in 18 ms on localhost (88/200)
16/12/21 14:55:40 INFO Executor: Running task 88.0 in stage 3.0 (TID 489)
16/12/21 14:55:40 INFO HadoopRDD: Input split: file:/tmp/foo/sales_by_shop/part-00088:0+0
16/12/21 14:55:40 INFO Executor: Finished task 88.0 in stage 3.0 (TID 489). 2001 bytes result sent to driver
16/12/21 14:55:40 INFO TaskSetManager: Starting task 89.0 in stage 3.0 (TID 490, localhost, PROCESS_LOCAL, 1400 bytes)
16/12/21 14:55:40 INFO TaskSetManager: Finished task 88.0 in stage 3.0 (TID 489) in 20 ms on localhost (89/200)
16/12/21 14:55:40 INFO Executor: Running task 89.0 in stage 3.0 (TID 490)
16/12/21 14:55:40 INFO HadoopRDD: Input split: file:/tmp/foo/sales_by_shop/part-00089:0+0
16/12/21 14:55:40 INFO Executor: Finished task 89.0 in stage 3.0 (TID 490). 2001 bytes result sent to driver
16/12/21 14:55:40 INFO TaskSetManager: Starting task 90.0 in stage 3.0 (TID 491, localhost, PROCESS_LOCAL, 1400 bytes)
16/12/21 14:55:40 INFO TaskSetManager: Finished task 89.0 in stage 3.0 (TID 490) in 25 ms on localhost (90/200)
16/12/21 14:55:40 INFO Executor: Running task 90.0 in stage 3.0 (TID 491)
16/12/21 14:55:40 INFO HadoopRDD: Input split: file:/tmp/foo/sales_by_shop/part-00090:0+0
16/12/21 14:55:40 INFO Executor: Finished task 90.0 in stage 3.0 (TID 491). 2001 bytes result sent to driver
16/12/21 14:55:40 INFO TaskSetManager: Starting task 91.0 in stage 3.0 (TID 492, localhost, PROCESS_LOCAL, 1400 bytes)
16/12/21 14:55:40 INFO TaskSetManager: Finished task 90.0 in stage 3.0 (TID 491) in 18 ms on localhost (91/200)
16/12/21 14:55:40 INFO Executor: Running task 91.0 in stage 3.0 (TID 492)
16/12/21 14:55:40 INFO HadoopRDD: Input split: file:/tmp/foo/sales_by_shop/part-00091:0+0
16/12/21 14:55:40 INFO Executor: Finished task 91.0 in stage 3.0 (TID 492). 2001 bytes result sent to driver
16/12/21 14:55:40 INFO TaskSetManager: Starting task 92.0 in stage 3.0 (TID 493, localhost, PROCESS_LOCAL, 1400 bytes)
16/12/21 14:55:40 INFO TaskSetManager: Finished task 91.0 in stage 3.0 (TID 492) in 28 ms on localhost (92/200)
16/12/21 14:55:40 INFO Executor: Running task 92.0 in stage 3.0 (TID 493)
16/12/21 14:55:40 INFO HadoopRDD: Input split: file:/tmp/foo/sales_by_shop/part-00092:0+0
16/12/21 14:55:40 INFO Executor: Finished task 92.0 in stage 3.0 (TID 493). 2001 bytes result sent to driver
16/12/21 14:55:40 INFO TaskSetManager: Starting task 93.0 in stage 3.0 (TID 494, localhost, PROCESS_LOCAL, 1400 bytes)
16/12/21 14:55:40 INFO TaskSetManager: Finished task 92.0 in stage 3.0 (TID 493) in 19 ms on localhost (93/200)
16/12/21 14:55:40 INFO Executor: Running task 93.0 in stage 3.0 (TID 494)
16/12/21 14:55:40 INFO HadoopRDD: Input split: file:/tmp/foo/sales_by_shop/part-00093:0+0
16/12/21 14:55:40 INFO Executor: Finished task 93.0 in stage 3.0 (TID 494). 2001 bytes result sent to driver
16/12/21 14:55:40 INFO TaskSetManager: Starting task 94.0 in stage 3.0 (TID 495, localhost, PROCESS_LOCAL, 1400 bytes)
16/12/21 14:55:40 INFO TaskSetManager: Finished task 93.0 in stage 3.0 (TID 494) in 18 ms on localhost (94/200)
16/12/21 14:55:40 INFO Executor: Running task 94.0 in stage 3.0 (TID 495)
16/12/21 14:55:40 INFO HadoopRDD: Input split: file:/tmp/foo/sales_by_shop/part-00094:0+0
16/12/21 14:55:40 INFO Executor: Finished task 94.0 in stage 3.0 (TID 495). 2001 bytes result sent to driver
16/12/21 14:55:40 INFO TaskSetManager: Starting task 95.0 in stage 3.0 (TID 496, localhost, PROCESS_LOCAL, 1400 bytes)
16/12/21 14:55:40 INFO TaskSetManager: Finished task 94.0 in stage 3.0 (TID 495) in 26 ms on localhost (95/200)
16/12/21 14:55:40 INFO Executor: Running task 95.0 in stage 3.0 (TID 496)
16/12/21 14:55:40 INFO HadoopRDD: Input split: file:/tmp/foo/sales_by_shop/part-00095:0+0
16/12/21 14:55:40 INFO Executor: Finished task 95.0 in stage 3.0 (TID 496). 2001 bytes result sent to driver
16/12/21 14:55:40 INFO TaskSetManager: Starting task 96.0 in stage 3.0 (TID 497, localhost, PROCESS_LOCAL, 1400 bytes)
16/12/21 14:55:40 INFO TaskSetManager: Finished task 95.0 in stage 3.0 (TID 496) in 21 ms on localhost (96/200)
16/12/21 14:55:40 INFO Executor: Running task 96.0 in stage 3.0 (TID 497)
16/12/21 14:55:40 INFO HadoopRDD: Input split: file:/tmp/foo/sales_by_shop/part-00096:0+0
16/12/21 14:55:40 INFO Executor: Finished task 96.0 in stage 3.0 (TID 497). 2001 bytes result sent to driver
16/12/21 14:55:40 INFO TaskSetManager: Starting task 97.0 in stage 3.0 (TID 498, localhost, PROCESS_LOCAL, 1400 bytes)
16/12/21 14:55:40 INFO TaskSetManager: Finished task 96.0 in stage 3.0 (TID 497) in 18 ms on localhost (97/200)
16/12/21 14:55:40 INFO Executor: Running task 97.0 in stage 3.0 (TID 498)
16/12/21 14:55:40 INFO HadoopRDD: Input split: file:/tmp/foo/sales_by_shop/part-00097:0+0
16/12/21 14:55:40 INFO Executor: Finished task 97.0 in stage 3.0 (TID 498). 2001 bytes result sent to driver
16/12/21 14:55:40 INFO TaskSetManager: Starting task 98.0 in stage 3.0 (TID 499, localhost, PROCESS_LOCAL, 1400 bytes)
16/12/21 14:55:40 INFO Executor: Running task 98.0 in stage 3.0 (TID 499)
16/12/21 14:55:40 INFO TaskSetManager: Finished task 97.0 in stage 3.0 (TID 498) in 14 ms on localhost (98/200)
16/12/21 14:55:40 INFO HadoopRDD: Input split: file:/tmp/foo/sales_by_shop/part-00098:0+0
16/12/21 14:55:40 INFO Executor: Finished task 98.0 in stage 3.0 (TID 499). 2001 bytes result sent to driver
16/12/21 14:55:40 INFO TaskSetManager: Starting task 99.0 in stage 3.0 (TID 500, localhost, PROCESS_LOCAL, 1400 bytes)
16/12/21 14:55:40 INFO TaskSetManager: Finished task 98.0 in stage 3.0 (TID 499) in 16 ms on localhost (99/200)
16/12/21 14:55:40 INFO Executor: Running task 99.0 in stage 3.0 (TID 500)
16/12/21 14:55:40 INFO HadoopRDD: Input split: file:/tmp/foo/sales_by_shop/part-00099:0+0
16/12/21 14:55:40 INFO Executor: Finished task 99.0 in stage 3.0 (TID 500). 2001 bytes result sent to driver
16/12/21 14:55:40 INFO TaskSetManager: Starting task 100.0 in stage 3.0 (TID 501, localhost, PROCESS_LOCAL, 1400 bytes)
16/12/21 14:55:40 INFO TaskSetManager: Finished task 99.0 in stage 3.0 (TID 500) in 18 ms on localhost (100/200)
16/12/21 14:55:40 INFO Executor: Running task 100.0 in stage 3.0 (TID 501)
16/12/21 14:55:40 INFO HadoopRDD: Input split: file:/tmp/foo/sales_by_shop/part-00100:0+0
16/12/21 14:55:40 INFO Executor: Finished task 100.0 in stage 3.0 (TID 501). 2001 bytes result sent to driver
16/12/21 14:55:40 INFO TaskSetManager: Starting task 101.0 in stage 3.0 (TID 502, localhost, PROCESS_LOCAL, 1400 bytes)
16/12/21 14:55:40 INFO TaskSetManager: Finished task 100.0 in stage 3.0 (TID 501) in 21 ms on localhost (101/200)
16/12/21 14:55:40 INFO Executor: Running task 101.0 in stage 3.0 (TID 502)
16/12/21 14:55:40 INFO HadoopRDD: Input split: file:/tmp/foo/sales_by_shop/part-00101:0+0
16/12/21 14:55:40 INFO Executor: Finished task 101.0 in stage 3.0 (TID 502). 2001 bytes result sent to driver
16/12/21 14:55:40 INFO TaskSetManager: Starting task 102.0 in stage 3.0 (TID 503, localhost, PROCESS_LOCAL, 1400 bytes)
16/12/21 14:55:40 INFO TaskSetManager: Finished task 101.0 in stage 3.0 (TID 502) in 19 ms on localhost (102/200)
16/12/21 14:55:40 INFO Executor: Running task 102.0 in stage 3.0 (TID 503)
16/12/21 14:55:40 INFO HadoopRDD: Input split: file:/tmp/foo/sales_by_shop/part-00102:0+0
16/12/21 14:55:40 INFO Executor: Finished task 102.0 in stage 3.0 (TID 503). 2001 bytes result sent to driver
16/12/21 14:55:40 INFO TaskSetManager: Starting task 103.0 in stage 3.0 (TID 504, localhost, PROCESS_LOCAL, 1400 bytes)
16/12/21 14:55:40 INFO TaskSetManager: Finished task 102.0 in stage 3.0 (TID 503) in 18 ms on localhost (103/200)
16/12/21 14:55:40 INFO Executor: Running task 103.0 in stage 3.0 (TID 504)
16/12/21 14:55:40 INFO HadoopRDD: Input split: file:/tmp/foo/sales_by_shop/part-00103:0+0
16/12/21 14:55:40 INFO Executor: Finished task 103.0 in stage 3.0 (TID 504). 2001 bytes result sent to driver
16/12/21 14:55:40 INFO TaskSetManager: Starting task 104.0 in stage 3.0 (TID 505, localhost, PROCESS_LOCAL, 1400 bytes)
16/12/21 14:55:40 INFO TaskSetManager: Finished task 103.0 in stage 3.0 (TID 504) in 15 ms on localhost (104/200)
16/12/21 14:55:40 INFO Executor: Running task 104.0 in stage 3.0 (TID 505)
16/12/21 14:55:40 INFO HadoopRDD: Input split: file:/tmp/foo/sales_by_shop/part-00104:0+0
16/12/21 14:55:40 INFO Executor: Finished task 104.0 in stage 3.0 (TID 505). 2001 bytes result sent to driver
16/12/21 14:55:40 INFO TaskSetManager: Starting task 105.0 in stage 3.0 (TID 506, localhost, PROCESS_LOCAL, 1400 bytes)
16/12/21 14:55:40 INFO TaskSetManager: Finished task 104.0 in stage 3.0 (TID 505) in 18 ms on localhost (105/200)
16/12/21 14:55:40 INFO Executor: Running task 105.0 in stage 3.0 (TID 506)
16/12/21 14:55:40 INFO HadoopRDD: Input split: file:/tmp/foo/sales_by_shop/part-00105:0+0
16/12/21 14:55:40 INFO Executor: Finished task 105.0 in stage 3.0 (TID 506). 2001 bytes result sent to driver
16/12/21 14:55:40 INFO TaskSetManager: Starting task 106.0 in stage 3.0 (TID 507, localhost, PROCESS_LOCAL, 1400 bytes)
16/12/21 14:55:40 INFO TaskSetManager: Finished task 105.0 in stage 3.0 (TID 506) in 17 ms on localhost (106/200)
16/12/21 14:55:40 INFO Executor: Running task 106.0 in stage 3.0 (TID 507)
16/12/21 14:55:40 INFO HadoopRDD: Input split: file:/tmp/foo/sales_by_shop/part-00106:0+0
16/12/21 14:55:40 INFO Executor: Finished task 106.0 in stage 3.0 (TID 507). 2001 bytes result sent to driver
16/12/21 14:55:40 INFO TaskSetManager: Starting task 107.0 in stage 3.0 (TID 508, localhost, PROCESS_LOCAL, 1400 bytes)
16/12/21 14:55:40 INFO TaskSetManager: Finished task 106.0 in stage 3.0 (TID 507) in 19 ms on localhost (107/200)
16/12/21 14:55:40 INFO Executor: Running task 107.0 in stage 3.0 (TID 508)
16/12/21 14:55:40 INFO HadoopRDD: Input split: file:/tmp/foo/sales_by_shop/part-00107:0+0
16/12/21 14:55:40 INFO Executor: Finished task 107.0 in stage 3.0 (TID 508). 2001 bytes result sent to driver
16/12/21 14:55:40 INFO TaskSetManager: Starting task 108.0 in stage 3.0 (TID 509, localhost, PROCESS_LOCAL, 1400 bytes)
16/12/21 14:55:40 INFO TaskSetManager: Finished task 107.0 in stage 3.0 (TID 508) in 21 ms on localhost (108/200)
16/12/21 14:55:40 INFO Executor: Running task 108.0 in stage 3.0 (TID 509)
16/12/21 14:55:40 INFO HadoopRDD: Input split: file:/tmp/foo/sales_by_shop/part-00108:0+0
16/12/21 14:55:40 INFO Executor: Finished task 108.0 in stage 3.0 (TID 509). 2001 bytes result sent to driver
16/12/21 14:55:40 INFO TaskSetManager: Starting task 109.0 in stage 3.0 (TID 510, localhost, PROCESS_LOCAL, 1400 bytes)
16/12/21 14:55:40 INFO Executor: Running task 109.0 in stage 3.0 (TID 510)
16/12/21 14:55:40 INFO TaskSetManager: Finished task 108.0 in stage 3.0 (TID 509) in 18 ms on localhost (109/200)
16/12/21 14:55:40 INFO HadoopRDD: Input split: file:/tmp/foo/sales_by_shop/part-00109:0+0
16/12/21 14:55:40 INFO Executor: Finished task 109.0 in stage 3.0 (TID 510). 2001 bytes result sent to driver
16/12/21 14:55:40 INFO TaskSetManager: Starting task 110.0 in stage 3.0 (TID 511, localhost, PROCESS_LOCAL, 1400 bytes)
16/12/21 14:55:40 INFO TaskSetManager: Finished task 109.0 in stage 3.0 (TID 510) in 16 ms on localhost (110/200)
16/12/21 14:55:40 INFO Executor: Running task 110.0 in stage 3.0 (TID 511)
16/12/21 14:55:40 INFO HadoopRDD: Input split: file:/tmp/foo/sales_by_shop/part-00110:0+0
16/12/21 14:55:40 INFO Executor: Finished task 110.0 in stage 3.0 (TID 511). 2001 bytes result sent to driver
16/12/21 14:55:40 INFO TaskSetManager: Starting task 111.0 in stage 3.0 (TID 512, localhost, PROCESS_LOCAL, 1400 bytes)
16/12/21 14:55:40 INFO TaskSetManager: Finished task 110.0 in stage 3.0 (TID 511) in 29 ms on localhost (111/200)
16/12/21 14:55:40 INFO Executor: Running task 111.0 in stage 3.0 (TID 512)
16/12/21 14:55:40 INFO HadoopRDD: Input split: file:/tmp/foo/sales_by_shop/part-00111:0+0
16/12/21 14:55:40 INFO Executor: Finished task 111.0 in stage 3.0 (TID 512). 2001 bytes result sent to driver
16/12/21 14:55:40 INFO TaskSetManager: Starting task 112.0 in stage 3.0 (TID 513, localhost, PROCESS_LOCAL, 1400 bytes)
16/12/21 14:55:40 INFO TaskSetManager: Finished task 111.0 in stage 3.0 (TID 512) in 19 ms on localhost (112/200)
16/12/21 14:55:40 INFO Executor: Running task 112.0 in stage 3.0 (TID 513)
16/12/21 14:55:40 INFO HadoopRDD: Input split: file:/tmp/foo/sales_by_shop/part-00112:0+0
16/12/21 14:55:40 INFO Executor: Finished task 112.0 in stage 3.0 (TID 513). 2001 bytes result sent to driver
16/12/21 14:55:40 INFO TaskSetManager: Starting task 113.0 in stage 3.0 (TID 514, localhost, PROCESS_LOCAL, 1400 bytes)
16/12/21 14:55:40 INFO TaskSetManager: Finished task 112.0 in stage 3.0 (TID 513) in 26 ms on localhost (113/200)
16/12/21 14:55:40 INFO Executor: Running task 113.0 in stage 3.0 (TID 514)
16/12/21 14:55:40 INFO HadoopRDD: Input split: file:/tmp/foo/sales_by_shop/part-00113:0+0
16/12/21 14:55:40 INFO Executor: Finished task 113.0 in stage 3.0 (TID 514). 2001 bytes result sent to driver
16/12/21 14:55:40 INFO TaskSetManager: Starting task 114.0 in stage 3.0 (TID 515, localhost, PROCESS_LOCAL, 1400 bytes)
16/12/21 14:55:40 INFO TaskSetManager: Finished task 113.0 in stage 3.0 (TID 514) in 30 ms on localhost (114/200)
16/12/21 14:55:40 INFO Executor: Running task 114.0 in stage 3.0 (TID 515)
16/12/21 14:55:40 INFO HadoopRDD: Input split: file:/tmp/foo/sales_by_shop/part-00114:0+0
16/12/21 14:55:40 INFO Executor: Finished task 114.0 in stage 3.0 (TID 515). 2001 bytes result sent to driver
16/12/21 14:55:40 INFO TaskSetManager: Starting task 115.0 in stage 3.0 (TID 516, localhost, PROCESS_LOCAL, 1400 bytes)
16/12/21 14:55:40 INFO Executor: Running task 115.0 in stage 3.0 (TID 516)
16/12/21 14:55:40 INFO TaskSetManager: Finished task 114.0 in stage 3.0 (TID 515) in 16 ms on localhost (115/200)
16/12/21 14:55:40 INFO HadoopRDD: Input split: file:/tmp/foo/sales_by_shop/part-00115:0+0
16/12/21 14:55:40 INFO Executor: Finished task 115.0 in stage 3.0 (TID 516). 2001 bytes result sent to driver
16/12/21 14:55:40 INFO TaskSetManager: Starting task 116.0 in stage 3.0 (TID 517, localhost, PROCESS_LOCAL, 1400 bytes)
16/12/21 14:55:40 INFO TaskSetManager: Finished task 115.0 in stage 3.0 (TID 516) in 16 ms on localhost (116/200)
16/12/21 14:55:40 INFO Executor: Running task 116.0 in stage 3.0 (TID 517)
16/12/21 14:55:40 INFO HadoopRDD: Input split: file:/tmp/foo/sales_by_shop/part-00116:0+0
16/12/21 14:55:40 INFO Executor: Finished task 116.0 in stage 3.0 (TID 517). 2001 bytes result sent to driver
16/12/21 14:55:40 INFO TaskSetManager: Starting task 117.0 in stage 3.0 (TID 518, localhost, PROCESS_LOCAL, 1400 bytes)
16/12/21 14:55:40 INFO Executor: Running task 117.0 in stage 3.0 (TID 518)
16/12/21 14:55:40 INFO TaskSetManager: Finished task 116.0 in stage 3.0 (TID 517) in 17 ms on localhost (117/200)
16/12/21 14:55:40 INFO HadoopRDD: Input split: file:/tmp/foo/sales_by_shop/part-00117:0+0
16/12/21 14:55:40 INFO Executor: Finished task 117.0 in stage 3.0 (TID 518). 2001 bytes result sent to driver
16/12/21 14:55:40 INFO TaskSetManager: Starting task 118.0 in stage 3.0 (TID 519, localhost, PROCESS_LOCAL, 1400 bytes)
16/12/21 14:55:40 INFO TaskSetManager: Finished task 117.0 in stage 3.0 (TID 518) in 14 ms on localhost (118/200)
16/12/21 14:55:40 INFO Executor: Running task 118.0 in stage 3.0 (TID 519)
16/12/21 14:55:40 INFO HadoopRDD: Input split: file:/tmp/foo/sales_by_shop/part-00118:0+0
16/12/21 14:55:40 INFO Executor: Finished task 118.0 in stage 3.0 (TID 519). 2001 bytes result sent to driver
16/12/21 14:55:40 INFO TaskSetManager: Starting task 119.0 in stage 3.0 (TID 520, localhost, PROCESS_LOCAL, 1400 bytes)
16/12/21 14:55:40 INFO TaskSetManager: Finished task 118.0 in stage 3.0 (TID 519) in 15 ms on localhost (119/200)
16/12/21 14:55:40 INFO Executor: Running task 119.0 in stage 3.0 (TID 520)
16/12/21 14:55:40 INFO HadoopRDD: Input split: file:/tmp/foo/sales_by_shop/part-00119:0+0
16/12/21 14:55:40 INFO Executor: Finished task 119.0 in stage 3.0 (TID 520). 2001 bytes result sent to driver
16/12/21 14:55:40 INFO TaskSetManager: Starting task 120.0 in stage 3.0 (TID 521, localhost, PROCESS_LOCAL, 1400 bytes)
16/12/21 14:55:40 INFO TaskSetManager: Finished task 119.0 in stage 3.0 (TID 520) in 27 ms on localhost (120/200)
16/12/21 14:55:40 INFO Executor: Running task 120.0 in stage 3.0 (TID 521)
16/12/21 14:55:40 INFO HadoopRDD: Input split: file:/tmp/foo/sales_by_shop/part-00120:0+0
16/12/21 14:55:40 INFO Executor: Finished task 120.0 in stage 3.0 (TID 521). 2001 bytes result sent to driver
16/12/21 14:55:40 INFO TaskSetManager: Starting task 121.0 in stage 3.0 (TID 522, localhost, PROCESS_LOCAL, 1400 bytes)
16/12/21 14:55:40 INFO TaskSetManager: Finished task 120.0 in stage 3.0 (TID 521) in 21 ms on localhost (121/200)
16/12/21 14:55:40 INFO Executor: Running task 121.0 in stage 3.0 (TID 522)
16/12/21 14:55:40 INFO HadoopRDD: Input split: file:/tmp/foo/sales_by_shop/part-00121:0+0
16/12/21 14:55:41 INFO Executor: Finished task 121.0 in stage 3.0 (TID 522). 2001 bytes result sent to driver
16/12/21 14:55:41 INFO TaskSetManager: Starting task 122.0 in stage 3.0 (TID 523, localhost, PROCESS_LOCAL, 1400 bytes)
16/12/21 14:55:41 INFO TaskSetManager: Finished task 121.0 in stage 3.0 (TID 522) in 16 ms on localhost (122/200)
16/12/21 14:55:41 INFO Executor: Running task 122.0 in stage 3.0 (TID 523)
16/12/21 14:55:41 INFO HadoopRDD: Input split: file:/tmp/foo/sales_by_shop/part-00122:0+0
16/12/21 14:55:41 INFO Executor: Finished task 122.0 in stage 3.0 (TID 523). 2001 bytes result sent to driver
16/12/21 14:55:41 INFO TaskSetManager: Starting task 123.0 in stage 3.0 (TID 524, localhost, PROCESS_LOCAL, 1400 bytes)
16/12/21 14:55:41 INFO Executor: Running task 123.0 in stage 3.0 (TID 524)
16/12/21 14:55:41 INFO TaskSetManager: Finished task 122.0 in stage 3.0 (TID 523) in 15 ms on localhost (123/200)
16/12/21 14:55:41 INFO HadoopRDD: Input split: file:/tmp/foo/sales_by_shop/part-00123:0+0
16/12/21 14:55:41 INFO Executor: Finished task 123.0 in stage 3.0 (TID 524). 2001 bytes result sent to driver
16/12/21 14:55:41 INFO TaskSetManager: Starting task 124.0 in stage 3.0 (TID 525, localhost, PROCESS_LOCAL, 1400 bytes)
16/12/21 14:55:41 INFO TaskSetManager: Finished task 123.0 in stage 3.0 (TID 524) in 20 ms on localhost (124/200)
16/12/21 14:55:41 INFO Executor: Running task 124.0 in stage 3.0 (TID 525)
16/12/21 14:55:41 INFO HadoopRDD: Input split: file:/tmp/foo/sales_by_shop/part-00124:0+0
16/12/21 14:55:41 INFO Executor: Finished task 124.0 in stage 3.0 (TID 525). 2001 bytes result sent to driver
16/12/21 14:55:41 INFO TaskSetManager: Starting task 125.0 in stage 3.0 (TID 526, localhost, PROCESS_LOCAL, 1400 bytes)
16/12/21 14:55:41 INFO TaskSetManager: Finished task 124.0 in stage 3.0 (TID 525) in 23 ms on localhost (125/200)
16/12/21 14:55:41 INFO Executor: Running task 125.0 in stage 3.0 (TID 526)
16/12/21 14:55:41 INFO HadoopRDD: Input split: file:/tmp/foo/sales_by_shop/part-00125:0+0
16/12/21 14:55:41 INFO Executor: Finished task 125.0 in stage 3.0 (TID 526). 2001 bytes result sent to driver
16/12/21 14:55:41 INFO TaskSetManager: Starting task 126.0 in stage 3.0 (TID 527, localhost, PROCESS_LOCAL, 1400 bytes)
16/12/21 14:55:41 INFO Executor: Running task 126.0 in stage 3.0 (TID 527)
16/12/21 14:55:41 INFO TaskSetManager: Finished task 125.0 in stage 3.0 (TID 526) in 17 ms on localhost (126/200)
16/12/21 14:55:41 INFO HadoopRDD: Input split: file:/tmp/foo/sales_by_shop/part-00126:0+0
16/12/21 14:55:41 INFO Executor: Finished task 126.0 in stage 3.0 (TID 527). 2001 bytes result sent to driver
16/12/21 14:55:41 INFO TaskSetManager: Starting task 127.0 in stage 3.0 (TID 528, localhost, PROCESS_LOCAL, 1400 bytes)
16/12/21 14:55:41 INFO TaskSetManager: Finished task 126.0 in stage 3.0 (TID 527) in 22 ms on localhost (127/200)
16/12/21 14:55:41 INFO Executor: Running task 127.0 in stage 3.0 (TID 528)
16/12/21 14:55:41 INFO HadoopRDD: Input split: file:/tmp/foo/sales_by_shop/part-00127:0+0
16/12/21 14:55:41 INFO Executor: Finished task 127.0 in stage 3.0 (TID 528). 2001 bytes result sent to driver
16/12/21 14:55:41 INFO TaskSetManager: Starting task 128.0 in stage 3.0 (TID 529, localhost, PROCESS_LOCAL, 1400 bytes)
16/12/21 14:55:41 INFO TaskSetManager: Finished task 127.0 in stage 3.0 (TID 528) in 17 ms on localhost (128/200)
16/12/21 14:55:41 INFO Executor: Running task 128.0 in stage 3.0 (TID 529)
16/12/21 14:55:41 INFO HadoopRDD: Input split: file:/tmp/foo/sales_by_shop/part-00128:0+0
16/12/21 14:55:41 INFO Executor: Finished task 128.0 in stage 3.0 (TID 529). 2001 bytes result sent to driver
16/12/21 14:55:41 INFO TaskSetManager: Starting task 129.0 in stage 3.0 (TID 530, localhost, PROCESS_LOCAL, 1400 bytes)
16/12/21 14:55:41 INFO TaskSetManager: Finished task 128.0 in stage 3.0 (TID 529) in 25 ms on localhost (129/200)
16/12/21 14:55:41 INFO Executor: Running task 129.0 in stage 3.0 (TID 530)
16/12/21 14:55:41 INFO HadoopRDD: Input split: file:/tmp/foo/sales_by_shop/part-00129:0+0
16/12/21 14:55:41 INFO Executor: Finished task 129.0 in stage 3.0 (TID 530). 2001 bytes result sent to driver
16/12/21 14:55:41 INFO TaskSetManager: Starting task 130.0 in stage 3.0 (TID 531, localhost, PROCESS_LOCAL, 1400 bytes)
16/12/21 14:55:41 INFO TaskSetManager: Finished task 129.0 in stage 3.0 (TID 530) in 12 ms on localhost (130/200)
16/12/21 14:55:41 INFO Executor: Running task 130.0 in stage 3.0 (TID 531)
16/12/21 14:55:41 INFO HadoopRDD: Input split: file:/tmp/foo/sales_by_shop/part-00130:0+0
16/12/21 14:55:41 INFO Executor: Finished task 130.0 in stage 3.0 (TID 531). 2001 bytes result sent to driver
16/12/21 14:55:41 INFO TaskSetManager: Starting task 131.0 in stage 3.0 (TID 532, localhost, PROCESS_LOCAL, 1400 bytes)
16/12/21 14:55:41 INFO Executor: Running task 131.0 in stage 3.0 (TID 532)
16/12/21 14:55:41 INFO TaskSetManager: Finished task 130.0 in stage 3.0 (TID 531) in 18 ms on localhost (131/200)
16/12/21 14:55:41 INFO HadoopRDD: Input split: file:/tmp/foo/sales_by_shop/part-00131:0+0
16/12/21 14:55:41 INFO Executor: Finished task 131.0 in stage 3.0 (TID 532). 2001 bytes result sent to driver
16/12/21 14:55:41 INFO TaskSetManager: Starting task 132.0 in stage 3.0 (TID 533, localhost, PROCESS_LOCAL, 1400 bytes)
16/12/21 14:55:41 INFO Executor: Running task 132.0 in stage 3.0 (TID 533)
16/12/21 14:55:41 INFO TaskSetManager: Finished task 131.0 in stage 3.0 (TID 532) in 17 ms on localhost (132/200)
16/12/21 14:55:41 INFO HadoopRDD: Input split: file:/tmp/foo/sales_by_shop/part-00132:0+0
16/12/21 14:55:41 INFO Executor: Finished task 132.0 in stage 3.0 (TID 533). 2001 bytes result sent to driver
16/12/21 14:55:41 INFO TaskSetManager: Starting task 133.0 in stage 3.0 (TID 534, localhost, PROCESS_LOCAL, 1400 bytes)
16/12/21 14:55:41 INFO Executor: Running task 133.0 in stage 3.0 (TID 534)
16/12/21 14:55:41 INFO TaskSetManager: Finished task 132.0 in stage 3.0 (TID 533) in 15 ms on localhost (133/200)
16/12/21 14:55:41 INFO HadoopRDD: Input split: file:/tmp/foo/sales_by_shop/part-00133:0+0
16/12/21 14:55:41 INFO Executor: Finished task 133.0 in stage 3.0 (TID 534). 2001 bytes result sent to driver
16/12/21 14:55:41 INFO TaskSetManager: Starting task 134.0 in stage 3.0 (TID 535, localhost, PROCESS_LOCAL, 1400 bytes)
16/12/21 14:55:41 INFO TaskSetManager: Finished task 133.0 in stage 3.0 (TID 534) in 26 ms on localhost (134/200)
16/12/21 14:55:41 INFO Executor: Running task 134.0 in stage 3.0 (TID 535)
16/12/21 14:55:41 INFO HadoopRDD: Input split: file:/tmp/foo/sales_by_shop/part-00134:0+0
16/12/21 14:55:41 INFO Executor: Finished task 134.0 in stage 3.0 (TID 535). 2001 bytes result sent to driver
16/12/21 14:55:41 INFO TaskSetManager: Starting task 135.0 in stage 3.0 (TID 536, localhost, PROCESS_LOCAL, 1400 bytes)
16/12/21 14:55:41 INFO Executor: Running task 135.0 in stage 3.0 (TID 536)
16/12/21 14:55:41 INFO TaskSetManager: Finished task 134.0 in stage 3.0 (TID 535) in 13 ms on localhost (135/200)
16/12/21 14:55:41 INFO HadoopRDD: Input split: file:/tmp/foo/sales_by_shop/part-00135:0+0
16/12/21 14:55:41 INFO Executor: Finished task 135.0 in stage 3.0 (TID 536). 2001 bytes result sent to driver
16/12/21 14:55:41 INFO TaskSetManager: Starting task 136.0 in stage 3.0 (TID 537, localhost, PROCESS_LOCAL, 1400 bytes)
16/12/21 14:55:41 INFO Executor: Running task 136.0 in stage 3.0 (TID 537)
16/12/21 14:55:41 INFO TaskSetManager: Finished task 135.0 in stage 3.0 (TID 536) in 26 ms on localhost (136/200)
16/12/21 14:55:41 INFO HadoopRDD: Input split: file:/tmp/foo/sales_by_shop/part-00136:0+0
16/12/21 14:55:41 INFO Executor: Finished task 136.0 in stage 3.0 (TID 537). 2001 bytes result sent to driver
16/12/21 14:55:41 INFO TaskSetManager: Starting task 137.0 in stage 3.0 (TID 538, localhost, PROCESS_LOCAL, 1400 bytes)
16/12/21 14:55:41 INFO TaskSetManager: Finished task 136.0 in stage 3.0 (TID 537) in 12 ms on localhost (137/200)
16/12/21 14:55:41 INFO Executor: Running task 137.0 in stage 3.0 (TID 538)
16/12/21 14:55:41 INFO HadoopRDD: Input split: file:/tmp/foo/sales_by_shop/part-00137:0+0
16/12/21 14:55:41 INFO Executor: Finished task 137.0 in stage 3.0 (TID 538). 2001 bytes result sent to driver
16/12/21 14:55:41 INFO TaskSetManager: Starting task 138.0 in stage 3.0 (TID 539, localhost, PROCESS_LOCAL, 1400 bytes)
16/12/21 14:55:41 INFO Executor: Running task 138.0 in stage 3.0 (TID 539)
16/12/21 14:55:41 INFO TaskSetManager: Finished task 137.0 in stage 3.0 (TID 538) in 16 ms on localhost (138/200)
16/12/21 14:55:41 INFO HadoopRDD: Input split: file:/tmp/foo/sales_by_shop/part-00138:0+0
16/12/21 14:55:41 INFO Executor: Finished task 138.0 in stage 3.0 (TID 539). 2001 bytes result sent to driver
16/12/21 14:55:41 INFO TaskSetManager: Starting task 139.0 in stage 3.0 (TID 540, localhost, PROCESS_LOCAL, 1400 bytes)
16/12/21 14:55:41 INFO Executor: Running task 139.0 in stage 3.0 (TID 540)
16/12/21 14:55:41 INFO TaskSetManager: Finished task 138.0 in stage 3.0 (TID 539) in 10 ms on localhost (139/200)
16/12/21 14:55:41 INFO HadoopRDD: Input split: file:/tmp/foo/sales_by_shop/part-00139:0+0
16/12/21 14:55:41 INFO Executor: Finished task 139.0 in stage 3.0 (TID 540). 2001 bytes result sent to driver
16/12/21 14:55:41 INFO TaskSetManager: Starting task 140.0 in stage 3.0 (TID 541, localhost, PROCESS_LOCAL, 1400 bytes)
16/12/21 14:55:41 INFO Executor: Running task 140.0 in stage 3.0 (TID 541)
16/12/21 14:55:41 INFO TaskSetManager: Finished task 139.0 in stage 3.0 (TID 540) in 14 ms on localhost (140/200)
16/12/21 14:55:41 INFO HadoopRDD: Input split: file:/tmp/foo/sales_by_shop/part-00140:0+0
16/12/21 14:55:41 INFO Executor: Finished task 140.0 in stage 3.0 (TID 541). 2001 bytes result sent to driver
16/12/21 14:55:41 INFO TaskSetManager: Starting task 141.0 in stage 3.0 (TID 542, localhost, PROCESS_LOCAL, 1400 bytes)
16/12/21 14:55:41 INFO TaskSetManager: Finished task 140.0 in stage 3.0 (TID 541) in 15 ms on localhost (141/200)
16/12/21 14:55:41 INFO Executor: Running task 141.0 in stage 3.0 (TID 542)
16/12/21 14:55:41 INFO HadoopRDD: Input split: file:/tmp/foo/sales_by_shop/part-00141:0+0
16/12/21 14:55:41 INFO Executor: Finished task 141.0 in stage 3.0 (TID 542). 2001 bytes result sent to driver
16/12/21 14:55:41 INFO TaskSetManager: Starting task 142.0 in stage 3.0 (TID 543, localhost, PROCESS_LOCAL, 1400 bytes)
16/12/21 14:55:41 INFO Executor: Running task 142.0 in stage 3.0 (TID 543)
16/12/21 14:55:41 INFO TaskSetManager: Finished task 141.0 in stage 3.0 (TID 542) in 12 ms on localhost (142/200)
16/12/21 14:55:41 INFO HadoopRDD: Input split: file:/tmp/foo/sales_by_shop/part-00142:0+0
16/12/21 14:55:41 INFO Executor: Finished task 142.0 in stage 3.0 (TID 543). 2001 bytes result sent to driver
16/12/21 14:55:41 INFO TaskSetManager: Starting task 143.0 in stage 3.0 (TID 544, localhost, PROCESS_LOCAL, 1400 bytes)
16/12/21 14:55:41 INFO TaskSetManager: Finished task 142.0 in stage 3.0 (TID 543) in 15 ms on localhost (143/200)
16/12/21 14:55:41 INFO Executor: Running task 143.0 in stage 3.0 (TID 544)
16/12/21 14:55:41 INFO HadoopRDD: Input split: file:/tmp/foo/sales_by_shop/part-00143:0+0
16/12/21 14:55:41 INFO Executor: Finished task 143.0 in stage 3.0 (TID 544). 2001 bytes result sent to driver
16/12/21 14:55:41 INFO TaskSetManager: Starting task 144.0 in stage 3.0 (TID 545, localhost, PROCESS_LOCAL, 1400 bytes)
16/12/21 14:55:41 INFO TaskSetManager: Finished task 143.0 in stage 3.0 (TID 544) in 16 ms on localhost (144/200)
16/12/21 14:55:41 INFO Executor: Running task 144.0 in stage 3.0 (TID 545)
16/12/21 14:55:41 INFO HadoopRDD: Input split: file:/tmp/foo/sales_by_shop/part-00144:0+0
16/12/21 14:55:41 INFO Executor: Finished task 144.0 in stage 3.0 (TID 545). 2001 bytes result sent to driver
16/12/21 14:55:41 INFO TaskSetManager: Starting task 145.0 in stage 3.0 (TID 546, localhost, PROCESS_LOCAL, 1400 bytes)
16/12/21 14:55:41 INFO Executor: Running task 145.0 in stage 3.0 (TID 546)
16/12/21 14:55:41 INFO TaskSetManager: Finished task 144.0 in stage 3.0 (TID 545) in 12 ms on localhost (145/200)
16/12/21 14:55:41 INFO HadoopRDD: Input split: file:/tmp/foo/sales_by_shop/part-00145:0+0
16/12/21 14:55:41 INFO Executor: Finished task 145.0 in stage 3.0 (TID 546). 2001 bytes result sent to driver
16/12/21 14:55:41 INFO TaskSetManager: Starting task 146.0 in stage 3.0 (TID 547, localhost, PROCESS_LOCAL, 1400 bytes)
16/12/21 14:55:41 INFO TaskSetManager: Finished task 145.0 in stage 3.0 (TID 546) in 11 ms on localhost (146/200)
16/12/21 14:55:41 INFO Executor: Running task 146.0 in stage 3.0 (TID 547)
16/12/21 14:55:41 INFO HadoopRDD: Input split: file:/tmp/foo/sales_by_shop/part-00146:0+0
16/12/21 14:55:41 INFO Executor: Finished task 146.0 in stage 3.0 (TID 547). 2001 bytes result sent to driver
16/12/21 14:55:41 INFO TaskSetManager: Starting task 147.0 in stage 3.0 (TID 548, localhost, PROCESS_LOCAL, 1400 bytes)
16/12/21 14:55:41 INFO Executor: Running task 147.0 in stage 3.0 (TID 548)
16/12/21 14:55:41 INFO TaskSetManager: Finished task 146.0 in stage 3.0 (TID 547) in 13 ms on localhost (147/200)
16/12/21 14:55:41 INFO HadoopRDD: Input split: file:/tmp/foo/sales_by_shop/part-00147:0+0
16/12/21 14:55:41 INFO Executor: Finished task 147.0 in stage 3.0 (TID 548). 2001 bytes result sent to driver
16/12/21 14:55:41 INFO TaskSetManager: Starting task 148.0 in stage 3.0 (TID 549, localhost, PROCESS_LOCAL, 1400 bytes)
16/12/21 14:55:41 INFO TaskSetManager: Finished task 147.0 in stage 3.0 (TID 548) in 16 ms on localhost (148/200)
16/12/21 14:55:41 INFO Executor: Running task 148.0 in stage 3.0 (TID 549)
16/12/21 14:55:41 INFO HadoopRDD: Input split: file:/tmp/foo/sales_by_shop/part-00148:0+0
16/12/21 14:55:41 INFO Executor: Finished task 148.0 in stage 3.0 (TID 549). 2001 bytes result sent to driver
16/12/21 14:55:41 INFO TaskSetManager: Starting task 149.0 in stage 3.0 (TID 550, localhost, PROCESS_LOCAL, 1400 bytes)
16/12/21 14:55:41 INFO Executor: Running task 149.0 in stage 3.0 (TID 550)
16/12/21 14:55:41 INFO TaskSetManager: Finished task 148.0 in stage 3.0 (TID 549) in 15 ms on localhost (149/200)
16/12/21 14:55:41 INFO HadoopRDD: Input split: file:/tmp/foo/sales_by_shop/part-00149:0+0
16/12/21 14:55:41 INFO Executor: Finished task 149.0 in stage 3.0 (TID 550). 2001 bytes result sent to driver
16/12/21 14:55:41 INFO TaskSetManager: Starting task 150.0 in stage 3.0 (TID 551, localhost, PROCESS_LOCAL, 1400 bytes)
16/12/21 14:55:41 INFO TaskSetManager: Finished task 149.0 in stage 3.0 (TID 550) in 17 ms on localhost (150/200)
16/12/21 14:55:41 INFO Executor: Running task 150.0 in stage 3.0 (TID 551)
16/12/21 14:55:41 INFO HadoopRDD: Input split: file:/tmp/foo/sales_by_shop/part-00150:0+0
16/12/21 14:55:41 INFO Executor: Finished task 150.0 in stage 3.0 (TID 551). 2001 bytes result sent to driver
16/12/21 14:55:41 INFO TaskSetManager: Starting task 151.0 in stage 3.0 (TID 552, localhost, PROCESS_LOCAL, 1400 bytes)
16/12/21 14:55:41 INFO TaskSetManager: Finished task 150.0 in stage 3.0 (TID 551) in 18 ms on localhost (151/200)
16/12/21 14:55:41 INFO Executor: Running task 151.0 in stage 3.0 (TID 552)
16/12/21 14:55:41 INFO HadoopRDD: Input split: file:/tmp/foo/sales_by_shop/part-00151:0+15
16/12/21 14:55:41 INFO Executor: Finished task 151.0 in stage 3.0 (TID 552). 2001 bytes result sent to driver
16/12/21 14:55:41 INFO TaskSetManager: Starting task 152.0 in stage 3.0 (TID 553, localhost, PROCESS_LOCAL, 1400 bytes)
16/12/21 14:55:41 INFO TaskSetManager: Finished task 151.0 in stage 3.0 (TID 552) in 15 ms on localhost (152/200)
16/12/21 14:55:41 INFO Executor: Running task 152.0 in stage 3.0 (TID 553)
16/12/21 14:55:41 INFO HadoopRDD: Input split: file:/tmp/foo/sales_by_shop/part-00152:0+0
16/12/21 14:55:41 INFO Executor: Finished task 152.0 in stage 3.0 (TID 553). 2001 bytes result sent to driver
16/12/21 14:55:41 INFO TaskSetManager: Starting task 153.0 in stage 3.0 (TID 554, localhost, PROCESS_LOCAL, 1400 bytes)
16/12/21 14:55:41 INFO Executor: Running task 153.0 in stage 3.0 (TID 554)
16/12/21 14:55:41 INFO TaskSetManager: Finished task 152.0 in stage 3.0 (TID 553) in 17 ms on localhost (153/200)
16/12/21 14:55:41 INFO HadoopRDD: Input split: file:/tmp/foo/sales_by_shop/part-00153:0+0
16/12/21 14:55:41 INFO Executor: Finished task 153.0 in stage 3.0 (TID 554). 2001 bytes result sent to driver
16/12/21 14:55:41 INFO TaskSetManager: Starting task 154.0 in stage 3.0 (TID 555, localhost, PROCESS_LOCAL, 1400 bytes)
16/12/21 14:55:41 INFO TaskSetManager: Finished task 153.0 in stage 3.0 (TID 554) in 11 ms on localhost (154/200)
16/12/21 14:55:41 INFO Executor: Running task 154.0 in stage 3.0 (TID 555)
16/12/21 14:55:41 INFO HadoopRDD: Input split: file:/tmp/foo/sales_by_shop/part-00154:0+0
16/12/21 14:55:41 INFO Executor: Finished task 154.0 in stage 3.0 (TID 555). 2001 bytes result sent to driver
16/12/21 14:55:41 INFO TaskSetManager: Starting task 155.0 in stage 3.0 (TID 556, localhost, PROCESS_LOCAL, 1400 bytes)
16/12/21 14:55:41 INFO Executor: Running task 155.0 in stage 3.0 (TID 556)
16/12/21 14:55:41 INFO TaskSetManager: Finished task 154.0 in stage 3.0 (TID 555) in 11 ms on localhost (155/200)
16/12/21 14:55:41 INFO HadoopRDD: Input split: file:/tmp/foo/sales_by_shop/part-00155:0+0
16/12/21 14:55:41 INFO Executor: Finished task 155.0 in stage 3.0 (TID 556). 2001 bytes result sent to driver
16/12/21 14:55:41 INFO TaskSetManager: Starting task 156.0 in stage 3.0 (TID 557, localhost, PROCESS_LOCAL, 1400 bytes)
16/12/21 14:55:41 INFO TaskSetManager: Finished task 155.0 in stage 3.0 (TID 556) in 10 ms on localhost (156/200)
16/12/21 14:55:41 INFO Executor: Running task 156.0 in stage 3.0 (TID 557)
16/12/21 14:55:41 INFO HadoopRDD: Input split: file:/tmp/foo/sales_by_shop/part-00156:0+0
16/12/21 14:55:41 INFO Executor: Finished task 156.0 in stage 3.0 (TID 557). 2001 bytes result sent to driver
16/12/21 14:55:41 INFO TaskSetManager: Starting task 157.0 in stage 3.0 (TID 558, localhost, PROCESS_LOCAL, 1400 bytes)
16/12/21 14:55:41 INFO Executor: Running task 157.0 in stage 3.0 (TID 558)
16/12/21 14:55:41 INFO TaskSetManager: Finished task 156.0 in stage 3.0 (TID 557) in 17 ms on localhost (157/200)
16/12/21 14:55:41 INFO HadoopRDD: Input split: file:/tmp/foo/sales_by_shop/part-00157:0+0
16/12/21 14:55:41 INFO Executor: Finished task 157.0 in stage 3.0 (TID 558). 2001 bytes result sent to driver
16/12/21 14:55:41 INFO TaskSetManager: Starting task 158.0 in stage 3.0 (TID 559, localhost, PROCESS_LOCAL, 1400 bytes)
16/12/21 14:55:41 INFO TaskSetManager: Finished task 157.0 in stage 3.0 (TID 558) in 13 ms on localhost (158/200)
16/12/21 14:55:41 INFO Executor: Running task 158.0 in stage 3.0 (TID 559)
16/12/21 14:55:41 INFO HadoopRDD: Input split: file:/tmp/foo/sales_by_shop/part-00158:0+0
16/12/21 14:55:41 INFO Executor: Finished task 158.0 in stage 3.0 (TID 559). 2001 bytes result sent to driver
16/12/21 14:55:41 INFO TaskSetManager: Starting task 159.0 in stage 3.0 (TID 560, localhost, PROCESS_LOCAL, 1400 bytes)
16/12/21 14:55:41 INFO TaskSetManager: Finished task 158.0 in stage 3.0 (TID 559) in 14 ms on localhost (159/200)
16/12/21 14:55:41 INFO Executor: Running task 159.0 in stage 3.0 (TID 560)
16/12/21 14:55:41 INFO HadoopRDD: Input split: file:/tmp/foo/sales_by_shop/part-00159:0+0
16/12/21 14:55:41 INFO Executor: Finished task 159.0 in stage 3.0 (TID 560). 2001 bytes result sent to driver
16/12/21 14:55:41 INFO TaskSetManager: Starting task 160.0 in stage 3.0 (TID 561, localhost, PROCESS_LOCAL, 1400 bytes)
16/12/21 14:55:41 INFO Executor: Running task 160.0 in stage 3.0 (TID 561)
16/12/21 14:55:41 INFO TaskSetManager: Finished task 159.0 in stage 3.0 (TID 560) in 15 ms on localhost (160/200)
16/12/21 14:55:41 INFO HadoopRDD: Input split: file:/tmp/foo/sales_by_shop/part-00160:0+0
16/12/21 14:55:41 INFO Executor: Finished task 160.0 in stage 3.0 (TID 561). 2001 bytes result sent to driver
16/12/21 14:55:41 INFO TaskSetManager: Starting task 161.0 in stage 3.0 (TID 562, localhost, PROCESS_LOCAL, 1400 bytes)
16/12/21 14:55:41 INFO Executor: Running task 161.0 in stage 3.0 (TID 562)
16/12/21 14:55:41 INFO TaskSetManager: Finished task 160.0 in stage 3.0 (TID 561) in 10 ms on localhost (161/200)
16/12/21 14:55:41 INFO HadoopRDD: Input split: file:/tmp/foo/sales_by_shop/part-00161:0+0
16/12/21 14:55:41 INFO Executor: Finished task 161.0 in stage 3.0 (TID 562). 2001 bytes result sent to driver
16/12/21 14:55:41 INFO TaskSetManager: Starting task 162.0 in stage 3.0 (TID 563, localhost, PROCESS_LOCAL, 1400 bytes)
16/12/21 14:55:41 INFO Executor: Running task 162.0 in stage 3.0 (TID 563)
16/12/21 14:55:41 INFO TaskSetManager: Finished task 161.0 in stage 3.0 (TID 562) in 15 ms on localhost (162/200)
16/12/21 14:55:41 INFO HadoopRDD: Input split: file:/tmp/foo/sales_by_shop/part-00162:0+0
16/12/21 14:55:41 INFO Executor: Finished task 162.0 in stage 3.0 (TID 563). 2001 bytes result sent to driver
16/12/21 14:55:41 INFO TaskSetManager: Starting task 163.0 in stage 3.0 (TID 564, localhost, PROCESS_LOCAL, 1400 bytes)
16/12/21 14:55:41 INFO TaskSetManager: Finished task 162.0 in stage 3.0 (TID 563) in 17 ms on localhost (163/200)
16/12/21 14:55:41 INFO Executor: Running task 163.0 in stage 3.0 (TID 564)
16/12/21 14:55:41 INFO HadoopRDD: Input split: file:/tmp/foo/sales_by_shop/part-00163:0+0
16/12/21 14:55:41 INFO Executor: Finished task 163.0 in stage 3.0 (TID 564). 2001 bytes result sent to driver
16/12/21 14:55:41 INFO TaskSetManager: Starting task 164.0 in stage 3.0 (TID 565, localhost, PROCESS_LOCAL, 1400 bytes)
16/12/21 14:55:41 INFO TaskSetManager: Finished task 163.0 in stage 3.0 (TID 564) in 23 ms on localhost (164/200)
16/12/21 14:55:41 INFO Executor: Running task 164.0 in stage 3.0 (TID 565)
16/12/21 14:55:41 INFO HadoopRDD: Input split: file:/tmp/foo/sales_by_shop/part-00164:0+0
16/12/21 14:55:41 INFO Executor: Finished task 164.0 in stage 3.0 (TID 565). 2001 bytes result sent to driver
16/12/21 14:55:41 INFO TaskSetManager: Starting task 165.0 in stage 3.0 (TID 566, localhost, PROCESS_LOCAL, 1400 bytes)
16/12/21 14:55:41 INFO TaskSetManager: Finished task 164.0 in stage 3.0 (TID 565) in 22 ms on localhost (165/200)
16/12/21 14:55:41 INFO Executor: Running task 165.0 in stage 3.0 (TID 566)
16/12/21 14:55:41 INFO HadoopRDD: Input split: file:/tmp/foo/sales_by_shop/part-00165:0+0
16/12/21 14:55:41 INFO Executor: Finished task 165.0 in stage 3.0 (TID 566). 2001 bytes result sent to driver
16/12/21 14:55:41 INFO TaskSetManager: Starting task 166.0 in stage 3.0 (TID 567, localhost, PROCESS_LOCAL, 1400 bytes)
16/12/21 14:55:41 INFO Executor: Running task 166.0 in stage 3.0 (TID 567)
16/12/21 14:55:41 INFO TaskSetManager: Finished task 165.0 in stage 3.0 (TID 566) in 18 ms on localhost (166/200)
16/12/21 14:55:41 INFO HadoopRDD: Input split: file:/tmp/foo/sales_by_shop/part-00166:0+0
16/12/21 14:55:41 INFO Executor: Finished task 166.0 in stage 3.0 (TID 567). 2001 bytes result sent to driver
16/12/21 14:55:41 INFO TaskSetManager: Starting task 167.0 in stage 3.0 (TID 568, localhost, PROCESS_LOCAL, 1400 bytes)
16/12/21 14:55:41 INFO TaskSetManager: Finished task 166.0 in stage 3.0 (TID 567) in 19 ms on localhost (167/200)
16/12/21 14:55:41 INFO Executor: Running task 167.0 in stage 3.0 (TID 568)
16/12/21 14:55:41 INFO HadoopRDD: Input split: file:/tmp/foo/sales_by_shop/part-00167:0+0
16/12/21 14:55:41 INFO Executor: Finished task 167.0 in stage 3.0 (TID 568). 2001 bytes result sent to driver
16/12/21 14:55:41 INFO TaskSetManager: Starting task 168.0 in stage 3.0 (TID 569, localhost, PROCESS_LOCAL, 1400 bytes)
16/12/21 14:55:41 INFO TaskSetManager: Finished task 167.0 in stage 3.0 (TID 568) in 34 ms on localhost (168/200)
16/12/21 14:55:41 INFO Executor: Running task 168.0 in stage 3.0 (TID 569)
16/12/21 14:55:41 INFO HadoopRDD: Input split: file:/tmp/foo/sales_by_shop/part-00168:0+0
16/12/21 14:55:41 INFO Executor: Finished task 168.0 in stage 3.0 (TID 569). 2001 bytes result sent to driver
16/12/21 14:55:41 INFO TaskSetManager: Starting task 169.0 in stage 3.0 (TID 570, localhost, PROCESS_LOCAL, 1400 bytes)
16/12/21 14:55:41 INFO Executor: Running task 169.0 in stage 3.0 (TID 570)
16/12/21 14:55:41 INFO TaskSetManager: Finished task 168.0 in stage 3.0 (TID 569) in 25 ms on localhost (169/200)
16/12/21 14:55:41 INFO HadoopRDD: Input split: file:/tmp/foo/sales_by_shop/part-00169:0+0
16/12/21 14:55:41 INFO Executor: Finished task 169.0 in stage 3.0 (TID 570). 2001 bytes result sent to driver
16/12/21 14:55:41 INFO TaskSetManager: Starting task 170.0 in stage 3.0 (TID 571, localhost, PROCESS_LOCAL, 1400 bytes)
16/12/21 14:55:41 INFO TaskSetManager: Finished task 169.0 in stage 3.0 (TID 570) in 31 ms on localhost (170/200)
16/12/21 14:55:41 INFO Executor: Running task 170.0 in stage 3.0 (TID 571)
16/12/21 14:55:41 INFO HadoopRDD: Input split: file:/tmp/foo/sales_by_shop/part-00170:0+0
16/12/21 14:55:41 INFO Executor: Finished task 170.0 in stage 3.0 (TID 571). 2001 bytes result sent to driver
16/12/21 14:55:41 INFO TaskSetManager: Starting task 171.0 in stage 3.0 (TID 572, localhost, PROCESS_LOCAL, 1400 bytes)
16/12/21 14:55:41 INFO TaskSetManager: Finished task 170.0 in stage 3.0 (TID 571) in 21 ms on localhost (171/200)
16/12/21 14:55:41 INFO Executor: Running task 171.0 in stage 3.0 (TID 572)
16/12/21 14:55:41 INFO HadoopRDD: Input split: file:/tmp/foo/sales_by_shop/part-00171:0+0
16/12/21 14:55:41 INFO Executor: Finished task 171.0 in stage 3.0 (TID 572). 2001 bytes result sent to driver
16/12/21 14:55:41 INFO TaskSetManager: Starting task 172.0 in stage 3.0 (TID 573, localhost, PROCESS_LOCAL, 1400 bytes)
16/12/21 14:55:41 INFO TaskSetManager: Finished task 171.0 in stage 3.0 (TID 572) in 23 ms on localhost (172/200)
16/12/21 14:55:41 INFO Executor: Running task 172.0 in stage 3.0 (TID 573)
16/12/21 14:55:41 INFO HadoopRDD: Input split: file:/tmp/foo/sales_by_shop/part-00172:0+0
16/12/21 14:55:41 INFO Executor: Finished task 172.0 in stage 3.0 (TID 573). 2001 bytes result sent to driver
16/12/21 14:55:41 INFO TaskSetManager: Starting task 173.0 in stage 3.0 (TID 574, localhost, PROCESS_LOCAL, 1400 bytes)
16/12/21 14:55:41 INFO TaskSetManager: Finished task 172.0 in stage 3.0 (TID 573) in 23 ms on localhost (173/200)
16/12/21 14:55:41 INFO Executor: Running task 173.0 in stage 3.0 (TID 574)
16/12/21 14:55:41 INFO HadoopRDD: Input split: file:/tmp/foo/sales_by_shop/part-00173:0+0
16/12/21 14:55:41 INFO Executor: Finished task 173.0 in stage 3.0 (TID 574). 2001 bytes result sent to driver
16/12/21 14:55:41 INFO TaskSetManager: Starting task 174.0 in stage 3.0 (TID 575, localhost, PROCESS_LOCAL, 1400 bytes)
16/12/21 14:55:41 INFO TaskSetManager: Finished task 173.0 in stage 3.0 (TID 574) in 25 ms on localhost (174/200)
16/12/21 14:55:41 INFO Executor: Running task 174.0 in stage 3.0 (TID 575)
16/12/21 14:55:41 INFO HadoopRDD: Input split: file:/tmp/foo/sales_by_shop/part-00174:0+0
16/12/21 14:55:41 INFO Executor: Finished task 174.0 in stage 3.0 (TID 575). 2001 bytes result sent to driver
16/12/21 14:55:41 INFO TaskSetManager: Starting task 175.0 in stage 3.0 (TID 576, localhost, PROCESS_LOCAL, 1400 bytes)
16/12/21 14:55:41 INFO TaskSetManager: Finished task 174.0 in stage 3.0 (TID 575) in 27 ms on localhost (175/200)
16/12/21 14:55:41 INFO Executor: Running task 175.0 in stage 3.0 (TID 576)
16/12/21 14:55:41 INFO HadoopRDD: Input split: file:/tmp/foo/sales_by_shop/part-00175:0+0
16/12/21 14:55:41 INFO Executor: Finished task 175.0 in stage 3.0 (TID 576). 2001 bytes result sent to driver
16/12/21 14:55:41 INFO TaskSetManager: Starting task 176.0 in stage 3.0 (TID 577, localhost, PROCESS_LOCAL, 1400 bytes)
16/12/21 14:55:41 INFO TaskSetManager: Finished task 175.0 in stage 3.0 (TID 576) in 77 ms on localhost (176/200)
16/12/21 14:55:41 INFO Executor: Running task 176.0 in stage 3.0 (TID 577)
16/12/21 14:55:42 INFO HadoopRDD: Input split: file:/tmp/foo/sales_by_shop/part-00176:0+0
16/12/21 14:55:42 INFO Executor: Finished task 176.0 in stage 3.0 (TID 577). 2001 bytes result sent to driver
16/12/21 14:55:42 INFO TaskSetManager: Starting task 177.0 in stage 3.0 (TID 578, localhost, PROCESS_LOCAL, 1400 bytes)
16/12/21 14:55:42 INFO TaskSetManager: Finished task 176.0 in stage 3.0 (TID 577) in 98 ms on localhost (177/200)
16/12/21 14:55:42 INFO Executor: Running task 177.0 in stage 3.0 (TID 578)
16/12/21 14:55:42 INFO HadoopRDD: Input split: file:/tmp/foo/sales_by_shop/part-00177:0+0
16/12/21 14:55:42 INFO Executor: Finished task 177.0 in stage 3.0 (TID 578). 2001 bytes result sent to driver
16/12/21 14:55:42 INFO TaskSetManager: Starting task 178.0 in stage 3.0 (TID 579, localhost, PROCESS_LOCAL, 1400 bytes)
16/12/21 14:55:42 INFO TaskSetManager: Finished task 177.0 in stage 3.0 (TID 578) in 33 ms on localhost (178/200)
16/12/21 14:55:42 INFO Executor: Running task 178.0 in stage 3.0 (TID 579)
16/12/21 14:55:42 INFO HadoopRDD: Input split: file:/tmp/foo/sales_by_shop/part-00178:0+0
16/12/21 14:55:42 INFO Executor: Finished task 178.0 in stage 3.0 (TID 579). 2001 bytes result sent to driver
16/12/21 14:55:42 INFO TaskSetManager: Starting task 179.0 in stage 3.0 (TID 580, localhost, PROCESS_LOCAL, 1400 bytes)
16/12/21 14:55:42 INFO TaskSetManager: Finished task 178.0 in stage 3.0 (TID 579) in 31 ms on localhost (179/200)
16/12/21 14:55:42 INFO Executor: Running task 179.0 in stage 3.0 (TID 580)
16/12/21 14:55:42 INFO HadoopRDD: Input split: file:/tmp/foo/sales_by_shop/part-00179:0+0
16/12/21 14:55:42 INFO Executor: Finished task 179.0 in stage 3.0 (TID 580). 2001 bytes result sent to driver
16/12/21 14:55:42 INFO TaskSetManager: Starting task 180.0 in stage 3.0 (TID 581, localhost, PROCESS_LOCAL, 1400 bytes)
16/12/21 14:55:42 INFO TaskSetManager: Finished task 179.0 in stage 3.0 (TID 580) in 15 ms on localhost (180/200)
16/12/21 14:55:42 INFO Executor: Running task 180.0 in stage 3.0 (TID 581)
16/12/21 14:55:42 INFO HadoopRDD: Input split: file:/tmp/foo/sales_by_shop/part-00180:0+0
16/12/21 14:55:42 INFO Executor: Finished task 180.0 in stage 3.0 (TID 581). 2001 bytes result sent to driver
16/12/21 14:55:42 INFO TaskSetManager: Starting task 181.0 in stage 3.0 (TID 582, localhost, PROCESS_LOCAL, 1400 bytes)
16/12/21 14:55:42 INFO TaskSetManager: Finished task 180.0 in stage 3.0 (TID 581) in 19 ms on localhost (181/200)
16/12/21 14:55:42 INFO Executor: Running task 181.0 in stage 3.0 (TID 582)
16/12/21 14:55:42 INFO HadoopRDD: Input split: file:/tmp/foo/sales_by_shop/part-00181:0+0
16/12/21 14:55:42 INFO Executor: Finished task 181.0 in stage 3.0 (TID 582). 2001 bytes result sent to driver
16/12/21 14:55:42 INFO TaskSetManager: Starting task 182.0 in stage 3.0 (TID 583, localhost, PROCESS_LOCAL, 1400 bytes)
16/12/21 14:55:42 INFO Executor: Running task 182.0 in stage 3.0 (TID 583)
16/12/21 14:55:42 INFO TaskSetManager: Finished task 181.0 in stage 3.0 (TID 582) in 42 ms on localhost (182/200)
16/12/21 14:55:42 INFO HadoopRDD: Input split: file:/tmp/foo/sales_by_shop/part-00182:0+0
16/12/21 14:55:42 INFO Executor: Finished task 182.0 in stage 3.0 (TID 583). 2001 bytes result sent to driver
16/12/21 14:55:42 INFO TaskSetManager: Starting task 183.0 in stage 3.0 (TID 584, localhost, PROCESS_LOCAL, 1400 bytes)
16/12/21 14:55:42 INFO TaskSetManager: Finished task 182.0 in stage 3.0 (TID 583) in 42 ms on localhost (183/200)
16/12/21 14:55:42 INFO Executor: Running task 183.0 in stage 3.0 (TID 584)
16/12/21 14:55:42 INFO HadoopRDD: Input split: file:/tmp/foo/sales_by_shop/part-00183:0+0
16/12/21 14:55:42 INFO Executor: Finished task 183.0 in stage 3.0 (TID 584). 2001 bytes result sent to driver
16/12/21 14:55:42 INFO TaskSetManager: Starting task 184.0 in stage 3.0 (TID 585, localhost, PROCESS_LOCAL, 1400 bytes)
16/12/21 14:55:42 INFO TaskSetManager: Finished task 183.0 in stage 3.0 (TID 584) in 86 ms on localhost (184/200)
16/12/21 14:55:42 INFO Executor: Running task 184.0 in stage 3.0 (TID 585)
16/12/21 14:55:42 INFO HadoopRDD: Input split: file:/tmp/foo/sales_by_shop/part-00184:0+0
16/12/21 14:55:42 INFO Executor: Finished task 184.0 in stage 3.0 (TID 585). 2001 bytes result sent to driver
16/12/21 14:55:42 INFO TaskSetManager: Starting task 185.0 in stage 3.0 (TID 586, localhost, PROCESS_LOCAL, 1400 bytes)
16/12/21 14:55:42 INFO TaskSetManager: Finished task 184.0 in stage 3.0 (TID 585) in 50 ms on localhost (185/200)
16/12/21 14:55:42 INFO Executor: Running task 185.0 in stage 3.0 (TID 586)
16/12/21 14:55:42 INFO HadoopRDD: Input split: file:/tmp/foo/sales_by_shop/part-00185:0+0
16/12/21 14:55:42 INFO Executor: Finished task 185.0 in stage 3.0 (TID 586). 2001 bytes result sent to driver
16/12/21 14:55:42 INFO TaskSetManager: Starting task 186.0 in stage 3.0 (TID 587, localhost, PROCESS_LOCAL, 1400 bytes)
16/12/21 14:55:42 INFO TaskSetManager: Finished task 185.0 in stage 3.0 (TID 586) in 71 ms on localhost (186/200)
16/12/21 14:55:42 INFO Executor: Running task 186.0 in stage 3.0 (TID 587)
16/12/21 14:55:42 INFO HadoopRDD: Input split: file:/tmp/foo/sales_by_shop/part-00186:0+0
16/12/21 14:55:42 INFO Executor: Finished task 186.0 in stage 3.0 (TID 587). 2001 bytes result sent to driver
16/12/21 14:55:42 INFO TaskSetManager: Starting task 187.0 in stage 3.0 (TID 588, localhost, PROCESS_LOCAL, 1400 bytes)
16/12/21 14:55:42 INFO Executor: Running task 187.0 in stage 3.0 (TID 588)
16/12/21 14:55:42 INFO TaskSetManager: Finished task 186.0 in stage 3.0 (TID 587) in 28 ms on localhost (187/200)
16/12/21 14:55:42 INFO HadoopRDD: Input split: file:/tmp/foo/sales_by_shop/part-00187:0+0
16/12/21 14:55:42 INFO Executor: Finished task 187.0 in stage 3.0 (TID 588). 2001 bytes result sent to driver
16/12/21 14:55:42 INFO TaskSetManager: Starting task 188.0 in stage 3.0 (TID 589, localhost, PROCESS_LOCAL, 1400 bytes)
16/12/21 14:55:42 INFO TaskSetManager: Finished task 187.0 in stage 3.0 (TID 588) in 16 ms on localhost (188/200)
16/12/21 14:55:42 INFO Executor: Running task 188.0 in stage 3.0 (TID 589)
16/12/21 14:55:42 INFO HadoopRDD: Input split: file:/tmp/foo/sales_by_shop/part-00188:0+0
16/12/21 14:55:42 INFO Executor: Finished task 188.0 in stage 3.0 (TID 589). 2001 bytes result sent to driver
16/12/21 14:55:42 INFO TaskSetManager: Starting task 189.0 in stage 3.0 (TID 590, localhost, PROCESS_LOCAL, 1400 bytes)
16/12/21 14:55:42 INFO TaskSetManager: Finished task 188.0 in stage 3.0 (TID 589) in 19 ms on localhost (189/200)
16/12/21 14:55:42 INFO Executor: Running task 189.0 in stage 3.0 (TID 590)
16/12/21 14:55:42 INFO HadoopRDD: Input split: file:/tmp/foo/sales_by_shop/part-00189:0+0
16/12/21 14:55:42 INFO Executor: Finished task 189.0 in stage 3.0 (TID 590). 2001 bytes result sent to driver
16/12/21 14:55:42 INFO TaskSetManager: Starting task 190.0 in stage 3.0 (TID 591, localhost, PROCESS_LOCAL, 1400 bytes)
16/12/21 14:55:42 INFO Executor: Running task 190.0 in stage 3.0 (TID 591)
16/12/21 14:55:42 INFO TaskSetManager: Finished task 189.0 in stage 3.0 (TID 590) in 19 ms on localhost (190/200)
16/12/21 14:55:42 INFO HadoopRDD: Input split: file:/tmp/foo/sales_by_shop/part-00190:0+15
16/12/21 14:55:42 INFO Executor: Finished task 190.0 in stage 3.0 (TID 591). 2001 bytes result sent to driver
16/12/21 14:55:42 INFO TaskSetManager: Starting task 191.0 in stage 3.0 (TID 592, localhost, PROCESS_LOCAL, 1400 bytes)
16/12/21 14:55:42 INFO TaskSetManager: Finished task 190.0 in stage 3.0 (TID 591) in 25 ms on localhost (191/200)
16/12/21 14:55:42 INFO Executor: Running task 191.0 in stage 3.0 (TID 592)
16/12/21 14:55:42 INFO HadoopRDD: Input split: file:/tmp/foo/sales_by_shop/part-00191:0+0
16/12/21 14:55:42 INFO Executor: Finished task 191.0 in stage 3.0 (TID 592). 2001 bytes result sent to driver
16/12/21 14:55:42 INFO TaskSetManager: Starting task 192.0 in stage 3.0 (TID 593, localhost, PROCESS_LOCAL, 1400 bytes)
16/12/21 14:55:42 INFO TaskSetManager: Finished task 191.0 in stage 3.0 (TID 592) in 23 ms on localhost (192/200)
16/12/21 14:55:42 INFO Executor: Running task 192.0 in stage 3.0 (TID 593)
16/12/21 14:55:42 INFO HadoopRDD: Input split: file:/tmp/foo/sales_by_shop/part-00192:0+0
16/12/21 14:55:42 INFO Executor: Finished task 192.0 in stage 3.0 (TID 593). 2001 bytes result sent to driver
16/12/21 14:55:42 INFO TaskSetManager: Starting task 193.0 in stage 3.0 (TID 594, localhost, PROCESS_LOCAL, 1400 bytes)
16/12/21 14:55:42 INFO TaskSetManager: Finished task 192.0 in stage 3.0 (TID 593) in 24 ms on localhost (193/200)
16/12/21 14:55:42 INFO Executor: Running task 193.0 in stage 3.0 (TID 594)
16/12/21 14:55:42 INFO HadoopRDD: Input split: file:/tmp/foo/sales_by_shop/part-00193:0+0
16/12/21 14:55:42 INFO Executor: Finished task 193.0 in stage 3.0 (TID 594). 2001 bytes result sent to driver
16/12/21 14:55:42 INFO TaskSetManager: Starting task 194.0 in stage 3.0 (TID 595, localhost, PROCESS_LOCAL, 1400 bytes)
16/12/21 14:55:42 INFO Executor: Running task 194.0 in stage 3.0 (TID 595)
16/12/21 14:55:42 INFO TaskSetManager: Finished task 193.0 in stage 3.0 (TID 594) in 179 ms on localhost (194/200)
16/12/21 14:55:42 INFO HadoopRDD: Input split: file:/tmp/foo/sales_by_shop/part-00194:0+0
16/12/21 14:55:42 INFO Executor: Finished task 194.0 in stage 3.0 (TID 595). 2001 bytes result sent to driver
16/12/21 14:55:42 INFO TaskSetManager: Starting task 195.0 in stage 3.0 (TID 596, localhost, PROCESS_LOCAL, 1400 bytes)
16/12/21 14:55:42 INFO TaskSetManager: Finished task 194.0 in stage 3.0 (TID 595) in 46 ms on localhost (195/200)
16/12/21 14:55:42 INFO Executor: Running task 195.0 in stage 3.0 (TID 596)
16/12/21 14:55:42 INFO HadoopRDD: Input split: file:/tmp/foo/sales_by_shop/part-00195:0+0
16/12/21 14:55:42 INFO Executor: Finished task 195.0 in stage 3.0 (TID 596). 2001 bytes result sent to driver
16/12/21 14:55:42 INFO TaskSetManager: Starting task 196.0 in stage 3.0 (TID 597, localhost, PROCESS_LOCAL, 1400 bytes)
16/12/21 14:55:42 INFO TaskSetManager: Finished task 195.0 in stage 3.0 (TID 596) in 151 ms on localhost (196/200)
16/12/21 14:55:42 INFO Executor: Running task 196.0 in stage 3.0 (TID 597)
16/12/21 14:55:43 INFO HadoopRDD: Input split: file:/tmp/foo/sales_by_shop/part-00196:0+0
16/12/21 14:55:43 INFO Executor: Finished task 196.0 in stage 3.0 (TID 597). 2001 bytes result sent to driver
16/12/21 14:55:43 INFO TaskSetManager: Starting task 197.0 in stage 3.0 (TID 598, localhost, PROCESS_LOCAL, 1400 bytes)
16/12/21 14:55:43 INFO Executor: Running task 197.0 in stage 3.0 (TID 598)
16/12/21 14:55:43 INFO TaskSetManager: Finished task 196.0 in stage 3.0 (TID 597) in 53 ms on localhost (197/200)
16/12/21 14:55:43 INFO HadoopRDD: Input split: file:/tmp/foo/sales_by_shop/part-00197:0+0
16/12/21 14:55:43 INFO Executor: Finished task 197.0 in stage 3.0 (TID 598). 2001 bytes result sent to driver
16/12/21 14:55:43 INFO TaskSetManager: Starting task 198.0 in stage 3.0 (TID 599, localhost, PROCESS_LOCAL, 1400 bytes)
16/12/21 14:55:43 INFO TaskSetManager: Finished task 197.0 in stage 3.0 (TID 598) in 25 ms on localhost (198/200)
16/12/21 14:55:43 INFO Executor: Running task 198.0 in stage 3.0 (TID 599)
16/12/21 14:55:43 INFO HadoopRDD: Input split: file:/tmp/foo/sales_by_shop/part-00198:0+0
16/12/21 14:55:43 INFO Executor: Finished task 198.0 in stage 3.0 (TID 599). 2001 bytes result sent to driver
16/12/21 14:55:43 INFO TaskSetManager: Starting task 199.0 in stage 3.0 (TID 600, localhost, PROCESS_LOCAL, 1400 bytes)
16/12/21 14:55:43 INFO TaskSetManager: Finished task 198.0 in stage 3.0 (TID 599) in 46 ms on localhost (199/200)
16/12/21 14:55:43 INFO Executor: Running task 199.0 in stage 3.0 (TID 600)
16/12/21 14:55:43 INFO HadoopRDD: Input split: file:/tmp/foo/sales_by_shop/part-00199:0+0
16/12/21 14:55:43 INFO Executor: Finished task 199.0 in stage 3.0 (TID 600). 2001 bytes result sent to driver
16/12/21 14:55:43 INFO TaskSetManager: Finished task 199.0 in stage 3.0 (TID 600) in 17 ms on localhost (200/200)
16/12/21 14:55:43 INFO TaskSchedulerImpl: Removed TaskSet 3.0, whose tasks have all completed, from pool
16/12/21 14:55:43 INFO DAGScheduler: ShuffleMapStage 3 (collect at SampleTest.java:39) finished in 5.202 s
16/12/21 14:55:43 INFO DAGScheduler: looking for newly runnable stages
16/12/21 14:55:43 INFO DAGScheduler: running: Set()
16/12/21 14:55:43 INFO DAGScheduler: waiting: Set(ResultStage 4)
16/12/21 14:55:43 INFO DAGScheduler: failed: Set()
16/12/21 14:55:43 INFO DAGScheduler: Missing parents for ResultStage 4: List()
16/12/21 14:55:43 INFO DAGScheduler: Submitting ResultStage 4 (MapPartitionsRDD[26] at collect at SampleTest.java:39), which is now runnable
16/12/21 14:55:43 INFO MemoryStore: ensureFreeSpace(10008) called with curMem=1485702, maxMem=1030823608
16/12/21 14:55:43 INFO MemoryStore: Block broadcast_7 stored as values in memory (estimated size 9.8 KB, free 981.6 MB)
16/12/21 14:55:43 INFO MemoryStore: ensureFreeSpace(5075) called with curMem=1495710, maxMem=1030823608
16/12/21 14:55:43 INFO MemoryStore: Block broadcast_7_piece0 stored as bytes in memory (estimated size 5.0 KB, free 981.6 MB)
16/12/21 14:55:43 INFO BlockManagerInfo: Added broadcast_7_piece0 in memory on localhost:52655 (size: 5.0 KB, free: 982.9 MB)
16/12/21 14:55:43 INFO SparkContext: Created broadcast 7 from broadcast at DAGScheduler.scala:874
16/12/21 14:55:43 INFO DAGScheduler: Submitting 1 missing tasks from ResultStage 4 (MapPartitionsRDD[26] at collect at SampleTest.java:39)
16/12/21 14:55:43 INFO TaskSchedulerImpl: Adding task set 4.0 with 1 tasks
16/12/21 14:55:43 INFO TaskSetManager: Starting task 0.0 in stage 4.0 (TID 601, localhost, PROCESS_LOCAL, 1165 bytes)
16/12/21 14:55:43 INFO Executor: Running task 0.0 in stage 4.0 (TID 601)
16/12/21 14:55:43 INFO ShuffleBlockFetcherIterator: Getting 200 non-empty blocks out of 200 blocks
16/12/21 14:55:43 INFO ShuffleBlockFetcherIterator: Started 0 remote fetches in 1 ms
16/12/21 14:55:43 INFO Executor: Finished task 0.0 in stage 4.0 (TID 601). 1924 bytes result sent to driver
16/12/21 14:55:43 INFO DAGScheduler: ResultStage 4 (collect at SampleTest.java:39) finished in 0.050 s
16/12/21 14:55:43 INFO TaskSetManager: Finished task 0.0 in stage 4.0 (TID 601) in 49 ms on localhost (1/1)
16/12/21 14:55:43 INFO TaskSchedulerImpl: Removed TaskSet 4.0, whose tasks have all completed, from pool
16/12/21 14:55:43 INFO DAGScheduler: Job 2 finished: collect at SampleTest.java:39, took 7.626006 s
16/12/21 14:55:43 INFO ParseDriver: Parsing command: SELECT sum(amount) FROM sales
16/12/21 14:55:43 INFO ParseDriver: Parse Completed
16/12/21 14:55:43 INFO HiveMetaStore: 0: get_table : db=default tbl=sales
16/12/21 14:55:43 INFO audit: ugi=taol	ip=unknown-ip-addr	cmd=get_table : db=default tbl=sales
16/12/21 14:55:43 INFO MemoryStore: ensureFreeSpace(397064) called with curMem=1500785, maxMem=1030823608
16/12/21 14:55:43 INFO MemoryStore: Block broadcast_8 stored as values in memory (estimated size 387.8 KB, free 981.3 MB)
16/12/21 14:55:43 INFO MemoryStore: ensureFreeSpace(29818) called with curMem=1897849, maxMem=1030823608
16/12/21 14:55:43 INFO MemoryStore: Block broadcast_8_piece0 stored as bytes in memory (estimated size 29.1 KB, free 981.2 MB)
16/12/21 14:55:43 INFO BlockManagerInfo: Added broadcast_8_piece0 in memory on localhost:52655 (size: 29.1 KB, free: 982.9 MB)
16/12/21 14:55:43 INFO SparkContext: Created broadcast 8 from collect at SampleTest.java:40
16/12/21 14:55:43 INFO Exchange: Using SparkSqlSerializer2.
16/12/21 14:55:43 INFO SparkContext: Starting job: collect at SampleTest.java:40
16/12/21 14:55:43 INFO FileInputFormat: Total input paths to process : 1
16/12/21 14:55:43 INFO DAGScheduler: Registering RDD 31 (collect at SampleTest.java:40)
16/12/21 14:55:43 INFO DAGScheduler: Got job 3 (collect at SampleTest.java:40) with 1 output partitions (allowLocal=false)
16/12/21 14:55:43 INFO DAGScheduler: Final stage: ResultStage 6(collect at SampleTest.java:40)
16/12/21 14:55:43 INFO DAGScheduler: Parents of final stage: List(ShuffleMapStage 5)
16/12/21 14:55:43 INFO DAGScheduler: Missing parents: List(ShuffleMapStage 5)
16/12/21 14:55:43 INFO DAGScheduler: Submitting ShuffleMapStage 5 (MapPartitionsRDD[31] at collect at SampleTest.java:40), which has no missing parents
16/12/21 14:55:43 INFO MemoryStore: ensureFreeSpace(11224) called with curMem=1927667, maxMem=1030823608
16/12/21 14:55:43 INFO MemoryStore: Block broadcast_9 stored as values in memory (estimated size 11.0 KB, free 981.2 MB)
16/12/21 14:55:43 INFO MemoryStore: ensureFreeSpace(5741) called with curMem=1938891, maxMem=1030823608
16/12/21 14:55:43 INFO MemoryStore: Block broadcast_9_piece0 stored as bytes in memory (estimated size 5.6 KB, free 981.2 MB)
16/12/21 14:55:43 INFO BlockManagerInfo: Added broadcast_9_piece0 in memory on localhost:52655 (size: 5.6 KB, free: 982.9 MB)
16/12/21 14:55:43 INFO SparkContext: Created broadcast 9 from broadcast at DAGScheduler.scala:874
16/12/21 14:55:43 INFO DAGScheduler: Submitting 1 missing tasks from ShuffleMapStage 5 (MapPartitionsRDD[31] at collect at SampleTest.java:40)
16/12/21 14:55:43 INFO TaskSchedulerImpl: Adding task set 5.0 with 1 tasks
16/12/21 14:55:43 INFO TaskSetManager: Starting task 0.0 in stage 5.0 (TID 602, localhost, PROCESS_LOCAL, 1391 bytes)
16/12/21 14:55:43 INFO Executor: Running task 0.0 in stage 5.0 (TID 602)
16/12/21 14:55:43 INFO HadoopRDD: Input split: file:/tmp/foo/sales/sales.dat:0+139
16/12/21 14:55:43 INFO Executor: Finished task 0.0 in stage 5.0 (TID 602). 2001 bytes result sent to driver
16/12/21 14:55:43 INFO TaskSetManager: Finished task 0.0 in stage 5.0 (TID 602) in 29 ms on localhost (1/1)
16/12/21 14:55:43 INFO TaskSchedulerImpl: Removed TaskSet 5.0, whose tasks have all completed, from pool
16/12/21 14:55:43 INFO DAGScheduler: ShuffleMapStage 5 (collect at SampleTest.java:40) finished in 0.029 s
16/12/21 14:55:43 INFO DAGScheduler: looking for newly runnable stages
16/12/21 14:55:43 INFO DAGScheduler: running: Set()
16/12/21 14:55:43 INFO DAGScheduler: waiting: Set(ResultStage 6)
16/12/21 14:55:43 INFO DAGScheduler: failed: Set()
16/12/21 14:55:43 INFO DAGScheduler: Missing parents for ResultStage 6: List()
16/12/21 14:55:43 INFO DAGScheduler: Submitting ResultStage 6 (MapPartitionsRDD[35] at collect at SampleTest.java:40), which is now runnable
16/12/21 14:55:43 INFO MemoryStore: ensureFreeSpace(10488) called with curMem=1944632, maxMem=1030823608
16/12/21 14:55:43 INFO MemoryStore: Block broadcast_10 stored as values in memory (estimated size 10.2 KB, free 981.2 MB)
16/12/21 14:55:43 INFO MemoryStore: ensureFreeSpace(5316) called with curMem=1955120, maxMem=1030823608
16/12/21 14:55:43 INFO MemoryStore: Block broadcast_10_piece0 stored as bytes in memory (estimated size 5.2 KB, free 981.2 MB)
16/12/21 14:55:43 INFO BlockManagerInfo: Added broadcast_10_piece0 in memory on localhost:52655 (size: 5.2 KB, free: 982.9 MB)
16/12/21 14:55:43 INFO SparkContext: Created broadcast 10 from broadcast at DAGScheduler.scala:874
16/12/21 14:55:43 INFO DAGScheduler: Submitting 1 missing tasks from ResultStage 6 (MapPartitionsRDD[35] at collect at SampleTest.java:40)
16/12/21 14:55:43 INFO TaskSchedulerImpl: Adding task set 6.0 with 1 tasks
16/12/21 14:55:43 INFO TaskSetManager: Starting task 0.0 in stage 6.0 (TID 603, localhost, PROCESS_LOCAL, 1165 bytes)
16/12/21 14:55:43 INFO Executor: Running task 0.0 in stage 6.0 (TID 603)
16/12/21 14:55:43 INFO ShuffleBlockFetcherIterator: Getting 1 non-empty blocks out of 1 blocks
16/12/21 14:55:43 INFO ShuffleBlockFetcherIterator: Started 0 remote fetches in 0 ms
16/12/21 14:55:43 INFO Executor: Finished task 0.0 in stage 6.0 (TID 603). 1924 bytes result sent to driver
16/12/21 14:55:43 INFO TaskSetManager: Finished task 0.0 in stage 6.0 (TID 603) in 4 ms on localhost (1/1)
16/12/21 14:55:43 INFO TaskSchedulerImpl: Removed TaskSet 6.0, whose tasks have all completed, from pool
16/12/21 14:55:43 INFO DAGScheduler: ResultStage 6 (collect at SampleTest.java:40) finished in 0.004 s
16/12/21 14:55:43 INFO DAGScheduler: Job 3 finished: collect at SampleTest.java:40, took 0.065817 s
Tests run: 1, Failures: 0, Errors: 0, Skipped: 0, Time elapsed: 61.951 sec - in SampleTest
16/12/21 14:55:43 INFO SparkContext: Invoking stop() from shutdown hook
16/12/21 14:55:43 INFO SparkUI: Stopped Spark web UI at http://10.99.21.52:4040
16/12/21 14:55:43 INFO DAGScheduler: Stopping DAGScheduler
16/12/21 14:55:43 INFO MapOutputTrackerMasterEndpoint: MapOutputTrackerMasterEndpoint stopped!
16/12/21 14:55:43 INFO Utils: path = /private/var/folders/q3/w3_jmty96tv0ws1qqlc1wdt40000gn/T/spark-00485460-7b5c-4b26-aa92-1333cd351879/blockmgr-c0b03eb7-3975-47dc-b9e1-1bd05736c073, already present as root for deletion.
16/12/21 14:55:43 INFO MemoryStore: MemoryStore cleared
16/12/21 14:55:43 INFO BlockManager: BlockManager stopped
16/12/21 14:55:43 INFO BlockManagerMaster: BlockManagerMaster stopped
16/12/21 14:55:43 INFO OutputCommitCoordinator$OutputCommitCoordinatorEndpoint: OutputCommitCoordinator stopped!
16/12/21 14:55:43 INFO SparkContext: Successfully stopped SparkContext
16/12/21 14:55:43 INFO Utils: Shutdown hook called
16/12/21 14:55:43 INFO Utils: Deleting directory /private/var/folders/q3/w3_jmty96tv0ws1qqlc1wdt40000gn/T/spark-00485460-7b5c-4b26-aa92-1333cd351879
16/12/21 14:55:43 INFO RemoteActorRefProvider$RemotingTerminator: Shutting down remote daemon.
16/12/21 14:55:43 INFO RemoteActorRefProvider$RemotingTerminator: Remote daemon shut down; proceeding with flushing remote transports.
16/12/21 14:55:43 INFO Utils: Deleting directory /private/var/folders/q3/w3_jmty96tv0ws1qqlc1wdt40000gn/T/spark-27d87395-b718-4357-b35f-4d962af2c054
16/12/21 14:55:43 INFO RemoteActorRefProvider$RemotingTerminator: Remoting shut down.

Results :

Tests run: 1, Failures: 0, Errors: 0, Skipped: 0

[INFO] ------------------------------------------------------------------------
[INFO] BUILD SUCCESS
[INFO] ------------------------------------------------------------------------
[INFO] Total time: 01:08 min
[INFO] Finished at: 2016-12-21T14:55:44+13:00
[INFO] Final Memory: 15M/224M
[INFO] ------------------------------------------------------------------------
Findly-One:HiveQLUnitTests taol$
